<html>
<body>
<pre>
<h1>µVision Build Log</h1>
<h2>Tool Versions:</h2>
IDE-Version: ¦ÌVision V5.38.0.0
Copyright (C) 2022 ARM Ltd and ARM Germany GmbH. All rights reserved.
License Information: HU huqiwang, JUYI, LIC=YA39H-W2CT4-8T73P-M9843-64JU4-7FSS6
 
Tool Versions:
Toolchain:       MDK-ARM Plus  Version: 5.38.0.0
Toolchain Path:  D:\Keil_v5\ARM\ARMCC\Bin
C Compiler:      Armcc.exe V5.06 update 7 (build 960)
Assembler:       Armasm.exe V5.06 update 7 (build 960)
Linker/Locator:  ArmLink.exe V5.06 update 7 (build 960)
Library Manager: ArmAr.exe V5.06 update 7 (build 960)
Hex Converter:   FromElf.exe V5.06 update 7 (build 960)
CPU DLL:         SARMCM3.DLL V5.38.0.0
Dialog DLL:      DCM.DLL V1.17.5.0
Target DLL:      Segger\JL2CM3.dll V2.99.42.0
Dialog DLL:      TCM.DLL V1.56.4.0
 
<h2>Project:</h2>
D:\Users\huqiwang\S32k144_Bootloader\S32K144_Bootloader_App_Project\Nxp_S32K144_App_____\S32K144_App_Code.uvprojx
Project File Date:  05/07/2025

<h2>Output:</h2>
*** Using Compiler 'V5.06 update 7 (build 960)', folder: 'D:\Keil_v5\ARM\ARMCC\Bin'
Rebuild target 'Debug'
compiling heap_4.c...
compiling timers.c...
compiling list.c...
compiling queue.c...
compiling croutine.c...
compiling event_groups.c...
compiling stream_buffer.c...
compiling tasks.c...
compiling port.c...
compiling os_hooks.c...
compiling startup.c...
compiling uds_tp.c...
compiling hal_flash.c...
compiling hal_can.c...
compiling main.c...
compiling clocks_and_modes.c...
compiling uds_service.c...
compiling hal_gpio.c...
compiling flash_driver.c...
assembling startup_S32K144.s...
compiling interrupt_manager.c...
compiling system_S32K144.c...
linking...
Program Size: Code=9972 RO-data=1192 RW-data=160 ZI-data=26584  
FromELF: creating hex file...
".\Objects\S32K144_App_Debug.axf" - 0 Error(s), 0 Warning(s).

<h2>Software Packages used:</h2>

Package Vendor: ARM
                http://www.keil.com/pack/ARM.CMSIS.5.6.0.pack
                ARM.CMSIS.5.6.0
                CMSIS (Cortex Microcontroller Software Interface Standard)
   * Component: CORE Version: 5.3.0

Package Vendor: Keil
                http://www.keil.com/pack/Keil.S32_SDK_DFP.1.2.0.pack
                Keil.S32_SDK_DFP.1.2.0
                NXP S32 SDK including S32K144HFT0VLLT, S32K144LFT0MLLT basic CMSIS Device Support
   * Component: Flash Version: 1.0.0
   * Component: Interrupt Version: 1.0.0
   * Component: Startup Version: 2.0.0

<h2>Collection of Component include folders:</h2>
  ./RTE/Device/S32K144UFxxxLLx
  ./RTE/_Debug
  D:/Users/huqiwang/AppData/Local/Arm/Packs/ARM/CMSIS/5.6.0/CMSIS/Core/Include
  D:/Users/huqiwang/AppData/Local/Arm/Packs/Keil/S32_SDK_DFP/1.2.0/platform/devices
  D:/Users/huqiwang/AppData/Local/Arm/Packs/Keil/S32_SDK_DFP/1.2.0/platform/devices/common
  D:/Users/huqiwang/AppData/Local/Arm/Packs/Keil/S32_SDK_DFP/1.2.0/platform/drivers/inc

<h2>Collection of Component Files used:</h2>

   * Component: ARM::CMSIS:CORE:5.3.0

   * Component: Keil::Device:SDK Driver:Flash:1.0.0
      Source file:   platform/drivers/src/flash/flash_driver.c
      Include file:  platform/drivers/inc/flash_driver.h

   * Component: Keil::Device:SDK Driver:Interrupt:1.0.0
      Include file:  platform/drivers/inc/interrupt_manager.h
      Source file:   platform/drivers/src/interrupt/interrupt_manager.c

   * Component: Keil::Device:Startup:2.0.0
      Source file:   platform/devices/startup.c
      Include file:  platform/devices/S32K144/startup/system_S32K144.h
      Include file:  platform/devices/device_registers.h
      Source file:   platform/devices/S32K144/startup/arm/startup_S32K144.s
      Source file:   platform/devices/S32K144/startup/system_S32K144.c
Build Time Elapsed:  00:00:13
</pre>
</body>
</html>
