Component: ARM Compiler 5.06 update 7 (build 960) Tool: armlink [4d3601]

==============================================================================

Section Cross References

    main.o(i.main) refers to main.o(i.WDOG_disable) for WDOG_disable
    main.o(i.main) refers to clocks_and_modes.o(i.SOSC_init_8MHz) for SOSC_init_8MHz
    main.o(i.main) refers to clocks_and_modes.o(i.SPLL_init_160MHz) for SPLL_init_160MHz
    main.o(i.main) refers to clocks_and_modes.o(i.NormalRUNmode_80MHz) for NormalRUNmode_80MHz
    main.o(i.main) refers to system_s32k144.o(i.SystemCoreClockUpdate) for SystemCoreClockUpdate
    main.o(i.main) refers to main.o(i.Led_Confg_Init) for Led_Confg_Init
    main.o(i.main) refers to tasks.o(i.xTaskCreate) for xTaskCreate
    main.o(i.main) refers to tasks.o(i.vTaskStartScheduler) for vTaskStartScheduler
    main.o(i.main) refers to main.o(.data) for vTask1_Handler
    main.o(i.main) refers to main.o(i.vTask1) for vTask1
    main.o(i.main) refers to main.o(i.vTask2) for vTask2
    main.o(i.vTask1) refers to tasks.o(i.vTaskDelay) for vTaskDelay
    main.o(i.vTask2) refers to tasks.o(i.vTaskDelay) for vTaskDelay
    os_hooks.o(i.GetIdleCount) refers to os_hooks.o(.data) for m_idleCntFree
    os_hooks.o(i.vApplicationGetIdleTaskMemory) refers to os_hooks.o(.bss) for xIdleTaskBuffer
    os_hooks.o(i.vApplicationGetTimerTaskMemory) refers to os_hooks.o(.bss) for xTimerTaskBuffer
    os_hooks.o(i.vApplicationIdleHook) refers to os_hooks.o(.data) for m_idleCount
    os_hooks.o(i.vApplicationTickHook) refers to os_hooks.o(.data) for m_u16TickCnt
    event_groups.o(i.vEventGroupClearBitsCallback) refers to event_groups.o(i.xEventGroupClearBits) for xEventGroupClearBits
    event_groups.o(i.vEventGroupDelete) refers to tasks.o(i.vTaskSuspendAll) for vTaskSuspendAll
    event_groups.o(i.vEventGroupDelete) refers to tasks.o(i.vTaskRemoveFromUnorderedEventList) for vTaskRemoveFromUnorderedEventList
    event_groups.o(i.vEventGroupDelete) refers to heap_4.o(i.vPortFree) for vPortFree
    event_groups.o(i.vEventGroupDelete) refers to tasks.o(i.xTaskResumeAll) for xTaskResumeAll
    event_groups.o(i.vEventGroupSetBitsCallback) refers to event_groups.o(i.xEventGroupSetBits) for xEventGroupSetBits
    event_groups.o(i.xEventGroupClearBits) refers to port.o(i.vPortEnterCritical) for vPortEnterCritical
    event_groups.o(i.xEventGroupClearBits) refers to port.o(i.vPortExitCritical) for vPortExitCritical
    event_groups.o(i.xEventGroupCreate) refers to heap_4.o(i.pvPortMalloc) for pvPortMalloc
    event_groups.o(i.xEventGroupCreate) refers to list.o(i.vListInitialise) for vListInitialise
    event_groups.o(i.xEventGroupCreateStatic) refers to list.o(i.vListInitialise) for vListInitialise
    event_groups.o(i.xEventGroupSetBits) refers to tasks.o(i.vTaskSuspendAll) for vTaskSuspendAll
    event_groups.o(i.xEventGroupSetBits) refers to tasks.o(i.vTaskRemoveFromUnorderedEventList) for vTaskRemoveFromUnorderedEventList
    event_groups.o(i.xEventGroupSetBits) refers to tasks.o(i.xTaskResumeAll) for xTaskResumeAll
    event_groups.o(i.xEventGroupSync) refers to tasks.o(i.xTaskGetSchedulerState) for xTaskGetSchedulerState
    event_groups.o(i.xEventGroupSync) refers to tasks.o(i.vTaskSuspendAll) for vTaskSuspendAll
    event_groups.o(i.xEventGroupSync) refers to event_groups.o(i.xEventGroupSetBits) for xEventGroupSetBits
    event_groups.o(i.xEventGroupSync) refers to tasks.o(i.vTaskPlaceOnUnorderedEventList) for vTaskPlaceOnUnorderedEventList
    event_groups.o(i.xEventGroupSync) refers to tasks.o(i.xTaskResumeAll) for xTaskResumeAll
    event_groups.o(i.xEventGroupSync) refers to tasks.o(i.uxTaskResetEventItemValue) for uxTaskResetEventItemValue
    event_groups.o(i.xEventGroupSync) refers to port.o(i.vPortEnterCritical) for vPortEnterCritical
    event_groups.o(i.xEventGroupSync) refers to port.o(i.vPortExitCritical) for vPortExitCritical
    event_groups.o(i.xEventGroupWaitBits) refers to tasks.o(i.xTaskGetSchedulerState) for xTaskGetSchedulerState
    event_groups.o(i.xEventGroupWaitBits) refers to tasks.o(i.vTaskSuspendAll) for vTaskSuspendAll
    event_groups.o(i.xEventGroupWaitBits) refers to event_groups.o(i.prvTestWaitCondition) for prvTestWaitCondition
    event_groups.o(i.xEventGroupWaitBits) refers to tasks.o(i.vTaskPlaceOnUnorderedEventList) for vTaskPlaceOnUnorderedEventList
    event_groups.o(i.xEventGroupWaitBits) refers to tasks.o(i.xTaskResumeAll) for xTaskResumeAll
    event_groups.o(i.xEventGroupWaitBits) refers to tasks.o(i.uxTaskResetEventItemValue) for uxTaskResetEventItemValue
    event_groups.o(i.xEventGroupWaitBits) refers to port.o(i.vPortEnterCritical) for vPortEnterCritical
    event_groups.o(i.xEventGroupWaitBits) refers to port.o(i.vPortExitCritical) for vPortExitCritical
    queue.o(i.pcQueueGetName) refers to queue.o(.bss) for xQueueRegistry
    queue.o(i.prvCopyDataFromQueue) refers to memcpya.o(.text) for __aeabi_memcpy
[...]
    tasks.o(i.vTaskResume) refers to port.o(i.vPortEnterCritical) for vPortEnterCritical
    tasks.o(i.vTaskResume) refers to tasks.o(i.prvTaskIsTaskSuspended) for prvTaskIsTaskSuspended
    tasks.o(i.vTaskResume) refers to list.o(i.uxListRemove) for uxListRemove
    tasks.o(i.vTaskResume) refers to list.o(i.vListInsertEnd) for vListInsertEnd
    tasks.o(i.vTaskResume) refers to port.o(i.vPortExitCritical) for vPortExitCritical
    tasks.o(i.vTaskResume) refers to tasks.o(.data) for pxCurrentTCB
    tasks.o(i.vTaskResume) refers to tasks.o(.bss) for pxReadyTasksLists
    tasks.o(i.vTaskSetTimeOutState) refers to port.o(i.vPortEnterCritical) for vPortEnterCritical
    tasks.o(i.vTaskSetTimeOutState) refers to port.o(i.vPortExitCritical) for vPortExitCritical
    tasks.o(i.vTaskSetTimeOutState) refers to tasks.o(.data) for xNumOfOverflows
    tasks.o(i.vTaskStartScheduler) refers to os_hooks.o(i.vApplicationGetIdleTaskMemory) for vApplicationGetIdleTaskMemory
    tasks.o(i.vTaskStartScheduler) refers to tasks.o(i.xTaskCreateStatic) for xTaskCreateStatic
    tasks.o(i.vTaskStartScheduler) refers to timers.o(i.xTimerCreateTimerTask) for xTimerCreateTimerTask
    tasks.o(i.vTaskStartScheduler) refers to port.o(i.xPortStartScheduler) for xPortStartScheduler
    tasks.o(i.vTaskStartScheduler) refers to tasks.o(i.prvIdleTask) for prvIdleTask
    tasks.o(i.vTaskStartScheduler) refers to tasks.o(.data) for xIdleTaskHandle
    tasks.o(i.vTaskSuspend) refers to port.o(i.vPortEnterCritical) for vPortEnterCritical
    tasks.o(i.vTaskSuspend) refers to list.o(i.uxListRemove) for uxListRemove
    tasks.o(i.vTaskSuspend) refers to list.o(i.vListInsertEnd) for vListInsertEnd
    tasks.o(i.vTaskSuspend) refers to port.o(i.vPortExitCritical) for vPortExitCritical
    tasks.o(i.vTaskSuspend) refers to tasks.o(i.prvResetNextTaskUnblockTime) for prvResetNextTaskUnblockTime
    tasks.o(i.vTaskSuspend) refers to tasks.o(i.vTaskSwitchContext) for vTaskSwitchContext
    tasks.o(i.vTaskSuspend) refers to tasks.o(.data) for pxCurrentTCB
    tasks.o(i.vTaskSuspend) refers to tasks.o(.bss) for pxReadyTasksLists
    tasks.o(i.vTaskSuspendAll) refers to tasks.o(.data) for uxSchedulerSuspended
    tasks.o(i.vTaskSwitchContext) refers to os_hooks.o(i.vApplicationStackOverflowHook) for vApplicationStackOverflowHook
    tasks.o(i.vTaskSwitchContext) refers to tasks.o(.data) for uxSchedulerSuspended
    tasks.o(i.vTaskSwitchContext) refers to tasks.o(.bss) for pxReadyTasksLists
    tasks.o(i.xTaskCheckForTimeOut) refers to port.o(i.vPortEnterCritical) for vPortEnterCritical
    tasks.o(i.xTaskCheckForTimeOut) refers to tasks.o(i.vTaskInternalSetTimeOutState) for vTaskInternalSetTimeOutState
    tasks.o(i.xTaskCheckForTimeOut) refers to port.o(i.vPortExitCritical) for vPortExitCritical
    tasks.o(i.xTaskCheckForTimeOut) refers to tasks.o(.data) for xTickCount
    tasks.o(i.xTaskCreate) refers to heap_4.o(i.pvPortMalloc) for pvPortMalloc
    tasks.o(i.xTaskCreate) refers to heap_4.o(i.vPortFree) for vPortFree
    tasks.o(i.xTaskCreate) refers to tasks.o(i.prvInitialiseNewTask) for prvInitialiseNewTask
    tasks.o(i.xTaskCreate) refers to tasks.o(i.prvAddNewTaskToReadyList) for prvAddNewTaskToReadyList
    tasks.o(i.xTaskCreateStatic) refers to tasks.o(i.prvInitialiseNewTask) for prvInitialiseNewTask
    tasks.o(i.xTaskCreateStatic) refers to tasks.o(i.prvAddNewTaskToReadyList) for prvAddNewTaskToReadyList
    tasks.o(i.xTaskGenericNotify) refers to port.o(i.vPortEnterCritical) for vPortEnterCritical
    tasks.o(i.xTaskGenericNotify) refers to list.o(i.uxListRemove) for uxListRemove
    tasks.o(i.xTaskGenericNotify) refers to list.o(i.vListInsertEnd) for vListInsertEnd
    tasks.o(i.xTaskGenericNotify) refers to port.o(i.vPortExitCritical) for vPortExitCritical
    tasks.o(i.xTaskGenericNotify) refers to tasks.o(.data) for uxTopReadyPriority
    tasks.o(i.xTaskGenericNotify) refers to tasks.o(.bss) for pxReadyTasksLists
    tasks.o(i.xTaskGenericNotifyFromISR) refers to port.o(i.vPortValidateInterruptPriority) for vPortValidateInterruptPriority
    tasks.o(i.xTaskGenericNotifyFromISR) refers to list.o(i.uxListRemove) for uxListRemove
    tasks.o(i.xTaskGenericNotifyFromISR) refers to list.o(i.vListInsertEnd) for vListInsertEnd
    tasks.o(i.xTaskGenericNotifyFromISR) refers to tasks.o(.data) for uxSchedulerSuspended
    tasks.o(i.xTaskGenericNotifyFromISR) refers to tasks.o(.bss) for pxReadyTasksLists
    tasks.o(i.xTaskGetCurrentTaskHandle) refers to tasks.o(.data) for pxCurrentTCB
    tasks.o(i.xTaskGetSchedulerState) refers to tasks.o(.data) for xSchedulerRunning
    tasks.o(i.xTaskGetTickCount) refers to tasks.o(.data) for xTickCount
    tasks.o(i.xTaskGetTickCountFromISR) refers to port.o(i.vPortValidateInterruptPriority) for vPortValidateInterruptPriority
    tasks.o(i.xTaskGetTickCountFromISR) refers to tasks.o(.data) for xTickCount
    tasks.o(i.xTaskIncrementTick) refers to tasks.o(i.prvResetNextTaskUnblockTime) for prvResetNextTaskUnblockTime
    tasks.o(i.xTaskIncrementTick) refers to list.o(i.uxListRemove) for uxListRemove
    tasks.o(i.xTaskIncrementTick) refers to list.o(i.vListInsertEnd) for vListInsertEnd
    tasks.o(i.xTaskIncrementTick) refers to os_hooks.o(i.vApplicationTickHook) for vApplicationTickHook
    tasks.o(i.xTaskIncrementTick) refers to tasks.o(.data) for uxSchedulerSuspended
    tasks.o(i.xTaskIncrementTick) refers to tasks.o(.bss) for pxReadyTasksLists
    tasks.o(i.xTaskNotifyStateClear) refers to port.o(i.vPortEnterCritical) for vPortEnterCritical
    tasks.o(i.xTaskNotifyStateClear) refers to port.o(i.vPortExitCritical) for vPortExitCritical
    tasks.o(i.xTaskNotifyStateClear) refers to tasks.o(.data) for pxCurrentTCB
    tasks.o(i.xTaskNotifyWait) refers to port.o(i.vPortEnterCritical) for vPortEnterCritical
    tasks.o(i.xTaskNotifyWait) refers to tasks.o(i.prvAddCurrentTaskToDelayedList) for prvAddCurrentTaskToDelayedList
    tasks.o(i.xTaskNotifyWait) refers to port.o(i.vPortExitCritical) for vPortExitCritical
    tasks.o(i.xTaskNotifyWait) refers to tasks.o(.data) for pxCurrentTCB
    tasks.o(i.xTaskPriorityDisinherit) refers to list.o(i.uxListRemove) for uxListRemove
    tasks.o(i.xTaskPriorityDisinherit) refers to list.o(i.vListInsertEnd) for vListInsertEnd
    tasks.o(i.xTaskPriorityDisinherit) refers to tasks.o(.data) for pxCurrentTCB
    tasks.o(i.xTaskPriorityDisinherit) refers to tasks.o(.bss) for pxReadyTasksLists
    tasks.o(i.xTaskPriorityInherit) refers to list.o(i.uxListRemove) for uxListRemove
    tasks.o(i.xTaskPriorityInherit) refers to list.o(i.vListInsertEnd) for vListInsertEnd
    tasks.o(i.xTaskPriorityInherit) refers to tasks.o(.data) for pxCurrentTCB
    tasks.o(i.xTaskPriorityInherit) refers to tasks.o(.bss) for pxReadyTasksLists
    tasks.o(i.xTaskRemoveFromEventList) refers to list.o(i.uxListRemove) for uxListRemove
    tasks.o(i.xTaskRemoveFromEventList) refers to list.o(i.vListInsertEnd) for vListInsertEnd
    tasks.o(i.xTaskRemoveFromEventList) refers to tasks.o(.data) for uxSchedulerSuspended
    tasks.o(i.xTaskRemoveFromEventList) refers to tasks.o(.bss) for pxReadyTasksLists
    tasks.o(i.xTaskResumeAll) refers to port.o(i.vPortEnterCritical) for vPortEnterCritical
    tasks.o(i.xTaskResumeAll) refers to list.o(i.uxListRemove) for uxListRemove
    tasks.o(i.xTaskResumeAll) refers to list.o(i.vListInsertEnd) for vListInsertEnd
    tasks.o(i.xTaskResumeAll) refers to tasks.o(i.prvResetNextTaskUnblockTime) for prvResetNextTaskUnblockTime
    tasks.o(i.xTaskResumeAll) refers to tasks.o(i.xTaskIncrementTick) for xTaskIncrementTick
    tasks.o(i.xTaskResumeAll) refers to port.o(i.vPortExitCritical) for vPortExitCritical
    tasks.o(i.xTaskResumeAll) refers to tasks.o(.data) for uxSchedulerSuspended
    tasks.o(i.xTaskResumeAll) refers to tasks.o(.bss) for xPendingReadyList
    tasks.o(i.xTaskResumeFromISR) refers to port.o(i.vPortValidateInterruptPriority) for vPortValidateInterruptPriority
    tasks.o(i.xTaskResumeFromISR) refers to tasks.o(i.prvTaskIsTaskSuspended) for prvTaskIsTaskSuspended
    tasks.o(i.xTaskResumeFromISR) refers to list.o(i.uxListRemove) for uxListRemove
    tasks.o(i.xTaskResumeFromISR) refers to list.o(i.vListInsertEnd) for vListInsertEnd
    tasks.o(i.xTaskResumeFromISR) refers to tasks.o(.data) for uxSchedulerSuspended
    tasks.o(i.xTaskResumeFromISR) refers to tasks.o(.bss) for pxReadyTasksLists
    timers.o(i.prvCheckForValidListAndQueue) refers to port.o(i.vPortEnterCritical) for vPortEnterCritical
    timers.o(i.prvCheckForValidListAndQueue) refers to list.o(i.vListInitialise) for vListInitialise
    timers.o(i.prvCheckForValidListAndQueue) refers to queue.o(i.xQueueGenericCreateStatic) for xQueueGenericCreateStatic
    timers.o(i.prvCheckForValidListAndQueue) refers to queue.o(i.vQueueAddToRegistry) for vQueueAddToRegistry
    timers.o(i.prvCheckForValidListAndQueue) refers to port.o(i.vPortExitCritical) for vPortExitCritical
    timers.o(i.prvCheckForValidListAndQueue) refers to timers.o(.data) for xTimerQueue
    timers.o(i.prvCheckForValidListAndQueue) refers to timers.o(.bss) for xActiveTimerList1
    timers.o(i.prvGetNextExpireTime) refers to timers.o(.data) for pxCurrentTimerList
    timers.o(i.prvInitialiseNewTimer) refers to timers.o(i.prvCheckForValidListAndQueue) for prvCheckForValidListAndQueue
    timers.o(i.prvInitialiseNewTimer) refers to list.o(i.vListInitialiseItem) for vListInitialiseItem
    timers.o(i.prvInsertTimerInActiveList) refers to list.o(i.vListInsert) for vListInsert
    timers.o(i.prvInsertTimerInActiveList) refers to timers.o(.data) for pxOverflowTimerList
    timers.o(i.prvProcessExpiredTimer) refers to list.o(i.uxListRemove) for uxListRemove
    timers.o(i.prvProcessExpiredTimer) refers to timers.o(i.prvInsertTimerInActiveList) for prvInsertTimerInActiveList
    timers.o(i.prvProcessExpiredTimer) refers to timers.o(i.xTimerGenericCommand) for xTimerGenericCommand
    timers.o(i.prvProcessExpiredTimer) refers to timers.o(.data) for pxCurrentTimerList
    timers.o(i.prvProcessReceivedCommands) refers to list.o(i.uxListRemove) for uxListRemove
    timers.o(i.prvProcessReceivedCommands) refers to timers.o(i.prvSampleTimeNow) for prvSampleTimeNow
    timers.o(i.prvProcessReceivedCommands) refers to timers.o(i.prvInsertTimerInActiveList) for prvInsertTimerInActiveList
    timers.o(i.prvProcessReceivedCommands) refers to timers.o(i.xTimerGenericCommand) for xTimerGenericCommand
    timers.o(i.prvProcessReceivedCommands) refers to heap_4.o(i.vPortFree) for vPortFree
    timers.o(i.prvProcessReceivedCommands) refers to queue.o(i.xQueueReceive) for xQueueReceive
    timers.o(i.prvProcessReceivedCommands) refers to timers.o(.data) for xTimerQueue
    timers.o(i.prvProcessTimerOrBlockTask) refers to tasks.o(i.vTaskSuspendAll) for vTaskSuspendAll
    timers.o(i.prvProcessTimerOrBlockTask) refers to timers.o(i.prvSampleTimeNow) for prvSampleTimeNow
    timers.o(i.prvProcessTimerOrBlockTask) refers to tasks.o(i.xTaskResumeAll) for xTaskResumeAll
    timers.o(i.prvProcessTimerOrBlockTask) refers to timers.o(i.prvProcessExpiredTimer) for prvProcessExpiredTimer
    timers.o(i.prvProcessTimerOrBlockTask) refers to queue.o(i.vQueueWaitForMessageRestricted) for vQueueWaitForMessageRestricted
    timers.o(i.prvProcessTimerOrBlockTask) refers to timers.o(.data) for pxOverflowTimerList
    timers.o(i.prvSampleTimeNow) refers to tasks.o(i.xTaskGetTickCount) for xTaskGetTickCount
    timers.o(i.prvSampleTimeNow) refers to timers.o(i.prvSwitchTimerLists) for prvSwitchTimerLists
    timers.o(i.prvSampleTimeNow) refers to timers.o(.data) for xLastTime
    timers.o(i.prvSwitchTimerLists) refers to list.o(i.uxListRemove) for uxListRemove
    timers.o(i.prvSwitchTimerLists) refers to list.o(i.vListInsert) for vListInsert
    timers.o(i.prvSwitchTimerLists) refers to timers.o(i.xTimerGenericCommand) for xTimerGenericCommand
    timers.o(i.prvSwitchTimerLists) refers to timers.o(.data) for pxCurrentTimerList
    timers.o(i.prvTimerTask) refers to timers.o(i.prvGetNextExpireTime) for prvGetNextExpireTime
    timers.o(i.prvTimerTask) refers to timers.o(i.prvProcessTimerOrBlockTask) for prvProcessTimerOrBlockTask
    timers.o(i.prvTimerTask) refers to timers.o(i.prvProcessReceivedCommands) for prvProcessReceivedCommands
    timers.o(i.pvTimerGetTimerID) refers to port.o(i.vPortEnterCritical) for vPortEnterCritical
    timers.o(i.pvTimerGetTimerID) refers to port.o(i.vPortExitCritical) for vPortExitCritical
    timers.o(i.vTimerSetReloadMode) refers to port.o(i.vPortEnterCritical) for vPortEnterCritical
    timers.o(i.vTimerSetReloadMode) refers to port.o(i.vPortExitCritical) for vPortExitCritical
    timers.o(i.vTimerSetTimerID) refers to port.o(i.vPortEnterCritical) for vPortEnterCritical
    timers.o(i.vTimerSetTimerID) refers to port.o(i.vPortExitCritical) for vPortExitCritical
    timers.o(i.xTimerCreate) refers to heap_4.o(i.pvPortMalloc) for pvPortMalloc
    timers.o(i.xTimerCreate) refers to timers.o(i.prvInitialiseNewTimer) for prvInitialiseNewTimer
    timers.o(i.xTimerCreateStatic) refers to timers.o(i.prvInitialiseNewTimer) for prvInitialiseNewTimer
    timers.o(i.xTimerCreateTimerTask) refers to timers.o(i.prvCheckForValidListAndQueue) for prvCheckForValidListAndQueue
    timers.o(i.xTimerCreateTimerTask) refers to os_hooks.o(i.vApplicationGetTimerTaskMemory) for vApplicationGetTimerTaskMemory
    timers.o(i.xTimerCreateTimerTask) refers to tasks.o(i.xTaskCreateStatic) for xTaskCreateStatic
    timers.o(i.xTimerCreateTimerTask) refers to timers.o(.data) for xTimerQueue
    timers.o(i.xTimerCreateTimerTask) refers to timers.o(i.prvTimerTask) for prvTimerTask
    timers.o(i.xTimerGenericCommand) refers to tasks.o(i.xTaskGetSchedulerState) for xTaskGetSchedulerState
    timers.o(i.xTimerGenericCommand) refers to queue.o(i.xQueueGenericSend) for xQueueGenericSend
    timers.o(i.xTimerGenericCommand) refers to queue.o(i.xQueueGenericSendFromISR) for xQueueGenericSendFromISR
    timers.o(i.xTimerGenericCommand) refers to timers.o(.data) for xTimerQueue
    timers.o(i.xTimerGetTimerDaemonTaskHandle) refers to timers.o(.data) for xTimerTaskHandle
    timers.o(i.xTimerIsTimerActive) refers to port.o(i.vPortEnterCritical) for vPortEnterCritical
    timers.o(i.xTimerIsTimerActive) refers to port.o(i.vPortExitCritical) for vPortExitCritical
    port.o(.emb_text) refers to tasks.o(i.vTaskSwitchContext) for vTaskSwitchContext
    port.o(.emb_text) refers to tasks.o(.data) for pxCurrentTCB
    port.o(i.SysTick_Handler) refers to tasks.o(i.xTaskIncrementTick) for xTaskIncrementTick
    port.o(i.prvTaskExitError) refers to port.o(.data) for uxCriticalNesting
    port.o(i.pxPortInitialiseStack) refers to port.o(i.prvTaskExitError) for prvTaskExitError
    port.o(i.vPortEndScheduler) refers to port.o(.data) for uxCriticalNesting
    port.o(i.vPortEnterCritical) refers to port.o(.data) for uxCriticalNesting
    port.o(i.vPortExitCritical) refers to port.o(.data) for uxCriticalNesting
    port.o(i.vPortValidateInterruptPriority) refers to port.o(.emb_text) for vPortGetIPSR
    port.o(i.vPortValidateInterruptPriority) refers to port.o(.data) for ucMaxSysCallPriority
    port.o(i.xPortStartScheduler) refers to port.o(i.vPortSetupTimerInterrupt) for vPortSetupTimerInterrupt
    port.o(i.xPortStartScheduler) refers to port.o(.emb_text) for __asm___6_port_c_39a90d8d__prvEnableVFP
    port.o(i.xPortStartScheduler) refers to port.o(.data) for ucMaxSysCallPriority
    heap_4.o(i.prvHeapInit) refers to heap_4.o(.bss) for ucHeap
    heap_4.o(i.prvHeapInit) refers to heap_4.o(.data) for xStart
    heap_4.o(i.prvInsertBlockIntoFreeList) refers to heap_4.o(.data) for xStart
    heap_4.o(i.pvPortMalloc) refers to tasks.o(i.vTaskSuspendAll) for vTaskSuspendAll
    heap_4.o(i.pvPortMalloc) refers to heap_4.o(i.prvHeapInit) for prvHeapInit
    heap_4.o(i.pvPortMalloc) refers to heap_4.o(i.prvInsertBlockIntoFreeList) for prvInsertBlockIntoFreeList
    heap_4.o(i.pvPortMalloc) refers to tasks.o(i.xTaskResumeAll) for xTaskResumeAll
    heap_4.o(i.pvPortMalloc) refers to os_hooks.o(i.vApplicationMallocFailedHook) for vApplicationMallocFailedHook
    heap_4.o(i.pvPortMalloc) refers to heap_4.o(.data) for pxEnd
    heap_4.o(i.vPortFree) refers to tasks.o(i.vTaskSuspendAll) for vTaskSuspendAll
    heap_4.o(i.vPortFree) refers to heap_4.o(i.prvInsertBlockIntoFreeList) for prvInsertBlockIntoFreeList
    heap_4.o(i.vPortFree) refers to tasks.o(i.xTaskResumeAll) for xTaskResumeAll
    heap_4.o(i.vPortFree) refers to heap_4.o(.data) for xBlockAllocatedBit
    heap_4.o(i.xPortGetFreeHeapSize) refers to heap_4.o(.data) for xFreeBytesRemaining
    heap_4.o(i.xPortGetMinimumEverFreeHeapSize) refers to heap_4.o(.data) for xMinimumEverFreeBytesRemaining
    startup.o(i.init_data_bss) refers to startup.o(.constdata) for .constdata
    startup.o(i.init_data_bss) refers to startup_s32k144.o(RESET) for __Vectors
    startup_s32k144.o(RESET) refers to startup_s32k144.o(.text) for Reset_Handler
    startup_s32k144.o(RESET) refers to port.o(.emb_text) for SVC_Handler
    startup_s32k144.o(RESET) refers to port.o(i.SysTick_Handler) for SysTick_Handler
    startup_s32k144.o(.text) refers to startup_s32k144.o(FlashConfig) for FlashConfig
    startup_s32k144.o(.text) refers to system_s32k144.o(i.SystemInit) for SystemInit
    startup_s32k144.o(.text) refers to startup.o(i.init_data_bss) for init_data_bss
    startup_s32k144.o(.text) refers to entry.o(.ARM.Collect$$$$00000000) for __main
    system_s32k144.o(i.SystemCoreClockUpdate) refers to system_s32k144.o(.constdata) for fircFreq
    system_s32k144.o(i.SystemCoreClockUpdate) refers to system_s32k144.o(.data) for SystemCoreClock
    entry.o(.ARM.Collect$$$$00000000) refers (Special) to entry10a.o(.ARM.Collect$$$$0000000F) for __rt_final_cpp
    entry.o(.ARM.Collect$$$$00000000) refers (Special) to entry11a.o(.ARM.Collect$$$$00000011) for __rt_final_exit
    entry.o(.ARM.Collect$$$$00000000) refers (Special) to entry12b.o(.ARM.Collect$$$$0000000E) for __rt_lib_shutdown_fini
    entry.o(.ARM.Collect$$$$00000000) refers (Special) to entry7b.o(.ARM.Collect$$$$00000008) for _main_clock
    entry.o(.ARM.Collect$$$$00000000) refers (Special) to entry8b.o(.ARM.Collect$$$$0000000A) for _main_cpp_init
    entry.o(.ARM.Collect$$$$00000000) refers (Special) to entry9a.o(.ARM.Collect$$$$0000000B) for _main_init
    entry.o(.ARM.Collect$$$$00000000) refers (Special) to entry5.o(.ARM.Collect$$$$00000004) for _main_scatterload
    entry.o(.ARM.Collect$$$$00000000) refers (Special) to entry4.o(.ARM.Collect$$$$00000003) for _main_stk
    entry4.o(.ARM.Collect$$$$00000003) refers to entry4.o(.ARM.Collect$$$$00002714) for __lit__00000000
    entry4.o(__vectab_stack_and_reset_area) refers to entry.o(.ARM.Collect$$$$00000000) for __main
    entry5.o(.ARM.Collect$$$$00000004) refers to init.o(.text) for __scatterload
    entry9a.o(.ARM.Collect$$$$0000000B) refers to main.o(i.main) for main
    entry9b.o(.ARM.Collect$$$$0000000C) refers to main.o(i.main) for main
    init.o(.text) refers to entry5.o(.ARM.Collect$$$$00000004) for __main_after_scatterload


==============================================================================

Removing Unused input sections from the image.

    Removing main.o(.rev16_text), (4 bytes).
    Removing main.o(.revsh_text), (4 bytes).
    Removing main.o(.rrx_text), (6 bytes).
    Removing clocks_and_modes.o(.rev16_text), (4 bytes).
    Removing clocks_and_modes.o(.revsh_text), (4 bytes).
    Removing clocks_and_modes.o(.rrx_text), (6 bytes).
    Removing os_hooks.o(i.GetIdleCount), (12 bytes).
    Removing event_groups.o(i.prvTestWaitCondition), (30 bytes).
    Removing event_groups.o(i.uxEventGroupGetNumber), (14 bytes).
    Removing event_groups.o(i.vEventGroupClearBitsCallback), (16 bytes).
    Removing event_groups.o(i.vEventGroupDelete), (86 bytes).
    Removing event_groups.o(i.vEventGroupSetBitsCallback), (16 bytes).
    Removing event_groups.o(i.vEventGroupSetNumber), (4 bytes).
    Removing event_groups.o(i.xEventGroupClearBits), (92 bytes).
    Removing event_groups.o(i.xEventGroupCreate), (30 bytes).
    Removing event_groups.o(i.xEventGroupCreateStatic), (90 bytes).
    Removing event_groups.o(i.xEventGroupGetBitsFromISR), (44 bytes).
    Removing event_groups.o(i.xEventGroupSetBits), (206 bytes).
    Removing event_groups.o(i.xEventGroupSync), (272 bytes).
    Removing event_groups.o(i.xEventGroupWaitBits), (344 bytes).
    Removing queue.o(i.pcQueueGetName), (44 bytes).
    Removing queue.o(i.prvGetDisinheritPriorityAfterTimeout), (20 bytes).
    Removing queue.o(i.prvInitialiseMutex), (30 bytes).
    Removing queue.o(i.ucQueueGetQueueType), (8 bytes).
    Removing queue.o(i.uxQueueGetQueueNumber), (6 bytes).
    Removing queue.o(i.uxQueueMessagesWaiting), (42 bytes).
    Removing queue.o(i.uxQueueMessagesWaitingFromISR), (34 bytes).
    Removing queue.o(i.uxQueueSpacesAvailable), (48 bytes).
    Removing queue.o(i.vQueueDelete), (50 bytes).
    Removing queue.o(i.vQueueSetQueueNumber), (4 bytes).
    Removing queue.o(i.vQueueUnregisterQueue), (48 bytes).
    Removing queue.o(i.xQueueCreateCountingSemaphore), (92 bytes).
    Removing queue.o(i.xQueueCreateCountingSemaphoreStatic), (100 bytes).
    Removing queue.o(i.xQueueCreateMutex), (34 bytes).
    Removing queue.o(i.xQueueCreateMutexStatic), (42 bytes).
    Removing queue.o(i.xQueueGenericCreate), (96 bytes).
    Removing queue.o(i.xQueueGiveFromISR), (224 bytes).
    Removing queue.o(i.xQueueGiveMutexRecursive), (72 bytes).
    Removing queue.o(i.xQueueIsQueueEmptyFromISR), (42 bytes).
    Removing queue.o(i.xQueueIsQueueFullFromISR), (46 bytes).
    Removing queue.o(i.xQueuePeek), (368 bytes).
    Removing queue.o(i.xQueuePeekFromISR), (176 bytes).
    Removing queue.o(i.xQueueReceiveFromISR), (202 bytes).
    Removing queue.o(i.xQueueSemaphoreTake), (440 bytes).
    Removing queue.o(i.xQueueTakeMutexRecursive), (78 bytes).
    Removing stream_buffer.o(i.prvBytesInBuffer), (24 bytes).
    Removing stream_buffer.o(i.prvInitialiseNewStreamBuffer), (86 bytes).
    Removing stream_buffer.o(i.prvReadBytesFromBuffer), (202 bytes).
    Removing stream_buffer.o(i.prvReadMessageFromBuffer), (72 bytes).
    Removing stream_buffer.o(i.prvWriteBytesToBuffer), (186 bytes).
    Removing stream_buffer.o(i.prvWriteMessageToBuffer), (92 bytes).
    Removing stream_buffer.o(i.ucStreamBufferGetStreamBufferType), (10 bytes).
    Removing stream_buffer.o(i.uxStreamBufferGetStreamBufferNumber), (6 bytes).
    Removing stream_buffer.o(i.vStreamBufferDelete), (56 bytes).
    Removing stream_buffer.o(i.vStreamBufferSetStreamBufferNumber), (4 bytes).
    Removing stream_buffer.o(i.xStreamBufferBytesAvailable), (42 bytes).
    Removing stream_buffer.o(i.xStreamBufferGenericCreate), (160 bytes).
    Removing stream_buffer.o(i.xStreamBufferGenericCreateStatic), (238 bytes).
    Removing stream_buffer.o(i.xStreamBufferIsEmpty), (46 bytes).
    Removing stream_buffer.o(i.xStreamBufferIsFull), (64 bytes).
    Removing stream_buffer.o(i.xStreamBufferNextMessageLengthBytes), (120 bytes).
    Removing stream_buffer.o(i.xStreamBufferReceive), (254 bytes).
    Removing stream_buffer.o(i.xStreamBufferReceiveCompletedFromISR), (102 bytes).
    Removing stream_buffer.o(i.xStreamBufferReceiveFromISR), (184 bytes).
    Removing stream_buffer.o(i.xStreamBufferReset), (74 bytes).
    Removing stream_buffer.o(i.xStreamBufferSend), (312 bytes).
    Removing stream_buffer.o(i.xStreamBufferSendCompletedFromISR), (102 bytes).
    Removing stream_buffer.o(i.xStreamBufferSendFromISR), (184 bytes).
    Removing stream_buffer.o(i.xStreamBufferSetTriggerLevel), (50 bytes).
    Removing stream_buffer.o(i.xStreamBufferSpacesAvailable), (54 bytes).
    Removing tasks.o(i.eTaskGetState), (148 bytes).
    Removing tasks.o(i.pcTaskGetName), (48 bytes).
    Removing tasks.o(i.prvListTasksWithinSingleList), (106 bytes).
    Removing tasks.o(i.prvTaskCheckFreeStackSpace), (22 bytes).
    Removing tasks.o(i.prvTaskIsTaskSuspended), (88 bytes).
    Removing tasks.o(i.pvTaskIncrementMutexHeldCount), (32 bytes).
    Removing tasks.o(i.ulTaskNotifyTake), (116 bytes).
    Removing tasks.o(i.uxTaskGetNumberOfTasks), (12 bytes).
    Removing tasks.o(i.uxTaskGetSystemState), (176 bytes).
    Removing tasks.o(i.uxTaskGetTaskNumber), (14 bytes).
    Removing tasks.o(i.uxTaskPriorityGet), (36 bytes).
    Removing tasks.o(i.uxTaskPriorityGetFromISR), (68 bytes).
    Removing tasks.o(i.uxTaskResetEventItemValue), (28 bytes).
    Removing tasks.o(i.vTaskDelayUntil), (212 bytes).
    Removing tasks.o(i.vTaskDelete), (244 bytes).
    Removing tasks.o(i.vTaskEndScheduler), (36 bytes).
    Removing tasks.o(i.vTaskGetInfo), (132 bytes).
    Removing tasks.o(i.vTaskNotifyGiveFromISR), (240 bytes).
    Removing tasks.o(i.vTaskPlaceOnUnorderedEventList), (108 bytes).
    Removing tasks.o(i.vTaskPriorityDisinheritAfterTimeout), (244 bytes).
    Removing tasks.o(i.vTaskPrioritySet), (276 bytes).
    Removing tasks.o(i.vTaskRemoveFromUnorderedEventList), (164 bytes).
    Removing tasks.o(i.vTaskResume), (144 bytes).
    Removing tasks.o(i.vTaskSetTaskNumber), (8 bytes).
    Removing tasks.o(i.vTaskSetTimeOutState), (60 bytes).
    Removing tasks.o(i.vTaskSuspend), (244 bytes).
    Removing tasks.o(i.xTaskGenericNotify), (296 bytes).
    Removing tasks.o(i.xTaskGenericNotifyFromISR), (360 bytes).
    Removing tasks.o(i.xTaskGetCurrentTaskHandle), (12 bytes).
    Removing tasks.o(i.xTaskGetTickCountFromISR), (20 bytes).
    Removing tasks.o(i.xTaskNotifyStateClear), (52 bytes).
    Removing tasks.o(i.xTaskNotifyWait), (160 bytes).
    Removing tasks.o(i.xTaskPriorityInherit), (200 bytes).
    Removing tasks.o(i.xTaskResumeFromISR), (180 bytes).
    Removing timers.o(i.pcTimerGetName), (32 bytes).
    Removing timers.o(i.prvInitialiseNewTimer), (90 bytes).
    Removing timers.o(i.pvTimerGetTimerID), (44 bytes).
    Removing timers.o(i.uxTimerGetTimerNumber), (6 bytes).
    Removing timers.o(i.vTimerSetReloadMode), (70 bytes).
    Removing timers.o(i.vTimerSetTimerID), (44 bytes).
    Removing timers.o(i.vTimerSetTimerNumber), (4 bytes).
    Removing timers.o(i.xTimerCreate), (54 bytes).
    Removing timers.o(i.xTimerCreateStatic), (114 bytes).
    Removing timers.o(i.xTimerGetExpiryTime), (34 bytes).
    Removing timers.o(i.xTimerGetPeriod), (32 bytes).
    Removing timers.o(i.xTimerGetTimerDaemonTaskHandle), (48 bytes).
    Removing timers.o(i.xTimerIsTimerActive), (58 bytes).
    Removing port.o(i.vPortEndScheduler), (48 bytes).
    Removing heap_4.o(i.vPortInitialiseBlocks), (2 bytes).
    Removing heap_4.o(i.xPortGetFreeHeapSize), (12 bytes).
    Removing heap_4.o(i.xPortGetMinimumEverFreeHeapSize), (12 bytes).
    Removing startup.o(.rev16_text), (4 bytes).
    Removing startup.o(.revsh_text), (4 bytes).
    Removing startup.o(.rrx_text), (6 bytes).
    Removing system_s32k144.o(.rev16_text), (4 bytes).
    Removing system_s32k144.o(.revsh_text), (4 bytes).
    Removing system_s32k144.o(.rrx_text), (6 bytes).
    Removing system_s32k144.o(i.SystemSoftwareReset), (28 bytes).

128 unused section(s) (total 11400 bytes) removed from the image.

==============================================================================

Image Symbol Table

    Local Symbols

    Symbol Name                              Value     Ov Type        Size  Object(Section)

    RESET                                    0x00000000   Section     1024  startup_s32k144.o(RESET)
    ../clib/microlib/init/entry.s            0x00000000   Number         0  entry8b.o ABSOLUTE
    ../clib/microlib/init/entry.s            0x00000000   Number         0  entry9a.o ABSOLUTE
    ../clib/microlib/init/entry.s            0x00000000   Number         0  entry7b.o ABSOLUTE
    ../clib/microlib/init/entry.s            0x00000000   Number         0  entry10a.o ABSOLUTE
    ../clib/microlib/init/entry.s            0x00000000   Number         0  entry10b.o ABSOLUTE
    ../clib/microlib/init/entry.s            0x00000000   Number         0  entry11a.o ABSOLUTE
    ../clib/microlib/init/entry.s            0x00000000   Number         0  entry11b.o ABSOLUTE
    ../clib/microlib/init/entry.s            0x00000000   Number         0  entry12a.o ABSOLUTE
    ../clib/microlib/init/entry.s            0x00000000   Number         0  entry8a.o ABSOLUTE
    ../clib/microlib/init/entry.s            0x00000000   Number         0  entry12b.o ABSOLUTE
    ../clib/microlib/init/entry.s            0x00000000   Number         0  entry7a.o ABSOLUTE
    ../clib/microlib/init/entry.s            0x00000000   Number         0  entry5.o ABSOLUTE
    ../clib/microlib/init/entry.s            0x00000000   Number         0  entry9b.o ABSOLUTE
    ../clib/microlib/init/entry.s            0x00000000   Number         0  entry4.o ABSOLUTE
    ../clib/microlib/init/entry.s            0x00000000   Number         0  entry.o ABSOLUTE
    ../clib/microlib/string/memcpy.c         0x00000000   Number         0  memcpya.o ABSOLUTE
    ../clib/microlib/string/memcpy.c         0x00000000   Number         0  memcpyb.o ABSOLUTE
    ../clib/microlib/string/memset.c         0x00000000   Number         0  memseta.o ABSOLUTE
    ../clib/microlib/string/memset.c         0x00000000   Number         0  memset.o ABSOLUTE
    D:/Users/huqiwang/AppData/Local/Arm/Packs/Keil/S32_SDK_DFP/1.2.0/platform/devices/startup.c 0x00000000   Number         0  startup.o ABSOLUTE
    D:\Users\huqiwang\AppData\Local\Arm\Packs\Keil\S32_SDK_DFP\1.2.0\platform\devices\startup.c 0x00000000   Number         0  startup.o ABSOLUTE
    FreeRTOS\\portable\\RVDS\\ARM_CM4F\\port.c 0x00000000   Number         0  port.o ABSOLUTE
    FreeRTOS\croutine.c                      0x00000000   Number         0  croutine.o ABSOLUTE
    FreeRTOS\event_groups.c                  0x00000000   Number         0  event_groups.o ABSOLUTE
    FreeRTOS\list.c                          0x00000000   Number         0  list.o ABSOLUTE
    FreeRTOS\portable\MemMang\heap_4.c       0x00000000   Number         0  heap_4.o ABSOLUTE
    FreeRTOS\portable\RVDS\ARM_CM4F\port.c   0x00000000   Number         0  port.o ABSOLUTE
    FreeRTOS\queue.c                         0x00000000   Number         0  queue.o ABSOLUTE
    FreeRTOS\stream_buffer.c                 0x00000000   Number         0  stream_buffer.o ABSOLUTE
    FreeRTOS\tasks.c                         0x00000000   Number         0  tasks.o ABSOLUTE
    FreeRTOS\timers.c                        0x00000000   Number         0  timers.o ABSOLUTE
    RTE/Device/S32K144UFxxxLLx/startup_S32K144.s 0x00000000   Number         0  startup_s32k144.o ABSOLUTE
    RTE/Device/S32K144UFxxxLLx/system_S32K144.c 0x00000000   Number         0  system_s32k144.o ABSOLUTE
    RTE\Device\S32K144UFxxxLLx\system_S32K144.c 0x00000000   Number         0  system_s32k144.o ABSOLUTE
    dc.s                                     0x00000000   Number         0  dc.o ABSOLUTE
    handlers.s                               0x00000000   Number         0  handlers.o ABSOLUTE
    init.s                                   0x00000000   Number         0  init.o ABSOLUTE
    src\\clocks_and_modes.c                  0x00000000   Number         0  clocks_and_modes.o ABSOLUTE
    src\\main.c                              0x00000000   Number         0  main.o ABSOLUTE
    src\clocks_and_modes.c                   0x00000000   Number         0  clocks_and_modes.o ABSOLUTE
    src\main.c                               0x00000000   Number         0  main.o ABSOLUTE
    src\os_hooks.c                           0x00000000   Number         0  os_hooks.o ABSOLUTE
    FlashConfig                              0x00000400   Section       16  startup_s32k144.o(FlashConfig)
    .ARM.Collect$$$$00000000                 0x00000410   Section        0  entry.o(.ARM.Collect$$$$00000000)
    .ARM.Collect$$$$00000003                 0x00000410   Section        4  entry4.o(.ARM.Collect$$$$00000003)
    .ARM.Collect$$$$00000004                 0x00000414   Section        4  entry5.o(.ARM.Collect$$$$00000004)
    .ARM.Collect$$$$00000008                 0x00000418   Section        0  entry7b.o(.ARM.Collect$$$$00000008)
    .ARM.Collect$$$$0000000A                 0x00000418   Section        0  entry8b.o(.ARM.Collect$$$$0000000A)
    .ARM.Collect$$$$0000000B                 0x00000418   Section        8  entry9a.o(.ARM.Collect$$$$0000000B)
    .ARM.Collect$$$$0000000E                 0x00000420   Section        4  entry12b.o(.ARM.Collect$$$$0000000E)
    .ARM.Collect$$$$0000000F                 0x00000424   Section        0  entry10a.o(.ARM.Collect$$$$0000000F)
    .ARM.Collect$$$$00000011                 0x00000424   Section        0  entry11a.o(.ARM.Collect$$$$00000011)
    .ARM.Collect$$$$00002714                 0x00000424   Section        4  entry4.o(.ARM.Collect$$$$00002714)
    __lit__00000000                          0x00000424   Data           4  entry4.o(.ARM.Collect$$$$00002714)
    .emb_text                                0x00000428   Section      190  port.o(.emb_text)
    $v0                                      0x00000428   Number         0  port.o(.emb_text)
    .text                                    0x000004e8   Section       56  startup_s32k144.o(.text)
    $v0                                      0x000004e8   Number         0  startup_s32k144.o(.text)
    .text                                    0x00000520   Section        0  memcpya.o(.text)
    .text                                    0x00000544   Section        0  memseta.o(.text)
    .text                                    0x00000568   Section       36  init.o(.text)
    i.Led_Confg_Init                         0x0000058c   Section        0  main.o(i.Led_Confg_Init)
    Led_Confg_Init                           0x0000058d   Thumb Code   116  main.o(i.Led_Confg_Init)
    i.NormalRUNmode_80MHz                    0x00000610   Section        0  clocks_and_modes.o(i.NormalRUNmode_80MHz)
    i.SOSC_init_8MHz                         0x00000630   Section        0  clocks_and_modes.o(i.SOSC_init_8MHz)
    i.SPLL_init_160MHz                       0x00000674   Section        0  clocks_and_modes.o(i.SPLL_init_160MHz)
    i.SysTick_Handler                        0x000006c0   Section        0  port.o(i.SysTick_Handler)
    i.SystemCoreClockUpdate                  0x000006f4   Section        0  system_s32k144.o(i.SystemCoreClockUpdate)
    i.SystemInit                             0x000007a0   Section        0  system_s32k144.o(i.SystemInit)
    i.WDOG_disable                           0x000007e0   Section        0  main.o(i.WDOG_disable)
    WDOG_disable                             0x000007e1   Thumb Code    20  main.o(i.WDOG_disable)
    i.__scatterload_copy                     0x000007fc   Section       14  handlers.o(i.__scatterload_copy)
    i.__scatterload_null                     0x0000080a   Section        2  handlers.o(i.__scatterload_null)
    i.__scatterload_zeroinit                 0x0000080c   Section       14  handlers.o(i.__scatterload_zeroinit)
    i.init_data_bss                          0x0000081c   Section        0  startup.o(i.init_data_bss)
    i.main                                   0x00000870   Section        0  main.o(i.main)
    i.prvAddCurrentTaskToDelayedList         0x000008d4   Section        0  tasks.o(i.prvAddCurrentTaskToDelayedList)
    prvAddCurrentTaskToDelayedList           0x000008d5   Thumb Code   124  tasks.o(i.prvAddCurrentTaskToDelayedList)
    i.prvAddNewTaskToReadyList               0x0000096c   Section        0  tasks.o(i.prvAddNewTaskToReadyList)
    prvAddNewTaskToReadyList                 0x0000096d   Thumb Code   156  tasks.o(i.prvAddNewTaskToReadyList)
    i.prvCheckForValidListAndQueue           0x00000a24   Section        0  timers.o(i.prvCheckForValidListAndQueue)
    prvCheckForValidListAndQueue             0x00000a25   Thumb Code    78  timers.o(i.prvCheckForValidListAndQueue)
    i.prvCheckTasksWaitingTermination        0x00000a98   Section        0  tasks.o(i.prvCheckTasksWaitingTermination)
    prvCheckTasksWaitingTermination          0x00000a99   Thumb Code    60  tasks.o(i.prvCheckTasksWaitingTermination)
    i.prvCopyDataFromQueue                   0x00000ae0   Section        0  queue.o(i.prvCopyDataFromQueue)
    prvCopyDataFromQueue                     0x00000ae1   Thumb Code    42  queue.o(i.prvCopyDataFromQueue)
    i.prvCopyDataToQueue                     0x00000b0a   Section        0  queue.o(i.prvCopyDataToQueue)
    prvCopyDataToQueue                       0x00000b0b   Thumb Code   126  queue.o(i.prvCopyDataToQueue)
    i.prvDeleteTCB                           0x00000b88   Section        0  tasks.o(i.prvDeleteTCB)
    prvDeleteTCB                             0x00000b89   Thumb Code    80  tasks.o(i.prvDeleteTCB)
    i.prvGetNextExpireTime                   0x00000bd8   Section        0  timers.o(i.prvGetNextExpireTime)
    prvGetNextExpireTime                     0x00000bd9   Thumb Code    36  timers.o(i.prvGetNextExpireTime)
    i.prvHeapInit                            0x00000c00   Section        0  heap_4.o(i.prvHeapInit)
    prvHeapInit                              0x00000c01   Thumb Code    98  heap_4.o(i.prvHeapInit)
    i.prvIdleTask                            0x00000c7c   Section        0  tasks.o(i.prvIdleTask)
    prvIdleTask                              0x00000c7d   Thumb Code    36  tasks.o(i.prvIdleTask)
    i.prvInitialiseNewQueue                  0x00000ca8   Section        0  queue.o(i.prvInitialiseNewQueue)
    prvInitialiseNewQueue                    0x00000ca9   Thumb Code    42  queue.o(i.prvInitialiseNewQueue)
    i.prvInitialiseNewTask                   0x00000cd2   Section        0  tasks.o(i.prvInitialiseNewTask)
    prvInitialiseNewTask                     0x00000cd3   Thumb Code   190  tasks.o(i.prvInitialiseNewTask)
    i.prvInitialiseTaskLists                 0x00000d90   Section        0  tasks.o(i.prvInitialiseTaskLists)
    prvInitialiseTaskLists                   0x00000d91   Thumb Code    70  tasks.o(i.prvInitialiseTaskLists)
    i.prvInsertBlockIntoFreeList             0x00000df8   Section        0  heap_4.o(i.prvInsertBlockIntoFreeList)
    prvInsertBlockIntoFreeList               0x00000df9   Thumb Code    96  heap_4.o(i.prvInsertBlockIntoFreeList)
    i.prvInsertTimerInActiveList             0x00000e60   Section        0  timers.o(i.prvInsertTimerInActiveList)
    prvInsertTimerInActiveList               0x00000e61   Thumb Code    80  timers.o(i.prvInsertTimerInActiveList)
    i.prvIsQueueEmpty                        0x00000eb8   Section        0  queue.o(i.prvIsQueueEmpty)
    prvIsQueueEmpty                          0x00000eb9   Thumb Code    26  queue.o(i.prvIsQueueEmpty)
    i.prvIsQueueFull                         0x00000ed2   Section        0  queue.o(i.prvIsQueueFull)
    prvIsQueueFull                           0x00000ed3   Thumb Code    30  queue.o(i.prvIsQueueFull)
    i.prvProcessExpiredTimer                 0x00000ef0   Section        0  timers.o(i.prvProcessExpiredTimer)
    prvProcessExpiredTimer                   0x00000ef1   Thumb Code   110  timers.o(i.prvProcessExpiredTimer)
    i.prvProcessReceivedCommands             0x00000f64   Section        0  timers.o(i.prvProcessReceivedCommands)
    prvProcessReceivedCommands               0x00000f65   Thumb Code   308  timers.o(i.prvProcessReceivedCommands)
    i.prvProcessTimerOrBlockTask             0x0000109c   Section        0  timers.o(i.prvProcessTimerOrBlockTask)
    prvProcessTimerOrBlockTask               0x0000109d   Thumb Code   102  timers.o(i.prvProcessTimerOrBlockTask)
    i.prvResetNextTaskUnblockTime            0x00001110   Section        0  tasks.o(i.prvResetNextTaskUnblockTime)
    prvResetNextTaskUnblockTime              0x00001111   Thumb Code    42  tasks.o(i.prvResetNextTaskUnblockTime)
    i.prvSampleTimeNow                       0x00001144   Section        0  timers.o(i.prvSampleTimeNow)
    prvSampleTimeNow                         0x00001145   Thumb Code    40  timers.o(i.prvSampleTimeNow)
    i.prvSwitchTimerLists                    0x00001170   Section        0  timers.o(i.prvSwitchTimerLists)
    prvSwitchTimerLists                      0x00001171   Thumb Code   154  timers.o(i.prvSwitchTimerLists)
    i.prvTaskExitError                       0x00001214   Section        0  port.o(i.prvTaskExitError)
    prvTaskExitError                         0x00001215   Thumb Code    60  port.o(i.prvTaskExitError)
    i.prvTimerTask                           0x00001254   Section        0  timers.o(i.prvTimerTask)
    prvTimerTask                             0x00001255   Thumb Code    26  timers.o(i.prvTimerTask)
    i.prvUnlockQueue                         0x0000126e   Section        0  queue.o(i.prvUnlockQueue)
    prvUnlockQueue                           0x0000126f   Thumb Code   126  queue.o(i.prvUnlockQueue)
    i.pvPortMalloc                           0x000012ec   Section        0  heap_4.o(i.pvPortMalloc)
    i.pxPortInitialiseStack                  0x00001434   Section        0  port.o(i.pxPortInitialiseStack)
    i.uxListRemove                           0x00001460   Section        0  list.o(i.uxListRemove)
    i.vApplicationGetIdleTaskMemory          0x00001488   Section        0  os_hooks.o(i.vApplicationGetIdleTaskMemory)
    i.vApplicationGetTimerTaskMemory         0x000014a0   Section        0  os_hooks.o(i.vApplicationGetTimerTaskMemory)
    i.vApplicationIdleHook                   0x000014b8   Section        0  os_hooks.o(i.vApplicationIdleHook)
    i.vApplicationMallocFailedHook           0x000014c8   Section        0  os_hooks.o(i.vApplicationMallocFailedHook)
    i.vApplicationStackOverflowHook          0x000014ca   Section        0  os_hooks.o(i.vApplicationStackOverflowHook)
    i.vApplicationTickHook                   0x000014cc   Section        0  os_hooks.o(i.vApplicationTickHook)
    i.vListInitialise                        0x00001500   Section        0  list.o(i.vListInitialise)
    i.vListInitialiseItem                    0x0000151a   Section        0  list.o(i.vListInitialiseItem)
    i.vListInsert                            0x00001520   Section        0  list.o(i.vListInsert)
    i.vListInsertEnd                         0x00001554   Section        0  list.o(i.vListInsertEnd)
    i.vPortEnterCritical                     0x0000156c   Section        0  port.o(i.vPortEnterCritical)
    i.vPortExitCritical                      0x000015c0   Section        0  port.o(i.vPortExitCritical)
    i.vPortFree                              0x000015fc   Section        0  heap_4.o(i.vPortFree)
    i.vPortSetupTimerInterrupt               0x00001690   Section        0  port.o(i.vPortSetupTimerInterrupt)
    i.vPortValidateInterruptPriority         0x000016a8   Section        0  port.o(i.vPortValidateInterruptPriority)
    i.vQueueAddToRegistry                    0x00001720   Section        0  queue.o(i.vQueueAddToRegistry)
    i.vQueueWaitForMessageRestricted         0x0000174c   Section        0  queue.o(i.vQueueWaitForMessageRestricted)
    i.vTask1                                 0x00001798   Section        0  main.o(i.vTask1)
    i.vTask2                                 0x000017b8   Section        0  main.o(i.vTask2)
    i.vTaskDelay                             0x000017c4   Section        0  tasks.o(i.vTaskDelay)
    i.vTaskInternalSetTimeOutState           0x00001820   Section        0  tasks.o(i.vTaskInternalSetTimeOutState)
    i.vTaskMissedYield                       0x00001838   Section        0  tasks.o(i.vTaskMissedYield)
    i.vTaskPlaceOnEventList                  0x00001844   Section        0  tasks.o(i.vTaskPlaceOnEventList)
    i.vTaskPlaceOnEventListRestricted        0x0000187c   Section        0  tasks.o(i.vTaskPlaceOnEventListRestricted)
    i.vTaskStartScheduler                    0x000018bc   Section        0  tasks.o(i.vTaskStartScheduler)
    i.vTaskSuspendAll                        0x00001974   Section        0  tasks.o(i.vTaskSuspendAll)
    i.vTaskSwitchContext                     0x00001984   Section        0  tasks.o(i.vTaskSwitchContext)
    i.xPortStartScheduler                    0x00001a48   Section        0  port.o(i.xPortStartScheduler)
    i.xQueueGenericCreateStatic              0x00001bb0   Section        0  queue.o(i.xQueueGenericCreateStatic)
    i.xQueueGenericReset                     0x00001c90   Section        0  queue.o(i.xQueueGenericReset)
    i.xQueueGenericSend                      0x00001d28   Section        0  queue.o(i.xQueueGenericSend)
    i.xQueueGenericSendFromISR               0x00001ed0   Section        0  queue.o(i.xQueueGenericSendFromISR)
    i.xQueueReceive                          0x00001fc8   Section        0  queue.o(i.xQueueReceive)
    i.xTaskCheckForTimeOut                   0x00002130   Section        0  tasks.o(i.xTaskCheckForTimeOut)
    i.xTaskCreate                            0x000021bc   Section        0  tasks.o(i.xTaskCreate)
    i.xTaskCreateStatic                      0x00002220   Section        0  tasks.o(i.xTaskCreateStatic)
    i.xTaskGetSchedulerState                 0x000022dc   Section        0  tasks.o(i.xTaskGetSchedulerState)
    i.xTaskGetTickCount                      0x000022fc   Section        0  tasks.o(i.xTaskGetTickCount)
    i.xTaskIncrementTick                     0x00002308   Section        0  tasks.o(i.xTaskIncrementTick)
    i.xTaskPriorityDisinherit                0x0000245c   Section        0  tasks.o(i.xTaskPriorityDisinherit)
    i.xTaskRemoveFromEventList               0x00002524   Section        0  tasks.o(i.xTaskRemoveFromEventList)
    i.xTaskResumeAll                         0x000025bc   Section        0  tasks.o(i.xTaskResumeAll)
    i.xTimerCreateTimerTask                  0x000026c0   Section        0  timers.o(i.xTimerCreateTimerTask)
    i.xTimerGenericCommand                   0x00002738   Section        0  timers.o(i.xTimerGenericCommand)
    .constdata                               0x000027bc   Section        4  startup.o(.constdata)
    .constdata                               0x000027c0   Section       16  system_s32k144.o(.constdata)
    fircFreq                                 0x000027c0   Data          16  system_s32k144.o(.constdata)
    .data                                    0x1fff8000   Section       60  tasks.o(.data)
    pxDelayedTaskList                        0x1fff8004   Data           4  tasks.o(.data)
    pxOverflowDelayedTaskList                0x1fff8008   Data           4  tasks.o(.data)
    uxDeletedTasksWaitingCleanUp             0x1fff800c   Data           4  tasks.o(.data)
    uxCurrentNumberOfTasks                   0x1fff8010   Data           4  tasks.o(.data)
    xTickCount                               0x1fff8014   Data           4  tasks.o(.data)
    uxTopReadyPriority                       0x1fff8018   Data           4  tasks.o(.data)
    xSchedulerRunning                        0x1fff801c   Data           4  tasks.o(.data)
    uxPendedTicks                            0x1fff8020   Data           4  tasks.o(.data)
    xYieldPending                            0x1fff8024   Data           4  tasks.o(.data)
    xNumOfOverflows                          0x1fff8028   Data           4  tasks.o(.data)
    uxTaskNumber                             0x1fff802c   Data           4  tasks.o(.data)
    xNextTaskUnblockTime                     0x1fff8030   Data           4  tasks.o(.data)
    xIdleTaskHandle                          0x1fff8034   Data           4  tasks.o(.data)
    uxSchedulerSuspended                     0x1fff8038   Data           4  tasks.o(.data)
    .data                                    0x1fff803c   Section       12  port.o(.data)
    uxCriticalNesting                        0x1fff803c   Data           4  port.o(.data)
    ucMaxSysCallPriority                     0x1fff8040   Data           1  port.o(.data)
    ulMaxPRIGROUPValue                       0x1fff8044   Data           4  port.o(.data)
    .data                                    0x1fff8048   Section       24  heap_4.o(.data)
    xStart                                   0x1fff8048   Data           8  heap_4.o(.data)
    pxEnd                                    0x1fff8050   Data           4  heap_4.o(.data)
    xFreeBytesRemaining                      0x1fff8054   Data           4  heap_4.o(.data)
    xMinimumEverFreeBytesRemaining           0x1fff8058   Data           4  heap_4.o(.data)
    xBlockAllocatedBit                       0x1fff805c   Data           4  heap_4.o(.data)
    .data                                    0x1fff8060   Section        4  system_s32k144.o(.data)
    .bss                                     0x1fff8064   Section       64  queue.o(.bss)
    .bss                                     0x1fff80a4   Section      360  tasks.o(.bss)
    pxReadyTasksLists                        0x1fff80a4   Data         260  tasks.o(.bss)
    xDelayedTaskList1                        0x1fff81a8   Data          20  tasks.o(.bss)
    xDelayedTaskList2                        0x1fff81bc   Data          20  tasks.o(.bss)
    xPendingReadyList                        0x1fff81d0   Data          20  tasks.o(.bss)
    xTasksWaitingTermination                 0x1fff81e4   Data          20  tasks.o(.bss)
    xSuspendedTaskList                       0x1fff81f8   Data          20  tasks.o(.bss)
    .bss                                     0x1fff820c   Section      240  timers.o(.bss)
    xActiveTimerList1                        0x1fff820c   Data          20  timers.o(.bss)
    xActiveTimerList2                        0x1fff8220   Data          20  timers.o(.bss)
    xStaticTimerQueue                        0x1fff8234   Data          80  timers.o(.bss)
    ucStaticTimerQueueStorage                0x1fff8284   Data         120  timers.o(.bss)
    .bss                                     0x1fff82fc   Section     8192  heap_4.o(.bss)
    ucHeap                                   0x1fff82fc   Data        8192  heap_4.o(.bss)
    .data                                    0x20000000   Section        8  main.o(.data)
    .data                                    0x20000008   Section       10  os_hooks.o(.data)
    .data                                    0x20000014   Section       20  timers.o(.data)
    pxCurrentTimerList                       0x20000014   Data           4  timers.o(.data)
    pxOverflowTimerList                      0x20000018   Data           4  timers.o(.data)
    xTimerQueue                              0x2000001c   Data           4  timers.o(.data)
    xTimerTaskHandle                         0x20000020   Data           4  timers.o(.data)
    xLastTime                                0x20000024   Data           4  timers.o(.data)
    .bss                                     0x20000028   Section     2776  os_hooks.o(.bss)
    idle_task_stack                          0x20000028   Data         512  os_hooks.o(.bss)
    timer_task_stack                         0x20000294   Data        2048  os_hooks.o(.bss)

    Global Symbols

    Symbol Name                              Value     Ov Type        Size  Object(Section)

    BuildAttributes$$THM_ISAv4$E$P$D$K$B$S$7EM$VFPi3$EXTD16$VFPS$VFMA$PE$A:L22UL41UL21$X:L11$S22US41US21$IEEE1$IW$USESV6$~STKCKD$USESV7$~SHL$OSPACE$EBA8$MICROLIB$REQ8$PRES8$EABIv2 0x00000000   Number         0  anon$$obj.o ABSOLUTE
    Image$$VECTOR_RAM$$Base                  0x00000000   Number         0  anon$$obj.o ABSOLUTE
    __ARM_use_no_argv                        0x00000000   Number         0  main.o ABSOLUTE
    __Vectors                                0x00000000   Data           4  startup_s32k144.o(RESET)
    __arm_fini_                               - Undefined Weak Reference
    __cpp_initialize__aeabi_                  - Undefined Weak Reference
    __cxa_finalize                            - Undefined Weak Reference
    __decompress                              - Undefined Weak Reference
    _clock_init                               - Undefined Weak Reference
    _microlib_exit                            - Undefined Weak Reference
    __Vectors_End                            0x00000400   Data           0  startup_s32k144.o(RESET)
    __Vectors_Size                           0x00000400   Number         0  startup_s32k144.o ABSOLUTE
    __main                                   0x00000411   Thumb Code     0  entry.o(.ARM.Collect$$$$00000000)
    _main_stk                                0x00000411   Thumb Code     0  entry4.o(.ARM.Collect$$$$00000003)
    _main_scatterload                        0x00000415   Thumb Code     0  entry5.o(.ARM.Collect$$$$00000004)
    __main_after_scatterload                 0x00000419   Thumb Code     0  entry5.o(.ARM.Collect$$$$00000004)
    _main_clock                              0x00000419   Thumb Code     0  entry7b.o(.ARM.Collect$$$$00000008)
    _main_cpp_init                           0x00000419   Thumb Code     0  entry8b.o(.ARM.Collect$$$$0000000A)
    _main_init                               0x00000419   Thumb Code     0  entry9a.o(.ARM.Collect$$$$0000000B)
    __rt_lib_shutdown_fini                   0x00000421   Thumb Code     0  entry12b.o(.ARM.Collect$$$$0000000E)
    __rt_final_cpp                           0x00000425   Thumb Code     0  entry10a.o(.ARM.Collect$$$$0000000F)
    __rt_final_exit                          0x00000425   Thumb Code     0  entry11a.o(.ARM.Collect$$$$00000011)
    SVC_Handler                              0x00000429   Thumb Code    28  port.o(.emb_text)
    __asm___6_port_c_39a90d8d__prvStartFirstTask 0x00000449   Thumb Code    36  port.o(.emb_text)
    __asm___6_port_c_39a90d8d__prvEnableVFP  0x00000471   Thumb Code    16  port.o(.emb_text)
    PendSV_Handler                           0x00000485   Thumb Code    88  port.o(.emb_text)
    vPortGetIPSR                             0x000004e1   Thumb Code     6  port.o(.emb_text)
    Reset_Handler                            0x000004e9   Thumb Code    18  startup_s32k144.o(.text)
    NMI_Handler                              0x000004fb   Thumb Code     2  startup_s32k144.o(.text)
    HardFault_Handler                        0x000004fd   Thumb Code     2  startup_s32k144.o(.text)
    MemManage_Handler                        0x000004ff   Thumb Code     2  startup_s32k144.o(.text)
    BusFault_Handler                         0x00000501   Thumb Code     2  startup_s32k144.o(.text)
    UsageFault_Handler                       0x00000503   Thumb Code     2  startup_s32k144.o(.text)
    DebugMon_Handler                         0x00000507   Thumb Code     2  startup_s32k144.o(.text)
    ADC0_IRQHandler                          0x0000050d   Thumb Code     0  startup_s32k144.o(.text)
    ADC1_IRQHandler                          0x0000050d   Thumb Code     0  startup_s32k144.o(.text)
    CAN0_Error_IRQHandler                    0x0000050d   Thumb Code     0  startup_s32k144.o(.text)
    CAN0_ORed_0_15_MB_IRQHandler             0x0000050d   Thumb Code     0  startup_s32k144.o(.text)
    CAN0_ORed_16_31_MB_IRQHandler            0x0000050d   Thumb Code     0  startup_s32k144.o(.text)
    CAN0_ORed_IRQHandler                     0x0000050d   Thumb Code     0  startup_s32k144.o(.text)
    CAN0_Wake_Up_IRQHandler                  0x0000050d   Thumb Code     0  startup_s32k144.o(.text)
    CAN1_Error_IRQHandler                    0x0000050d   Thumb Code     0  startup_s32k144.o(.text)
    CAN1_ORed_0_15_MB_IRQHandler             0x0000050d   Thumb Code     0  startup_s32k144.o(.text)
    CAN1_ORed_IRQHandler                     0x0000050d   Thumb Code     0  startup_s32k144.o(.text)
    CAN2_Error_IRQHandler                    0x0000050d   Thumb Code     0  startup_s32k144.o(.text)
    CAN2_ORed_0_15_MB_IRQHandler             0x0000050d   Thumb Code     0  startup_s32k144.o(.text)
    CAN2_ORed_IRQHandler                     0x0000050d   Thumb Code     0  startup_s32k144.o(.text)
    CMP0_IRQHandler                          0x0000050d   Thumb Code     0  startup_s32k144.o(.text)
    DMA0_IRQHandler                          0x0000050d   Thumb Code     0  startup_s32k144.o(.text)
    DMA10_IRQHandler                         0x0000050d   Thumb Code     0  startup_s32k144.o(.text)
    DMA11_IRQHandler                         0x0000050d   Thumb Code     0  startup_s32k144.o(.text)
    DMA12_IRQHandler                         0x0000050d   Thumb Code     0  startup_s32k144.o(.text)
    DMA13_IRQHandler                         0x0000050d   Thumb Code     0  startup_s32k144.o(.text)
    DMA14_IRQHandler                         0x0000050d   Thumb Code     0  startup_s32k144.o(.text)
    DMA15_IRQHandler                         0x0000050d   Thumb Code     0  startup_s32k144.o(.text)
    DMA1_IRQHandler                          0x0000050d   Thumb Code     0  startup_s32k144.o(.text)
    DMA2_IRQHandler                          0x0000050d   Thumb Code     0  startup_s32k144.o(.text)
    DMA3_IRQHandler                          0x0000050d   Thumb Code     0  startup_s32k144.o(.text)
    DMA4_IRQHandler                          0x0000050d   Thumb Code     0  startup_s32k144.o(.text)
    DMA5_IRQHandler                          0x0000050d   Thumb Code     0  startup_s32k144.o(.text)
    DMA6_IRQHandler                          0x0000050d   Thumb Code     0  startup_s32k144.o(.text)
    DMA7_IRQHandler                          0x0000050d   Thumb Code     0  startup_s32k144.o(.text)
    DMA8_IRQHandler                          0x0000050d   Thumb Code     0  startup_s32k144.o(.text)
    DMA9_IRQHandler                          0x0000050d   Thumb Code     0  startup_s32k144.o(.text)
    DMA_Error_IRQHandler                     0x0000050d   Thumb Code     0  startup_s32k144.o(.text)
    DefaultISR                               0x0000050d   Thumb Code     0  startup_s32k144.o(.text)
    ERM_double_fault_IRQHandler              0x0000050d   Thumb Code     0  startup_s32k144.o(.text)
    ERM_single_fault_IRQHandler              0x0000050d   Thumb Code     0  startup_s32k144.o(.text)
    FLEXIO_IRQHandler                        0x0000050d   Thumb Code     0  startup_s32k144.o(.text)
    FTFC_Fault_IRQHandler                    0x0000050d   Thumb Code     0  startup_s32k144.o(.text)
    FTFC_IRQHandler                          0x0000050d   Thumb Code     0  startup_s32k144.o(.text)
    FTM0_Ch0_Ch1_IRQHandler                  0x0000050d   Thumb Code     0  startup_s32k144.o(.text)
    FTM0_Ch2_Ch3_IRQHandler                  0x0000050d   Thumb Code     0  startup_s32k144.o(.text)
    FTM0_Ch4_Ch5_IRQHandler                  0x0000050d   Thumb Code     0  startup_s32k144.o(.text)
    FTM0_Ch6_Ch7_IRQHandler                  0x0000050d   Thumb Code     0  startup_s32k144.o(.text)
    FTM0_Fault_IRQHandler                    0x0000050d   Thumb Code     0  startup_s32k144.o(.text)
    FTM0_Ovf_Reload_IRQHandler               0x0000050d   Thumb Code     0  startup_s32k144.o(.text)
    FTM1_Ch0_Ch1_IRQHandler                  0x0000050d   Thumb Code     0  startup_s32k144.o(.text)
    FTM1_Ch2_Ch3_IRQHandler                  0x0000050d   Thumb Code     0  startup_s32k144.o(.text)
    FTM1_Ch4_Ch5_IRQHandler                  0x0000050d   Thumb Code     0  startup_s32k144.o(.text)
    FTM1_Ch6_Ch7_IRQHandler                  0x0000050d   Thumb Code     0  startup_s32k144.o(.text)
    FTM1_Fault_IRQHandler                    0x0000050d   Thumb Code     0  startup_s32k144.o(.text)
    FTM1_Ovf_Reload_IRQHandler               0x0000050d   Thumb Code     0  startup_s32k144.o(.text)
    FTM2_Ch0_Ch1_IRQHandler                  0x0000050d   Thumb Code     0  startup_s32k144.o(.text)
    FTM2_Ch2_Ch3_IRQHandler                  0x0000050d   Thumb Code     0  startup_s32k144.o(.text)
    FTM2_Ch4_Ch5_IRQHandler                  0x0000050d   Thumb Code     0  startup_s32k144.o(.text)
    FTM2_Ch6_Ch7_IRQHandler                  0x0000050d   Thumb Code     0  startup_s32k144.o(.text)
    FTM2_Fault_IRQHandler                    0x0000050d   Thumb Code     0  startup_s32k144.o(.text)
    FTM2_Ovf_Reload_IRQHandler               0x0000050d   Thumb Code     0  startup_s32k144.o(.text)
    FTM3_Ch0_Ch1_IRQHandler                  0x0000050d   Thumb Code     0  startup_s32k144.o(.text)
    FTM3_Ch2_Ch3_IRQHandler                  0x0000050d   Thumb Code     0  startup_s32k144.o(.text)
    FTM3_Ch4_Ch5_IRQHandler                  0x0000050d   Thumb Code     0  startup_s32k144.o(.text)
    FTM3_Ch6_Ch7_IRQHandler                  0x0000050d   Thumb Code     0  startup_s32k144.o(.text)
    FTM3_Fault_IRQHandler                    0x0000050d   Thumb Code     0  startup_s32k144.o(.text)
    FTM3_Ovf_Reload_IRQHandler               0x0000050d   Thumb Code     0  startup_s32k144.o(.text)
    LPI2C0_Master_IRQHandler                 0x0000050d   Thumb Code     0  startup_s32k144.o(.text)
    LPI2C0_Slave_IRQHandler                  0x0000050d   Thumb Code     0  startup_s32k144.o(.text)
    LPIT0_Ch0_IRQHandler                     0x0000050d   Thumb Code     0  startup_s32k144.o(.text)
    LPIT0_Ch1_IRQHandler                     0x0000050d   Thumb Code     0  startup_s32k144.o(.text)
    LPIT0_Ch2_IRQHandler                     0x0000050d   Thumb Code     0  startup_s32k144.o(.text)
    LPIT0_Ch3_IRQHandler                     0x0000050d   Thumb Code     0  startup_s32k144.o(.text)
    LPSPI0_IRQHandler                        0x0000050d   Thumb Code     0  startup_s32k144.o(.text)
    LPSPI1_IRQHandler                        0x0000050d   Thumb Code     0  startup_s32k144.o(.text)
    LPSPI2_IRQHandler                        0x0000050d   Thumb Code     0  startup_s32k144.o(.text)
    LPTMR0_IRQHandler                        0x0000050d   Thumb Code     0  startup_s32k144.o(.text)
    LPUART0_RxTx_IRQHandler                  0x0000050d   Thumb Code     0  startup_s32k144.o(.text)
    LPUART1_RxTx_IRQHandler                  0x0000050d   Thumb Code     0  startup_s32k144.o(.text)
    LPUART2_RxTx_IRQHandler                  0x0000050d   Thumb Code     0  startup_s32k144.o(.text)
    LVD_LVW_IRQHandler                       0x0000050d   Thumb Code     0  startup_s32k144.o(.text)
    MCM_IRQHandler                           0x0000050d   Thumb Code     0  startup_s32k144.o(.text)
    PDB0_IRQHandler                          0x0000050d   Thumb Code     0  startup_s32k144.o(.text)
    PDB1_IRQHandler                          0x0000050d   Thumb Code     0  startup_s32k144.o(.text)
    PORTA_IRQHandler                         0x0000050d   Thumb Code     0  startup_s32k144.o(.text)
    PORTB_IRQHandler                         0x0000050d   Thumb Code     0  startup_s32k144.o(.text)
    PORTC_IRQHandler                         0x0000050d   Thumb Code     0  startup_s32k144.o(.text)
    PORTD_IRQHandler                         0x0000050d   Thumb Code     0  startup_s32k144.o(.text)
    PORTE_IRQHandler                         0x0000050d   Thumb Code     0  startup_s32k144.o(.text)
    RCM_IRQHandler                           0x0000050d   Thumb Code     0  startup_s32k144.o(.text)
    RTC_IRQHandler                           0x0000050d   Thumb Code     0  startup_s32k144.o(.text)
    RTC_Seconds_IRQHandler                   0x0000050d   Thumb Code     0  startup_s32k144.o(.text)
    Read_Collision_IRQHandler                0x0000050d   Thumb Code     0  startup_s32k144.o(.text)
    Reserved100_IRQHandler                   0x0000050d   Thumb Code     0  startup_s32k144.o(.text)
    Reserved103_IRQHandler                   0x0000050d   Thumb Code     0  startup_s32k144.o(.text)
    Reserved105_IRQHandler                   0x0000050d   Thumb Code     0  startup_s32k144.o(.text)
    Reserved106_IRQHandler                   0x0000050d   Thumb Code     0  startup_s32k144.o(.text)
    Reserved107_IRQHandler                   0x0000050d   Thumb Code     0  startup_s32k144.o(.text)
    Reserved110_IRQHandler                   0x0000050d   Thumb Code     0  startup_s32k144.o(.text)
    Reserved112_IRQHandler                   0x0000050d   Thumb Code     0  startup_s32k144.o(.text)
    Reserved113_IRQHandler                   0x0000050d   Thumb Code     0  startup_s32k144.o(.text)
    Reserved114_IRQHandler                   0x0000050d   Thumb Code     0  startup_s32k144.o(.text)
    Reserved45_IRQHandler                    0x0000050d   Thumb Code     0  startup_s32k144.o(.text)
    Reserved46_IRQHandler                    0x0000050d   Thumb Code     0  startup_s32k144.o(.text)
    Reserved48_IRQHandler                    0x0000050d   Thumb Code     0  startup_s32k144.o(.text)
    Reserved50_IRQHandler                    0x0000050d   Thumb Code     0  startup_s32k144.o(.text)
    Reserved52_IRQHandler                    0x0000050d   Thumb Code     0  startup_s32k144.o(.text)
    Reserved53_IRQHandler                    0x0000050d   Thumb Code     0  startup_s32k144.o(.text)
    Reserved54_IRQHandler                    0x0000050d   Thumb Code     0  startup_s32k144.o(.text)
    Reserved58_IRQHandler                    0x0000050d   Thumb Code     0  startup_s32k144.o(.text)
    Reserved59_IRQHandler                    0x0000050d   Thumb Code     0  startup_s32k144.o(.text)
    Reserved69_IRQHandler                    0x0000050d   Thumb Code     0  startup_s32k144.o(.text)
    Reserved70_IRQHandler                    0x0000050d   Thumb Code     0  startup_s32k144.o(.text)
    Reserved71_IRQHandler                    0x0000050d   Thumb Code     0  startup_s32k144.o(.text)
    Reserved72_IRQHandler                    0x0000050d   Thumb Code     0  startup_s32k144.o(.text)
    Reserved81_IRQHandler                    0x0000050d   Thumb Code     0  startup_s32k144.o(.text)
    Reserved82_IRQHandler                    0x0000050d   Thumb Code     0  startup_s32k144.o(.text)
    Reserved83_IRQHandler                    0x0000050d   Thumb Code     0  startup_s32k144.o(.text)
    Reserved86_IRQHandler                    0x0000050d   Thumb Code     0  startup_s32k144.o(.text)
    Reserved87_IRQHandler                    0x0000050d   Thumb Code     0  startup_s32k144.o(.text)
    Reserved88_IRQHandler                    0x0000050d   Thumb Code     0  startup_s32k144.o(.text)
    Reserved89_IRQHandler                    0x0000050d   Thumb Code     0  startup_s32k144.o(.text)
    Reserved90_IRQHandler                    0x0000050d   Thumb Code     0  startup_s32k144.o(.text)
    Reserved91_IRQHandler                    0x0000050d   Thumb Code     0  startup_s32k144.o(.text)
    Reserved92_IRQHandler                    0x0000050d   Thumb Code     0  startup_s32k144.o(.text)
    Reserved93_IRQHandler                    0x0000050d   Thumb Code     0  startup_s32k144.o(.text)
    Reserved99_IRQHandler                    0x0000050d   Thumb Code     0  startup_s32k144.o(.text)
    SCG_IRQHandler                           0x0000050d   Thumb Code     0  startup_s32k144.o(.text)
    SWI_IRQHandler                           0x0000050d   Thumb Code     0  startup_s32k144.o(.text)
    WDOG_EWM_IRQHandler                      0x0000050d   Thumb Code     0  startup_s32k144.o(.text)
    __aeabi_memcpy                           0x00000521   Thumb Code    36  memcpya.o(.text)
    __aeabi_memcpy4                          0x00000521   Thumb Code     0  memcpya.o(.text)
    __aeabi_memcpy8                          0x00000521   Thumb Code     0  memcpya.o(.text)
    __aeabi_memset                           0x00000545   Thumb Code    14  memseta.o(.text)
    __aeabi_memset4                          0x00000545   Thumb Code     0  memseta.o(.text)
    __aeabi_memset8                          0x00000545   Thumb Code     0  memseta.o(.text)
    __aeabi_memclr                           0x00000553   Thumb Code     4  memseta.o(.text)
    __aeabi_memclr4                          0x00000553   Thumb Code     0  memseta.o(.text)
    __aeabi_memclr8                          0x00000553   Thumb Code     0  memseta.o(.text)
    memset                                   0x00000557   Thumb Code    18  memseta.o(.text)
    __scatterload                            0x00000569   Thumb Code    28  init.o(.text)
    __scatterload_rt2                        0x00000569   Thumb Code     0  init.o(.text)
    NormalRUNmode_80MHz                      0x00000611   Thumb Code    22  clocks_and_modes.o(i.NormalRUNmode_80MHz)
    SOSC_init_8MHz                           0x00000631   Thumb Code    58  clocks_and_modes.o(i.SOSC_init_8MHz)
    SPLL_init_160MHz                         0x00000675   Thumb Code    70  clocks_and_modes.o(i.SPLL_init_160MHz)
    SysTick_Handler                          0x000006c1   Thumb Code    46  port.o(i.SysTick_Handler)
    SystemCoreClockUpdate                    0x000006f5   Thumb Code   138  system_s32k144.o(i.SystemCoreClockUpdate)
    SystemInit                               0x000007a1   Thumb Code    48  system_s32k144.o(i.SystemInit)
    __scatterload_copy                       0x000007fd   Thumb Code    14  handlers.o(i.__scatterload_copy)
    __scatterload_null                       0x0000080b   Thumb Code     2  handlers.o(i.__scatterload_null)
    __scatterload_zeroinit                   0x0000080d   Thumb Code    14  handlers.o(i.__scatterload_zeroinit)
    init_data_bss                            0x0000081d   Thumb Code    68  startup.o(i.init_data_bss)
    main                                     0x00000871   Thumb Code    74  main.o(i.main)
    pvPortMalloc                             0x000012ed   Thumb Code   306  heap_4.o(i.pvPortMalloc)
    pxPortInitialiseStack                    0x00001435   Thumb Code    38  port.o(i.pxPortInitialiseStack)
    uxListRemove                             0x00001461   Thumb Code    40  list.o(i.uxListRemove)
    vApplicationGetIdleTaskMemory            0x00001489   Thumb Code    14  os_hooks.o(i.vApplicationGetIdleTaskMemory)
    vApplicationGetTimerTaskMemory           0x000014a1   Thumb Code    16  os_hooks.o(i.vApplicationGetTimerTaskMemory)
    vApplicationIdleHook                     0x000014b9   Thumb Code    12  os_hooks.o(i.vApplicationIdleHook)
    vApplicationMallocFailedHook             0x000014c9   Thumb Code     2  os_hooks.o(i.vApplicationMallocFailedHook)
    vApplicationStackOverflowHook            0x000014cb   Thumb Code     2  os_hooks.o(i.vApplicationStackOverflowHook)
    vApplicationTickHook                     0x000014cd   Thumb Code    40  os_hooks.o(i.vApplicationTickHook)
    vListInitialise                          0x00001501   Thumb Code    26  list.o(i.vListInitialise)
    vListInitialiseItem                      0x0000151b   Thumb Code     6  list.o(i.vListInitialiseItem)
    vListInsert                              0x00001521   Thumb Code    52  list.o(i.vListInsert)
    vListInsertEnd                           0x00001555   Thumb Code    24  list.o(i.vListInsertEnd)
    vPortEnterCritical                       0x0000156d   Thumb Code    76  port.o(i.vPortEnterCritical)
    vPortExitCritical                        0x000015c1   Thumb Code    56  port.o(i.vPortExitCritical)
    vPortFree                                0x000015fd   Thumb Code   140  heap_4.o(i.vPortFree)
    vPortSetupTimerInterrupt                 0x00001691   Thumb Code    20  port.o(i.vPortSetupTimerInterrupt)
    vPortValidateInterruptPriority           0x000016a9   Thumb Code   106  port.o(i.vPortValidateInterruptPriority)
    vQueueAddToRegistry                      0x00001721   Thumb Code    38  queue.o(i.vQueueAddToRegistry)
    vQueueWaitForMessageRestricted           0x0000174d   Thumb Code    74  queue.o(i.vQueueWaitForMessageRestricted)
    vTask1                                   0x00001799   Thumb Code    28  main.o(i.vTask1)
    vTask2                                   0x000017b9   Thumb Code    12  main.o(i.vTask2)
    vTaskDelay                               0x000017c5   Thumb Code    82  tasks.o(i.vTaskDelay)
    vTaskInternalSetTimeOutState             0x00001821   Thumb Code    14  tasks.o(i.vTaskInternalSetTimeOutState)
    vTaskMissedYield                         0x00001839   Thumb Code     8  tasks.o(i.vTaskMissedYield)
    vTaskPlaceOnEventList                    0x00001845   Thumb Code    52  tasks.o(i.vTaskPlaceOnEventList)
    vTaskPlaceOnEventListRestricted          0x0000187d   Thumb Code    60  tasks.o(i.vTaskPlaceOnEventListRestricted)
    vTaskStartScheduler                      0x000018bd   Thumb Code   156  tasks.o(i.vTaskStartScheduler)
    vTaskSuspendAll                          0x00001975   Thumb Code    12  tasks.o(i.vTaskSuspendAll)
    vTaskSwitchContext                       0x00001985   Thumb Code   174  tasks.o(i.vTaskSwitchContext)
    xPortStartScheduler                      0x00001a49   Thumb Code   330  port.o(i.xPortStartScheduler)
    xQueueGenericCreateStatic                0x00001bb1   Thumb Code   224  queue.o(i.xQueueGenericCreateStatic)
    xQueueGenericReset                       0x00001c91   Thumb Code   146  queue.o(i.xQueueGenericReset)
    xQueueGenericSend                        0x00001d29   Thumb Code   420  queue.o(i.xQueueGenericSend)
    xQueueGenericSendFromISR                 0x00001ed1   Thumb Code   248  queue.o(i.xQueueGenericSendFromISR)
    xQueueReceive                            0x00001fc9   Thumb Code   356  queue.o(i.xQueueReceive)
    xTaskCheckForTimeOut                     0x00002131   Thumb Code   132  tasks.o(i.xTaskCheckForTimeOut)
    xTaskCreate                              0x000021bd   Thumb Code   100  tasks.o(i.xTaskCreate)
    xTaskCreateStatic                        0x00002221   Thumb Code   186  tasks.o(i.xTaskCreateStatic)
    xTaskGetSchedulerState                   0x000022dd   Thumb Code    24  tasks.o(i.xTaskGetSchedulerState)
    xTaskGetTickCount                        0x000022fd   Thumb Code     6  tasks.o(i.xTaskGetTickCount)
    xTaskIncrementTick                       0x00002309   Thumb Code   296  tasks.o(i.xTaskIncrementTick)
    xTaskPriorityDisinherit                  0x0000245d   Thumb Code   188  tasks.o(i.xTaskPriorityDisinherit)
    xTaskRemoveFromEventList                 0x00002525   Thumb Code   128  tasks.o(i.xTaskRemoveFromEventList)
    xTaskResumeAll                           0x000025bd   Thumb Code   224  tasks.o(i.xTaskResumeAll)
    xTimerCreateTimerTask                    0x000026c1   Thumb Code   100  timers.o(i.xTimerCreateTimerTask)
    xTimerGenericCommand                     0x00002739   Thumb Code   126  timers.o(i.xTimerGenericCommand)
    Region$$Table$$Base                      0x000027d0   Number         0  anon$$obj.o(Region$$Table)
    Region$$Table$$Limit                     0x00002810   Number         0  anon$$obj.o(Region$$Table)
    Image$$RW_m_data$$Base                   0x1fff8000   Number         0  anon$$obj.o ABSOLUTE
    pxCurrentTCB                             0x1fff8000   Data           4  tasks.o(.data)
    SystemCoreClock                          0x1fff8060   Data           4  system_s32k144.o(.data)
    xQueueRegistry                           0x1fff8064   Data          64  queue.o(.bss)
    vTask1_Handler                           0x20000000   Data           4  main.o(.data)
    vTask2_Handler                           0x20000004   Data           4  main.o(.data)
    m_idleCount                              0x20000008   Data           4  os_hooks.o(.data)
    m_idleCntFree                            0x2000000c   Data           4  os_hooks.o(.data)
    m_u16TickCnt                             0x20000010   Data           2  os_hooks.o(.data)
    xIdleTaskBuffer                          0x20000228   Data         108  os_hooks.o(.bss)
    xTimerTaskBuffer                         0x20000a94   Data         108  os_hooks.o(.bss)
    Image$$ARM_LIB_STACK$$ZI$$Limit          0x20007000   Number         0  anon$$obj.o ABSOLUTE



==============================================================================

Memory Map of the image

  Image Entry point : 0x00000411

  Load Region LR_m_text (Base: 0x00000410, Size: 0x0000248c, Max: 0x0007fbf0, ABSOLUTE)

    Execution Region ER_m_text (Exec base: 0x00000410, Load base: 0x00000410, Size: 0x00002400, Max: 0x0007fbf0, ABSOLUTE)

    Exec Addr    Load Addr    Size         Type   Attr      Idx    E Section Name        Object

    0x00000410   0x00000410   0x00000000   Code   RO         1522  * .ARM.Collect$$$$00000000  mc_w.l(entry.o)
    0x00000410   0x00000410   0x00000004   Code   RO         1533    .ARM.Collect$$$$00000003  mc_w.l(entry4.o)
    0x00000414   0x00000414   0x00000004   Code   RO         1536    .ARM.Collect$$$$00000004  mc_w.l(entry5.o)
    0x00000418   0x00000418   0x00000000   Code   RO         1538    .ARM.Collect$$$$00000008  mc_w.l(entry7b.o)
    0x00000418   0x00000418   0x00000000   Code   RO         1540    .ARM.Collect$$$$0000000A  mc_w.l(entry8b.o)
    0x00000418   0x00000418   0x00000008   Code   RO         1541    .ARM.Collect$$$$0000000B  mc_w.l(entry9a.o)
    0x00000420   0x00000420   0x00000004   Code   RO         1548    .ARM.Collect$$$$0000000E  mc_w.l(entry12b.o)
    0x00000424   0x00000424   0x00000000   Code   RO         1543    .ARM.Collect$$$$0000000F  mc_w.l(entry10a.o)
    0x00000424   0x00000424   0x00000000   Code   RO         1545    .ARM.Collect$$$$00000011  mc_w.l(entry11a.o)
    0x00000424   0x00000424   0x00000004   Code   RO         1534    .ARM.Collect$$$$00002714  mc_w.l(entry4.o)
    0x00000428   0x00000428   0x000000be   Code   RO         1299    .emb_text           port.o
    0x000004e6   0x000004e6   0x00000002   PAD
    0x000004e8   0x000004e8   0x00000038   Code   RO         1475    .text               startup_s32k144.o
    0x00000520   0x00000520   0x00000024   Code   RO         1525    .text               mc_w.l(memcpya.o)
    0x00000544   0x00000544   0x00000024   Code   RO         1529    .text               mc_w.l(memseta.o)
    0x00000568   0x00000568   0x00000024   Code   RO         1549    .text               mc_w.l(init.o)
    0x0000058c   0x0000058c   0x00000084   Code   RO            7    i.Led_Confg_Init    main.o
    0x00000610   0x00000610   0x00000020   Code   RO          133    i.NormalRUNmode_80MHz  clocks_and_modes.o
    0x00000630   0x00000630   0x00000044   Code   RO          134    i.SOSC_init_8MHz    clocks_and_modes.o
    0x00000674   0x00000674   0x0000004c   Code   RO          135    i.SPLL_init_160MHz  clocks_and_modes.o
    0x000006c0   0x000006c0   0x00000034   Code   RO         1300    i.SysTick_Handler   port.o
    0x000006f4   0x000006f4   0x000000ac   Code   RO         1482    i.SystemCoreClockUpdate  system_s32k144.o
    0x000007a0   0x000007a0   0x00000040   Code   RO         1483    i.SystemInit        system_s32k144.o
    0x000007e0   0x000007e0   0x0000001c   Code   RO            8    i.WDOG_disable      main.o
    0x000007fc   0x000007fc   0x0000000e   Code   RO         1553    i.__scatterload_copy  mc_w.l(handlers.o)
    0x0000080a   0x0000080a   0x00000002   Code   RO         1554    i.__scatterload_null  mc_w.l(handlers.o)
    0x0000080c   0x0000080c   0x0000000e   Code   RO         1555    i.__scatterload_zeroinit  mc_w.l(handlers.o)
    0x0000081a   0x0000081a   0x00000002   PAD
    0x0000081c   0x0000081c   0x00000054   Code   RO         1428    i.init_data_bss     startup.o
    0x00000870   0x00000870   0x00000064   Code   RO            9    i.main              main.o
    0x000008d4   0x000008d4   0x00000098   Code   RO          781    i.prvAddCurrentTaskToDelayedList  tasks.o
    0x0000096c   0x0000096c   0x000000b8   Code   RO          782    i.prvAddNewTaskToReadyList  tasks.o
    0x00000a24   0x00000a24   0x00000074   Code   RO         1139    i.prvCheckForValidListAndQueue  timers.o
    0x00000a98   0x00000a98   0x00000048   Code   RO          783    i.prvCheckTasksWaitingTermination  tasks.o
    0x00000ae0   0x00000ae0   0x0000002a   Code   RO          380    i.prvCopyDataFromQueue  queue.o
    0x00000b0a   0x00000b0a   0x0000007e   Code   RO          381    i.prvCopyDataToQueue  queue.o
    0x00000b88   0x00000b88   0x00000050   Code   RO          784    i.prvDeleteTCB      tasks.o
    0x00000bd8   0x00000bd8   0x00000028   Code   RO         1140    i.prvGetNextExpireTime  timers.o
    0x00000c00   0x00000c00   0x0000007c   Code   RO         1376    i.prvHeapInit       heap_4.o
    0x00000c7c   0x00000c7c   0x0000002c   Code   RO          785    i.prvIdleTask       tasks.o
    0x00000ca8   0x00000ca8   0x0000002a   Code   RO          384    i.prvInitialiseNewQueue  queue.o
    0x00000cd2   0x00000cd2   0x000000be   Code   RO          786    i.prvInitialiseNewTask  tasks.o
    0x00000d90   0x00000d90   0x00000068   Code   RO          787    i.prvInitialiseTaskLists  tasks.o
    0x00000df8   0x00000df8   0x00000068   Code   RO         1377    i.prvInsertBlockIntoFreeList  heap_4.o
    0x00000e60   0x00000e60   0x00000058   Code   RO         1142    i.prvInsertTimerInActiveList  timers.o
    0x00000eb8   0x00000eb8   0x0000001a   Code   RO          385    i.prvIsQueueEmpty   queue.o
    0x00000ed2   0x00000ed2   0x0000001e   Code   RO          386    i.prvIsQueueFull    queue.o
    0x00000ef0   0x00000ef0   0x00000074   Code   RO         1143    i.prvProcessExpiredTimer  timers.o
    0x00000f64   0x00000f64   0x00000138   Code   RO         1144    i.prvProcessReceivedCommands  timers.o
    0x0000109c   0x0000109c   0x00000074   Code   RO         1145    i.prvProcessTimerOrBlockTask  timers.o
    0x00001110   0x00001110   0x00000034   Code   RO          789    i.prvResetNextTaskUnblockTime  tasks.o
    0x00001144   0x00001144   0x0000002c   Code   RO         1146    i.prvSampleTimeNow  timers.o
    0x00001170   0x00001170   0x000000a4   Code   RO         1147    i.prvSwitchTimerLists  timers.o
    0x00001214   0x00001214   0x00000040   Code   RO         1301    i.prvTaskExitError  port.o
    0x00001254   0x00001254   0x0000001a   Code   RO         1148    i.prvTimerTask      timers.o
    0x0000126e   0x0000126e   0x0000007e   Code   RO          387    i.prvUnlockQueue    queue.o
    0x000012ec   0x000012ec   0x00000148   Code   RO         1378    i.pvPortMalloc      heap_4.o
    0x00001434   0x00001434   0x0000002c   Code   RO         1302    i.pxPortInitialiseStack  port.o
    0x00001460   0x00001460   0x00000028   Code   RO          340    i.uxListRemove      list.o
    0x00001488   0x00001488   0x00000018   Code   RO          167    i.vApplicationGetIdleTaskMemory  os_hooks.o
    0x000014a0   0x000014a0   0x00000018   Code   RO          168    i.vApplicationGetTimerTaskMemory  os_hooks.o
    0x000014b8   0x000014b8   0x00000010   Code   RO          169    i.vApplicationIdleHook  os_hooks.o
    0x000014c8   0x000014c8   0x00000002   Code   RO          170    i.vApplicationMallocFailedHook  os_hooks.o
    0x000014ca   0x000014ca   0x00000002   Code   RO          171    i.vApplicationStackOverflowHook  os_hooks.o
    0x000014cc   0x000014cc   0x00000034   Code   RO          172    i.vApplicationTickHook  os_hooks.o
    0x00001500   0x00001500   0x0000001a   Code   RO          341    i.vListInitialise   list.o
    0x0000151a   0x0000151a   0x00000006   Code   RO          342    i.vListInitialiseItem  list.o
    0x00001520   0x00001520   0x00000034   Code   RO          343    i.vListInsert       list.o
    0x00001554   0x00001554   0x00000018   Code   RO          344    i.vListInsertEnd    list.o
    0x0000156c   0x0000156c   0x00000054   Code   RO         1304    i.vPortEnterCritical  port.o
    0x000015c0   0x000015c0   0x0000003c   Code   RO         1305    i.vPortExitCritical  port.o
    0x000015fc   0x000015fc   0x00000094   Code   RO         1379    i.vPortFree         heap_4.o
    0x00001690   0x00001690   0x00000018   Code   RO         1306    i.vPortSetupTimerInterrupt  port.o
    0x000016a8   0x000016a8   0x00000078   Code   RO         1307    i.vPortValidateInterruptPriority  port.o
    0x00001720   0x00001720   0x0000002c   Code   RO          393    i.vQueueAddToRegistry  queue.o
    0x0000174c   0x0000174c   0x0000004a   Code   RO          397    i.vQueueWaitForMessageRestricted  queue.o
    0x00001796   0x00001796   0x00000002   PAD
    0x00001798   0x00001798   0x00000020   Code   RO           10    i.vTask1            main.o
    0x000017b8   0x000017b8   0x0000000c   Code   RO           11    i.vTask2            main.o
    0x000017c4   0x000017c4   0x0000005c   Code   RO          800    i.vTaskDelay        tasks.o
    0x00001820   0x00001820   0x00000018   Code   RO          805    i.vTaskInternalSetTimeOutState  tasks.o
    0x00001838   0x00001838   0x0000000c   Code   RO          806    i.vTaskMissedYield  tasks.o
    0x00001844   0x00001844   0x00000038   Code   RO          808    i.vTaskPlaceOnEventList  tasks.o
    0x0000187c   0x0000187c   0x00000040   Code   RO          809    i.vTaskPlaceOnEventListRestricted  tasks.o
    0x000018bc   0x000018bc   0x000000b8   Code   RO          817    i.vTaskStartScheduler  tasks.o
    0x00001974   0x00001974   0x00000010   Code   RO          819    i.vTaskSuspendAll   tasks.o
    0x00001984   0x00001984   0x000000c4   Code   RO          820    i.vTaskSwitchContext  tasks.o
    0x00001a48   0x00001a48   0x00000168   Code   RO         1308    i.xPortStartScheduler  port.o
    0x00001bb0   0x00001bb0   0x000000e0   Code   RO          403    i.xQueueGenericCreateStatic  queue.o
    0x00001c90   0x00001c90   0x00000098   Code   RO          404    i.xQueueGenericReset  queue.o
    0x00001d28   0x00001d28   0x000001a8   Code   RO          405    i.xQueueGenericSend  queue.o
    0x00001ed0   0x00001ed0   0x000000f8   Code   RO          406    i.xQueueGenericSendFromISR  queue.o
    0x00001fc8   0x00001fc8   0x00000168   Code   RO          413    i.xQueueReceive     queue.o
    0x00002130   0x00002130   0x0000008c   Code   RO          821    i.xTaskCheckForTimeOut  tasks.o
    0x000021bc   0x000021bc   0x00000064   Code   RO          822    i.xTaskCreate       tasks.o
    0x00002220   0x00002220   0x000000ba   Code   RO          823    i.xTaskCreateStatic  tasks.o
    0x000022da   0x000022da   0x00000002   PAD
    0x000022dc   0x000022dc   0x00000020   Code   RO          827    i.xTaskGetSchedulerState  tasks.o
    0x000022fc   0x000022fc   0x0000000c   Code   RO          828    i.xTaskGetTickCount  tasks.o
    0x00002308   0x00002308   0x00000154   Code   RO          830    i.xTaskIncrementTick  tasks.o
    0x0000245c   0x0000245c   0x000000c8   Code   RO          833    i.xTaskPriorityDisinherit  tasks.o
    0x00002524   0x00002524   0x00000098   Code   RO          835    i.xTaskRemoveFromEventList  tasks.o
    0x000025bc   0x000025bc   0x00000104   Code   RO          836    i.xTaskResumeAll    tasks.o
    0x000026c0   0x000026c0   0x00000078   Code   RO         1156    i.xTimerCreateTimerTask  timers.o
    0x00002738   0x00002738   0x00000084   Code   RO         1157    i.xTimerGenericCommand  timers.o
    0x000027bc   0x000027bc   0x00000004   Data   RO         1429    .constdata          startup.o
    0x000027c0   0x000027c0   0x00000010   Data   RO         1485    .constdata          system_s32k144.o
    0x000027d0   0x000027d0   0x00000040   Data   RO         1551    Region$$Table       anon$$obj.o


    Execution Region RW_m_data (Exec base: 0x1fff8000, Load base: 0x00002810, Size: 0x000022fc, Max: 0x00008000, ABSOLUTE)

    Exec Addr    Load Addr    Size         Type   Attr      Idx    E Section Name        Object

    0x1fff8000   0x00002810   0x0000003c   Data   RW          839    .data               tasks.o
    0x1fff803c   0x0000284c   0x0000000c   Data   RW         1309    .data               port.o
    0x1fff8048   0x00002858   0x00000018   Data   RW         1384    .data               heap_4.o
    0x1fff8060   0x00002870   0x00000004   Data   RW         1486    .data               system_s32k144.o
    0x1fff8064        -       0x00000040   Zero   RW          417    .bss                queue.o
    0x1fff80a4        -       0x00000168   Zero   RW          838    .bss                tasks.o
    0x1fff820c        -       0x000000f0   Zero   RW         1162    .bss                timers.o
    0x1fff82fc        -       0x00002000   Zero   RW         1383    .bss                heap_4.o


    Execution Region RW_m_data_2 (Exec base: 0x20000000, Load base: 0x00002874, Size: 0x00000b00, Max: 0x00006800, ABSOLUTE)

    Exec Addr    Load Addr    Size         Type   Attr      Idx    E Section Name        Object

    0x20000000   0x00002874   0x00000008   Data   RW           12    .data               main.o
    0x20000008   0x0000287c   0x0000000a   Data   RW          174    .data               os_hooks.o
    0x20000012   0x00002886   0x00000002   PAD
    0x20000014   0x00002888   0x00000014   Data   RW         1163    .data               timers.o
    0x20000028        -       0x00000ad8   Zero   RW          173    .bss                os_hooks.o


    Execution Region ARM_LIB_HEAP (Exec base: 0x20000b00, Load base: 0x0000289c, Size: 0x00000400, Max: 0x00000400, ABSOLUTE)

    Exec Addr    Load Addr    Size         Type   Attr      Idx    E Section Name        Object

    0x20000b00        -       0x00000400   Zero   RW            1    ARM_LIB_HEAP.bss    anon$$obj.o


    Execution Region ARM_LIB_STACK (Exec base: 0x20006c00, Load base: 0x0000289c, Size: 0x00000400, Max: 0x00000400, ABSOLUTE)

    Exec Addr    Load Addr    Size         Type   Attr      Idx    E Section Name        Object

    0x20006c00        -       0x00000400   Zero   RW            2    ARM_LIB_STACK.bss   anon$$obj.o



  Load Region LR_m_interrupts (Base: 0x00000000, Size: 0x00000400, Max: 0x00000400, ABSOLUTE)

    Execution Region VECTOR_RAM (Exec base: 0x00000000, Load base: 0x00000000, Size: 0x00000000, Max: 0x00000000, ABSOLUTE)

    Exec Addr    Load Addr    Size         Type   Attr      Idx    E Section Name        Object

    0x00000000        -       0x00000000   Zero   RW            3    VECTOR_RAM.bss      anon$$obj.o


    Execution Region VECTOR_ROM (Exec base: 0x00000000, Load base: 0x00000000, Size: 0x00000400, Max: 0x00000400, ABSOLUTE)

    Exec Addr    Load Addr    Size         Type   Attr      Idx    E Section Name        Object

    0x00000000   0x00000000   0x00000400   Data   RO         1473    RESET               startup_s32k144.o



  Load Region LR_m_flash_config (Base: 0x00000400, Size: 0x00000010, Max: 0x00000010, ABSOLUTE)

    Execution Region ER_m_flash_config (Exec base: 0x00000400, Load base: 0x00000400, Size: 0x00000010, Max: 0x00000010, ABSOLUTE)

    Exec Addr    Load Addr    Size         Type   Attr      Idx    E Section Name        Object

    0x00000400   0x00000400   0x00000010   Data   RO         1474    FlashConfig         startup_s32k144.o


==============================================================================

Image component sizes


      Code (inc. data)   RO Data    RW Data    ZI Data      Debug   Object Name

       176         26          0          0          0       1510   clocks_and_modes.o
         0          0          0          0          0      18744   event_groups.o
       704         64          0         24       8192       4419   heap_4.o
       148          0          0          0          0       3226   list.o
       304         54          0          8          0      27161   main.o
       120         34          0         10       2776       4144   os_hooks.o
       998         92          0         12          0      11693   port.o
      1918         20          0          0         64      16376   queue.o
        84         16          4          0          0       1740   startup.o
        56         18       1040          0          0        876   startup_s32k144.o
       236         50         16          4          0       2243   system_s32k144.o
      2944        344          0         60        360      25818   tasks.o
      1274        124          0         20        240      32071   timers.o

    ----------------------------------------------------------------------
      8968        842       1124        140      13680     150021   Object Totals
         0          0         64          0       2048          0   (incl. Generated)
         6          0          0          2          0          0   (incl. Padding)

    ----------------------------------------------------------------------

      Code (inc. data)   RO Data    RW Data    ZI Data      Debug   Library Member Name

         0          0          0          0          0          0   entry.o
         0          0          0          0          0          0   entry10a.o
         0          0          0          0          0          0   entry11a.o
         4          0          0          0          0          0   entry12b.o
         8          4          0          0          0          0   entry4.o
         4          0          0          0          0          0   entry5.o
         0          0          0          0          0          0   entry7b.o
         0          0          0          0          0          0   entry8b.o
         8          4          0          0          0          0   entry9a.o
        30          0          0          0          0          0   handlers.o
        36          8          0          0          0         68   init.o
        36          0          0          0          0         68   memcpya.o
        36          0          0          0          0        108   memseta.o

    ----------------------------------------------------------------------
       164         16          0          0          0        244   Library Totals
         2          0          0          0          0          0   (incl. Padding)

    ----------------------------------------------------------------------

      Code (inc. data)   RO Data    RW Data    ZI Data      Debug   Library Name

       162         16          0          0          0        244   mc_w.l

    ----------------------------------------------------------------------
       164         16          0          0          0        244   Library Totals

    ----------------------------------------------------------------------

==============================================================================


      Code (inc. data)   RO Data    RW Data    ZI Data      Debug   

      9132        858       1124        140      13680     142517   Grand Totals
      9132        858       1124        140      13680     142517   ELF Image Totals
      9132        858       1124        140          0          0   ROM Totals

==============================================================================

    Total RO  Size (Code + RO Data)                10256 (  10.02kB)
    Total RW  Size (RW Data + ZI Data)             13820 (  13.50kB)
    Total ROM Size (Code + RO Data + RW Data)      10396 (  10.15kB)

==============================================================================

