Component: Arm Compiler for Embedded 6.19 Tool: armlink [5e73cb00]

==============================================================================

Section Cross References

    clocks_and_modes.o(.ARM.exidx.text.SOSC_init_8MHz) refers to clocks_and_modes.o(.text.SOSC_init_8MHz) for [Anonymous Symbol]
    clocks_and_modes.o(.ARM.exidx.text.SPLL_init_160MHz) refers to clocks_and_modes.o(.text.SPLL_init_160MHz) for [Anonymous Symbol]
    clocks_and_modes.o(.ARM.exidx.text.NormalRUNmode_80MHz) refers to clocks_and_modes.o(.text.NormalRUNmode_80MHz) for [Anonymous Symbol]
    main.o(.ARM.exidx.text.Test_Delay_Ms) refers to main.o(.text.Test_Delay_Ms) for [Anonymous Symbol]
    main.o(.text.main) refers to main.o(.text.WDOG_disable) for WDOG_disable
    main.o(.text.main) refers to clocks_and_modes.o(.text.SOSC_init_8MHz) for SOSC_init_8MHz
    main.o(.text.main) refers to clocks_and_modes.o(.text.SPLL_init_160MHz) for SPLL_init_160MHz
    main.o(.text.main) refers to clocks_and_modes.o(.text.NormalRUNmode_80MHz) for NormalRUNmode_80MHz
    main.o(.text.main) refers to system_s32k144.o(.text.SystemCoreClockUpdate) for SystemCoreClockUpdate
    main.o(.text.main) refers to main.o(.text.Led_Confg_Init) for Led_Confg_Init
    main.o(.text.main) refers to hal_flash.o(.text.Hal_Flash_Init) for Hal_Flash_Init
    main.o(.text.main) refers to hal_flash.o(.text.Hal_Write_Flash_Data_Function) for Hal_Write_Flash_Data_Function
    main.o(.text.main) refers to main.o(.text.Test_Delay_Ms) for Test_Delay_Ms
    main.o(.ARM.exidx.text.main) refers to main.o(.text.main) for [Anonymous Symbol]
    main.o(.ARM.exidx.text.WDOG_disable) refers to main.o(.text.WDOG_disable) for [Anonymous Symbol]
    main.o(.ARM.exidx.text.Led_Confg_Init) refers to main.o(.text.Led_Confg_Init) for [Anonymous Symbol]
    hal_flash.o(.text.Hal_Flash_Init) refers to hal_flash.o(.rodata.Flash1_InitConfig0) for Flash1_InitConfig0
    hal_flash.o(.text.Hal_Flash_Init) refers to hal_flash.o(.bss.pSSDConfig) for pSSDConfig
    hal_flash.o(.text.Hal_Flash_Init) refers to flash_driver.o(.text.FLASH_DRV_Init) for FLASH_DRV_Init
    hal_flash.o(.ARM.exidx.text.Hal_Flash_Init) refers to hal_flash.o(.text.Hal_Flash_Init) for [Anonymous Symbol]
    hal_flash.o(.text.Hal_Write_Flash_Data_Function) refers to hal_flash.o(.bss.buffer) for buffer
    hal_flash.o(.text.Hal_Write_Flash_Data_Function) refers to interrupt_manager.o(.text.INT_SYS_DisableIRQGlobal) for INT_SYS_DisableIRQGlobal
    hal_flash.o(.text.Hal_Write_Flash_Data_Function) refers to hal_flash.o(.bss.pSSDConfig) for pSSDConfig
    hal_flash.o(.text.Hal_Write_Flash_Data_Function) refers to flash_driver.o(.text.FLASH_DRV_EraseSector) for FLASH_DRV_EraseSector
    hal_flash.o(.text.Hal_Write_Flash_Data_Function) refers to flash_driver.o(.text.FLASH_DRV_Program) for FLASH_DRV_Program
    hal_flash.o(.text.Hal_Write_Flash_Data_Function) refers to interrupt_manager.o(.text.INT_SYS_EnableIRQGlobal) for INT_SYS_EnableIRQGlobal
    hal_flash.o(.ARM.exidx.text.Hal_Write_Flash_Data_Function) refers to hal_flash.o(.text.Hal_Write_Flash_Data_Function) for [Anonymous Symbol]
    startup.o(.text.init_data_bss) refers to startup_s32k144.o(RESET) for __Vectors
    startup.o(.ARM.exidx.text.init_data_bss) refers to startup.o(.text.init_data_bss) for [Anonymous Symbol]
    flash_driver.o(.text.FLASH_DRV_Init) refers to flash_driver.o(.text.FLASH_DRV_GetDEPartitionCode) for FLASH_DRV_GetDEPartitionCode
    flash_driver.o(.ARM.exidx.text.FLASH_DRV_Init) refers to flash_driver.o(.text.FLASH_DRV_Init) for [Anonymous Symbol]
    flash_driver.o(.ARM.exidx.text.FLASH_DRV_GetDEPartitionCode) refers to flash_driver.o(.text.FLASH_DRV_GetDEPartitionCode) for [Anonymous Symbol]
    flash_driver.o(.ARM.exidx.text.FLASH_DRV_GetPFlashProtection) refers to flash_driver.o(.text.FLASH_DRV_GetPFlashProtection) for [Anonymous Symbol]
    flash_driver.o(.ARM.exidx.text.FLASH_DRV_SetPFlashProtection) refers to flash_driver.o(.text.FLASH_DRV_SetPFlashProtection) for [Anonymous Symbol]
    flash_driver.o(.ARM.exidx.text.FLASH_DRV_GetSecurityState) refers to flash_driver.o(.text.FLASH_DRV_GetSecurityState) for [Anonymous Symbol]
    flash_driver.o(.text.FLASH_DRV_SecurityBypass) refers to flash_driver.o(.text.FLASH_DRV_CommandSequence) for FLASH_DRV_CommandSequence
    flash_driver.o(.ARM.exidx.text.FLASH_DRV_SecurityBypass) refers to flash_driver.o(.text.FLASH_DRV_SecurityBypass) for [Anonymous Symbol]
    flash_driver.o(.ARM.exidx.text.FLASH_DRV_CommandSequence) refers to flash_driver.o(.text.FLASH_DRV_CommandSequence) for [Anonymous Symbol]
    flash_driver.o(.text.FLASH_DRV_EraseAllBlock) refers to flash_driver.o(.text.FLASH_DRV_CommandSequence) for FLASH_DRV_CommandSequence
    flash_driver.o(.ARM.exidx.text.FLASH_DRV_EraseAllBlock) refers to flash_driver.o(.text.FLASH_DRV_EraseAllBlock) for [Anonymous Symbol]
    flash_driver.o(.text.FLASH_DRV_VerifyAllBlock) refers to flash_driver.o(.text.FLASH_DRV_CommandSequence) for FLASH_DRV_CommandSequence
    flash_driver.o(.ARM.exidx.text.FLASH_DRV_VerifyAllBlock) refers to flash_driver.o(.text.FLASH_DRV_VerifyAllBlock) for [Anonymous Symbol]
    flash_driver.o(.text.FLASH_DRV_EraseSector) refers to flash_driver.o(.text.FLASH_DRV_CommandSequence) for FLASH_DRV_CommandSequence
    flash_driver.o(.ARM.exidx.text.FLASH_DRV_EraseSector) refers to flash_driver.o(.text.FLASH_DRV_EraseSector) for [Anonymous Symbol]
    flash_driver.o(.text.FLASH_DRV_VerifySection) refers to flash_driver.o(.text.FLASH_DRV_CommandSequence) for FLASH_DRV_CommandSequence
    flash_driver.o(.ARM.exidx.text.FLASH_DRV_VerifySection) refers to flash_driver.o(.text.FLASH_DRV_VerifySection) for [Anonymous Symbol]
    flash_driver.o(.ARM.exidx.text.FLASH_DRV_EraseSuspend) refers to flash_driver.o(.text.FLASH_DRV_EraseSuspend) for [Anonymous Symbol]
    flash_driver.o(.ARM.exidx.text.FLASH_DRV_EraseResume) refers to flash_driver.o(.text.FLASH_DRV_EraseResume) for [Anonymous Symbol]
    flash_driver.o(.text.FLASH_DRV_ReadOnce) refers to flash_driver.o(.text.FLASH_DRV_CommandSequence) for FLASH_DRV_CommandSequence
    flash_driver.o(.ARM.exidx.text.FLASH_DRV_ReadOnce) refers to flash_driver.o(.text.FLASH_DRV_ReadOnce) for [Anonymous Symbol]
    flash_driver.o(.text.FLASH_DRV_ProgramOnce) refers to flash_driver.o(.text.FLASH_DRV_CommandSequence) for FLASH_DRV_CommandSequence
    flash_driver.o(.ARM.exidx.text.FLASH_DRV_ProgramOnce) refers to flash_driver.o(.text.FLASH_DRV_ProgramOnce) for [Anonymous Symbol]
    flash_driver.o(.text.FLASH_DRV_Program) refers to flash_driver.o(.text.FLASH_DRV_CommandSequence) for FLASH_DRV_CommandSequence
    flash_driver.o(.ARM.exidx.text.FLASH_DRV_Program) refers to flash_driver.o(.text.FLASH_DRV_Program) for [Anonymous Symbol]
    flash_driver.o(.text.FLASH_DRV_ProgramCheck) refers to flash_driver.o(.text.FLASH_DRV_CommandSequence) for FLASH_DRV_CommandSequence
    flash_driver.o(.ARM.exidx.text.FLASH_DRV_ProgramCheck) refers to flash_driver.o(.text.FLASH_DRV_ProgramCheck) for [Anonymous Symbol]
    flash_driver.o(.ARM.exidx.text.FLASH_DRV_CheckSum) refers to flash_driver.o(.text.FLASH_DRV_CheckSum) for [Anonymous Symbol]
    flash_driver.o(.text.FLASH_DRV_ProgramSection) refers to flash_driver.o(.text.FLASH_DRV_CommandSequence) for FLASH_DRV_CommandSequence
    flash_driver.o(.ARM.exidx.text.FLASH_DRV_ProgramSection) refers to flash_driver.o(.text.FLASH_DRV_ProgramSection) for [Anonymous Symbol]
    flash_driver.o(.text.FLASH_DRV_EraseBlock) refers to flash_driver.o(.text.FLASH_DRV_CommandSequence) for FLASH_DRV_CommandSequence
    flash_driver.o(.ARM.exidx.text.FLASH_DRV_EraseBlock) refers to flash_driver.o(.text.FLASH_DRV_EraseBlock) for [Anonymous Symbol]
    flash_driver.o(.text.FLASH_DRV_VerifyBlock) refers to flash_driver.o(.text.FLASH_DRV_CommandSequence) for FLASH_DRV_CommandSequence
    flash_driver.o(.ARM.exidx.text.FLASH_DRV_VerifyBlock) refers to flash_driver.o(.text.FLASH_DRV_VerifyBlock) for [Anonymous Symbol]
    flash_driver.o(.ARM.exidx.text.FLASH_DRV_GetEERAMProtection) refers to flash_driver.o(.text.FLASH_DRV_GetEERAMProtection) for [Anonymous Symbol]
    flash_driver.o(.ARM.exidx.text.FLASH_DRV_SetEERAMProtection) refers to flash_driver.o(.text.FLASH_DRV_SetEERAMProtection) for [Anonymous Symbol]
    flash_driver.o(.text.FLASH_DRV_SetFlexRamFunction) refers to flash_driver.o(.text.FLASH_DRV_CommandSequence) for FLASH_DRV_CommandSequence
    flash_driver.o(.ARM.exidx.text.FLASH_DRV_SetFlexRamFunction) refers to flash_driver.o(.text.FLASH_DRV_SetFlexRamFunction) for [Anonymous Symbol]
    flash_driver.o(.text.FLASH_DRV_EEEWrite) refers to flash_driver.o(.text.FLASH_DRV_WaitEEWriteToFinish) for FLASH_DRV_WaitEEWriteToFinish
    flash_driver.o(.ARM.exidx.text.FLASH_DRV_EEEWrite) refers to flash_driver.o(.text.FLASH_DRV_EEEWrite) for [Anonymous Symbol]
    flash_driver.o(.ARM.exidx.text.FLASH_DRV_WaitEEWriteToFinish) refers to flash_driver.o(.text.FLASH_DRV_WaitEEWriteToFinish) for [Anonymous Symbol]
    flash_driver.o(.text.FLASH_DRV_DEFlashPartition) refers to flash_driver.o(.text.FLASH_DRV_CommandSequence) for FLASH_DRV_CommandSequence
    flash_driver.o(.ARM.exidx.text.FLASH_DRV_DEFlashPartition) refers to flash_driver.o(.text.FLASH_DRV_DEFlashPartition) for [Anonymous Symbol]
    flash_driver.o(.ARM.exidx.text.FLASH_DRV_GetDFlashProtection) refers to flash_driver.o(.text.FLASH_DRV_GetDFlashProtection) for [Anonymous Symbol]
    flash_driver.o(.ARM.exidx.text.FLASH_DRV_SetDFlashProtection) refers to flash_driver.o(.text.FLASH_DRV_SetDFlashProtection) for [Anonymous Symbol]
    flash_driver.o(.text.FLASH_DRV_EraseAllBlockUnsecure) refers to flash_driver.o(.text.FLASH_DRV_CommandSequence) for FLASH_DRV_CommandSequence
    flash_driver.o(.ARM.exidx.text.FLASH_DRV_EraseAllBlockUnsecure) refers to flash_driver.o(.text.FLASH_DRV_EraseAllBlockUnsecure) for [Anonymous Symbol]
    flash_driver.o(.text.FLASH_DRV_EnableCmdCompleteInterupt) refers to interrupt_manager.o(.text.INT_SYS_EnableIRQ) for INT_SYS_EnableIRQ
    flash_driver.o(.ARM.exidx.text.FLASH_DRV_EnableCmdCompleteInterupt) refers to flash_driver.o(.text.FLASH_DRV_EnableCmdCompleteInterupt) for [Anonymous Symbol]
    flash_driver.o(.text.FLASH_DRV_DisableCmdCompleteInterupt) refers to interrupt_manager.o(.text.INT_SYS_DisableIRQ) for INT_SYS_DisableIRQ
    flash_driver.o(.ARM.exidx.text.FLASH_DRV_DisableCmdCompleteInterupt) refers to flash_driver.o(.text.FLASH_DRV_DisableCmdCompleteInterupt) for [Anonymous Symbol]
    flash_driver.o(.text.FLASH_DRV_EnableReadColisionInterupt) refers to interrupt_manager.o(.text.INT_SYS_EnableIRQ) for INT_SYS_EnableIRQ
    flash_driver.o(.ARM.exidx.text.FLASH_DRV_EnableReadColisionInterupt) refers to flash_driver.o(.text.FLASH_DRV_EnableReadColisionInterupt) for [Anonymous Symbol]
    flash_driver.o(.text.FLASH_DRV_DisableReadColisionInterupt) refers to interrupt_manager.o(.text.INT_SYS_DisableIRQ) for INT_SYS_DisableIRQ
    flash_driver.o(.ARM.exidx.text.FLASH_DRV_DisableReadColisionInterupt) refers to flash_driver.o(.text.FLASH_DRV_DisableReadColisionInterupt) for [Anonymous Symbol]
    flash_driver.o(.text.FLASH_DRV_EnableDoubleBitFaultInterupt) refers to interrupt_manager.o(.text.INT_SYS_EnableIRQ) for INT_SYS_EnableIRQ
    flash_driver.o(.ARM.exidx.text.FLASH_DRV_EnableDoubleBitFaultInterupt) refers to flash_driver.o(.text.FLASH_DRV_EnableDoubleBitFaultInterupt) for [Anonymous Symbol]
    flash_driver.o(.text.FLASH_DRV_DisableDoubleBitFaultInterupt) refers to interrupt_manager.o(.text.INT_SYS_DisableIRQ) for INT_SYS_DisableIRQ
    flash_driver.o(.ARM.exidx.text.FLASH_DRV_DisableDoubleBitFaultInterupt) refers to flash_driver.o(.text.FLASH_DRV_DisableDoubleBitFaultInterupt) for [Anonymous Symbol]
    interrupt_manager.o(.ARM.exidx.text.INT_SYS_InstallHandler) refers to interrupt_manager.o(.text.INT_SYS_InstallHandler) for [Anonymous Symbol]
    interrupt_manager.o(.ARM.exidx.text.INT_SYS_EnableIRQ) refers to interrupt_manager.o(.text.INT_SYS_EnableIRQ) for [Anonymous Symbol]
    interrupt_manager.o(.ARM.exidx.text.INT_SYS_DisableIRQ) refers to interrupt_manager.o(.text.INT_SYS_DisableIRQ) for [Anonymous Symbol]
    interrupt_manager.o(.text.INT_SYS_EnableIRQGlobal) refers to interrupt_manager.o(.bss.g_interruptDisableCount) for g_interruptDisableCount
    interrupt_manager.o(.ARM.exidx.text.INT_SYS_EnableIRQGlobal) refers to interrupt_manager.o(.text.INT_SYS_EnableIRQGlobal) for [Anonymous Symbol]
    interrupt_manager.o(.text.INT_SYS_DisableIRQGlobal) refers to interrupt_manager.o(.bss.g_interruptDisableCount) for g_interruptDisableCount
    interrupt_manager.o(.ARM.exidx.text.INT_SYS_DisableIRQGlobal) refers to interrupt_manager.o(.text.INT_SYS_DisableIRQGlobal) for [Anonymous Symbol]
    interrupt_manager.o(.ARM.exidx.text.INT_SYS_SetPriority) refers to interrupt_manager.o(.text.INT_SYS_SetPriority) for [Anonymous Symbol]
    interrupt_manager.o(.ARM.exidx.text.INT_SYS_GetPriority) refers to interrupt_manager.o(.text.INT_SYS_GetPriority) for [Anonymous Symbol]
    interrupt_manager.o(.ARM.exidx.text.INT_SYS_ClearPending) refers to interrupt_manager.o(.text.INT_SYS_ClearPending) for [Anonymous Symbol]
    interrupt_manager.o(.ARM.exidx.text.INT_SYS_SetPending) refers to interrupt_manager.o(.text.INT_SYS_SetPending) for [Anonymous Symbol]
    interrupt_manager.o(.ARM.exidx.text.INT_SYS_GetPending) refers to interrupt_manager.o(.text.INT_SYS_GetPending) for [Anonymous Symbol]
    interrupt_manager.o(.ARM.exidx.text.INT_SYS_GetActive) refers to interrupt_manager.o(.text.INT_SYS_GetActive) for [Anonymous Symbol]
    startup_s32k144.o(RESET) refers to startup_s32k144.o(.text) for Reset_Handler
    startup_s32k144.o(.text) refers to startup_s32k144.o(FlashConfig) for FlashConfig
    startup_s32k144.o(.text) refers to system_s32k144.o(.text.SystemInit) for SystemInit
    startup_s32k144.o(.text) refers to startup.o(.text.init_data_bss) for init_data_bss
    startup_s32k144.o(.text) refers to __main.o(!!!main) for __main
    system_s32k144.o(.ARM.exidx.text.SystemInit) refers to system_s32k144.o(.text.SystemInit) for [Anonymous Symbol]
    system_s32k144.o(.text.SystemCoreClockUpdate) refers to system_s32k144.o(.rodata.SystemCoreClockUpdate.fircFreq) for SystemCoreClockUpdate.fircFreq
    system_s32k144.o(.text.SystemCoreClockUpdate) refers to system_s32k144.o(.data.SystemCoreClock) for SystemCoreClock
    system_s32k144.o(.ARM.exidx.text.SystemCoreClockUpdate) refers to system_s32k144.o(.text.SystemCoreClockUpdate) for [Anonymous Symbol]
    system_s32k144.o(.ARM.exidx.text.SystemSoftwareReset) refers to system_s32k144.o(.text.SystemSoftwareReset) for [Anonymous Symbol]
    __main.o(!!!main) refers to __rtentry.o(.ARM.Collect$$rtentry$$00000000) for __rt_entry
    __rtentry.o(.ARM.Collect$$rtentry$$00000000) refers (Special) to __rtentry2.o(.ARM.Collect$$rtentry$$0000000A) for __rt_entry_li
    __rtentry.o(.ARM.Collect$$rtentry$$00000000) refers (Special) to __rtentry2.o(.ARM.Collect$$rtentry$$0000000D) for __rt_entry_main
    __rtentry.o(.ARM.Collect$$rtentry$$00000000) refers (Special) to __rtentry2.o(.ARM.Collect$$rtentry$$0000000C) for __rt_entry_postli_1
    __rtentry.o(.ARM.Collect$$rtentry$$00000000) refers (Special) to __rtentry2.o(.ARM.Collect$$rtentry$$00000009) for __rt_entry_postsh_1
    __rtentry.o(.ARM.Collect$$rtentry$$00000000) refers (Special) to __rtentry2.o(.ARM.Collect$$rtentry$$00000002) for __rt_entry_presh_1
    __rtentry.o(.ARM.Collect$$rtentry$$00000000) refers (Special) to __rtentry7.o(.ARM.Collect$$rtentry$$00000007) for __rt_entry_sh
    __rtentry2.o(.ARM.Collect$$rtentry$$00000008) refers to boardinit2.o(.text) for _platform_post_stackheap_init
    __rtentry2.o(.ARM.Collect$$rtentry$$0000000A) refers to libinit.o(.ARM.Collect$$libinit$$00000000) for __rt_lib_init
    __rtentry2.o(.ARM.Collect$$rtentry$$0000000B) refers to boardinit3.o(.text) for _platform_post_lib_init
    __rtentry2.o(.ARM.Collect$$rtentry$$0000000D) refers to main.o(.text.main) for main
    __rtentry2.o(.ARM.Collect$$rtentry$$0000000D) refers to exit.o(.text) for exit
    __rtentry2.o(.ARM.exidx) refers to __rtentry2.o(.ARM.Collect$$rtentry$$00000001) for .ARM.Collect$$rtentry$$00000001
    __rtentry2.o(.ARM.exidx) refers to __rtentry2.o(.ARM.Collect$$rtentry$$00000008) for .ARM.Collect$$rtentry$$00000008
    __rtentry2.o(.ARM.exidx) refers to __rtentry2.o(.ARM.Collect$$rtentry$$0000000A) for .ARM.Collect$$rtentry$$0000000A
    __rtentry2.o(.ARM.exidx) refers to __rtentry2.o(.ARM.Collect$$rtentry$$0000000B) for .ARM.Collect$$rtentry$$0000000B
    __rtentry2.o(.ARM.exidx) refers to __rtentry2.o(.ARM.Collect$$rtentry$$0000000D) for .ARM.Collect$$rtentry$$0000000D
    __rtentry4.o(.ARM.Collect$$rtentry$$00000004) refers to sys_stackheap_outer.o(.text) for __user_setup_stackheap
    __rtentry4.o(.ARM.exidx) refers to __rtentry4.o(.ARM.Collect$$rtentry$$00000004) for .ARM.Collect$$rtentry$$00000004
    __rtentry7.o(.ARM.Collect$$rtentry$$00000007) refers to __rtentry7.o(.ARM.Collect$$rtentry$$00002718) for __lit__00000000
    __rtentry7.o(__vectab_stack_and_reset_2_area) refers to __main.o(!!!main) for __main
    __rtentry7.o(.ARM.exidx) refers to __rtentry7.o(.ARM.Collect$$rtentry$$00000007) for .ARM.Collect$$rtentry$$00000007
    __rtentry7.o(.ARM.exidx) refers to __rtentry7.o(.ARM.Collect$$rtentry$$00002718) for .ARM.Collect$$rtentry$$00002718
    sys_stackheap_outer.o(.text) refers to libspace.o(.text) for __user_perproc_libspace
    sys_stackheap_outer.o(.text) refers to sys_stackheap.o(.text) for __user_initial_stackheap
    exit.o(.text) refers to rtexit.o(.ARM.Collect$$rtexit$$00000000) for __rt_exit
    libinit.o(.ARM.Collect$$libinit$$00000000) refers (Special) to libinit2.o(.ARM.Collect$$libinit$$00000030) for __rt_lib_init_alloca_1
    libinit.o(.ARM.Collect$$libinit$$00000000) refers (Special) to libinit2.o(.ARM.Collect$$libinit$$0000002E) for __rt_lib_init_argv_1
    libinit.o(.ARM.Collect$$libinit$$00000000) refers (Special) to libinit2.o(.ARM.Collect$$libinit$$0000001D) for __rt_lib_init_atexit_1
    libinit.o(.ARM.Collect$$libinit$$00000000) refers (Special) to libinit2.o(.ARM.Collect$$libinit$$00000023) for __rt_lib_init_clock_1
    libinit.o(.ARM.Collect$$libinit$$00000000) refers (Special) to libinit2.o(.ARM.Collect$$libinit$$00000034) for __rt_lib_init_cpp_1
    libinit.o(.ARM.Collect$$libinit$$00000000) refers (Special) to libinit2.o(.ARM.Collect$$libinit$$00000032) for __rt_lib_init_exceptions_1
    libinit.o(.ARM.Collect$$libinit$$00000000) refers (Special) to libinit2.o(.ARM.Collect$$libinit$$00000001) for __rt_lib_init_fp_1
    libinit.o(.ARM.Collect$$libinit$$00000000) refers (Special) to libinit2.o(.ARM.Collect$$libinit$$00000021) for __rt_lib_init_fp_trap_1
    libinit.o(.ARM.Collect$$libinit$$00000000) refers (Special) to libinit2.o(.ARM.Collect$$libinit$$00000025) for __rt_lib_init_getenv_1
    libinit.o(.ARM.Collect$$libinit$$00000000) refers (Special) to libinit2.o(.ARM.Collect$$libinit$$0000000C) for __rt_lib_init_heap_1
    libinit.o(.ARM.Collect$$libinit$$00000000) refers (Special) to libinit2.o(.ARM.Collect$$libinit$$00000013) for __rt_lib_init_lc_collate_1
    libinit.o(.ARM.Collect$$libinit$$00000000) refers (Special) to libinit2.o(.ARM.Collect$$libinit$$00000015) for __rt_lib_init_lc_ctype_1
    libinit.o(.ARM.Collect$$libinit$$00000000) refers (Special) to libinit2.o(.ARM.Collect$$libinit$$00000017) for __rt_lib_init_lc_monetary_1
    libinit.o(.ARM.Collect$$libinit$$00000000) refers (Special) to libinit2.o(.ARM.Collect$$libinit$$00000019) for __rt_lib_init_lc_numeric_1
    libinit.o(.ARM.Collect$$libinit$$00000000) refers (Special) to libinit2.o(.ARM.Collect$$libinit$$0000001B) for __rt_lib_init_lc_time_1
    libinit.o(.ARM.Collect$$libinit$$00000000) refers (Special) to libinit2.o(.ARM.Collect$$libinit$$00000006) for __rt_lib_init_preinit_1
    libinit.o(.ARM.Collect$$libinit$$00000000) refers (Special) to libinit2.o(.ARM.Collect$$libinit$$00000010) for __rt_lib_init_rand_1
    libinit.o(.ARM.Collect$$libinit$$00000000) refers (Special) to libinit2.o(.ARM.Collect$$libinit$$00000004) for __rt_lib_init_relocate_pie_1
    libinit.o(.ARM.Collect$$libinit$$00000000) refers (Special) to libinit2.o(.ARM.Collect$$libinit$$00000035) for __rt_lib_init_return
    libinit.o(.ARM.Collect$$libinit$$00000000) refers (Special) to libinit2.o(.ARM.Collect$$libinit$$0000001F) for __rt_lib_init_signal_1
    libinit.o(.ARM.Collect$$libinit$$00000000) refers (Special) to libinit2.o(.ARM.Collect$$libinit$$00000027) for __rt_lib_init_stdio_1
    libinit.o(.ARM.Collect$$libinit$$00000000) refers (Special) to libinit2.o(.ARM.Collect$$libinit$$0000000E) for __rt_lib_init_user_alloc_1
    libspace.o(.text) refers to libspace.o(.bss) for __libspace_start
    sys_stackheap.o(.text) refers (Special) to indicate_semi.o(.text) for __semihosting_library_function
    sys_stackheap.o(.text) refers to use_no_semi.o(.text) for __I$use$semihosting
    sys_stackheap_hlt.o(.text) refers (Special) to indicate_semi.o(.text) for __semihosting_library_function
    sys_stackheap_hlt.o(.text) refers to use_no_semi.o(.text) for __I$use$semihosting
    rtexit.o(.ARM.Collect$$rtexit$$00000000) refers (Special) to rtexit2.o(.ARM.Collect$$rtexit$$00000004) for __rt_exit_exit
    rtexit.o(.ARM.Collect$$rtexit$$00000000) refers (Special) to rtexit2.o(.ARM.Collect$$rtexit$$00000003) for __rt_exit_ls
    rtexit.o(.ARM.Collect$$rtexit$$00000000) refers (Special) to rtexit2.o(.ARM.Collect$$rtexit$$00000002) for __rt_exit_prels_1
    rtexit.o(.ARM.exidx) refers (Special) to rtexit2.o(.ARM.Collect$$rtexit$$00000004) for __rt_exit_exit
    rtexit.o(.ARM.exidx) refers (Special) to rtexit2.o(.ARM.Collect$$rtexit$$00000003) for __rt_exit_ls
    rtexit.o(.ARM.exidx) refers (Special) to rtexit2.o(.ARM.Collect$$rtexit$$00000002) for __rt_exit_prels_1
    rtexit.o(.ARM.exidx) refers to rtexit.o(.ARM.Collect$$rtexit$$00000000) for .ARM.Collect$$rtexit$$00000000
    libinit2.o(.ARM.Collect$$libinit$$00000001) refers to fpinit.o(x$fpl$fpinit) for _fp_init
    libinit2.o(.ARM.Collect$$libinit$$00000012) refers to libinit2.o(.ARM.Collect$$libinit$$00000011) for .ARM.Collect$$libinit$$00000011
    libinit2.o(.ARM.Collect$$libinit$$00000014) refers to libinit2.o(.ARM.Collect$$libinit$$00000011) for .ARM.Collect$$libinit$$00000011
    libinit2.o(.ARM.Collect$$libinit$$00000016) refers to libinit2.o(.ARM.Collect$$libinit$$00000011) for .ARM.Collect$$libinit$$00000011
    libinit2.o(.ARM.Collect$$libinit$$00000018) refers to libinit2.o(.ARM.Collect$$libinit$$00000011) for .ARM.Collect$$libinit$$00000011
    libinit2.o(.ARM.Collect$$libinit$$0000001A) refers to libinit2.o(.ARM.Collect$$libinit$$00000011) for .ARM.Collect$$libinit$$00000011
    libinit2.o(.ARM.Collect$$libinit$$00000028) refers to argv_veneer.o(.emb_text) for __ARM_argv_veneer
    libinit2.o(.ARM.Collect$$libinit$$00000029) refers to argv_veneer.o(.emb_text) for __ARM_argv_veneer
    libinit5.o(.ARM.Collect$$libinit$$0000000A) refers to libinit5.o(.ARM.Collect$$libinit$$0000271B) for __lit__00000000
    libinit5.o(.ARM.Collect$$libinit$$0000002C) refers to libinit5.o(.ARM.Collect$$libinit$$0000273D) for __lit__00000002
    libinit5.o(.ARM.Collect$$libinit$$0000002C) refers to argv_veneer.o(.emb_text) for __ARM_argv_veneer
    rtexit2.o(.ARM.Collect$$rtexit$$00000003) refers to libshutdown.o(.ARM.Collect$$libshutdown$$00000000) for __rt_lib_shutdown
    rtexit2.o(.ARM.Collect$$rtexit$$00000004) refers to sys_exit.o(.text) for _sys_exit
    rtexit2.o(.ARM.exidx) refers to rtexit2.o(.ARM.Collect$$rtexit$$00000001) for .ARM.Collect$$rtexit$$00000001
    rtexit2.o(.ARM.exidx) refers to rtexit2.o(.ARM.Collect$$rtexit$$00000003) for .ARM.Collect$$rtexit$$00000003
    rtexit2.o(.ARM.exidx) refers to rtexit2.o(.ARM.Collect$$rtexit$$00000004) for .ARM.Collect$$rtexit$$00000004
    argv_veneer.o(.emb_text) refers to no_argv.o(.text) for __ARM_get_argv
    sys_exit.o(.text) refers (Special) to use_no_semi.o(.text) for __I$use$semihosting
    sys_exit.o(.text) refers (Special) to indicate_semi.o(.text) for __semihosting_library_function
    sys_exit_hlt.o(.text) refers (Special) to use_no_semi.o(.text) for __I$use$semihosting
    sys_exit_hlt.o(.text) refers (Special) to indicate_semi.o(.text) for __semihosting_library_function
    _get_argv_nomalloc.o(.text) refers (Special) to hrguard.o(.text) for __heap_region$guard
    _get_argv_nomalloc.o(.text) refers to defsig_rtmem_outer.o(.text) for __rt_SIGRTMEM
    _get_argv_nomalloc.o(.text) refers to sys_command.o(.text) for _sys_command_string
    libshutdown.o(.ARM.Collect$$libshutdown$$00000000) refers (Special) to libshutdown2.o(.ARM.Collect$$libshutdown$$00000002) for __rt_lib_shutdown_cpp_1
    libshutdown.o(.ARM.Collect$$libshutdown$$00000000) refers (Special) to libshutdown2.o(.ARM.Collect$$libshutdown$$00000007) for __rt_lib_shutdown_fp_trap_1
    libshutdown.o(.ARM.Collect$$libshutdown$$00000000) refers (Special) to libshutdown2.o(.ARM.Collect$$libshutdown$$0000000F) for __rt_lib_shutdown_heap_1
    libshutdown.o(.ARM.Collect$$libshutdown$$00000000) refers (Special) to libshutdown2.o(.ARM.Collect$$libshutdown$$00000010) for __rt_lib_shutdown_return
    libshutdown.o(.ARM.Collect$$libshutdown$$00000000) refers (Special) to libshutdown2.o(.ARM.Collect$$libshutdown$$0000000A) for __rt_lib_shutdown_signal_1
    libshutdown.o(.ARM.Collect$$libshutdown$$00000000) refers (Special) to libshutdown2.o(.ARM.Collect$$libshutdown$$00000004) for __rt_lib_shutdown_stdio_1
    libshutdown.o(.ARM.Collect$$libshutdown$$00000000) refers (Special) to libshutdown2.o(.ARM.Collect$$libshutdown$$0000000C) for __rt_lib_shutdown_user_alloc_1
    sys_command.o(.text) refers (Special) to use_no_semi.o(.text) for __I$use$semihosting
    sys_command.o(.text) refers (Special) to indicate_semi.o(.text) for __semihosting_library_function
    sys_command_hlt.o(.text) refers (Special) to use_no_semi.o(.text) for __I$use$semihosting
    sys_command_hlt.o(.text) refers (Special) to indicate_semi.o(.text) for __semihosting_library_function
    defsig_rtmem_outer.o(.text) refers to defsig_rtmem_inner.o(.text) for __rt_SIGRTMEM_inner
    defsig_rtmem_outer.o(.text) refers to defsig_exit.o(.text) for __sig_exit
    defsig_rtmem_formal.o(.text) refers to rt_raise.o(.text) for __rt_raise
    rt_raise.o(.text) refers to __raise.o(.text) for __raise
    rt_raise.o(.text) refers to sys_exit.o(.text) for _sys_exit
    defsig_exit.o(.text) refers to sys_exit.o(.text) for _sys_exit
    defsig_rtmem_inner.o(.text) refers to defsig_general.o(.text) for __default_signal_display
    __raise.o(.text) refers to defsig.o(CL$$defsig) for __default_signal_handler
    defsig_general.o(.text) refers to sys_wrch.o(.text) for _ttywrch
    sys_wrch.o(.text) refers (Special) to use_no_semi.o(.text) for __I$use$semihosting
    sys_wrch.o(.text) refers (Special) to indicate_semi.o(.text) for __semihosting_library_function
    sys_wrch_hlt.o(.text) refers (Special) to use_no_semi.o(.text) for __I$use$semihosting
    sys_wrch_hlt.o(.text) refers (Special) to indicate_semi.o(.text) for __semihosting_library_function
    defsig.o(CL$$defsig) refers to defsig_rtmem_inner.o(.text) for __rt_SIGRTMEM_inner
    defsig_abrt_inner.o(.text) refers to defsig_general.o(.text) for __default_signal_display
    defsig_fpe_inner.o(.text) refers to defsig_general.o(.text) for __default_signal_display
    defsig_rtred_inner.o(.text) refers to defsig_general.o(.text) for __default_signal_display
    defsig_stak_inner.o(.text) refers to defsig_general.o(.text) for __default_signal_display
    defsig_pvfn_inner.o(.text) refers to defsig_general.o(.text) for __default_signal_display
    defsig_cppl_inner.o(.text) refers to defsig_general.o(.text) for __default_signal_display
    defsig_segv_inner.o(.text) refers to defsig_general.o(.text) for __default_signal_display
    defsig_other.o(.text) refers to defsig_general.o(.text) for __default_signal_display


==============================================================================

Removing Unused input sections from the image.

    Removing clocks_and_modes.o(.text), (0 bytes).
    Removing clocks_and_modes.o(.ARM.exidx.text.SOSC_init_8MHz), (8 bytes).
    Removing clocks_and_modes.o(.ARM.exidx.text.SPLL_init_160MHz), (8 bytes).
    Removing clocks_and_modes.o(.ARM.exidx.text.NormalRUNmode_80MHz), (8 bytes).
    Removing main.o(.text), (0 bytes).
    Removing main.o(.ARM.exidx.text.Test_Delay_Ms), (8 bytes).
    Removing main.o(.ARM.exidx.text.main), (8 bytes).
    Removing main.o(.ARM.exidx.text.WDOG_disable), (8 bytes).
    Removing main.o(.ARM.exidx.text.Led_Confg_Init), (8 bytes).
    Removing main.o(.ARM.use_no_argv), (4 bytes).
    Removing hal_flash.o(.text), (0 bytes).
    Removing hal_flash.o(.ARM.exidx.text.Hal_Flash_Init), (8 bytes).
    Removing hal_flash.o(.ARM.exidx.text.Hal_Write_Flash_Data_Function), (8 bytes).
    Removing startup.o(.text), (0 bytes).
    Removing startup.o(.ARM.exidx.text.init_data_bss), (8 bytes).
    Removing startup.o(.rodata.cst4), (4 bytes).
    Removing flash_driver.o(.text), (0 bytes).
    Removing flash_driver.o(.ARM.exidx.text.FLASH_DRV_Init), (8 bytes).
    Removing flash_driver.o(.ARM.exidx.text.FLASH_DRV_GetDEPartitionCode), (8 bytes).
    Removing flash_driver.o(.text.FLASH_DRV_GetPFlashProtection), (72 bytes).
    Removing flash_driver.o(.ARM.exidx.text.FLASH_DRV_GetPFlashProtection), (8 bytes).
    Removing flash_driver.o(.text.FLASH_DRV_SetPFlashProtection), (212 bytes).
    Removing flash_driver.o(.ARM.exidx.text.FLASH_DRV_SetPFlashProtection), (8 bytes).
    Removing flash_driver.o(.text.FLASH_DRV_GetSecurityState), (74 bytes).
    Removing flash_driver.o(.ARM.exidx.text.FLASH_DRV_GetSecurityState), (8 bytes).
    Removing flash_driver.o(.text.FLASH_DRV_SecurityBypass), (130 bytes).
    Removing flash_driver.o(.ARM.exidx.text.FLASH_DRV_SecurityBypass), (8 bytes).
    Removing flash_driver.o(.ARM.exidx.text.FLASH_DRV_CommandSequence), (8 bytes).
    Removing flash_driver.o(.text.FLASH_DRV_EraseAllBlock), (70 bytes).
    Removing flash_driver.o(.ARM.exidx.text.FLASH_DRV_EraseAllBlock), (8 bytes).
    Removing flash_driver.o(.text.FLASH_DRV_VerifyAllBlock), (86 bytes).
    Removing flash_driver.o(.ARM.exidx.text.FLASH_DRV_VerifyAllBlock), (8 bytes).
    Removing flash_driver.o(.ARM.exidx.text.FLASH_DRV_EraseSector), (8 bytes).
    Removing flash_driver.o(.text.FLASH_DRV_VerifySection), (266 bytes).
    Removing flash_driver.o(.ARM.exidx.text.FLASH_DRV_VerifySection), (8 bytes).
    Removing flash_driver.o(.text.FLASH_DRV_EraseSuspend), (92 bytes).
    Removing flash_driver.o(.ARM.exidx.text.FLASH_DRV_EraseSuspend), (8 bytes).
    Removing flash_driver.o(.text.FLASH_DRV_EraseResume), (102 bytes).
    Removing flash_driver.o(.ARM.exidx.text.FLASH_DRV_EraseResume), (8 bytes).
    Removing flash_driver.o(.text.FLASH_DRV_ReadOnce), (156 bytes).
    Removing flash_driver.o(.ARM.exidx.text.FLASH_DRV_ReadOnce), (8 bytes).
    Removing flash_driver.o(.text.FLASH_DRV_ProgramOnce), (146 bytes).
    Removing flash_driver.o(.ARM.exidx.text.FLASH_DRV_ProgramOnce), (8 bytes).
    Removing flash_driver.o(.ARM.exidx.text.FLASH_DRV_Program), (8 bytes).
    Removing flash_driver.o(.text.FLASH_DRV_ProgramCheck), (408 bytes).
    Removing flash_driver.o(.ARM.exidx.text.FLASH_DRV_ProgramCheck), (8 bytes).
    Removing flash_driver.o(.text.FLASH_DRV_CheckSum), (192 bytes).
    Removing flash_driver.o(.ARM.exidx.text.FLASH_DRV_CheckSum), (8 bytes).
    Removing flash_driver.o(.text.FLASH_DRV_ProgramSection), (274 bytes).
    Removing flash_driver.o(.ARM.exidx.text.FLASH_DRV_ProgramSection), (8 bytes).
    Removing flash_driver.o(.text.FLASH_DRV_EraseBlock), (220 bytes).
    Removing flash_driver.o(.ARM.exidx.text.FLASH_DRV_EraseBlock), (8 bytes).
    Removing flash_driver.o(.text.FLASH_DRV_VerifyBlock), (236 bytes).
    Removing flash_driver.o(.ARM.exidx.text.FLASH_DRV_VerifyBlock), (8 bytes).
    Removing flash_driver.o(.text.FLASH_DRV_GetEERAMProtection), (54 bytes).
    Removing flash_driver.o(.ARM.exidx.text.FLASH_DRV_GetEERAMProtection), (8 bytes).
    Removing flash_driver.o(.text.FLASH_DRV_SetEERAMProtection), (78 bytes).
    Removing flash_driver.o(.ARM.exidx.text.FLASH_DRV_SetEERAMProtection), (8 bytes).
    Removing flash_driver.o(.text.FLASH_DRV_SetFlexRamFunction), (236 bytes).
    Removing flash_driver.o(.ARM.exidx.text.FLASH_DRV_SetFlexRamFunction), (8 bytes).
    Removing flash_driver.o(.text.FLASH_DRV_EEEWrite), (238 bytes).
    Removing flash_driver.o(.ARM.exidx.text.FLASH_DRV_EEEWrite), (8 bytes).
    Removing flash_driver.o(.text.FLASH_DRV_WaitEEWriteToFinish), (204 bytes).
    Removing flash_driver.o(.ARM.exidx.text.FLASH_DRV_WaitEEWriteToFinish), (8 bytes).
    Removing flash_driver.o(.text.FLASH_DRV_DEFlashPartition), (168 bytes).
    Removing flash_driver.o(.ARM.exidx.text.FLASH_DRV_DEFlashPartition), (8 bytes).
    Removing flash_driver.o(.text.FLASH_DRV_GetDFlashProtection), (50 bytes).
    Removing flash_driver.o(.ARM.exidx.text.FLASH_DRV_GetDFlashProtection), (8 bytes).
    Removing flash_driver.o(.text.FLASH_DRV_SetDFlashProtection), (74 bytes).
    Removing flash_driver.o(.ARM.exidx.text.FLASH_DRV_SetDFlashProtection), (8 bytes).
    Removing flash_driver.o(.text.FLASH_DRV_EraseAllBlockUnsecure), (70 bytes).
    Removing flash_driver.o(.ARM.exidx.text.FLASH_DRV_EraseAllBlockUnsecure), (8 bytes).
    Removing flash_driver.o(.text.FLASH_DRV_EnableCmdCompleteInterupt), (34 bytes).
    Removing flash_driver.o(.ARM.exidx.text.FLASH_DRV_EnableCmdCompleteInterupt), (8 bytes).
    Removing flash_driver.o(.text.FLASH_DRV_DisableCmdCompleteInterupt), (32 bytes).
    Removing flash_driver.o(.ARM.exidx.text.FLASH_DRV_DisableCmdCompleteInterupt), (8 bytes).
    Removing flash_driver.o(.text.FLASH_DRV_EnableReadColisionInterupt), (34 bytes).
    Removing flash_driver.o(.ARM.exidx.text.FLASH_DRV_EnableReadColisionInterupt), (8 bytes).
    Removing flash_driver.o(.text.FLASH_DRV_DisableReadColisionInterupt), (32 bytes).
    Removing flash_driver.o(.ARM.exidx.text.FLASH_DRV_DisableReadColisionInterupt), (8 bytes).
    Removing flash_driver.o(.text.FLASH_DRV_EnableDoubleBitFaultInterupt), (26 bytes).
    Removing flash_driver.o(.ARM.exidx.text.FLASH_DRV_EnableDoubleBitFaultInterupt), (8 bytes).
    Removing flash_driver.o(.text.FLASH_DRV_DisableDoubleBitFaultInterupt), (24 bytes).
    Removing flash_driver.o(.ARM.exidx.text.FLASH_DRV_DisableDoubleBitFaultInterupt), (8 bytes).
    Removing interrupt_manager.o(.text), (0 bytes).
    Removing interrupt_manager.o(.text.INT_SYS_InstallHandler), (64 bytes).
    Removing interrupt_manager.o(.ARM.exidx.text.INT_SYS_InstallHandler), (8 bytes).
    Removing interrupt_manager.o(.text.INT_SYS_EnableIRQ), (36 bytes).
    Removing interrupt_manager.o(.ARM.exidx.text.INT_SYS_EnableIRQ), (8 bytes).
    Removing interrupt_manager.o(.text.INT_SYS_DisableIRQ), (36 bytes).
    Removing interrupt_manager.o(.ARM.exidx.text.INT_SYS_DisableIRQ), (8 bytes).
    Removing interrupt_manager.o(.ARM.exidx.text.INT_SYS_EnableIRQGlobal), (8 bytes).
    Removing interrupt_manager.o(.ARM.exidx.text.INT_SYS_DisableIRQGlobal), (8 bytes).
    Removing interrupt_manager.o(.text.INT_SYS_SetPriority), (146 bytes).
    Removing interrupt_manager.o(.ARM.exidx.text.INT_SYS_SetPriority), (8 bytes).
    Removing interrupt_manager.o(.text.INT_SYS_GetPriority), (152 bytes).
    Removing interrupt_manager.o(.ARM.exidx.text.INT_SYS_GetPriority), (8 bytes).
    Removing interrupt_manager.o(.text.INT_SYS_ClearPending), (36 bytes).
    Removing interrupt_manager.o(.ARM.exidx.text.INT_SYS_ClearPending), (8 bytes).
    Removing interrupt_manager.o(.text.INT_SYS_SetPending), (36 bytes).
    Removing interrupt_manager.o(.ARM.exidx.text.INT_SYS_SetPending), (8 bytes).
    Removing interrupt_manager.o(.text.INT_SYS_GetPending), (42 bytes).
    Removing interrupt_manager.o(.ARM.exidx.text.INT_SYS_GetPending), (8 bytes).
    Removing interrupt_manager.o(.text.INT_SYS_GetActive), (42 bytes).
    Removing interrupt_manager.o(.ARM.exidx.text.INT_SYS_GetActive), (8 bytes).
    Removing system_s32k144.o(.text), (0 bytes).
    Removing system_s32k144.o(.ARM.exidx.text.SystemInit), (8 bytes).
    Removing system_s32k144.o(.ARM.exidx.text.SystemCoreClockUpdate), (8 bytes).
    Removing system_s32k144.o(.text.SystemSoftwareReset), (48 bytes).
    Removing system_s32k144.o(.ARM.exidx.text.SystemSoftwareReset), (8 bytes).

110 unused section(s) (total 5216 bytes) removed from the image.

==============================================================================

Adding Veneers to the image

    Adding TT veneer (10 bytes, Long) for call to 'FLASH_DRV_Init' from hal_flash.o(.text.Hal_Flash_Init).
    Adding TT veneer (10 bytes, Long) for call to 'FLASH_DRV_EraseSector' from hal_flash.o(.text.Hal_Write_Flash_Data_Function).
    Adding TT veneer (10 bytes, Long) for call to 'FLASH_DRV_Program' from hal_flash.o(.text.Hal_Write_Flash_Data_Function).

3 Veneer(s) (total 30 bytes) added to the image.

==============================================================================

Image Symbol Table

    Local Symbols

    Symbol Name                              Value     Ov Type        Size  Object(Section)

    ../clib/angel/boardlib.s                 0x00000000   Number         0  boardinit1.o ABSOLUTE
    ../clib/angel/boardlib.s                 0x00000000   Number         0  boardinit2.o ABSOLUTE
    ../clib/angel/boardlib.s                 0x00000000   Number         0  boardinit3.o ABSOLUTE
    ../clib/angel/boardlib.s                 0x00000000   Number         0  boardshut.o ABSOLUTE
    ../clib/angel/handlers.s                 0x00000000   Number         0  __scatter_copy.o ABSOLUTE
    ../clib/angel/handlers.s                 0x00000000   Number         0  __scatter_zi.o ABSOLUTE
    ../clib/angel/kernel.s                   0x00000000   Number         0  __rtentry.o ABSOLUTE
    ../clib/angel/kernel.s                   0x00000000   Number         0  __rtentry2.o ABSOLUTE
    ../clib/angel/kernel.s                   0x00000000   Number         0  __rtentry4.o ABSOLUTE
    ../clib/angel/kernel.s                   0x00000000   Number         0  __rtentry7.o ABSOLUTE
    ../clib/angel/kernel.s                   0x00000000   Number         0  rtexit.o ABSOLUTE
    ../clib/angel/kernel.s                   0x00000000   Number         0  rtexit2.o ABSOLUTE
    ../clib/angel/rt.s                       0x00000000   Number         0  rt_raise.o ABSOLUTE
    ../clib/angel/scatter.s                  0x00000000   Number         0  __scatter.o ABSOLUTE
    ../clib/angel/startup.s                  0x00000000   Number         0  __main.o ABSOLUTE
    ../clib/angel/sys.s                      0x00000000   Number         0  sys_stackheap_outer.o ABSOLUTE
    ../clib/angel/sys.s                      0x00000000   Number         0  libspace.o ABSOLUTE
    ../clib/angel/sys.s                      0x00000000   Number         0  sys_stackheap.o ABSOLUTE
    ../clib/angel/sys.s                      0x00000000   Number         0  sys_stackheap_hlt.o ABSOLUTE
    ../clib/angel/sys.s                      0x00000000   Number         0  use_no_semi.o ABSOLUTE
    ../clib/angel/sys.s                      0x00000000   Number         0  indicate_semi.o ABSOLUTE
    ../clib/angel/sysapp.c                   0x00000000   Number         0  sys_exit.o ABSOLUTE
    ../clib/angel/sysapp.c                   0x00000000   Number         0  sys_exit_hlt.o ABSOLUTE
    ../clib/angel/sysapp.c                   0x00000000   Number         0  sys_command.o ABSOLUTE
    ../clib/angel/sysapp.c                   0x00000000   Number         0  sys_command_hlt.o ABSOLUTE
    ../clib/angel/sysapp.c                   0x00000000   Number         0  sys_wrch.o ABSOLUTE
    ../clib/angel/sysapp.c                   0x00000000   Number         0  sys_wrch_hlt.o ABSOLUTE
    ../clib/armsys.c                         0x00000000   Number         0  argv_veneer.o ABSOLUTE
    ../clib/armsys.c                         0x00000000   Number         0  argv_veneer.o ABSOLUTE
    ../clib/armsys.c                         0x00000000   Number         0  _get_argv_nomalloc.o ABSOLUTE
    ../clib/armsys.c                         0x00000000   Number         0  no_argv.o ABSOLUTE
    ../clib/heapalloc.c                      0x00000000   Number         0  hrguard.o ABSOLUTE
    ../clib/libinit.s                        0x00000000   Number         0  libinit.o ABSOLUTE
    ../clib/libinit.s                        0x00000000   Number         0  libinit2.o ABSOLUTE
    ../clib/libinit.s                        0x00000000   Number         0  libinit5.o ABSOLUTE
    ../clib/libinit.s                        0x00000000   Number         0  libshutdown.o ABSOLUTE
    ../clib/libinit.s                        0x00000000   Number         0  libshutdown2.o ABSOLUTE
    ../clib/signal.c                         0x00000000   Number         0  defsig_rtmem_outer.o ABSOLUTE
    ../clib/signal.c                         0x00000000   Number         0  defsig_rtmem_formal.o ABSOLUTE
    ../clib/signal.c                         0x00000000   Number         0  defsig_exit.o ABSOLUTE
    ../clib/signal.c                         0x00000000   Number         0  defsig_rtmem_inner.o ABSOLUTE
    ../clib/signal.c                         0x00000000   Number         0  __raise.o ABSOLUTE
    ../clib/signal.c                         0x00000000   Number         0  defsig_general.o ABSOLUTE
    ../clib/signal.c                         0x00000000   Number         0  defsig_abrt_inner.o ABSOLUTE
    ../clib/signal.c                         0x00000000   Number         0  defsig_fpe_inner.o ABSOLUTE
    ../clib/signal.c                         0x00000000   Number         0  defsig_rtred_inner.o ABSOLUTE
    ../clib/signal.c                         0x00000000   Number         0  defsig_stak_inner.o ABSOLUTE
    ../clib/signal.c                         0x00000000   Number         0  defsig_pvfn_inner.o ABSOLUTE
    ../clib/signal.c                         0x00000000   Number         0  defsig_cppl_inner.o ABSOLUTE
    ../clib/signal.c                         0x00000000   Number         0  defsig_segv_inner.o ABSOLUTE
    ../clib/signal.c                         0x00000000   Number         0  defsig_other.o ABSOLUTE
    ../clib/signal.s                         0x00000000   Number         0  defsig.o ABSOLUTE
    ../clib/stdlib.c                         0x00000000   Number         0  exit.o ABSOLUTE
    ../fplib/fpinit.s                        0x00000000   Number         0  fpinit.o ABSOLUTE
    RTE/Device/S32K144UFxxxLLx/startup_S32K144.s 0x00000000   Number         0  startup_s32k144.o ABSOLUTE
    clocks_and_modes.c                       0x00000000   Number         0  clocks_and_modes.o ABSOLUTE
    dc.s                                     0x00000000   Number         0  dc.o ABSOLUTE
    flash_driver.c                           0x00000000   Number         0  flash_driver.o ABSOLUTE
    hal_flash.c                              0x00000000   Number         0  hal_flash.o ABSOLUTE
    interrupt_manager.c                      0x00000000   Number         0  interrupt_manager.o ABSOLUTE
    main.c                                   0x00000000   Number         0  main.o ABSOLUTE
    startup.c                                0x00000000   Number         0  startup.o ABSOLUTE
    system_S32K144.c                         0x00000000   Number         0  system_s32k144.o ABSOLUTE
    RESET                                    0x00000000   Section     1024  startup_s32k144.o(RESET)
    FlashConfig                              0x00000400   Section       16  startup_s32k144.o(FlashConfig)
    !!!main                                  0x00000410   Section        8  __main.o(!!!main)
    !!!scatter                               0x00000418   Section       52  __scatter.o(!!!scatter)
    !!handler_copy                           0x0000044c   Section       26  __scatter_copy.o(!!handler_copy)
    !!handler_zi                             0x00000468   Section       28  __scatter_zi.o(!!handler_zi)
    .ARM.Collect$$libinit$$00000000          0x00000484   Section        2  libinit.o(.ARM.Collect$$libinit$$00000000)
    .ARM.Collect$$libinit$$00000001          0x00000486   Section        4  libinit2.o(.ARM.Collect$$libinit$$00000001)
    .ARM.Collect$$libinit$$00000004          0x0000048a   Section        0  libinit2.o(.ARM.Collect$$libinit$$00000004)
    .ARM.Collect$$libinit$$00000006          0x0000048a   Section        0  libinit2.o(.ARM.Collect$$libinit$$00000006)
    .ARM.Collect$$libinit$$0000000C          0x0000048a   Section        0  libinit2.o(.ARM.Collect$$libinit$$0000000C)
    .ARM.Collect$$libinit$$0000000E          0x0000048a   Section        0  libinit2.o(.ARM.Collect$$libinit$$0000000E)
    .ARM.Collect$$libinit$$00000010          0x0000048a   Section        0  libinit2.o(.ARM.Collect$$libinit$$00000010)
    .ARM.Collect$$libinit$$00000013          0x0000048a   Section        0  libinit2.o(.ARM.Collect$$libinit$$00000013)
    .ARM.Collect$$libinit$$00000015          0x0000048a   Section        0  libinit2.o(.ARM.Collect$$libinit$$00000015)
    .ARM.Collect$$libinit$$00000017          0x0000048a   Section        0  libinit2.o(.ARM.Collect$$libinit$$00000017)
    .ARM.Collect$$libinit$$00000019          0x0000048a   Section        0  libinit2.o(.ARM.Collect$$libinit$$00000019)
    .ARM.Collect$$libinit$$0000001B          0x0000048a   Section        0  libinit2.o(.ARM.Collect$$libinit$$0000001B)
    .ARM.Collect$$libinit$$0000001D          0x0000048a   Section        0  libinit2.o(.ARM.Collect$$libinit$$0000001D)
    .ARM.Collect$$libinit$$0000001F          0x0000048a   Section        0  libinit2.o(.ARM.Collect$$libinit$$0000001F)
    .ARM.Collect$$libinit$$00000021          0x0000048a   Section        0  libinit2.o(.ARM.Collect$$libinit$$00000021)
    .ARM.Collect$$libinit$$00000023          0x0000048a   Section        0  libinit2.o(.ARM.Collect$$libinit$$00000023)
    .ARM.Collect$$libinit$$00000025          0x0000048a   Section        0  libinit2.o(.ARM.Collect$$libinit$$00000025)
    .ARM.Collect$$libinit$$00000027          0x0000048a   Section        0  libinit2.o(.ARM.Collect$$libinit$$00000027)
    .ARM.Collect$$libinit$$0000002E          0x0000048a   Section        0  libinit2.o(.ARM.Collect$$libinit$$0000002E)
    .ARM.Collect$$libinit$$00000030          0x0000048a   Section        0  libinit2.o(.ARM.Collect$$libinit$$00000030)
    .ARM.Collect$$libinit$$00000032          0x0000048a   Section        0  libinit2.o(.ARM.Collect$$libinit$$00000032)
    .ARM.Collect$$libinit$$00000034          0x0000048a   Section        0  libinit2.o(.ARM.Collect$$libinit$$00000034)
    .ARM.Collect$$libinit$$00000035          0x0000048a   Section        2  libinit2.o(.ARM.Collect$$libinit$$00000035)
    .ARM.Collect$$libshutdown$$00000000      0x0000048c   Section        2  libshutdown.o(.ARM.Collect$$libshutdown$$00000000)
    .ARM.Collect$$libshutdown$$00000002      0x0000048e   Section        0  libshutdown2.o(.ARM.Collect$$libshutdown$$00000002)
    .ARM.Collect$$libshutdown$$00000004      0x0000048e   Section        0  libshutdown2.o(.ARM.Collect$$libshutdown$$00000004)
    .ARM.Collect$$libshutdown$$00000007      0x0000048e   Section        0  libshutdown2.o(.ARM.Collect$$libshutdown$$00000007)
    .ARM.Collect$$libshutdown$$0000000A      0x0000048e   Section        0  libshutdown2.o(.ARM.Collect$$libshutdown$$0000000A)
    .ARM.Collect$$libshutdown$$0000000C      0x0000048e   Section        0  libshutdown2.o(.ARM.Collect$$libshutdown$$0000000C)
    .ARM.Collect$$libshutdown$$0000000F      0x0000048e   Section        0  libshutdown2.o(.ARM.Collect$$libshutdown$$0000000F)
    .ARM.Collect$$libshutdown$$00000010      0x0000048e   Section        2  libshutdown2.o(.ARM.Collect$$libshutdown$$00000010)
    .ARM.Collect$$rtentry$$00000000          0x00000490   Section        0  __rtentry.o(.ARM.Collect$$rtentry$$00000000)
    .ARM.Collect$$rtentry$$00000002          0x00000490   Section        0  __rtentry2.o(.ARM.Collect$$rtentry$$00000002)
    .ARM.Collect$$rtentry$$00000007          0x00000490   Section        4  __rtentry7.o(.ARM.Collect$$rtentry$$00000007)
    .ARM.Collect$$rtentry$$00000009          0x00000494   Section        0  __rtentry2.o(.ARM.Collect$$rtentry$$00000009)
    .ARM.Collect$$rtentry$$0000000A          0x00000494   Section        4  __rtentry2.o(.ARM.Collect$$rtentry$$0000000A)
    .ARM.Collect$$rtentry$$0000000C          0x00000498   Section        0  __rtentry2.o(.ARM.Collect$$rtentry$$0000000C)
    .ARM.Collect$$rtentry$$0000000D          0x00000498   Section        8  __rtentry2.o(.ARM.Collect$$rtentry$$0000000D)
    __lit__00000000                          0x000004a0   Data           4  __rtentry7.o(.ARM.Collect$$rtentry$$00002718)
    .ARM.Collect$$rtentry$$00002718          0x000004a0   Section        4  __rtentry7.o(.ARM.Collect$$rtentry$$00002718)
    .ARM.Collect$$rtexit$$00000000           0x000004a4   Section        2  rtexit.o(.ARM.Collect$$rtexit$$00000000)
    .ARM.Collect$$rtexit$$00000002           0x000004a6   Section        0  rtexit2.o(.ARM.Collect$$rtexit$$00000002)
    .ARM.Collect$$rtexit$$00000003           0x000004a6   Section        4  rtexit2.o(.ARM.Collect$$rtexit$$00000003)
    .ARM.Collect$$rtexit$$00000004           0x000004aa   Section        6  rtexit2.o(.ARM.Collect$$rtexit$$00000004)
    $v0                                      0x000004b0   Number         0  startup_s32k144.o(.text)
    .text                                    0x000004b0   Section       56  startup_s32k144.o(.text)
    .text                                    0x000004e8   Section        0  exit.o(.text)
    .text                                    0x000004fa   Section        2  use_no_semi.o(.text)
    .text                                    0x000004fc   Section        0  indicate_semi.o(.text)
    .text                                    0x000004fc   Section        0  sys_exit.o(.text)
    [Anonymous Symbol]                       0x00000508   Section        0  hal_flash.o(.text.Hal_Flash_Init)
    [Anonymous Symbol]                       0x00000520   Section        0  hal_flash.o(.text.Hal_Write_Flash_Data_Function)
    [Anonymous Symbol]                       0x0000058c   Section        0  interrupt_manager.o(.text.INT_SYS_DisableIRQGlobal)
    [Anonymous Symbol]                       0x000005a0   Section        0  interrupt_manager.o(.text.INT_SYS_EnableIRQGlobal)
    Led_Confg_Init                           0x000005d1   Thumb Code   106  main.o(.text.Led_Confg_Init)
    [Anonymous Symbol]                       0x000005d0   Section        0  main.o(.text.Led_Confg_Init)
    [Anonymous Symbol]                       0x0000063c   Section        0  clocks_and_modes.o(.text.NormalRUNmode_80MHz)
    [Anonymous Symbol]                       0x0000066c   Section        0  clocks_and_modes.o(.text.SOSC_init_8MHz)
    [Anonymous Symbol]                       0x000006c0   Section        0  clocks_and_modes.o(.text.SPLL_init_160MHz)
    [Anonymous Symbol]                       0x00000738   Section        0  system_s32k144.o(.text.SystemCoreClockUpdate)
    [Anonymous Symbol]                       0x0000083c   Section        0  system_s32k144.o(.text.SystemInit)
    [Anonymous Symbol]                       0x00000890   Section        0  main.o(.text.Test_Delay_Ms)
    WDOG_disable                             0x000008d1   Thumb Code    48  main.o(.text.WDOG_disable)
    [Anonymous Symbol]                       0x000008d0   Section        0  main.o(.text.WDOG_disable)
    [Anonymous Symbol]                       0x00000900   Section        0  startup.o(.text.init_data_bss)
    [Anonymous Symbol]                       0x000009a0   Section        0  main.o(.text.main)
    $v0                                      0x00000a02   Number         0  fpinit.o(x$fpl$fpinit)
    x$fpl$fpinit                             0x00000a02   Section       26  fpinit.o(x$fpl$fpinit)
    SystemCoreClockUpdate.fircFreq           0x00000a30   Data          16  system_s32k144.o(.rodata.SystemCoreClockUpdate.fircFreq)
    [Anonymous Symbol]                       0x00000a30   Section        0  system_s32k144.o(.rodata.SystemCoreClockUpdate.fircFreq)
    g_interruptDisableCount                  0x1fff8024   Data           4  interrupt_manager.o(.bss.g_interruptDisableCount)
    [Anonymous Symbol]                       0x1fff8024   Section        0  interrupt_manager.o(.bss.g_interruptDisableCount)
    FLASH_DRV_CommandSequence                0x20006001   Thumb Code    96  flash_driver.o(.text.FLASH_DRV_CommandSequence)
    [Anonymous Symbol]                       0x20006000   Section        0  flash_driver.o(.text.FLASH_DRV_CommandSequence)
    [Anonymous Symbol]                       0x20006060   Section        0  flash_driver.o(.text.FLASH_DRV_EraseSector)
    FLASH_DRV_GetDEPartitionCode             0x20006195   Thumb Code   358  flash_driver.o(.text.FLASH_DRV_GetDEPartitionCode)
    [Anonymous Symbol]                       0x20006194   Section        0  flash_driver.o(.text.FLASH_DRV_GetDEPartitionCode)
    [Anonymous Symbol]                       0x200062fc   Section        0  flash_driver.o(.text.FLASH_DRV_Init)
    [Anonymous Symbol]                       0x20006370   Section        0  flash_driver.o(.text.FLASH_DRV_Program)

    Global Symbols

    Symbol Name                              Value     Ov Type        Size  Object(Section)

    BuildAttributes$$THM_ISAv4$E$P$D$K$B$S$7EM$VFPi3$EXTD16$VFPS$VFMA$PE$A:L22UL41UL21$X:L11$S22US41US21$IEEE1$IW$~IW$USESV6$~STKCKD$USESV7$~SHL$OSPACE$ROPI$EBA8$UX$STANDARDLIB$REQ8$PRES8$EABIv2 0x00000000   Number         0  anon$$obj.o ABSOLUTE
    Image$$VECTOR_RAM$$Base                  0x00000000   Number         0  anon$$obj.o ABSOLUTE
    __Vectors                                0x00000000   Data           4  startup_s32k144.o(RESET)
    Image$$ZI$$Limit                          - Undefined Weak Reference
    __ARM_exceptions_init                     - Undefined Weak Reference
    __alloca_initialize                       - Undefined Weak Reference
    __arm_preinit_                            - Undefined Weak Reference
    __arm_relocate_pie_                       - Undefined Weak Reference
    __cpp_initialize__aeabi_                  - Undefined Weak Reference
    __cxa_finalize                            - Undefined Weak Reference
    __rt_locale                               - Undefined Weak Reference
    __sigvec_lookup                           - Undefined Weak Reference
    _atexit_init                              - Undefined Weak Reference
    _call_atexit_fns                          - Undefined Weak Reference
    _clock_init                               - Undefined Weak Reference
    _fp_trap_init                             - Undefined Weak Reference
    _fp_trap_shutdown                         - Undefined Weak Reference
    _get_lc_collate                           - Undefined Weak Reference
    _get_lc_ctype                             - Undefined Weak Reference
    _get_lc_monetary                          - Undefined Weak Reference
    _get_lc_numeric                           - Undefined Weak Reference
    _get_lc_time                              - Undefined Weak Reference
    _getenv_init                              - Undefined Weak Reference
    _handle_redirection                       - Undefined Weak Reference
    _init_alloc                               - Undefined Weak Reference
    _init_user_alloc                          - Undefined Weak Reference
    _initio                                   - Undefined Weak Reference
    _rand_init                                - Undefined Weak Reference
    _signal_finish                            - Undefined Weak Reference
    _signal_init                              - Undefined Weak Reference
    _terminate_alloc                          - Undefined Weak Reference
    _terminate_user_alloc                     - Undefined Weak Reference
    _terminateio                              - Undefined Weak Reference
    __Vectors_End                            0x00000400   Data           0  startup_s32k144.o(RESET)
    __Vectors_Size                           0x00000400   Number         0  startup_s32k144.o ABSOLUTE
    __main                                   0x00000411   Thumb Code     8  __main.o(!!!main)
    __scatterload                            0x00000419   Thumb Code     0  __scatter.o(!!!scatter)
    __scatterload_rt2                        0x00000419   Thumb Code    44  __scatter.o(!!!scatter)
    __scatterload_rt2_thumb_only             0x00000419   Thumb Code     0  __scatter.o(!!!scatter)
    __scatterload_null                       0x00000427   Thumb Code     0  __scatter.o(!!!scatter)
    __scatterload_copy                       0x0000044d   Thumb Code    26  __scatter_copy.o(!!handler_copy)
    __scatterload_zeroinit                   0x00000469   Thumb Code    28  __scatter_zi.o(!!handler_zi)
    __rt_lib_init                            0x00000485   Thumb Code     0  libinit.o(.ARM.Collect$$libinit$$00000000)
    __rt_lib_init_fp_1                       0x00000487   Thumb Code     0  libinit2.o(.ARM.Collect$$libinit$$00000001)
    __rt_lib_init_alloca_1                   0x0000048b   Thumb Code     0  libinit2.o(.ARM.Collect$$libinit$$00000030)
    __rt_lib_init_argv_1                     0x0000048b   Thumb Code     0  libinit2.o(.ARM.Collect$$libinit$$0000002E)
    __rt_lib_init_atexit_1                   0x0000048b   Thumb Code     0  libinit2.o(.ARM.Collect$$libinit$$0000001D)
    __rt_lib_init_clock_1                    0x0000048b   Thumb Code     0  libinit2.o(.ARM.Collect$$libinit$$00000023)
    __rt_lib_init_cpp_1                      0x0000048b   Thumb Code     0  libinit2.o(.ARM.Collect$$libinit$$00000034)
    __rt_lib_init_exceptions_1               0x0000048b   Thumb Code     0  libinit2.o(.ARM.Collect$$libinit$$00000032)
    __rt_lib_init_fp_trap_1                  0x0000048b   Thumb Code     0  libinit2.o(.ARM.Collect$$libinit$$00000021)
    __rt_lib_init_getenv_1                   0x0000048b   Thumb Code     0  libinit2.o(.ARM.Collect$$libinit$$00000025)
    __rt_lib_init_heap_1                     0x0000048b   Thumb Code     0  libinit2.o(.ARM.Collect$$libinit$$0000000C)
    __rt_lib_init_lc_collate_1               0x0000048b   Thumb Code     0  libinit2.o(.ARM.Collect$$libinit$$00000013)
    __rt_lib_init_lc_ctype_1                 0x0000048b   Thumb Code     0  libinit2.o(.ARM.Collect$$libinit$$00000015)
    __rt_lib_init_lc_monetary_1              0x0000048b   Thumb Code     0  libinit2.o(.ARM.Collect$$libinit$$00000017)
    __rt_lib_init_lc_numeric_1               0x0000048b   Thumb Code     0  libinit2.o(.ARM.Collect$$libinit$$00000019)
    __rt_lib_init_lc_time_1                  0x0000048b   Thumb Code     0  libinit2.o(.ARM.Collect$$libinit$$0000001B)
    __rt_lib_init_preinit_1                  0x0000048b   Thumb Code     0  libinit2.o(.ARM.Collect$$libinit$$00000006)
    __rt_lib_init_rand_1                     0x0000048b   Thumb Code     0  libinit2.o(.ARM.Collect$$libinit$$00000010)
    __rt_lib_init_relocate_pie_1             0x0000048b   Thumb Code     0  libinit2.o(.ARM.Collect$$libinit$$00000004)
    __rt_lib_init_return                     0x0000048b   Thumb Code     0  libinit2.o(.ARM.Collect$$libinit$$00000035)
    __rt_lib_init_signal_1                   0x0000048b   Thumb Code     0  libinit2.o(.ARM.Collect$$libinit$$0000001F)
    __rt_lib_init_stdio_1                    0x0000048b   Thumb Code     0  libinit2.o(.ARM.Collect$$libinit$$00000027)
    __rt_lib_init_user_alloc_1               0x0000048b   Thumb Code     0  libinit2.o(.ARM.Collect$$libinit$$0000000E)
    __rt_lib_shutdown                        0x0000048d   Thumb Code     0  libshutdown.o(.ARM.Collect$$libshutdown$$00000000)
    __rt_lib_shutdown_cpp_1                  0x0000048f   Thumb Code     0  libshutdown2.o(.ARM.Collect$$libshutdown$$00000002)
    __rt_lib_shutdown_fp_trap_1              0x0000048f   Thumb Code     0  libshutdown2.o(.ARM.Collect$$libshutdown$$00000007)
    __rt_lib_shutdown_heap_1                 0x0000048f   Thumb Code     0  libshutdown2.o(.ARM.Collect$$libshutdown$$0000000F)
    __rt_lib_shutdown_return                 0x0000048f   Thumb Code     0  libshutdown2.o(.ARM.Collect$$libshutdown$$00000010)
    __rt_lib_shutdown_signal_1               0x0000048f   Thumb Code     0  libshutdown2.o(.ARM.Collect$$libshutdown$$0000000A)
    __rt_lib_shutdown_stdio_1                0x0000048f   Thumb Code     0  libshutdown2.o(.ARM.Collect$$libshutdown$$00000004)
    __rt_lib_shutdown_user_alloc_1           0x0000048f   Thumb Code     0  libshutdown2.o(.ARM.Collect$$libshutdown$$0000000C)
    __rt_entry                               0x00000491   Thumb Code     0  __rtentry.o(.ARM.Collect$$rtentry$$00000000)
    __rt_entry_presh_1                       0x00000491   Thumb Code     0  __rtentry2.o(.ARM.Collect$$rtentry$$00000002)
    __rt_entry_sh                            0x00000491   Thumb Code     0  __rtentry7.o(.ARM.Collect$$rtentry$$00000007)
    __rt_entry_li                            0x00000495   Thumb Code     0  __rtentry2.o(.ARM.Collect$$rtentry$$0000000A)
    __rt_entry_postsh_1                      0x00000495   Thumb Code     0  __rtentry2.o(.ARM.Collect$$rtentry$$00000009)
    __rt_entry_main                          0x00000499   Thumb Code     0  __rtentry2.o(.ARM.Collect$$rtentry$$0000000D)
    __rt_entry_postli_1                      0x00000499   Thumb Code     0  __rtentry2.o(.ARM.Collect$$rtentry$$0000000C)
    __rt_exit                                0x000004a5   Thumb Code     0  rtexit.o(.ARM.Collect$$rtexit$$00000000)
    __rt_exit_ls                             0x000004a7   Thumb Code     0  rtexit2.o(.ARM.Collect$$rtexit$$00000003)
    __rt_exit_prels_1                        0x000004a7   Thumb Code     0  rtexit2.o(.ARM.Collect$$rtexit$$00000002)
    __rt_exit_exit                           0x000004ab   Thumb Code     0  rtexit2.o(.ARM.Collect$$rtexit$$00000004)
    Reset_Handler                            0x000004b1   Thumb Code    18  startup_s32k144.o(.text)
    NMI_Handler                              0x000004c3   Thumb Code     2  startup_s32k144.o(.text)
    HardFault_Handler                        0x000004c5   Thumb Code     2  startup_s32k144.o(.text)
    MemManage_Handler                        0x000004c7   Thumb Code     2  startup_s32k144.o(.text)
    BusFault_Handler                         0x000004c9   Thumb Code     2  startup_s32k144.o(.text)
    UsageFault_Handler                       0x000004cb   Thumb Code     2  startup_s32k144.o(.text)
    SVC_Handler                              0x000004cd   Thumb Code     2  startup_s32k144.o(.text)
    DebugMon_Handler                         0x000004cf   Thumb Code     2  startup_s32k144.o(.text)
    PendSV_Handler                           0x000004d1   Thumb Code     2  startup_s32k144.o(.text)
    SysTick_Handler                          0x000004d3   Thumb Code     2  startup_s32k144.o(.text)
    ADC0_IRQHandler                          0x000004d5   Thumb Code     0  startup_s32k144.o(.text)
    ADC1_IRQHandler                          0x000004d5   Thumb Code     0  startup_s32k144.o(.text)
    CAN0_Error_IRQHandler                    0x000004d5   Thumb Code     0  startup_s32k144.o(.text)
    CAN0_ORed_0_15_MB_IRQHandler             0x000004d5   Thumb Code     0  startup_s32k144.o(.text)
    CAN0_ORed_16_31_MB_IRQHandler            0x000004d5   Thumb Code     0  startup_s32k144.o(.text)
    CAN0_ORed_IRQHandler                     0x000004d5   Thumb Code     0  startup_s32k144.o(.text)
    CAN0_Wake_Up_IRQHandler                  0x000004d5   Thumb Code     0  startup_s32k144.o(.text)
    CAN1_Error_IRQHandler                    0x000004d5   Thumb Code     0  startup_s32k144.o(.text)
    CAN1_ORed_0_15_MB_IRQHandler             0x000004d5   Thumb Code     0  startup_s32k144.o(.text)
    CAN1_ORed_IRQHandler                     0x000004d5   Thumb Code     0  startup_s32k144.o(.text)
    CAN2_Error_IRQHandler                    0x000004d5   Thumb Code     0  startup_s32k144.o(.text)
    CAN2_ORed_0_15_MB_IRQHandler             0x000004d5   Thumb Code     0  startup_s32k144.o(.text)
    CAN2_ORed_IRQHandler                     0x000004d5   Thumb Code     0  startup_s32k144.o(.text)
    CMP0_IRQHandler                          0x000004d5   Thumb Code     0  startup_s32k144.o(.text)
    DMA0_IRQHandler                          0x000004d5   Thumb Code     0  startup_s32k144.o(.text)
    DMA10_IRQHandler                         0x000004d5   Thumb Code     0  startup_s32k144.o(.text)
    DMA11_IRQHandler                         0x000004d5   Thumb Code     0  startup_s32k144.o(.text)
    DMA12_IRQHandler                         0x000004d5   Thumb Code     0  startup_s32k144.o(.text)
    DMA13_IRQHandler                         0x000004d5   Thumb Code     0  startup_s32k144.o(.text)
    DMA14_IRQHandler                         0x000004d5   Thumb Code     0  startup_s32k144.o(.text)
    DMA15_IRQHandler                         0x000004d5   Thumb Code     0  startup_s32k144.o(.text)
    DMA1_IRQHandler                          0x000004d5   Thumb Code     0  startup_s32k144.o(.text)
    DMA2_IRQHandler                          0x000004d5   Thumb Code     0  startup_s32k144.o(.text)
    DMA3_IRQHandler                          0x000004d5   Thumb Code     0  startup_s32k144.o(.text)
    DMA4_IRQHandler                          0x000004d5   Thumb Code     0  startup_s32k144.o(.text)
    DMA5_IRQHandler                          0x000004d5   Thumb Code     0  startup_s32k144.o(.text)
    DMA6_IRQHandler                          0x000004d5   Thumb Code     0  startup_s32k144.o(.text)
    DMA7_IRQHandler                          0x000004d5   Thumb Code     0  startup_s32k144.o(.text)
    DMA8_IRQHandler                          0x000004d5   Thumb Code     0  startup_s32k144.o(.text)
    DMA9_IRQHandler                          0x000004d5   Thumb Code     0  startup_s32k144.o(.text)
    DMA_Error_IRQHandler                     0x000004d5   Thumb Code     0  startup_s32k144.o(.text)
    DefaultISR                               0x000004d5   Thumb Code     0  startup_s32k144.o(.text)
    ERM_double_fault_IRQHandler              0x000004d5   Thumb Code     0  startup_s32k144.o(.text)
    ERM_single_fault_IRQHandler              0x000004d5   Thumb Code     0  startup_s32k144.o(.text)
    FLEXIO_IRQHandler                        0x000004d5   Thumb Code     0  startup_s32k144.o(.text)
    FTFC_Fault_IRQHandler                    0x000004d5   Thumb Code     0  startup_s32k144.o(.text)
    FTFC_IRQHandler                          0x000004d5   Thumb Code     0  startup_s32k144.o(.text)
    FTM0_Ch0_Ch1_IRQHandler                  0x000004d5   Thumb Code     0  startup_s32k144.o(.text)
    FTM0_Ch2_Ch3_IRQHandler                  0x000004d5   Thumb Code     0  startup_s32k144.o(.text)
    FTM0_Ch4_Ch5_IRQHandler                  0x000004d5   Thumb Code     0  startup_s32k144.o(.text)
    FTM0_Ch6_Ch7_IRQHandler                  0x000004d5   Thumb Code     0  startup_s32k144.o(.text)
    FTM0_Fault_IRQHandler                    0x000004d5   Thumb Code     0  startup_s32k144.o(.text)
    FTM0_Ovf_Reload_IRQHandler               0x000004d5   Thumb Code     0  startup_s32k144.o(.text)
    FTM1_Ch0_Ch1_IRQHandler                  0x000004d5   Thumb Code     0  startup_s32k144.o(.text)
    FTM1_Ch2_Ch3_IRQHandler                  0x000004d5   Thumb Code     0  startup_s32k144.o(.text)
    FTM1_Ch4_Ch5_IRQHandler                  0x000004d5   Thumb Code     0  startup_s32k144.o(.text)
    FTM1_Ch6_Ch7_IRQHandler                  0x000004d5   Thumb Code     0  startup_s32k144.o(.text)
    FTM1_Fault_IRQHandler                    0x000004d5   Thumb Code     0  startup_s32k144.o(.text)
    FTM1_Ovf_Reload_IRQHandler               0x000004d5   Thumb Code     0  startup_s32k144.o(.text)
    FTM2_Ch0_Ch1_IRQHandler                  0x000004d5   Thumb Code     0  startup_s32k144.o(.text)
    FTM2_Ch2_Ch3_IRQHandler                  0x000004d5   Thumb Code     0  startup_s32k144.o(.text)
    FTM2_Ch4_Ch5_IRQHandler                  0x000004d5   Thumb Code     0  startup_s32k144.o(.text)
    FTM2_Ch6_Ch7_IRQHandler                  0x000004d5   Thumb Code     0  startup_s32k144.o(.text)
    FTM2_Fault_IRQHandler                    0x000004d5   Thumb Code     0  startup_s32k144.o(.text)
    FTM2_Ovf_Reload_IRQHandler               0x000004d5   Thumb Code     0  startup_s32k144.o(.text)
    FTM3_Ch0_Ch1_IRQHandler                  0x000004d5   Thumb Code     0  startup_s32k144.o(.text)
    FTM3_Ch2_Ch3_IRQHandler                  0x000004d5   Thumb Code     0  startup_s32k144.o(.text)
    FTM3_Ch4_Ch5_IRQHandler                  0x000004d5   Thumb Code     0  startup_s32k144.o(.text)
    FTM3_Ch6_Ch7_IRQHandler                  0x000004d5   Thumb Code     0  startup_s32k144.o(.text)
    FTM3_Fault_IRQHandler                    0x000004d5   Thumb Code     0  startup_s32k144.o(.text)
    FTM3_Ovf_Reload_IRQHandler               0x000004d5   Thumb Code     0  startup_s32k144.o(.text)
    LPI2C0_Master_IRQHandler                 0x000004d5   Thumb Code     0  startup_s32k144.o(.text)
    LPI2C0_Slave_IRQHandler                  0x000004d5   Thumb Code     0  startup_s32k144.o(.text)
    LPIT0_Ch0_IRQHandler                     0x000004d5   Thumb Code     0  startup_s32k144.o(.text)
    LPIT0_Ch1_IRQHandler                     0x000004d5   Thumb Code     0  startup_s32k144.o(.text)
    LPIT0_Ch2_IRQHandler                     0x000004d5   Thumb Code     0  startup_s32k144.o(.text)
    LPIT0_Ch3_IRQHandler                     0x000004d5   Thumb Code     0  startup_s32k144.o(.text)
    LPSPI0_IRQHandler                        0x000004d5   Thumb Code     0  startup_s32k144.o(.text)
    LPSPI1_IRQHandler                        0x000004d5   Thumb Code     0  startup_s32k144.o(.text)
    LPSPI2_IRQHandler                        0x000004d5   Thumb Code     0  startup_s32k144.o(.text)
    LPTMR0_IRQHandler                        0x000004d5   Thumb Code     0  startup_s32k144.o(.text)
    LPUART0_RxTx_IRQHandler                  0x000004d5   Thumb Code     0  startup_s32k144.o(.text)
    LPUART1_RxTx_IRQHandler                  0x000004d5   Thumb Code     0  startup_s32k144.o(.text)
    LPUART2_RxTx_IRQHandler                  0x000004d5   Thumb Code     0  startup_s32k144.o(.text)
    LVD_LVW_IRQHandler                       0x000004d5   Thumb Code     0  startup_s32k144.o(.text)
    MCM_IRQHandler                           0x000004d5   Thumb Code     0  startup_s32k144.o(.text)
    PDB0_IRQHandler                          0x000004d5   Thumb Code     0  startup_s32k144.o(.text)
    PDB1_IRQHandler                          0x000004d5   Thumb Code     0  startup_s32k144.o(.text)
    PORTA_IRQHandler                         0x000004d5   Thumb Code     0  startup_s32k144.o(.text)
    PORTB_IRQHandler                         0x000004d5   Thumb Code     0  startup_s32k144.o(.text)
    PORTC_IRQHandler                         0x000004d5   Thumb Code     0  startup_s32k144.o(.text)
    PORTD_IRQHandler                         0x000004d5   Thumb Code     0  startup_s32k144.o(.text)
    PORTE_IRQHandler                         0x000004d5   Thumb Code     0  startup_s32k144.o(.text)
    RCM_IRQHandler                           0x000004d5   Thumb Code     0  startup_s32k144.o(.text)
    RTC_IRQHandler                           0x000004d5   Thumb Code     0  startup_s32k144.o(.text)
    RTC_Seconds_IRQHandler                   0x000004d5   Thumb Code     0  startup_s32k144.o(.text)
    Read_Collision_IRQHandler                0x000004d5   Thumb Code     0  startup_s32k144.o(.text)
    Reserved100_IRQHandler                   0x000004d5   Thumb Code     0  startup_s32k144.o(.text)
    Reserved103_IRQHandler                   0x000004d5   Thumb Code     0  startup_s32k144.o(.text)
    Reserved105_IRQHandler                   0x000004d5   Thumb Code     0  startup_s32k144.o(.text)
    Reserved106_IRQHandler                   0x000004d5   Thumb Code     0  startup_s32k144.o(.text)
    Reserved107_IRQHandler                   0x000004d5   Thumb Code     0  startup_s32k144.o(.text)
    Reserved110_IRQHandler                   0x000004d5   Thumb Code     0  startup_s32k144.o(.text)
    Reserved112_IRQHandler                   0x000004d5   Thumb Code     0  startup_s32k144.o(.text)
    Reserved113_IRQHandler                   0x000004d5   Thumb Code     0  startup_s32k144.o(.text)
    Reserved114_IRQHandler                   0x000004d5   Thumb Code     0  startup_s32k144.o(.text)
    Reserved45_IRQHandler                    0x000004d5   Thumb Code     0  startup_s32k144.o(.text)
    Reserved46_IRQHandler                    0x000004d5   Thumb Code     0  startup_s32k144.o(.text)
    Reserved48_IRQHandler                    0x000004d5   Thumb Code     0  startup_s32k144.o(.text)
    Reserved50_IRQHandler                    0x000004d5   Thumb Code     0  startup_s32k144.o(.text)
    Reserved52_IRQHandler                    0x000004d5   Thumb Code     0  startup_s32k144.o(.text)
    Reserved53_IRQHandler                    0x000004d5   Thumb Code     0  startup_s32k144.o(.text)
    Reserved54_IRQHandler                    0x000004d5   Thumb Code     0  startup_s32k144.o(.text)
    Reserved58_IRQHandler                    0x000004d5   Thumb Code     0  startup_s32k144.o(.text)
    Reserved59_IRQHandler                    0x000004d5   Thumb Code     0  startup_s32k144.o(.text)
    Reserved69_IRQHandler                    0x000004d5   Thumb Code     0  startup_s32k144.o(.text)
    Reserved70_IRQHandler                    0x000004d5   Thumb Code     0  startup_s32k144.o(.text)
    Reserved71_IRQHandler                    0x000004d5   Thumb Code     0  startup_s32k144.o(.text)
    Reserved72_IRQHandler                    0x000004d5   Thumb Code     0  startup_s32k144.o(.text)
    Reserved81_IRQHandler                    0x000004d5   Thumb Code     0  startup_s32k144.o(.text)
    Reserved82_IRQHandler                    0x000004d5   Thumb Code     0  startup_s32k144.o(.text)
    Reserved83_IRQHandler                    0x000004d5   Thumb Code     0  startup_s32k144.o(.text)
    Reserved86_IRQHandler                    0x000004d5   Thumb Code     0  startup_s32k144.o(.text)
    Reserved87_IRQHandler                    0x000004d5   Thumb Code     0  startup_s32k144.o(.text)
    Reserved88_IRQHandler                    0x000004d5   Thumb Code     0  startup_s32k144.o(.text)
    Reserved89_IRQHandler                    0x000004d5   Thumb Code     0  startup_s32k144.o(.text)
    Reserved90_IRQHandler                    0x000004d5   Thumb Code     0  startup_s32k144.o(.text)
    Reserved91_IRQHandler                    0x000004d5   Thumb Code     0  startup_s32k144.o(.text)
    Reserved92_IRQHandler                    0x000004d5   Thumb Code     0  startup_s32k144.o(.text)
    Reserved93_IRQHandler                    0x000004d5   Thumb Code     0  startup_s32k144.o(.text)
    Reserved99_IRQHandler                    0x000004d5   Thumb Code     0  startup_s32k144.o(.text)
    SCG_IRQHandler                           0x000004d5   Thumb Code     0  startup_s32k144.o(.text)
    SWI_IRQHandler                           0x000004d5   Thumb Code     0  startup_s32k144.o(.text)
    WDOG_EWM_IRQHandler                      0x000004d5   Thumb Code     0  startup_s32k144.o(.text)
    exit                                     0x000004e9   Thumb Code    18  exit.o(.text)
    __I$use$semihosting                      0x000004fb   Thumb Code     0  use_no_semi.o(.text)
    __use_no_semihosting_swi                 0x000004fb   Thumb Code     2  use_no_semi.o(.text)
    __semihosting_library_function           0x000004fd   Thumb Code     0  indicate_semi.o(.text)
    _sys_exit                                0x000004fd   Thumb Code     8  sys_exit.o(.text)
    Hal_Flash_Init                           0x00000509   Thumb Code    24  hal_flash.o(.text.Hal_Flash_Init)
    Hal_Write_Flash_Data_Function            0x00000521   Thumb Code   106  hal_flash.o(.text.Hal_Write_Flash_Data_Function)
    INT_SYS_DisableIRQGlobal                 0x0000058d   Thumb Code    18  interrupt_manager.o(.text.INT_SYS_DisableIRQGlobal)
    INT_SYS_EnableIRQGlobal                  0x000005a1   Thumb Code    46  interrupt_manager.o(.text.INT_SYS_EnableIRQGlobal)
    NormalRUNmode_80MHz                      0x0000063d   Thumb Code    46  clocks_and_modes.o(.text.NormalRUNmode_80MHz)
    SOSC_init_8MHz                           0x0000066d   Thumb Code    84  clocks_and_modes.o(.text.SOSC_init_8MHz)
    SPLL_init_160MHz                         0x000006c1   Thumb Code   120  clocks_and_modes.o(.text.SPLL_init_160MHz)
    SystemCoreClockUpdate                    0x00000739   Thumb Code   260  system_s32k144.o(.text.SystemCoreClockUpdate)
    SystemInit                               0x0000083d   Thumb Code    82  system_s32k144.o(.text.SystemInit)
    Test_Delay_Ms                            0x00000891   Thumb Code    62  main.o(.text.Test_Delay_Ms)
    init_data_bss                            0x00000901   Thumb Code   158  startup.o(.text.init_data_bss)
    main                                     0x000009a1   Thumb Code    68  main.o(.text.main)
    Long Thumb to Thumb Veneer to FLASH_DRV_Init 0x000009e5   Thumb Code    10  anon$$obj.o(Veneer$$Code)
    Long Thumb to Thumb Veneer to FLASH_DRV_EraseSector 0x000009ef   Thumb Code    10  anon$$obj.o(Veneer$$Code)
    Long Thumb to Thumb Veneer to FLASH_DRV_Program 0x000009f9   Thumb Code    10  anon$$obj.o(Veneer$$Code)
    _fp_init                                 0x00000a03   Thumb Code    26  fpinit.o(x$fpl$fpinit)
    __fplib_config_fpu_vfp                   0x00000a1b   Thumb Code     0  fpinit.o(x$fpl$fpinit)
    __fplib_config_pureend_doubles           0x00000a1b   Thumb Code     0  fpinit.o(x$fpl$fpinit)
    Flash1_InitConfig0                       0x00000a1c   Data          20  hal_flash.o(.rodata.Flash1_InitConfig0)
    Region$$Table$$Base                      0x00000a40   Number         0  anon$$obj.o(Region$$Table)
    Region$$Table$$Limit                     0x00000a70   Number         0  anon$$obj.o(Region$$Table)
    Image$$RW_m_data$$Base                   0x1fff8000   Number         0  anon$$obj.o ABSOLUTE
    SystemCoreClock                          0x1fff8000   Data           4  system_s32k144.o(.data.SystemCoreClock)
    buffer                                   0x1fff8004   Data          32  hal_flash.o(.bss.buffer)
    pSSDConfig                               0x1fff8028   Data          28  hal_flash.o(.bss.pSSDConfig)
    Image$$ARM_LIB_HEAP$$ZI$$Base            0x1fff8044   Number         0  anon$$obj.o ABSOLUTE
    Image$$ARM_LIB_HEAP$$ZI$$Limit           0x1fff8444   Number         0  anon$$obj.o ABSOLUTE
    Image$$ARM_LIB_STACK$$ZI$$Limit          0x20006000   Number         0  anon$$obj.o ABSOLUTE
    FLASH_DRV_EraseSector                    0x20006061   Thumb Code   306  flash_driver.o(.text.FLASH_DRV_EraseSector)
    FLASH_DRV_Init                           0x200062fd   Thumb Code   116  flash_driver.o(.text.FLASH_DRV_Init)
    FLASH_DRV_Program                        0x20006371   Thumb Code   348  flash_driver.o(.text.FLASH_DRV_Program)



==============================================================================

Memory Map of the image

  Image Entry point : 0x00000411

  Load Region LR_m_text (Base: 0x00000410, Size: 0x00000b30, Max: 0x0007fbf0, ABSOLUTE)

    Execution Region ER_m_text (Exec base: 0x00000410, Load base: 0x00000410, Size: 0x00000660, Max: 0x0007fbf0, ABSOLUTE)

    Exec Addr    Load Addr    Size         Type   Attr      Idx    E Section Name        Object

    0x00000410   0x00000410   0x00000008   Code   RO          190  * !!!main             c_w.l(__main.o)
    0x00000418   0x00000418   0x00000034   Code   RO          368    !!!scatter          c_w.l(__scatter.o)
    0x0000044c   0x0000044c   0x0000001a   Code   RO          370    !!handler_copy      c_w.l(__scatter_copy.o)
    0x00000466   0x00000466   0x00000002   PAD
    0x00000468   0x00000468   0x0000001c   Code   RO          372    !!handler_zi        c_w.l(__scatter_zi.o)
    0x00000484   0x00000484   0x00000002   Code   RO          222    .ARM.Collect$$libinit$$00000000  c_w.l(libinit.o)
    0x00000486   0x00000486   0x00000004   Code   RO          232    .ARM.Collect$$libinit$$00000001  c_w.l(libinit2.o)
    0x0000048a   0x0000048a   0x00000000   Code   RO          235    .ARM.Collect$$libinit$$00000004  c_w.l(libinit2.o)
    0x0000048a   0x0000048a   0x00000000   Code   RO          237    .ARM.Collect$$libinit$$00000006  c_w.l(libinit2.o)
    0x0000048a   0x0000048a   0x00000000   Code   RO          240    .ARM.Collect$$libinit$$0000000C  c_w.l(libinit2.o)
    0x0000048a   0x0000048a   0x00000000   Code   RO          242    .ARM.Collect$$libinit$$0000000E  c_w.l(libinit2.o)
    0x0000048a   0x0000048a   0x00000000   Code   RO          244    .ARM.Collect$$libinit$$00000010  c_w.l(libinit2.o)
    0x0000048a   0x0000048a   0x00000000   Code   RO          247    .ARM.Collect$$libinit$$00000013  c_w.l(libinit2.o)
    0x0000048a   0x0000048a   0x00000000   Code   RO          249    .ARM.Collect$$libinit$$00000015  c_w.l(libinit2.o)
    0x0000048a   0x0000048a   0x00000000   Code   RO          251    .ARM.Collect$$libinit$$00000017  c_w.l(libinit2.o)
    0x0000048a   0x0000048a   0x00000000   Code   RO          253    .ARM.Collect$$libinit$$00000019  c_w.l(libinit2.o)
    0x0000048a   0x0000048a   0x00000000   Code   RO          255    .ARM.Collect$$libinit$$0000001B  c_w.l(libinit2.o)
    0x0000048a   0x0000048a   0x00000000   Code   RO          257    .ARM.Collect$$libinit$$0000001D  c_w.l(libinit2.o)
    0x0000048a   0x0000048a   0x00000000   Code   RO          259    .ARM.Collect$$libinit$$0000001F  c_w.l(libinit2.o)
    0x0000048a   0x0000048a   0x00000000   Code   RO          261    .ARM.Collect$$libinit$$00000021  c_w.l(libinit2.o)
    0x0000048a   0x0000048a   0x00000000   Code   RO          263    .ARM.Collect$$libinit$$00000023  c_w.l(libinit2.o)
    0x0000048a   0x0000048a   0x00000000   Code   RO          265    .ARM.Collect$$libinit$$00000025  c_w.l(libinit2.o)
    0x0000048a   0x0000048a   0x00000000   Code   RO          267    .ARM.Collect$$libinit$$00000027  c_w.l(libinit2.o)
    0x0000048a   0x0000048a   0x00000000   Code   RO          271    .ARM.Collect$$libinit$$0000002E  c_w.l(libinit2.o)
    0x0000048a   0x0000048a   0x00000000   Code   RO          273    .ARM.Collect$$libinit$$00000030  c_w.l(libinit2.o)
    0x0000048a   0x0000048a   0x00000000   Code   RO          275    .ARM.Collect$$libinit$$00000032  c_w.l(libinit2.o)
    0x0000048a   0x0000048a   0x00000000   Code   RO          277    .ARM.Collect$$libinit$$00000034  c_w.l(libinit2.o)
    0x0000048a   0x0000048a   0x00000002   Code   RO          278    .ARM.Collect$$libinit$$00000035  c_w.l(libinit2.o)
    0x0000048c   0x0000048c   0x00000002   Code   RO          307    .ARM.Collect$$libshutdown$$00000000  c_w.l(libshutdown.o)
    0x0000048e   0x0000048e   0x00000000   Code   RO          319    .ARM.Collect$$libshutdown$$00000002  c_w.l(libshutdown2.o)
    0x0000048e   0x0000048e   0x00000000   Code   RO          321    .ARM.Collect$$libshutdown$$00000004  c_w.l(libshutdown2.o)
    0x0000048e   0x0000048e   0x00000000   Code   RO          324    .ARM.Collect$$libshutdown$$00000007  c_w.l(libshutdown2.o)
    0x0000048e   0x0000048e   0x00000000   Code   RO          327    .ARM.Collect$$libshutdown$$0000000A  c_w.l(libshutdown2.o)
    0x0000048e   0x0000048e   0x00000000   Code   RO          329    .ARM.Collect$$libshutdown$$0000000C  c_w.l(libshutdown2.o)
    0x0000048e   0x0000048e   0x00000000   Code   RO          332    .ARM.Collect$$libshutdown$$0000000F  c_w.l(libshutdown2.o)
    0x0000048e   0x0000048e   0x00000002   Code   RO          333    .ARM.Collect$$libshutdown$$00000010  c_w.l(libshutdown2.o)
    0x00000490   0x00000490   0x00000000   Code   RO          192    .ARM.Collect$$rtentry$$00000000  c_w.l(__rtentry.o)
    0x00000490   0x00000490   0x00000000   Code   RO          194    .ARM.Collect$$rtentry$$00000002  c_w.l(__rtentry2.o)
    0x00000490   0x00000490   0x00000004   Code   RO          208    .ARM.Collect$$rtentry$$00000007  c_w.l(__rtentry7.o)
    0x00000494   0x00000494   0x00000000   Code   RO          196    .ARM.Collect$$rtentry$$00000009  c_w.l(__rtentry2.o)
    0x00000494   0x00000494   0x00000004   Code   RO          197    .ARM.Collect$$rtentry$$0000000A  c_w.l(__rtentry2.o)
    0x00000498   0x00000498   0x00000000   Code   RO          199    .ARM.Collect$$rtentry$$0000000C  c_w.l(__rtentry2.o)
    0x00000498   0x00000498   0x00000008   Code   RO          200    .ARM.Collect$$rtentry$$0000000D  c_w.l(__rtentry2.o)
    0x000004a0   0x000004a0   0x00000004   Code   RO          209    .ARM.Collect$$rtentry$$00002718  c_w.l(__rtentry7.o)
    0x000004a4   0x000004a4   0x00000002   Code   RO          230    .ARM.Collect$$rtexit$$00000000  c_w.l(rtexit.o)
    0x000004a6   0x000004a6   0x00000000   Code   RO          287    .ARM.Collect$$rtexit$$00000002  c_w.l(rtexit2.o)
    0x000004a6   0x000004a6   0x00000004   Code   RO          288    .ARM.Collect$$rtexit$$00000003  c_w.l(rtexit2.o)
    0x000004aa   0x000004aa   0x00000006   Code   RO          289    .ARM.Collect$$rtexit$$00000004  c_w.l(rtexit2.o)
    0x000004b0   0x000004b0   0x00000038   Code   RO          167    .text               startup_s32k144.o
    0x000004e8   0x000004e8   0x00000012   Code   RO          215    .text               c_w.l(exit.o)
    0x000004fa   0x000004fa   0x00000002   Code   RO          283    .text               c_w.l(use_no_semi.o)
    0x000004fc   0x000004fc   0x00000000   Code   RO          285    .text               c_w.l(indicate_semi.o)
    0x000004fc   0x000004fc   0x0000000c   Code   RO          297    .text               c_w.l(sys_exit.o)
    0x00000508   0x00000508   0x00000018   Code   RO           34    .text.Hal_Flash_Init  hal_flash.o
    0x00000520   0x00000520   0x0000006a   Code   RO           36    .text.Hal_Write_Flash_Data_Function  hal_flash.o
    0x0000058a   0x0000058a   0x00000002   PAD
    0x0000058c   0x0000058c   0x00000012   Code   RO          144    .text.INT_SYS_DisableIRQGlobal  interrupt_manager.o
    0x0000059e   0x0000059e   0x00000002   PAD
    0x000005a0   0x000005a0   0x0000002e   Code   RO          142    .text.INT_SYS_EnableIRQGlobal  interrupt_manager.o
    0x000005ce   0x000005ce   0x00000002   PAD
    0x000005d0   0x000005d0   0x0000006a   Code   RO           24    .text.Led_Confg_Init  main.o
    0x0000063a   0x0000063a   0x00000002   PAD
    0x0000063c   0x0000063c   0x0000002e   Code   RO            9    .text.NormalRUNmode_80MHz  clocks_and_modes.o
    0x0000066a   0x0000066a   0x00000002   PAD
    0x0000066c   0x0000066c   0x00000054   Code   RO            5    .text.SOSC_init_8MHz  clocks_and_modes.o
    0x000006c0   0x000006c0   0x00000078   Code   RO            7    .text.SPLL_init_160MHz  clocks_and_modes.o
    0x00000738   0x00000738   0x00000104   Code   RO          176    .text.SystemCoreClockUpdate  system_s32k144.o
    0x0000083c   0x0000083c   0x00000052   Code   RO          174    .text.SystemInit    system_s32k144.o
    0x0000088e   0x0000088e   0x00000002   PAD
    0x00000890   0x00000890   0x0000003e   Code   RO           18    .text.Test_Delay_Ms  main.o
    0x000008ce   0x000008ce   0x00000002   PAD
    0x000008d0   0x000008d0   0x00000030   Code   RO           22    .text.WDOG_disable  main.o
    0x00000900   0x00000900   0x0000009e   Code   RO           48    .text.init_data_bss  startup.o
    0x0000099e   0x0000099e   0x00000002   PAD
    0x000009a0   0x000009a0   0x00000044   Code   RO           20    .text.main          main.o
    0x000009e4   0x000009e4   0x0000000a   Ven    RO          374    Veneer$$Code        anon$$obj.o
    0x000009ee   0x000009ee   0x0000000a   Ven    RO          375    Veneer$$Code        anon$$obj.o
    0x000009f8   0x000009f8   0x0000000a   Ven    RO          376    Veneer$$Code        anon$$obj.o
    0x00000a02   0x00000a02   0x0000001a   Code   RO          295    x$fpl$fpinit        fz_wm.l(fpinit.o)
    0x00000a1c   0x00000a1c   0x00000014   Data   RO           39    .rodata.Flash1_InitConfig0  hal_flash.o
    0x00000a30   0x00000a30   0x00000010   Data   RO          181    .rodata.SystemCoreClockUpdate.fircFreq  system_s32k144.o
    0x00000a40   0x00000a40   0x00000030   Data   RO          367    Region$$Table       anon$$obj.o


    Execution Region RW_m_data (Exec base: 0x1fff8000, Load base: 0x00000a70, Size: 0x00000044, Max: 0x00008000, ABSOLUTE)

    Exec Addr    Load Addr    Size         Type   Attr      Idx    E Section Name        Object

    0x1fff8000   0x00000a70   0x00000004   Data   RW          180    .data.SystemCoreClock  system_s32k144.o
    0x1fff8004        -       0x00000020   Zero   RW           38    .bss.buffer         hal_flash.o
    0x1fff8024        -       0x00000004   Zero   RW          158    .bss.g_interruptDisableCount  interrupt_manager.o
    0x1fff8028        -       0x0000001c   Zero   RW           40    .bss.pSSDConfig     hal_flash.o


    Execution Region ARM_LIB_HEAP (Exec base: 0x1fff8044, Load base: 0x00000a74, Size: 0x00000400, Max: 0x00000400, ABSOLUTE)

    Exec Addr    Load Addr    Size         Type   Attr      Idx    E Section Name        Object

    0x1fff8044        -       0x00000400   Zero   RW            1    ARM_LIB_HEAP.bss    anon$$obj.o


    Execution Region RW_m_data_2 (Exec base: 0x20000000, Load base: 0x00000a74, Size: 0x00000000, Max: 0x00005800, ABSOLUTE)

    **** No section assigned to this execution region ****


    Execution Region ARM_LIB_STACK (Exec base: 0x20005c00, Load base: 0x00000a74, Size: 0x00000400, Max: 0x00000400, ABSOLUTE)

    Exec Addr    Load Addr    Size         Type   Attr      Idx    E Section Name        Object

    0x20005c00        -       0x00000400   Zero   RW            2    ARM_LIB_STACK.bss   anon$$obj.o


    Execution Region CODE_RAM (Exec base: 0x20006000, Load base: 0x00000a74, Size: 0x000004cc, Max: 0x00001000, ABSOLUTE)

    Exec Addr    Load Addr    Size         Type   Attr      Idx    E Section Name        Object

    0x20006000   0x00000a74   0x00000060   Code   RO           69    .text.FLASH_DRV_CommandSequence  flash_driver.o
    0x20006060   0x00000ad4   0x00000132   Code   RO           75    .text.FLASH_DRV_EraseSector  flash_driver.o
    0x20006192   0x00000c06   0x00000002   PAD
    0x20006194   0x00000c08   0x00000166   Code   RO           59    .text.FLASH_DRV_GetDEPartitionCode  flash_driver.o
    0x200062fa   0x00000d6e   0x00000002   PAD
    0x200062fc   0x00000d70   0x00000074   Code   RO           57    .text.FLASH_DRV_Init  flash_driver.o
    0x20006370   0x00000de4   0x0000015c   Code   RO           87    .text.FLASH_DRV_Program  flash_driver.o



  Load Region LR_m_interrupts (Base: 0x00000000, Size: 0x00000400, Max: 0x00000400, ABSOLUTE)

    Execution Region VECTOR_RAM (Exec base: 0x00000000, Load base: 0x00000000, Size: 0x00000000, Max: 0x00000000, ABSOLUTE)

    Exec Addr    Load Addr    Size         Type   Attr      Idx    E Section Name        Object

    0x00000000        -       0x00000000   Zero   RW            3    VECTOR_RAM.bss      anon$$obj.o


    Execution Region VECTOR_ROM (Exec base: 0x00000000, Load base: 0x00000000, Size: 0x00000400, Max: 0x00000400, ABSOLUTE)

    Exec Addr    Load Addr    Size         Type   Attr      Idx    E Section Name        Object

    0x00000000   0x00000000   0x00000400   Data   RO          165    RESET               startup_s32k144.o



  Load Region LR_m_flash_config (Base: 0x00000400, Size: 0x00000010, Max: 0x00000010, ABSOLUTE)

    Execution Region ER_m_flash_config (Exec base: 0x00000400, Load base: 0x00000400, Size: 0x00000010, Max: 0x00000010, ABSOLUTE)

    Exec Addr    Load Addr    Size         Type   Attr      Idx    E Section Name        Object

    0x00000400   0x00000400   0x00000010   Data   RO          166    FlashConfig         startup_s32k144.o


==============================================================================

Image component sizes


      Code (inc. data)   RO Data    RW Data    ZI Data      Debug   Object Name

       250          0          0          0          0       1729   clocks_and_modes.o
      1224          0          0          0          0      18841   flash_driver.o
       130          0         20          0         60       4322   hal_flash.o
        64          0          0          0          4       6202   interrupt_manager.o
       284          0          0          0          0       1923   main.o
       158          0          0          0          0        950   startup.o
        56         18       1040          0          0        920   startup_s32k144.o
       342          6         16          4          0       2871   system_s32k144.o

    ----------------------------------------------------------------------
      2558         24       1124          4       2112      37758   Object Totals
        30          0         48          0       2048          0   (incl. Generated)
        20          0          0          0          0          0   (incl. Padding)

    ----------------------------------------------------------------------

      Code (inc. data)   RO Data    RW Data    ZI Data      Debug   Library Member Name

         8          0          0          0          0         68   __main.o
         0          0          0          0          0          0   __rtentry.o
        12          0          0          0          0          0   __rtentry2.o
         8          4          0          0          0          0   __rtentry7.o
        52          8          0          0          0          0   __scatter.o
        26          0          0          0          0          0   __scatter_copy.o
        28          0          0          0          0          0   __scatter_zi.o
        18          0          0          0          0         80   exit.o
         0          0          0          0          0          0   indicate_semi.o
         2          0          0          0          0          0   libinit.o
         6          0          0          0          0          0   libinit2.o
         2          0          0          0          0          0   libshutdown.o
         2          0          0          0          0          0   libshutdown2.o
         2          0          0          0          0          0   rtexit.o
        10          0          0          0          0          0   rtexit2.o
        12          4          0          0          0         68   sys_exit.o
         2          0          0          0          0         68   use_no_semi.o
        26          0          0          0          0        116   fpinit.o

    ----------------------------------------------------------------------
       218         16          0          0          0        400   Library Totals
         2          0          0          0          0          0   (incl. Padding)

    ----------------------------------------------------------------------

      Code (inc. data)   RO Data    RW Data    ZI Data      Debug   Library Name

       190         16          0          0          0        284   c_w.l
        26          0          0          0          0        116   fz_wm.l

    ----------------------------------------------------------------------
       218         16          0          0          0        400   Library Totals

    ----------------------------------------------------------------------

==============================================================================


      Code (inc. data)   RO Data    RW Data    ZI Data      Debug   

      2776         40       1124          4       2112      38038   Grand Totals
      2776         40       1124          4       2112      38038   ELF Image Totals
      2776         40       1124          4          0          0   ROM Totals

==============================================================================

    Total RO  Size (Code + RO Data)                 3900 (   3.81kB)
    Total RW  Size (RW Data + ZI Data)              2116 (   2.07kB)
    Total ROM Size (Code + RO Data + RW Data)       3904 (   3.81kB)

==============================================================================

