Component: ARM Compiler 5.06 update 7 (build 960) Tool: armlink [4d3601]

==============================================================================

Section Cross References

    main.o(i.main) refers to hal_clocks_and_modes.o(i.Hal_Clock_System_Init) for Hal_Clock_System_Init
    main.o(i.main) refers to hal_flash.o(i.Hal_Flash_Init) for Hal_Flash_Init
    main.o(i.main) refers to hal_can.o(i.Hal_FlexCan_Init) for Hal_FlexCan_Init
    main.o(i.main) refers to hal_flash.o(i.Hal_Ret_Check_Start_Mode_Flag_Function) for Hal_Ret_Check_Start_Mode_Flag_Function
    main.o(i.main) refers to hal_can.o(i.Hal_CAN0_Send_Data_Function) for Hal_CAN0_Send_Data_Function
    main.o(i.main) refers to hal_flash.o(i.Hal_Goto_App_CharString_Flash_Revert_Function) for Hal_Goto_App_CharString_Flash_Revert_Function
    main.o(i.main) refers to uds_service.o(i.Uds_Ret_Brushing_Completed_Flag) for Uds_Ret_Brushing_Completed_Flag
    main.o(i.main) refers to uds_tp.o(i.Uds_Diagnostic_Protocol_CycleProcess) for Uds_Diagnostic_Protocol_CycleProcess
    main.o(i.main) refers to main.o(.data) for .data
    hal_flash.o(i.Hal_Flash_Init) refers to flash_driver.o(i.FLASH_DRV_Init) for FLASH_DRV_Init
    hal_flash.o(i.Hal_Flash_Init) refers to hal_flash.o(.bss) for .bss
    hal_flash.o(i.Hal_Flash_Init) refers to hal_flash.o(.constdata) for .constdata
    hal_flash.o(i.Hal_Goto_App_CharString_Flash_Revert_Function) refers to interrupt_manager.o(i.INT_SYS_DisableIRQGlobal) for INT_SYS_DisableIRQGlobal
    hal_flash.o(i.Hal_Goto_App_CharString_Flash_Revert_Function) refers to flash_driver.o(i.FLASH_DRV_EraseSector) for FLASH_DRV_EraseSector
    hal_flash.o(i.Hal_Goto_App_CharString_Flash_Revert_Function) refers to flash_driver.o(i.FLASH_DRV_Program) for FLASH_DRV_Program
    hal_flash.o(i.Hal_Goto_App_CharString_Flash_Revert_Function) refers to interrupt_manager.o(i.INT_SYS_EnableIRQGlobal) for INT_SYS_EnableIRQGlobal
    hal_flash.o(i.Hal_Goto_App_CharString_Flash_Revert_Function) refers to hal_flash.o(.bss) for .bss
    hal_flash.o(i.Hal_Ret_Check_Start_Mode_Flag_Function) refers to rt_memcpy_v6.o(.text) for __aeabi_memcpy
    hal_flash.o(i.Hal_Ret_Check_Start_Mode_Flag_Function) refers to memcmp.o(.text) for memcmp
    hal_flash.o(i.Hal_Ret_Check_Start_Mode_Flag_Function) refers to hal_flash.o(.bss) for .bss
    hal_flash.o(i.Hal_Uds_36_Service_EraseSector_Write_Flash_Buffer_Function) refers to rt_memcpy_v6.o(.text) for __aeabi_memcpy
    hal_flash.o(i.Hal_Uds_36_Service_EraseSector_Write_Flash_Buffer_Function) refers to interrupt_manager.o(i.INT_SYS_DisableIRQGlobal) for INT_SYS_DisableIRQGlobal
    hal_flash.o(i.Hal_Uds_36_Service_EraseSector_Write_Flash_Buffer_Function) refers to flash_driver.o(i.FLASH_DRV_EraseSector) for FLASH_DRV_EraseSector
    hal_flash.o(i.Hal_Uds_36_Service_EraseSector_Write_Flash_Buffer_Function) refers to flash_driver.o(i.FLASH_DRV_Program) for FLASH_DRV_Program
    hal_flash.o(i.Hal_Uds_36_Service_EraseSector_Write_Flash_Buffer_Function) refers to interrupt_manager.o(i.INT_SYS_EnableIRQGlobal) for INT_SYS_EnableIRQGlobal
    hal_flash.o(i.Hal_Uds_36_Service_EraseSector_Write_Flash_Buffer_Function) refers to hal_flash.o(.bss) for .bss
    hal_clocks_and_modes.o(i.Hal_Clock_System_Init) refers to clocks_and_modes.o(i.SOSC_init_8MHz) for SOSC_init_8MHz
    hal_clocks_and_modes.o(i.Hal_Clock_System_Init) refers to clocks_and_modes.o(i.SPLL_init_160MHz) for SPLL_init_160MHz
    hal_clocks_and_modes.o(i.Hal_Clock_System_Init) refers to clocks_and_modes.o(i.NormalRUNmode_80MHz) for NormalRUNmode_80MHz
    hal_clocks_and_modes.o(i.Hal_Clock_System_Init) refers to system_s32k144.o(i.SystemCoreClockUpdate) for SystemCoreClockUpdate
    hal_can.o(i.CAN0_ORed_0_15_MB_IRQHandler) refers to hal_can.o(i.Hal_CanSetQueueBufferMessage) for Hal_CanSetQueueBufferMessage
    hal_can.o(i.CAN0_ORed_0_15_MB_IRQHandler) refers to hal_can.o(.bss) for .bss
    hal_can.o(i.Hal_CanDriverReceiveWaitFunction) refers to interrupt_manager.o(i.INT_SYS_DisableIRQGlobal) for INT_SYS_DisableIRQGlobal
    hal_can.o(i.Hal_CanDriverReceiveWaitFunction) refers to interrupt_manager.o(i.INT_SYS_EnableIRQGlobal) for INT_SYS_EnableIRQGlobal
    hal_can.o(i.Hal_CanSetQueueBufferMessage) refers to interrupt_manager.o(i.INT_SYS_DisableIRQGlobal) for INT_SYS_DisableIRQGlobal
    hal_can.o(i.Hal_CanSetQueueBufferMessage) refers to interrupt_manager.o(i.INT_SYS_EnableIRQGlobal) for INT_SYS_EnableIRQGlobal
    hal_can.o(i.Hal_FlexCan_Init) refers to hal_can.o(i.Hal_FlexCan0_Init) for Hal_FlexCan0_Init
    hal_can.o(i.pt_Hal_Ret_Can_Rx_Queue_Message) refers to hal_can.o(.bss) for .bss
    uds_service.o(i.Serivice0x10Process) refers to uds_tp.o(i.Uds_Tp_ResetSession_Timer) for Uds_Tp_ResetSession_Timer
    uds_service.o(i.Serivice0x10Process) refers to uds_tp.o(i.Uds_CanDataTransmit_Function) for Uds_CanDataTransmit_Function
    uds_service.o(i.Serivice0x10Process) refers to uds_tp.o(.constdata) for m_uds_Parameter_Configuration
[...]
    uds_tp.o(i.Uds_Diagnostic_Protocol_CycleProcess) refers to uds_service.o(i.UdsServiceProcessFunction) for UdsServiceProcessFunction
    uds_tp.o(i.Uds_Diagnostic_Protocol_CycleProcess) refers to uds_tp.o(.data) for .data
    uds_tp.o(i.Uds_Diagnostic_Protocol_CycleProcess) refers to uds_tp.o(.bss) for .bss
    uds_tp.o(i.Uds_Tp_ResetSession_Timer) refers to uds_tp.o(.bss) for .bss
    startup.o(i.init_data_bss) refers to startup.o(.constdata) for .constdata
    startup.o(i.init_data_bss) refers to startup_s32k144.o(RESET) for __Vectors
    flash_driver.o(i.FLASH_DRV_DEFlashPartition) refers to flash_driver.o(i.FLASH_DRV_CommandSequence) for FLASH_DRV_CommandSequence
    flash_driver.o(i.FLASH_DRV_DisableCmdCompleteInterupt) refers to interrupt_manager.o(i.INT_SYS_DisableIRQ) for INT_SYS_DisableIRQ
    flash_driver.o(i.FLASH_DRV_DisableDoubleBitFaultInterupt) refers to interrupt_manager.o(i.INT_SYS_DisableIRQ) for INT_SYS_DisableIRQ
    flash_driver.o(i.FLASH_DRV_DisableReadColisionInterupt) refers to interrupt_manager.o(i.INT_SYS_DisableIRQ) for INT_SYS_DisableIRQ
    flash_driver.o(i.FLASH_DRV_EnableCmdCompleteInterupt) refers to interrupt_manager.o(i.INT_SYS_EnableIRQ) for INT_SYS_EnableIRQ
    flash_driver.o(i.FLASH_DRV_EnableDoubleBitFaultInterupt) refers to interrupt_manager.o(i.INT_SYS_EnableIRQ) for INT_SYS_EnableIRQ
    flash_driver.o(i.FLASH_DRV_EnableReadColisionInterupt) refers to interrupt_manager.o(i.INT_SYS_EnableIRQ) for INT_SYS_EnableIRQ
    flash_driver.o(i.FLASH_DRV_EraseAllBlock) refers to flash_driver.o(i.FLASH_DRV_CommandSequence) for FLASH_DRV_CommandSequence
    flash_driver.o(i.FLASH_DRV_EraseAllBlockUnsecure) refers to flash_driver.o(i.FLASH_DRV_CommandSequence) for FLASH_DRV_CommandSequence
    flash_driver.o(i.FLASH_DRV_EraseBlock) refers to flash_driver.o(i.FLASH_DRV_CommandSequence) for FLASH_DRV_CommandSequence
    flash_driver.o(i.FLASH_DRV_EraseSector) refers to flash_driver.o(i.FLASH_DRV_CommandSequence) for FLASH_DRV_CommandSequence
    flash_driver.o(i.FLASH_DRV_Init) refers to flash_driver.o(i.FLASH_DRV_GetDEPartitionCode) for FLASH_DRV_GetDEPartitionCode
    flash_driver.o(i.FLASH_DRV_Program) refers to flash_driver.o(i.FLASH_DRV_CommandSequence) for FLASH_DRV_CommandSequence
    flash_driver.o(i.FLASH_DRV_ProgramCheck) refers to flash_driver.o(i.FLASH_DRV_CommandSequence) for FLASH_DRV_CommandSequence
    flash_driver.o(i.FLASH_DRV_ProgramOnce) refers to flash_driver.o(i.FLASH_DRV_CommandSequence) for FLASH_DRV_CommandSequence
    flash_driver.o(i.FLASH_DRV_ProgramSection) refers to flash_driver.o(i.FLASH_DRV_CommandSequence) for FLASH_DRV_CommandSequence
    flash_driver.o(i.FLASH_DRV_ReadOnce) refers to flash_driver.o(i.FLASH_DRV_CommandSequence) for FLASH_DRV_CommandSequence
    flash_driver.o(i.FLASH_DRV_SecurityBypass) refers to flash_driver.o(i.FLASH_DRV_CommandSequence) for FLASH_DRV_CommandSequence
    flash_driver.o(i.FLASH_DRV_SetFlexRamFunction) refers to flash_driver.o(i.FLASH_DRV_CommandSequence) for FLASH_DRV_CommandSequence
    flash_driver.o(i.FLASH_DRV_VerifyAllBlock) refers to flash_driver.o(i.FLASH_DRV_CommandSequence) for FLASH_DRV_CommandSequence
    flash_driver.o(i.FLASH_DRV_VerifyBlock) refers to flash_driver.o(i.FLASH_DRV_CommandSequence) for FLASH_DRV_CommandSequence
    flash_driver.o(i.FLASH_DRV_VerifySection) refers to flash_driver.o(i.FLASH_DRV_CommandSequence) for FLASH_DRV_CommandSequence
    interrupt_manager.o(i.INT_SYS_DisableIRQGlobal) refers to interrupt_manager.o(.data) for .data
    interrupt_manager.o(i.INT_SYS_EnableIRQGlobal) refers to interrupt_manager.o(.data) for .data
    startup_s32k144.o(RESET) refers to startup_s32k144.o(.text) for Reset_Handler
    startup_s32k144.o(RESET) refers to hal_can.o(i.CAN0_ORed_0_15_MB_IRQHandler) for CAN0_ORed_0_15_MB_IRQHandler
    startup_s32k144.o(.text) refers to startup_s32k144.o(FlashConfig) for FlashConfig
    startup_s32k144.o(.text) refers to system_s32k144.o(i.SystemInit) for SystemInit
    startup_s32k144.o(.text) refers to startup.o(i.init_data_bss) for init_data_bss
    startup_s32k144.o(.text) refers to __main.o(!!!main) for __main
    system_s32k144.o(i.SystemCoreClockUpdate) refers to system_s32k144.o(.data) for .data
    system_s32k144.o(i.SystemCoreClockUpdate) refers to system_s32k144.o(.constdata) for .constdata
    rt_memcpy_v6.o(.text) refers to rt_memcpy_w.o(.text) for __aeabi_memcpy4
    __main.o(!!!main) refers to __rtentry.o(.ARM.Collect$$rtentry$$00000000) for __rt_entry
    __rtentry.o(.ARM.Collect$$rtentry$$00000000) refers (Special) to __rtentry2.o(.ARM.Collect$$rtentry$$0000000A) for __rt_entry_li
    __rtentry.o(.ARM.Collect$$rtentry$$00000000) refers (Special) to __rtentry2.o(.ARM.Collect$$rtentry$$0000000D) for __rt_entry_main
    __rtentry.o(.ARM.Collect$$rtentry$$00000000) refers (Special) to __rtentry2.o(.ARM.Collect$$rtentry$$0000000C) for __rt_entry_postli_1
    __rtentry.o(.ARM.Collect$$rtentry$$00000000) refers (Special) to __rtentry2.o(.ARM.Collect$$rtentry$$00000009) for __rt_entry_postsh_1
    __rtentry.o(.ARM.Collect$$rtentry$$00000000) refers (Special) to __rtentry2.o(.ARM.Collect$$rtentry$$00000002) for __rt_entry_presh_1
    __rtentry.o(.ARM.Collect$$rtentry$$00000000) refers (Special) to __rtentry7.o(.ARM.Collect$$rtentry$$00000007) for __rt_entry_sh
    __rtentry2.o(.ARM.Collect$$rtentry$$00000008) refers to boardinit2.o(.text) for _platform_post_stackheap_init
    __rtentry2.o(.ARM.Collect$$rtentry$$0000000A) refers to libinit.o(.ARM.Collect$$libinit$$00000000) for __rt_lib_init
    __rtentry2.o(.ARM.Collect$$rtentry$$0000000B) refers to boardinit3.o(.text) for _platform_post_lib_init
    __rtentry2.o(.ARM.Collect$$rtentry$$0000000D) refers to main.o(i.main) for main
    __rtentry2.o(.ARM.Collect$$rtentry$$0000000D) refers to exit.o(.text) for exit
    __rtentry2.o(.ARM.exidx) refers to __rtentry2.o(.ARM.Collect$$rtentry$$00000001) for .ARM.Collect$$rtentry$$00000001
    __rtentry2.o(.ARM.exidx) refers to __rtentry2.o(.ARM.Collect$$rtentry$$00000008) for .ARM.Collect$$rtentry$$00000008
    __rtentry2.o(.ARM.exidx) refers to __rtentry2.o(.ARM.Collect$$rtentry$$0000000A) for .ARM.Collect$$rtentry$$0000000A
    __rtentry2.o(.ARM.exidx) refers to __rtentry2.o(.ARM.Collect$$rtentry$$0000000B) for .ARM.Collect$$rtentry$$0000000B
    __rtentry2.o(.ARM.exidx) refers to __rtentry2.o(.ARM.Collect$$rtentry$$0000000D) for .ARM.Collect$$rtentry$$0000000D
    __rtentry4.o(.ARM.Collect$$rtentry$$00000004) refers to sys_stackheap_outer.o(.text) for __user_setup_stackheap
    __rtentry4.o(.ARM.exidx) refers to __rtentry4.o(.ARM.Collect$$rtentry$$00000004) for .ARM.Collect$$rtentry$$00000004
    __rtentry7.o(.ARM.Collect$$rtentry$$00000007) refers to __rtentry7.o(.ARM.Collect$$rtentry$$00002718) for __lit__00000000
    __rtentry7.o(__vectab_stack_and_reset_2_area) refers to __main.o(!!!main) for __main
    __rtentry7.o(.ARM.exidx) refers to __rtentry7.o(.ARM.Collect$$rtentry$$00000007) for .ARM.Collect$$rtentry$$00000007
    __rtentry7.o(.ARM.exidx) refers to __rtentry7.o(.ARM.Collect$$rtentry$$00002718) for .ARM.Collect$$rtentry$$00002718
    sys_stackheap_outer.o(.text) refers to libspace.o(.text) for __user_perproc_libspace
    sys_stackheap_outer.o(.text) refers to sys_stackheap.o(.text) for __user_initial_stackheap
    exit.o(.text) refers to rtexit.o(.ARM.Collect$$rtexit$$00000000) for __rt_exit
    libinit.o(.ARM.Collect$$libinit$$00000000) refers (Special) to libinit2.o(.ARM.Collect$$libinit$$0000002E) for __rt_lib_init_alloca_1
    libinit.o(.ARM.Collect$$libinit$$00000000) refers (Special) to libinit2.o(.ARM.Collect$$libinit$$0000002C) for __rt_lib_init_argv_1
    libinit.o(.ARM.Collect$$libinit$$00000000) refers (Special) to libinit2.o(.ARM.Collect$$libinit$$0000001B) for __rt_lib_init_atexit_1
    libinit.o(.ARM.Collect$$libinit$$00000000) refers (Special) to libinit2.o(.ARM.Collect$$libinit$$00000021) for __rt_lib_init_clock_1
    libinit.o(.ARM.Collect$$libinit$$00000000) refers (Special) to libinit2.o(.ARM.Collect$$libinit$$00000032) for __rt_lib_init_cpp_1
    libinit.o(.ARM.Collect$$libinit$$00000000) refers (Special) to libinit2.o(.ARM.Collect$$libinit$$00000030) for __rt_lib_init_exceptions_1
    libinit.o(.ARM.Collect$$libinit$$00000000) refers (Special) to libinit2.o(.ARM.Collect$$libinit$$00000001) for __rt_lib_init_fp_1
    libinit.o(.ARM.Collect$$libinit$$00000000) refers (Special) to libinit2.o(.ARM.Collect$$libinit$$0000001F) for __rt_lib_init_fp_trap_1
    libinit.o(.ARM.Collect$$libinit$$00000000) refers (Special) to libinit2.o(.ARM.Collect$$libinit$$00000023) for __rt_lib_init_getenv_1
    libinit.o(.ARM.Collect$$libinit$$00000000) refers (Special) to libinit2.o(.ARM.Collect$$libinit$$0000000A) for __rt_lib_init_heap_1
    libinit.o(.ARM.Collect$$libinit$$00000000) refers (Special) to libinit2.o(.ARM.Collect$$libinit$$00000011) for __rt_lib_init_lc_collate_1
    libinit.o(.ARM.Collect$$libinit$$00000000) refers (Special) to libinit2.o(.ARM.Collect$$libinit$$00000013) for __rt_lib_init_lc_ctype_1
    libinit.o(.ARM.Collect$$libinit$$00000000) refers (Special) to libinit2.o(.ARM.Collect$$libinit$$00000015) for __rt_lib_init_lc_monetary_1
    libinit.o(.ARM.Collect$$libinit$$00000000) refers (Special) to libinit2.o(.ARM.Collect$$libinit$$00000017) for __rt_lib_init_lc_numeric_1
    libinit.o(.ARM.Collect$$libinit$$00000000) refers (Special) to libinit2.o(.ARM.Collect$$libinit$$00000019) for __rt_lib_init_lc_time_1
    libinit.o(.ARM.Collect$$libinit$$00000000) refers (Special) to libinit2.o(.ARM.Collect$$libinit$$00000004) for __rt_lib_init_preinit_1
    libinit.o(.ARM.Collect$$libinit$$00000000) refers (Special) to libinit2.o(.ARM.Collect$$libinit$$0000000E) for __rt_lib_init_rand_1
    libinit.o(.ARM.Collect$$libinit$$00000000) refers (Special) to libinit2.o(.ARM.Collect$$libinit$$00000033) for __rt_lib_init_return
    libinit.o(.ARM.Collect$$libinit$$00000000) refers (Special) to libinit2.o(.ARM.Collect$$libinit$$0000001D) for __rt_lib_init_signal_1
    libinit.o(.ARM.Collect$$libinit$$00000000) refers (Special) to libinit2.o(.ARM.Collect$$libinit$$00000025) for __rt_lib_init_stdio_1
    libinit.o(.ARM.Collect$$libinit$$00000000) refers (Special) to libinit2.o(.ARM.Collect$$libinit$$0000000C) for __rt_lib_init_user_alloc_1
    libspace.o(.text) refers to libspace.o(.bss) for __libspace_start
    sys_stackheap.o(.text) refers (Special) to indicate_semi.o(.text) for __semihosting_library_function
    sys_stackheap.o(.text) refers to use_no_semi.o(.text) for __I$use$semihosting
    rtexit.o(.ARM.Collect$$rtexit$$00000000) refers (Special) to rtexit2.o(.ARM.Collect$$rtexit$$00000004) for __rt_exit_exit
    rtexit.o(.ARM.Collect$$rtexit$$00000000) refers (Special) to rtexit2.o(.ARM.Collect$$rtexit$$00000003) for __rt_exit_ls
    rtexit.o(.ARM.Collect$$rtexit$$00000000) refers (Special) to rtexit2.o(.ARM.Collect$$rtexit$$00000002) for __rt_exit_prels_1
    rtexit.o(.ARM.exidx) refers (Special) to rtexit2.o(.ARM.Collect$$rtexit$$00000004) for __rt_exit_exit
    rtexit.o(.ARM.exidx) refers (Special) to rtexit2.o(.ARM.Collect$$rtexit$$00000003) for __rt_exit_ls
    rtexit.o(.ARM.exidx) refers (Special) to rtexit2.o(.ARM.Collect$$rtexit$$00000002) for __rt_exit_prels_1
    rtexit.o(.ARM.exidx) refers to rtexit.o(.ARM.Collect$$rtexit$$00000000) for .ARM.Collect$$rtexit$$00000000
    libinit2.o(.ARM.Collect$$libinit$$00000001) refers to fpinit.o(x$fpl$fpinit) for _fp_init
    libinit2.o(.ARM.Collect$$libinit$$00000010) refers to libinit2.o(.ARM.Collect$$libinit$$0000000F) for .ARM.Collect$$libinit$$0000000F
    libinit2.o(.ARM.Collect$$libinit$$00000012) refers to libinit2.o(.ARM.Collect$$libinit$$0000000F) for .ARM.Collect$$libinit$$0000000F
    libinit2.o(.ARM.Collect$$libinit$$00000014) refers to libinit2.o(.ARM.Collect$$libinit$$0000000F) for .ARM.Collect$$libinit$$0000000F
    libinit2.o(.ARM.Collect$$libinit$$00000016) refers to libinit2.o(.ARM.Collect$$libinit$$0000000F) for .ARM.Collect$$libinit$$0000000F
    libinit2.o(.ARM.Collect$$libinit$$00000018) refers to libinit2.o(.ARM.Collect$$libinit$$0000000F) for .ARM.Collect$$libinit$$0000000F
    libinit2.o(.ARM.Collect$$libinit$$00000026) refers to argv_veneer.o(.emb_text) for __ARM_argv_veneer
    libinit2.o(.ARM.Collect$$libinit$$00000027) refers to argv_veneer.o(.emb_text) for __ARM_argv_veneer
    libinit5.o(.ARM.Collect$$libinit$$00000008) refers to libinit5.o(.ARM.Collect$$libinit$$00002719) for __lit__00000000
    libinit5.o(.ARM.Collect$$libinit$$0000002A) refers to libinit5.o(.ARM.Collect$$libinit$$0000273B) for __lit__00000002
    libinit5.o(.ARM.Collect$$libinit$$0000002A) refers to argv_veneer.o(.emb_text) for __ARM_argv_veneer
    rtexit2.o(.ARM.Collect$$rtexit$$00000003) refers to libshutdown.o(.ARM.Collect$$libshutdown$$00000000) for __rt_lib_shutdown
    rtexit2.o(.ARM.Collect$$rtexit$$00000004) refers to sys_exit.o(.text) for _sys_exit
    rtexit2.o(.ARM.exidx) refers to rtexit2.o(.ARM.Collect$$rtexit$$00000001) for .ARM.Collect$$rtexit$$00000001
    rtexit2.o(.ARM.exidx) refers to rtexit2.o(.ARM.Collect$$rtexit$$00000003) for .ARM.Collect$$rtexit$$00000003
    rtexit2.o(.ARM.exidx) refers to rtexit2.o(.ARM.Collect$$rtexit$$00000004) for .ARM.Collect$$rtexit$$00000004
    argv_veneer.o(.emb_text) refers to no_argv.o(.text) for __ARM_get_argv
    sys_exit.o(.text) refers (Special) to use_no_semi.o(.text) for __I$use$semihosting
    sys_exit.o(.text) refers (Special) to indicate_semi.o(.text) for __semihosting_library_function
    _get_argv_nomalloc.o(.text) refers (Special) to hrguard.o(.text) for __heap_region$guard
    _get_argv_nomalloc.o(.text) refers to defsig_rtmem_outer.o(.text) for __rt_SIGRTMEM
    _get_argv_nomalloc.o(.text) refers to sys_command.o(.text) for _sys_command_string
    libshutdown.o(.ARM.Collect$$libshutdown$$00000000) refers (Special) to libshutdown2.o(.ARM.Collect$$libshutdown$$00000004) for __rt_lib_shutdown_cpp_1
    libshutdown.o(.ARM.Collect$$libshutdown$$00000000) refers (Special) to libshutdown2.o(.ARM.Collect$$libshutdown$$00000002) for __rt_lib_shutdown_fini_1
    libshutdown.o(.ARM.Collect$$libshutdown$$00000000) refers (Special) to libshutdown2.o(.ARM.Collect$$libshutdown$$00000009) for __rt_lib_shutdown_fp_trap_1
    libshutdown.o(.ARM.Collect$$libshutdown$$00000000) refers (Special) to libshutdown2.o(.ARM.Collect$$libshutdown$$00000011) for __rt_lib_shutdown_heap_1
    libshutdown.o(.ARM.Collect$$libshutdown$$00000000) refers (Special) to libshutdown2.o(.ARM.Collect$$libshutdown$$00000012) for __rt_lib_shutdown_return
    libshutdown.o(.ARM.Collect$$libshutdown$$00000000) refers (Special) to libshutdown2.o(.ARM.Collect$$libshutdown$$0000000C) for __rt_lib_shutdown_signal_1
    libshutdown.o(.ARM.Collect$$libshutdown$$00000000) refers (Special) to libshutdown2.o(.ARM.Collect$$libshutdown$$00000006) for __rt_lib_shutdown_stdio_1
    libshutdown.o(.ARM.Collect$$libshutdown$$00000000) refers (Special) to libshutdown2.o(.ARM.Collect$$libshutdown$$0000000E) for __rt_lib_shutdown_user_alloc_1
    sys_command.o(.text) refers (Special) to use_no_semi.o(.text) for __I$use$semihosting
    sys_command.o(.text) refers (Special) to indicate_semi.o(.text) for __semihosting_library_function
    defsig_rtmem_outer.o(.text) refers to defsig_rtmem_inner.o(.text) for __rt_SIGRTMEM_inner
    defsig_rtmem_outer.o(.text) refers to defsig_exit.o(.text) for __sig_exit
    defsig_rtmem_formal.o(.text) refers to rt_raise.o(.text) for __rt_raise
    rt_raise.o(.text) refers to __raise.o(.text) for __raise
    rt_raise.o(.text) refers to sys_exit.o(.text) for _sys_exit
    defsig_exit.o(.text) refers to sys_exit.o(.text) for _sys_exit
    defsig_rtmem_inner.o(.text) refers to defsig_general.o(.text) for __default_signal_display
    __raise.o(.text) refers to defsig.o(CL$$defsig) for __default_signal_handler
    defsig_general.o(.text) refers to sys_wrch.o(.text) for _ttywrch
    sys_wrch.o(.text) refers (Special) to use_no_semi.o(.text) for __I$use$semihosting
    sys_wrch.o(.text) refers (Special) to indicate_semi.o(.text) for __semihosting_library_function
    defsig.o(CL$$defsig) refers to defsig_rtmem_inner.o(.text) for __rt_SIGRTMEM_inner
    defsig_abrt_inner.o(.text) refers to defsig_general.o(.text) for __default_signal_display
    defsig_fpe_inner.o(.text) refers to defsig_general.o(.text) for __default_signal_display
    defsig_rtred_inner.o(.text) refers to defsig_general.o(.text) for __default_signal_display
    defsig_stak_inner.o(.text) refers to defsig_general.o(.text) for __default_signal_display
    defsig_pvfn_inner.o(.text) refers to defsig_general.o(.text) for __default_signal_display
    defsig_cppl_inner.o(.text) refers to defsig_general.o(.text) for __default_signal_display
    defsig_segv_inner.o(.text) refers to defsig_general.o(.text) for __default_signal_display
    defsig_other.o(.text) refers to defsig_general.o(.text) for __default_signal_display


==============================================================================

Removing Unused input sections from the image.

    Removing clocks_and_modes.o(.rev16_text), (4 bytes).
    Removing clocks_and_modes.o(.revsh_text), (4 bytes).
    Removing clocks_and_modes.o(.rrx_text), (6 bytes).
    Removing clocks_and_modes.o(i.Test_Delay_Ms), (32 bytes).
    Removing main.o(.rev16_text), (4 bytes).
    Removing main.o(.revsh_text), (4 bytes).
    Removing main.o(.rrx_text), (6 bytes).
    Removing hal_flash.o(.rev16_text), (4 bytes).
    Removing hal_flash.o(.revsh_text), (4 bytes).
    Removing hal_flash.o(.rrx_text), (6 bytes).
    Removing hal_clocks_and_modes.o(.rev16_text), (4 bytes).
    Removing hal_clocks_and_modes.o(.revsh_text), (4 bytes).
    Removing hal_clocks_and_modes.o(.rrx_text), (6 bytes).
    Removing hal_can.o(.rev16_text), (4 bytes).
    Removing hal_can.o(.revsh_text), (4 bytes).
    Removing hal_can.o(.rrx_text), (6 bytes).
    Removing hal_can.o(.constdata), (4 bytes).
    Removing uds_service.o(.rev16_text), (4 bytes).
    Removing uds_service.o(.revsh_text), (4 bytes).
    Removing uds_service.o(.rrx_text), (6 bytes).
    Removing uds_service.o(.bss), (4096 bytes).
    Removing uds_tp.o(.rev16_text), (4 bytes).
    Removing uds_tp.o(.revsh_text), (4 bytes).
    Removing uds_tp.o(.rrx_text), (6 bytes).
    Removing startup.o(.rev16_text), (4 bytes).
    Removing startup.o(.revsh_text), (4 bytes).
    Removing startup.o(.rrx_text), (6 bytes).
    Removing flash_driver.o(.rev16_text), (4 bytes).
    Removing flash_driver.o(.revsh_text), (4 bytes).
    Removing flash_driver.o(.rrx_text), (6 bytes).
    Removing flash_driver.o(i.FLASH_DRV_CheckSum), (98 bytes).
    Removing flash_driver.o(i.FLASH_DRV_DEFlashPartition), (52 bytes).
    Removing flash_driver.o(i.FLASH_DRV_DisableCmdCompleteInterupt), (20 bytes).
    Removing flash_driver.o(i.FLASH_DRV_DisableDoubleBitFaultInterupt), (24 bytes).
    Removing flash_driver.o(i.FLASH_DRV_DisableReadColisionInterupt), (20 bytes).
    Removing flash_driver.o(i.FLASH_DRV_EEEWrite), (196 bytes).
    Removing flash_driver.o(i.FLASH_DRV_EnableCmdCompleteInterupt), (28 bytes).
    Removing flash_driver.o(i.FLASH_DRV_EnableDoubleBitFaultInterupt), (28 bytes).
    Removing flash_driver.o(i.FLASH_DRV_EnableReadColisionInterupt), (28 bytes).
    Removing flash_driver.o(i.FLASH_DRV_EraseAllBlock), (28 bytes).
    Removing flash_driver.o(i.FLASH_DRV_EraseAllBlockUnsecure), (28 bytes).
    Removing flash_driver.o(i.FLASH_DRV_EraseBlock), (80 bytes).
    Removing flash_driver.o(i.FLASH_DRV_EraseResume), (40 bytes).
    Removing flash_driver.o(i.FLASH_DRV_EraseSuspend), (40 bytes).
    Removing flash_driver.o(i.FLASH_DRV_GetDFlashProtection), (24 bytes).
    Removing flash_driver.o(i.FLASH_DRV_GetEERAMProtection), (28 bytes).
    Removing flash_driver.o(i.FLASH_DRV_GetPFlashProtection), (32 bytes).
    Removing flash_driver.o(i.FLASH_DRV_GetSecurityState), (40 bytes).
    Removing flash_driver.o(i.FLASH_DRV_ProgramCheck), (188 bytes).
    Removing flash_driver.o(i.FLASH_DRV_ProgramOnce), (56 bytes).
    Removing flash_driver.o(i.FLASH_DRV_ProgramSection), (104 bytes).
    Removing flash_driver.o(i.FLASH_DRV_ReadOnce), (60 bytes).
    Removing flash_driver.o(i.FLASH_DRV_SecurityBypass), (52 bytes).
    Removing flash_driver.o(i.FLASH_DRV_SetDFlashProtection), (32 bytes).
    Removing flash_driver.o(i.FLASH_DRV_SetEERAMProtection), (32 bytes).
    Removing flash_driver.o(i.FLASH_DRV_SetFlexRamFunction), (92 bytes).
    Removing flash_driver.o(i.FLASH_DRV_SetPFlashProtection), (92 bytes).
    Removing flash_driver.o(i.FLASH_DRV_VerifyAllBlock), (32 bytes).
    Removing flash_driver.o(i.FLASH_DRV_VerifyBlock), (88 bytes).
    Removing flash_driver.o(i.FLASH_DRV_VerifySection), (96 bytes).
    Removing interrupt_manager.o(.rev16_text), (4 bytes).
    Removing interrupt_manager.o(.revsh_text), (4 bytes).
    Removing interrupt_manager.o(.rrx_text), (6 bytes).
    Removing interrupt_manager.o(i.INT_SYS_ClearPending), (22 bytes).
    Removing interrupt_manager.o(i.INT_SYS_DisableIRQ), (22 bytes).
    Removing interrupt_manager.o(i.INT_SYS_EnableIRQ), (22 bytes).
    Removing interrupt_manager.o(i.INT_SYS_GetActive), (32 bytes).
    Removing interrupt_manager.o(i.INT_SYS_GetPending), (32 bytes).
    Removing interrupt_manager.o(i.INT_SYS_GetPriority), (60 bytes).
    Removing interrupt_manager.o(i.INT_SYS_InstallHandler), (20 bytes).
    Removing interrupt_manager.o(i.INT_SYS_SetPending), (22 bytes).
    Removing interrupt_manager.o(i.INT_SYS_SetPriority), (64 bytes).
    Removing system_s32k144.o(.rev16_text), (4 bytes).
    Removing system_s32k144.o(.revsh_text), (4 bytes).
    Removing system_s32k144.o(.rrx_text), (6 bytes).
    Removing system_s32k144.o(i.SystemSoftwareReset), (28 bytes).

76 unused section(s) (total 6368 bytes) removed from the image.

==============================================================================

Adding Veneers to the image

    Adding TT veneer (10 bytes, Long) for call to 'FLASH_DRV_Init' from hal_flash.o(i.Hal_Flash_Init).
    Adding TT veneer (10 bytes, Long) for call to 'FLASH_DRV_EraseSector' from hal_flash.o(i.Hal_Goto_App_CharString_Flash_Revert_Function).
    Adding TT veneer (10 bytes, Long) for call to 'FLASH_DRV_Program' from hal_flash.o(i.Hal_Goto_App_CharString_Flash_Revert_Function).

3 Veneer(s) (total 30 bytes) added to the image.

==============================================================================

Image Symbol Table

    Local Symbols

    Symbol Name                              Value     Ov Type        Size  Object(Section)

    RESET                                    0x00000000   Section     1024  startup_s32k144.o(RESET)
    ../clib/angel/boardlib.s                 0x00000000   Number         0  boardinit3.o ABSOLUTE
    ../clib/angel/boardlib.s                 0x00000000   Number         0  boardinit1.o ABSOLUTE
    ../clib/angel/boardlib.s                 0x00000000   Number         0  boardinit2.o ABSOLUTE
    ../clib/angel/boardlib.s                 0x00000000   Number         0  boardshut.o ABSOLUTE
    ../clib/angel/handlers.s                 0x00000000   Number         0  __scatter_zi.o ABSOLUTE
    ../clib/angel/handlers.s                 0x00000000   Number         0  __scatter_copy.o ABSOLUTE
    ../clib/angel/kernel.s                   0x00000000   Number         0  rtexit2.o ABSOLUTE
    ../clib/angel/kernel.s                   0x00000000   Number         0  __rtentry4.o ABSOLUTE
    ../clib/angel/kernel.s                   0x00000000   Number         0  __rtentry7.o ABSOLUTE
    ../clib/angel/kernel.s                   0x00000000   Number         0  rtexit.o ABSOLUTE
    ../clib/angel/kernel.s                   0x00000000   Number         0  __rtentry.o ABSOLUTE
    ../clib/angel/kernel.s                   0x00000000   Number         0  __rtentry2.o ABSOLUTE
    ../clib/angel/rt.s                       0x00000000   Number         0  rt_raise.o ABSOLUTE
    ../clib/angel/scatter.s                  0x00000000   Number         0  __scatter.o ABSOLUTE
    ../clib/angel/startup.s                  0x00000000   Number         0  __main.o ABSOLUTE
    ../clib/angel/sys.s                      0x00000000   Number         0  indicate_semi.o ABSOLUTE
    ../clib/angel/sys.s                      0x00000000   Number         0  use_no_semi.o ABSOLUTE
    ../clib/angel/sys.s                      0x00000000   Number         0  sys_stackheap.o ABSOLUTE
    ../clib/angel/sys.s                      0x00000000   Number         0  sys_stackheap_outer.o ABSOLUTE
    ../clib/angel/sys.s                      0x00000000   Number         0  libspace.o ABSOLUTE
    ../clib/angel/sysapp.c                   0x00000000   Number         0  sys_wrch.o ABSOLUTE
    ../clib/angel/sysapp.c                   0x00000000   Number         0  sys_exit.o ABSOLUTE
    ../clib/angel/sysapp.c                   0x00000000   Number         0  sys_command.o ABSOLUTE
    ../clib/armsys.c                         0x00000000   Number         0  argv_veneer.o ABSOLUTE
    ../clib/armsys.c                         0x00000000   Number         0  argv_veneer.o ABSOLUTE
    ../clib/armsys.c                         0x00000000   Number         0  no_argv.o ABSOLUTE
    ../clib/armsys.c                         0x00000000   Number         0  _get_argv_nomalloc.o ABSOLUTE
    ../clib/heapalloc.c                      0x00000000   Number         0  hrguard.o ABSOLUTE
    ../clib/libinit.s                        0x00000000   Number         0  libinit5.o ABSOLUTE
    ../clib/libinit.s                        0x00000000   Number         0  libshutdown2.o ABSOLUTE
    ../clib/libinit.s                        0x00000000   Number         0  libinit.o ABSOLUTE
    ../clib/libinit.s                        0x00000000   Number         0  libshutdown.o ABSOLUTE
    ../clib/libinit.s                        0x00000000   Number         0  libinit2.o ABSOLUTE
    ../clib/memcpset.s                       0x00000000   Number         0  rt_memcpy_v6.o ABSOLUTE
    ../clib/memcpset.s                       0x00000000   Number         0  rt_memcpy_w.o ABSOLUTE
    ../clib/signal.c                         0x00000000   Number         0  defsig_rtmem_formal.o ABSOLUTE
    ../clib/signal.c                         0x00000000   Number         0  defsig_rtmem_inner.o ABSOLUTE
    ../clib/signal.c                         0x00000000   Number         0  defsig_exit.o ABSOLUTE
    ../clib/signal.c                         0x00000000   Number         0  defsig_other.o ABSOLUTE
    ../clib/signal.c                         0x00000000   Number         0  defsig_segv_inner.o ABSOLUTE
    ../clib/signal.c                         0x00000000   Number         0  defsig_cppl_inner.o ABSOLUTE
    ../clib/signal.c                         0x00000000   Number         0  defsig_pvfn_inner.o ABSOLUTE
    ../clib/signal.c                         0x00000000   Number         0  defsig_stak_inner.o ABSOLUTE
    ../clib/signal.c                         0x00000000   Number         0  defsig_rtred_inner.o ABSOLUTE
    ../clib/signal.c                         0x00000000   Number         0  defsig_fpe_inner.o ABSOLUTE
    ../clib/signal.c                         0x00000000   Number         0  defsig_abrt_inner.o ABSOLUTE
    ../clib/signal.c                         0x00000000   Number         0  defsig_rtmem_outer.o ABSOLUTE
    ../clib/signal.c                         0x00000000   Number         0  defsig_general.o ABSOLUTE
    ../clib/signal.c                         0x00000000   Number         0  __raise.o ABSOLUTE
    ../clib/signal.s                         0x00000000   Number         0  defsig.o ABSOLUTE
    ../clib/stdlib.c                         0x00000000   Number         0  exit.o ABSOLUTE
    ../clib/string.c                         0x00000000   Number         0  memcmp.o ABSOLUTE
    ../fplib/fpinit.s                        0x00000000   Number         0  fpinit.o ABSOLUTE
    01_Source\\clocks_and_modes.c            0x00000000   Number         0  clocks_and_modes.o ABSOLUTE
    01_Source\\main.c                        0x00000000   Number         0  main.o ABSOLUTE
    01_Source\clocks_and_modes.c             0x00000000   Number         0  clocks_and_modes.o ABSOLUTE
    01_Source\main.c                         0x00000000   Number         0  main.o ABSOLUTE
    02_Hal\\hal_can.c                        0x00000000   Number         0  hal_can.o ABSOLUTE
    02_Hal\\hal_clocks_and_modes.c           0x00000000   Number         0  hal_clocks_and_modes.o ABSOLUTE
    02_Hal\\hal_flash.c                      0x00000000   Number         0  hal_flash.o ABSOLUTE
    02_Hal\hal_can.c                         0x00000000   Number         0  hal_can.o ABSOLUTE
    02_Hal\hal_clocks_and_modes.c            0x00000000   Number         0  hal_clocks_and_modes.o ABSOLUTE
    02_Hal\hal_flash.c                       0x00000000   Number         0  hal_flash.o ABSOLUTE
    03_Uds\\uds_service.c                    0x00000000   Number         0  uds_service.o ABSOLUTE
    03_Uds\\uds_tp.c                         0x00000000   Number         0  uds_tp.o ABSOLUTE
    03_Uds\uds_service.c                     0x00000000   Number         0  uds_service.o ABSOLUTE
    03_Uds\uds_tp.c                          0x00000000   Number         0  uds_tp.o ABSOLUTE
    D:/Users/huqiwang/AppData/Local/Arm/Packs/Keil/S32_SDK_DFP/1.2.0/platform/devices/startup.c 0x00000000   Number         0  startup.o ABSOLUTE
    D:/Users/huqiwang/AppData/Local/Arm/Packs/Keil/S32_SDK_DFP/1.2.0/platform/drivers/src/flash/flash_driver.c 0x00000000   Number         0  flash_driver.o ABSOLUTE
    D:/Users/huqiwang/AppData/Local/Arm/Packs/Keil/S32_SDK_DFP/1.2.0/platform/drivers/src/interrupt/interrupt_manager.c 0x00000000   Number         0  interrupt_manager.o ABSOLUTE
    D:\Users\huqiwang\AppData\Local\Arm\Packs\Keil\S32_SDK_DFP\1.2.0\platform\devices\startup.c 0x00000000   Number         0  startup.o ABSOLUTE
    D:\Users\huqiwang\AppData\Local\Arm\Packs\Keil\S32_SDK_DFP\1.2.0\platform\drivers\src\flash\flash_driver.c 0x00000000   Number         0  flash_driver.o ABSOLUTE
    D:\Users\huqiwang\AppData\Local\Arm\Packs\Keil\S32_SDK_DFP\1.2.0\platform\drivers\src\interrupt\interrupt_manager.c 0x00000000   Number         0  interrupt_manager.o ABSOLUTE
    RTE/Device/S32K144UFxxxLLx/startup_S32K144.s 0x00000000   Number         0  startup_s32k144.o ABSOLUTE
    RTE/Device/S32K144UFxxxLLx/system_S32K144.c 0x00000000   Number         0  system_s32k144.o ABSOLUTE
    RTE\Device\S32K144UFxxxLLx\system_S32K144.c 0x00000000   Number         0  system_s32k144.o ABSOLUTE
    dc.s                                     0x00000000   Number         0  dc.o ABSOLUTE
    FlashConfig                              0x00000400   Section       16  startup_s32k144.o(FlashConfig)
    !!!main                                  0x00000410   Section        8  __main.o(!!!main)
    !!!scatter                               0x00000418   Section       52  __scatter.o(!!!scatter)
    !!handler_copy                           0x0000044c   Section       26  __scatter_copy.o(!!handler_copy)
    !!handler_zi                             0x00000468   Section       28  __scatter_zi.o(!!handler_zi)
    .ARM.Collect$$libinit$$00000000          0x00000484   Section        2  libinit.o(.ARM.Collect$$libinit$$00000000)
    .ARM.Collect$$libinit$$00000001          0x00000486   Section        4  libinit2.o(.ARM.Collect$$libinit$$00000001)
    .ARM.Collect$$libinit$$00000004          0x0000048a   Section        0  libinit2.o(.ARM.Collect$$libinit$$00000004)
    .ARM.Collect$$libinit$$0000000A          0x0000048a   Section        0  libinit2.o(.ARM.Collect$$libinit$$0000000A)
    .ARM.Collect$$libinit$$0000000C          0x0000048a   Section        0  libinit2.o(.ARM.Collect$$libinit$$0000000C)
    .ARM.Collect$$libinit$$0000000E          0x0000048a   Section        0  libinit2.o(.ARM.Collect$$libinit$$0000000E)
    .ARM.Collect$$libinit$$00000011          0x0000048a   Section        0  libinit2.o(.ARM.Collect$$libinit$$00000011)
    .ARM.Collect$$libinit$$00000013          0x0000048a   Section        0  libinit2.o(.ARM.Collect$$libinit$$00000013)
    .ARM.Collect$$libinit$$00000015          0x0000048a   Section        0  libinit2.o(.ARM.Collect$$libinit$$00000015)
    .ARM.Collect$$libinit$$00000017          0x0000048a   Section        0  libinit2.o(.ARM.Collect$$libinit$$00000017)
    .ARM.Collect$$libinit$$00000019          0x0000048a   Section        0  libinit2.o(.ARM.Collect$$libinit$$00000019)
    .ARM.Collect$$libinit$$0000001B          0x0000048a   Section        0  libinit2.o(.ARM.Collect$$libinit$$0000001B)
    .ARM.Collect$$libinit$$0000001D          0x0000048a   Section        0  libinit2.o(.ARM.Collect$$libinit$$0000001D)
    .ARM.Collect$$libinit$$0000001F          0x0000048a   Section        0  libinit2.o(.ARM.Collect$$libinit$$0000001F)
    .ARM.Collect$$libinit$$00000021          0x0000048a   Section        0  libinit2.o(.ARM.Collect$$libinit$$00000021)
    .ARM.Collect$$libinit$$00000023          0x0000048a   Section        0  libinit2.o(.ARM.Collect$$libinit$$00000023)
    .ARM.Collect$$libinit$$00000025          0x0000048a   Section        0  libinit2.o(.ARM.Collect$$libinit$$00000025)
    .ARM.Collect$$libinit$$0000002C          0x0000048a   Section        0  libinit2.o(.ARM.Collect$$libinit$$0000002C)
    .ARM.Collect$$libinit$$0000002E          0x0000048a   Section        0  libinit2.o(.ARM.Collect$$libinit$$0000002E)
    .ARM.Collect$$libinit$$00000030          0x0000048a   Section        0  libinit2.o(.ARM.Collect$$libinit$$00000030)
    .ARM.Collect$$libinit$$00000032          0x0000048a   Section        0  libinit2.o(.ARM.Collect$$libinit$$00000032)
    .ARM.Collect$$libinit$$00000033          0x0000048a   Section        2  libinit2.o(.ARM.Collect$$libinit$$00000033)
    .ARM.Collect$$libshutdown$$00000000      0x0000048c   Section        2  libshutdown.o(.ARM.Collect$$libshutdown$$00000000)
    .ARM.Collect$$libshutdown$$00000002      0x0000048e   Section        0  libshutdown2.o(.ARM.Collect$$libshutdown$$00000002)
    .ARM.Collect$$libshutdown$$00000004      0x0000048e   Section        0  libshutdown2.o(.ARM.Collect$$libshutdown$$00000004)
    .ARM.Collect$$libshutdown$$00000006      0x0000048e   Section        0  libshutdown2.o(.ARM.Collect$$libshutdown$$00000006)
    .ARM.Collect$$libshutdown$$00000009      0x0000048e   Section        0  libshutdown2.o(.ARM.Collect$$libshutdown$$00000009)
    .ARM.Collect$$libshutdown$$0000000C      0x0000048e   Section        0  libshutdown2.o(.ARM.Collect$$libshutdown$$0000000C)
    .ARM.Collect$$libshutdown$$0000000E      0x0000048e   Section        0  libshutdown2.o(.ARM.Collect$$libshutdown$$0000000E)
    .ARM.Collect$$libshutdown$$00000011      0x0000048e   Section        0  libshutdown2.o(.ARM.Collect$$libshutdown$$00000011)
    .ARM.Collect$$libshutdown$$00000012      0x0000048e   Section        2  libshutdown2.o(.ARM.Collect$$libshutdown$$00000012)
    .ARM.Collect$$rtentry$$00000000          0x00000490   Section        0  __rtentry.o(.ARM.Collect$$rtentry$$00000000)
    .ARM.Collect$$rtentry$$00000002          0x00000490   Section        0  __rtentry2.o(.ARM.Collect$$rtentry$$00000002)
    .ARM.Collect$$rtentry$$00000007          0x00000490   Section        4  __rtentry7.o(.ARM.Collect$$rtentry$$00000007)
    .ARM.Collect$$rtentry$$00000009          0x00000494   Section        0  __rtentry2.o(.ARM.Collect$$rtentry$$00000009)
    .ARM.Collect$$rtentry$$0000000A          0x00000494   Section        4  __rtentry2.o(.ARM.Collect$$rtentry$$0000000A)
    .ARM.Collect$$rtentry$$0000000C          0x00000498   Section        0  __rtentry2.o(.ARM.Collect$$rtentry$$0000000C)
    .ARM.Collect$$rtentry$$0000000D          0x00000498   Section        8  __rtentry2.o(.ARM.Collect$$rtentry$$0000000D)
    .ARM.Collect$$rtentry$$00002718          0x000004a0   Section        4  __rtentry7.o(.ARM.Collect$$rtentry$$00002718)
    __lit__00000000                          0x000004a0   Data           4  __rtentry7.o(.ARM.Collect$$rtentry$$00002718)
    .ARM.Collect$$rtexit$$00000000           0x000004a4   Section        2  rtexit.o(.ARM.Collect$$rtexit$$00000000)
    .ARM.Collect$$rtexit$$00000002           0x000004a6   Section        0  rtexit2.o(.ARM.Collect$$rtexit$$00000002)
    .ARM.Collect$$rtexit$$00000003           0x000004a6   Section        4  rtexit2.o(.ARM.Collect$$rtexit$$00000003)
    .ARM.Collect$$rtexit$$00000004           0x000004aa   Section        6  rtexit2.o(.ARM.Collect$$rtexit$$00000004)
    .text                                    0x000004b0   Section       56  startup_s32k144.o(.text)
    $v0                                      0x000004b0   Number         0  startup_s32k144.o(.text)
    .text                                    0x000004e8   Section        0  memcmp.o(.text)
    .text                                    0x00000540   Section      138  rt_memcpy_v6.o(.text)
    .text                                    0x000005ca   Section      100  rt_memcpy_w.o(.text)
    .text                                    0x0000062e   Section        0  exit.o(.text)
    .text                                    0x00000640   Section        2  use_no_semi.o(.text)
    .text                                    0x00000642   Section        0  indicate_semi.o(.text)
    .text                                    0x00000644   Section        0  sys_exit.o(.text)
    i.CAN0_ORed_0_15_MB_IRQHandler           0x00000670   Section        0  hal_can.o(i.CAN0_ORed_0_15_MB_IRQHandler)
    i.Hal_CAN0_Send_Data_Function            0x000006f8   Section        0  hal_can.o(i.Hal_CAN0_Send_Data_Function)
    i.Hal_CanDriverReceiveWaitFunction       0x00000764   Section        0  hal_can.o(i.Hal_CanDriverReceiveWaitFunction)
    i.Hal_CanSetQueueBufferMessage           0x000007c8   Section        0  hal_can.o(i.Hal_CanSetQueueBufferMessage)
    Hal_CanSetQueueBufferMessage             0x000007c9   Thumb Code    88  hal_can.o(i.Hal_CanSetQueueBufferMessage)
    i.Hal_Clock_System_Init                  0x00000820   Section        0  hal_clocks_and_modes.o(i.Hal_Clock_System_Init)
    i.Hal_Flash_Init                         0x00000888   Section        0  hal_flash.o(i.Hal_Flash_Init)
    i.Hal_FlexCan0_Init                      0x00000898   Section        0  hal_can.o(i.Hal_FlexCan0_Init)
    Hal_FlexCan0_Init                        0x00000899   Thumb Code   174  hal_can.o(i.Hal_FlexCan0_Init)
    i.Hal_FlexCan_Init                       0x00000958   Section        0  hal_can.o(i.Hal_FlexCan_Init)
    i.Hal_Goto_App_CharString_Flash_Revert_Function 0x000009a4   Section        0  hal_flash.o(i.Hal_Goto_App_CharString_Flash_Revert_Function)
    i.Hal_Ret_Check_Start_Mode_Flag_Function 0x000009f4   Section        0  hal_flash.o(i.Hal_Ret_Check_Start_Mode_Flag_Function)
    i.Hal_Uds_36_Service_EraseSector_Write_Flash_Buffer_Function 0x00000a54   Section        0  hal_flash.o(i.Hal_Uds_36_Service_EraseSector_Write_Flash_Buffer_Function)
    i.INT_SYS_DisableIRQGlobal               0x00000ab0   Section        0  interrupt_manager.o(i.INT_SYS_DisableIRQGlobal)
    i.INT_SYS_EnableIRQGlobal                0x00000ac0   Section        0  interrupt_manager.o(i.INT_SYS_EnableIRQGlobal)
    i.NormalRUNmode_80MHz                    0x00000ad8   Section        0  clocks_and_modes.o(i.NormalRUNmode_80MHz)
    i.SOSC_init_8MHz                         0x00000af4   Section        0  clocks_and_modes.o(i.SOSC_init_8MHz)
    i.SPLL_init_160MHz                       0x00000b20   Section        0  clocks_and_modes.o(i.SPLL_init_160MHz)
    i.Serivice0x10Process                    0x00000b54   Section        0  uds_service.o(i.Serivice0x10Process)
    Serivice0x10Process                      0x00000b55   Thumb Code   158  uds_service.o(i.Serivice0x10Process)
    i.Serivice0x11Process                    0x00000bfc   Section        0  uds_service.o(i.Serivice0x11Process)
    Serivice0x11Process                      0x00000bfd   Thumb Code    90  uds_service.o(i.Serivice0x11Process)
    i.Serivice0x34Process                    0x00000c5c   Section        0  uds_service.o(i.Serivice0x34Process)
    Serivice0x34Process                      0x00000c5d   Thumb Code   104  uds_service.o(i.Serivice0x34Process)
    i.Serivice0x36Process                    0x00000ccc   Section        0  uds_service.o(i.Serivice0x36Process)
    Serivice0x36Process                      0x00000ccd   Thumb Code    82  uds_service.o(i.Serivice0x36Process)
    i.SystemCoreClockUpdate                  0x00000d28   Section        0  system_s32k144.o(i.SystemCoreClockUpdate)
    i.SystemInit                             0x00000da8   Section        0  system_s32k144.o(i.SystemInit)
    i.UdsServiceProcessFunction              0x00000de4   Section        0  uds_service.o(i.UdsServiceProcessFunction)
    i.Uds_CanDataTransmit_Function           0x00000ed0   Section        0  uds_tp.o(i.Uds_CanDataTransmit_Function)
    i.Uds_CanRx_Management_Process           0x00001044   Section        0  uds_tp.o(i.Uds_CanRx_Management_Process)
    Uds_CanRx_Management_Process             0x00001045   Thumb Code   380  uds_tp.o(i.Uds_CanRx_Management_Process)
    i.Uds_CanTx_FlowControlFrame_Management  0x000011d0   Section        0  uds_tp.o(i.Uds_CanTx_FlowControlFrame_Management)
    i.Uds_Diagnostic_Protocol_CycleProcess   0x000011f4   Section        0  uds_tp.o(i.Uds_Diagnostic_Protocol_CycleProcess)
    i.Uds_Ret_Brushing_Completed_Flag        0x00001298   Section        0  uds_service.o(i.Uds_Ret_Brushing_Completed_Flag)
    i.Uds_Tp_ResetSession_Timer              0x000012a4   Section        0  uds_tp.o(i.Uds_Tp_ResetSession_Timer)
    i.init_data_bss                          0x000012b4   Section        0  startup.o(i.init_data_bss)
    i.main                                   0x000012fc   Section        0  main.o(i.main)
    i.pt_Hal_Ret_Can_Rx_Queue_Message        0x00001384   Section        0  hal_can.o(i.pt_Hal_Ret_Can_Rx_Queue_Message)
    x$fpl$fpinit                             0x0000138c   Section       10  fpinit.o(x$fpl$fpinit)
    $v0                                      0x0000138c   Number         0  fpinit.o(x$fpl$fpinit)
    .constdata                               0x00001398   Section       20  hal_flash.o(.constdata)
    .constdata                               0x000013ac   Section       10  uds_service.o(.constdata)
    .constdata                               0x000013b8   Section       20  uds_tp.o(.constdata)
    .constdata                               0x000013cc   Section        4  startup.o(.constdata)
    .constdata                               0x000013d0   Section       16  system_s32k144.o(.constdata)
    fircFreq                                 0x000013d0   Data          16  system_s32k144.o(.constdata)
    .data                                    0x1fff8000   Section       16  main.o(.data)
    Main_Led_Timer_Count                     0x1fff8000   Data           2  main.o(.data)
    Uds_10_service_responseData              0x1fff8008   Data           8  main.o(.data)
    .data                                    0x1fff8010   Section        6  uds_service.o(.data)
    Uds_Brushing_Completed_Flag              0x1fff8010   Data           1  uds_service.o(.data)
    m_udsCurrentSession                      0x1fff8011   Data           1  uds_service.o(.data)
    .data                                    0x1fff8018   Section        4  uds_tp.o(.data)
    ret                                      0x1fff8018   Data           4  uds_tp.o(.data)
    .data                                    0x1fff801c   Section        4  interrupt_manager.o(.data)
    g_interruptDisableCount                  0x1fff801c   Data           4  interrupt_manager.o(.data)
    .data                                    0x1fff8020   Section        4  system_s32k144.o(.data)
    .bss                                     0x1fff8024   Section     4124  hal_flash.o(.bss)
    .bss                                     0x1fff9040   Section      484  hal_can.o(.bss)
    .bss                                     0x1fff9224   Section     2152  uds_tp.o(.bss)
    m_Uds_PhysicalRxData                     0x1fff9224   Data        1048  uds_tp.o(.bss)
    m_Uds_FunctionalRxData                   0x1fff963c   Data        1048  uds_tp.o(.bss)
    uds_can_messsage                         0x1fff9a7c   Data          16  uds_tp.o(.bss)
    i.FLASH_DRV_CommandSequence              0x20006000   Section        0  flash_driver.o(i.FLASH_DRV_CommandSequence)
    FLASH_DRV_CommandSequence                0x20006001   Thumb Code    46  flash_driver.o(i.FLASH_DRV_CommandSequence)
    i.FLASH_DRV_EraseSector                  0x20006034   Section        0  flash_driver.o(i.FLASH_DRV_EraseSector)
    i.FLASH_DRV_GetDEPartitionCode           0x200060c8   Section        0  flash_driver.o(i.FLASH_DRV_GetDEPartitionCode)
    FLASH_DRV_GetDEPartitionCode             0x200060c9   Thumb Code   100  flash_driver.o(i.FLASH_DRV_GetDEPartitionCode)
    i.FLASH_DRV_Init                         0x2000612c   Section        0  flash_driver.o(i.FLASH_DRV_Init)
    i.FLASH_DRV_Program                      0x20006170   Section        0  flash_driver.o(i.FLASH_DRV_Program)

    Global Symbols

    Symbol Name                              Value     Ov Type        Size  Object(Section)

    BuildAttributes$$THM_ISAv4$E$P$D$K$B$S$7EM$VFPi3$EXTD16$VFPS$VFMA$PE$A:L22UL41UL21$X:L11$S22US41US21$IEEE1$IW$USESV6$~STKCKD$USESV7$~SHL$OSPACE$ROPI$EBA8$UX$STANDARDLIB$REQ8$PRES8$EABIv2 0x00000000   Number         0  anon$$obj.o ABSOLUTE
    Image$$VECTOR_RAM$$Base                  0x00000000   Number         0  anon$$obj.o ABSOLUTE
    __ARM_use_no_argv                        0x00000000   Number         0  main.o ABSOLUTE
    __Vectors                                0x00000000   Data           4  startup_s32k144.o(RESET)
    Image$$ZI$$Limit                          - Undefined Weak Reference
    __ARM_exceptions_init                     - Undefined Weak Reference
    __alloca_initialize                       - Undefined Weak Reference
    __arm_fini_                               - Undefined Weak Reference
    __arm_preinit_                            - Undefined Weak Reference
    __cpp_initialize__aeabi_                  - Undefined Weak Reference
    __cxa_finalize                            - Undefined Weak Reference
    __rt_locale                               - Undefined Weak Reference
    __sigvec_lookup                           - Undefined Weak Reference
    _atexit_init                              - Undefined Weak Reference
    _call_atexit_fns                          - Undefined Weak Reference
    _clock_init                               - Undefined Weak Reference
    _fp_trap_init                             - Undefined Weak Reference
    _fp_trap_shutdown                         - Undefined Weak Reference
    _get_lc_collate                           - Undefined Weak Reference
    _get_lc_ctype                             - Undefined Weak Reference
    _get_lc_monetary                          - Undefined Weak Reference
    _get_lc_numeric                           - Undefined Weak Reference
    _get_lc_time                              - Undefined Weak Reference
    _getenv_init                              - Undefined Weak Reference
    _handle_redirection                       - Undefined Weak Reference
    _init_alloc                               - Undefined Weak Reference
    _init_user_alloc                          - Undefined Weak Reference
    _initio                                   - Undefined Weak Reference
    _rand_init                                - Undefined Weak Reference
    _signal_finish                            - Undefined Weak Reference
    _signal_init                              - Undefined Weak Reference
    _terminate_alloc                          - Undefined Weak Reference
    _terminate_user_alloc                     - Undefined Weak Reference
    _terminateio                              - Undefined Weak Reference
    __Vectors_End                            0x00000400   Data           0  startup_s32k144.o(RESET)
    __Vectors_Size                           0x00000400   Number         0  startup_s32k144.o ABSOLUTE
    __main                                   0x00000411   Thumb Code     8  __main.o(!!!main)
    __scatterload                            0x00000419   Thumb Code     0  __scatter.o(!!!scatter)
    __scatterload_rt2                        0x00000419   Thumb Code    44  __scatter.o(!!!scatter)
    __scatterload_rt2_thumb_only             0x00000419   Thumb Code     0  __scatter.o(!!!scatter)
    __scatterload_null                       0x00000427   Thumb Code     0  __scatter.o(!!!scatter)
    __scatterload_copy                       0x0000044d   Thumb Code    26  __scatter_copy.o(!!handler_copy)
    __scatterload_zeroinit                   0x00000469   Thumb Code    28  __scatter_zi.o(!!handler_zi)
    __rt_lib_init                            0x00000485   Thumb Code     0  libinit.o(.ARM.Collect$$libinit$$00000000)
    __rt_lib_init_fp_1                       0x00000487   Thumb Code     0  libinit2.o(.ARM.Collect$$libinit$$00000001)
    __rt_lib_init_alloca_1                   0x0000048b   Thumb Code     0  libinit2.o(.ARM.Collect$$libinit$$0000002E)
    __rt_lib_init_argv_1                     0x0000048b   Thumb Code     0  libinit2.o(.ARM.Collect$$libinit$$0000002C)
    __rt_lib_init_atexit_1                   0x0000048b   Thumb Code     0  libinit2.o(.ARM.Collect$$libinit$$0000001B)
    __rt_lib_init_clock_1                    0x0000048b   Thumb Code     0  libinit2.o(.ARM.Collect$$libinit$$00000021)
    __rt_lib_init_cpp_1                      0x0000048b   Thumb Code     0  libinit2.o(.ARM.Collect$$libinit$$00000032)
    __rt_lib_init_exceptions_1               0x0000048b   Thumb Code     0  libinit2.o(.ARM.Collect$$libinit$$00000030)
    __rt_lib_init_fp_trap_1                  0x0000048b   Thumb Code     0  libinit2.o(.ARM.Collect$$libinit$$0000001F)
    __rt_lib_init_getenv_1                   0x0000048b   Thumb Code     0  libinit2.o(.ARM.Collect$$libinit$$00000023)
    __rt_lib_init_heap_1                     0x0000048b   Thumb Code     0  libinit2.o(.ARM.Collect$$libinit$$0000000A)
    __rt_lib_init_lc_collate_1               0x0000048b   Thumb Code     0  libinit2.o(.ARM.Collect$$libinit$$00000011)
    __rt_lib_init_lc_ctype_1                 0x0000048b   Thumb Code     0  libinit2.o(.ARM.Collect$$libinit$$00000013)
    __rt_lib_init_lc_monetary_1              0x0000048b   Thumb Code     0  libinit2.o(.ARM.Collect$$libinit$$00000015)
    __rt_lib_init_lc_numeric_1               0x0000048b   Thumb Code     0  libinit2.o(.ARM.Collect$$libinit$$00000017)
    __rt_lib_init_lc_time_1                  0x0000048b   Thumb Code     0  libinit2.o(.ARM.Collect$$libinit$$00000019)
    __rt_lib_init_preinit_1                  0x0000048b   Thumb Code     0  libinit2.o(.ARM.Collect$$libinit$$00000004)
    __rt_lib_init_rand_1                     0x0000048b   Thumb Code     0  libinit2.o(.ARM.Collect$$libinit$$0000000E)
    __rt_lib_init_return                     0x0000048b   Thumb Code     0  libinit2.o(.ARM.Collect$$libinit$$00000033)
    __rt_lib_init_signal_1                   0x0000048b   Thumb Code     0  libinit2.o(.ARM.Collect$$libinit$$0000001D)
    __rt_lib_init_stdio_1                    0x0000048b   Thumb Code     0  libinit2.o(.ARM.Collect$$libinit$$00000025)
    __rt_lib_init_user_alloc_1               0x0000048b   Thumb Code     0  libinit2.o(.ARM.Collect$$libinit$$0000000C)
    __rt_lib_shutdown                        0x0000048d   Thumb Code     0  libshutdown.o(.ARM.Collect$$libshutdown$$00000000)
    __rt_lib_shutdown_cpp_1                  0x0000048f   Thumb Code     0  libshutdown2.o(.ARM.Collect$$libshutdown$$00000004)
    __rt_lib_shutdown_fini_1                 0x0000048f   Thumb Code     0  libshutdown2.o(.ARM.Collect$$libshutdown$$00000002)
    __rt_lib_shutdown_fp_trap_1              0x0000048f   Thumb Code     0  libshutdown2.o(.ARM.Collect$$libshutdown$$00000009)
    __rt_lib_shutdown_heap_1                 0x0000048f   Thumb Code     0  libshutdown2.o(.ARM.Collect$$libshutdown$$00000011)
    __rt_lib_shutdown_return                 0x0000048f   Thumb Code     0  libshutdown2.o(.ARM.Collect$$libshutdown$$00000012)
    __rt_lib_shutdown_signal_1               0x0000048f   Thumb Code     0  libshutdown2.o(.ARM.Collect$$libshutdown$$0000000C)
    __rt_lib_shutdown_stdio_1                0x0000048f   Thumb Code     0  libshutdown2.o(.ARM.Collect$$libshutdown$$00000006)
    __rt_lib_shutdown_user_alloc_1           0x0000048f   Thumb Code     0  libshutdown2.o(.ARM.Collect$$libshutdown$$0000000E)
    __rt_entry                               0x00000491   Thumb Code     0  __rtentry.o(.ARM.Collect$$rtentry$$00000000)
    __rt_entry_presh_1                       0x00000491   Thumb Code     0  __rtentry2.o(.ARM.Collect$$rtentry$$00000002)
    __rt_entry_sh                            0x00000491   Thumb Code     0  __rtentry7.o(.ARM.Collect$$rtentry$$00000007)
    __rt_entry_li                            0x00000495   Thumb Code     0  __rtentry2.o(.ARM.Collect$$rtentry$$0000000A)
    __rt_entry_postsh_1                      0x00000495   Thumb Code     0  __rtentry2.o(.ARM.Collect$$rtentry$$00000009)
    __rt_entry_main                          0x00000499   Thumb Code     0  __rtentry2.o(.ARM.Collect$$rtentry$$0000000D)
    __rt_entry_postli_1                      0x00000499   Thumb Code     0  __rtentry2.o(.ARM.Collect$$rtentry$$0000000C)
    __rt_exit                                0x000004a5   Thumb Code     0  rtexit.o(.ARM.Collect$$rtexit$$00000000)
    __rt_exit_ls                             0x000004a7   Thumb Code     0  rtexit2.o(.ARM.Collect$$rtexit$$00000003)
    __rt_exit_prels_1                        0x000004a7   Thumb Code     0  rtexit2.o(.ARM.Collect$$rtexit$$00000002)
    __rt_exit_exit                           0x000004ab   Thumb Code     0  rtexit2.o(.ARM.Collect$$rtexit$$00000004)
    Reset_Handler                            0x000004b1   Thumb Code    18  startup_s32k144.o(.text)
    NMI_Handler                              0x000004c3   Thumb Code     2  startup_s32k144.o(.text)
    HardFault_Handler                        0x000004c5   Thumb Code     2  startup_s32k144.o(.text)
    MemManage_Handler                        0x000004c7   Thumb Code     2  startup_s32k144.o(.text)
    BusFault_Handler                         0x000004c9   Thumb Code     2  startup_s32k144.o(.text)
    UsageFault_Handler                       0x000004cb   Thumb Code     2  startup_s32k144.o(.text)
    SVC_Handler                              0x000004cd   Thumb Code     2  startup_s32k144.o(.text)
    DebugMon_Handler                         0x000004cf   Thumb Code     2  startup_s32k144.o(.text)
    PendSV_Handler                           0x000004d1   Thumb Code     2  startup_s32k144.o(.text)
    SysTick_Handler                          0x000004d3   Thumb Code     2  startup_s32k144.o(.text)
    ADC0_IRQHandler                          0x000004d5   Thumb Code     0  startup_s32k144.o(.text)
    ADC1_IRQHandler                          0x000004d5   Thumb Code     0  startup_s32k144.o(.text)
    CAN0_Error_IRQHandler                    0x000004d5   Thumb Code     0  startup_s32k144.o(.text)
    CAN0_ORed_16_31_MB_IRQHandler            0x000004d5   Thumb Code     0  startup_s32k144.o(.text)
    CAN0_ORed_IRQHandler                     0x000004d5   Thumb Code     0  startup_s32k144.o(.text)
    CAN0_Wake_Up_IRQHandler                  0x000004d5   Thumb Code     0  startup_s32k144.o(.text)
    CAN1_Error_IRQHandler                    0x000004d5   Thumb Code     0  startup_s32k144.o(.text)
    CAN1_ORed_0_15_MB_IRQHandler             0x000004d5   Thumb Code     0  startup_s32k144.o(.text)
    CAN1_ORed_IRQHandler                     0x000004d5   Thumb Code     0  startup_s32k144.o(.text)
    CAN2_Error_IRQHandler                    0x000004d5   Thumb Code     0  startup_s32k144.o(.text)
    CAN2_ORed_0_15_MB_IRQHandler             0x000004d5   Thumb Code     0  startup_s32k144.o(.text)
    CAN2_ORed_IRQHandler                     0x000004d5   Thumb Code     0  startup_s32k144.o(.text)
    CMP0_IRQHandler                          0x000004d5   Thumb Code     0  startup_s32k144.o(.text)
    DMA0_IRQHandler                          0x000004d5   Thumb Code     0  startup_s32k144.o(.text)
    DMA10_IRQHandler                         0x000004d5   Thumb Code     0  startup_s32k144.o(.text)
    DMA11_IRQHandler                         0x000004d5   Thumb Code     0  startup_s32k144.o(.text)
    DMA12_IRQHandler                         0x000004d5   Thumb Code     0  startup_s32k144.o(.text)
    DMA13_IRQHandler                         0x000004d5   Thumb Code     0  startup_s32k144.o(.text)
    DMA14_IRQHandler                         0x000004d5   Thumb Code     0  startup_s32k144.o(.text)
    DMA15_IRQHandler                         0x000004d5   Thumb Code     0  startup_s32k144.o(.text)
    DMA1_IRQHandler                          0x000004d5   Thumb Code     0  startup_s32k144.o(.text)
    DMA2_IRQHandler                          0x000004d5   Thumb Code     0  startup_s32k144.o(.text)
    DMA3_IRQHandler                          0x000004d5   Thumb Code     0  startup_s32k144.o(.text)
    DMA4_IRQHandler                          0x000004d5   Thumb Code     0  startup_s32k144.o(.text)
    DMA5_IRQHandler                          0x000004d5   Thumb Code     0  startup_s32k144.o(.text)
    DMA6_IRQHandler                          0x000004d5   Thumb Code     0  startup_s32k144.o(.text)
    DMA7_IRQHandler                          0x000004d5   Thumb Code     0  startup_s32k144.o(.text)
    DMA8_IRQHandler                          0x000004d5   Thumb Code     0  startup_s32k144.o(.text)
    DMA9_IRQHandler                          0x000004d5   Thumb Code     0  startup_s32k144.o(.text)
    DMA_Error_IRQHandler                     0x000004d5   Thumb Code     0  startup_s32k144.o(.text)
    DefaultISR                               0x000004d5   Thumb Code     0  startup_s32k144.o(.text)
    ERM_double_fault_IRQHandler              0x000004d5   Thumb Code     0  startup_s32k144.o(.text)
    ERM_single_fault_IRQHandler              0x000004d5   Thumb Code     0  startup_s32k144.o(.text)
    FLEXIO_IRQHandler                        0x000004d5   Thumb Code     0  startup_s32k144.o(.text)
    FTFC_Fault_IRQHandler                    0x000004d5   Thumb Code     0  startup_s32k144.o(.text)
    FTFC_IRQHandler                          0x000004d5   Thumb Code     0  startup_s32k144.o(.text)
    FTM0_Ch0_Ch1_IRQHandler                  0x000004d5   Thumb Code     0  startup_s32k144.o(.text)
    FTM0_Ch2_Ch3_IRQHandler                  0x000004d5   Thumb Code     0  startup_s32k144.o(.text)
    FTM0_Ch4_Ch5_IRQHandler                  0x000004d5   Thumb Code     0  startup_s32k144.o(.text)
    FTM0_Ch6_Ch7_IRQHandler                  0x000004d5   Thumb Code     0  startup_s32k144.o(.text)
    FTM0_Fault_IRQHandler                    0x000004d5   Thumb Code     0  startup_s32k144.o(.text)
    FTM0_Ovf_Reload_IRQHandler               0x000004d5   Thumb Code     0  startup_s32k144.o(.text)
    FTM1_Ch0_Ch1_IRQHandler                  0x000004d5   Thumb Code     0  startup_s32k144.o(.text)
    FTM1_Ch2_Ch3_IRQHandler                  0x000004d5   Thumb Code     0  startup_s32k144.o(.text)
    FTM1_Ch4_Ch5_IRQHandler                  0x000004d5   Thumb Code     0  startup_s32k144.o(.text)
    FTM1_Ch6_Ch7_IRQHandler                  0x000004d5   Thumb Code     0  startup_s32k144.o(.text)
    FTM1_Fault_IRQHandler                    0x000004d5   Thumb Code     0  startup_s32k144.o(.text)
    FTM1_Ovf_Reload_IRQHandler               0x000004d5   Thumb Code     0  startup_s32k144.o(.text)
    FTM2_Ch0_Ch1_IRQHandler                  0x000004d5   Thumb Code     0  startup_s32k144.o(.text)
    FTM2_Ch2_Ch3_IRQHandler                  0x000004d5   Thumb Code     0  startup_s32k144.o(.text)
    FTM2_Ch4_Ch5_IRQHandler                  0x000004d5   Thumb Code     0  startup_s32k144.o(.text)
    FTM2_Ch6_Ch7_IRQHandler                  0x000004d5   Thumb Code     0  startup_s32k144.o(.text)
    FTM2_Fault_IRQHandler                    0x000004d5   Thumb Code     0  startup_s32k144.o(.text)
    FTM2_Ovf_Reload_IRQHandler               0x000004d5   Thumb Code     0  startup_s32k144.o(.text)
    FTM3_Ch0_Ch1_IRQHandler                  0x000004d5   Thumb Code     0  startup_s32k144.o(.text)
    FTM3_Ch2_Ch3_IRQHandler                  0x000004d5   Thumb Code     0  startup_s32k144.o(.text)
    FTM3_Ch4_Ch5_IRQHandler                  0x000004d5   Thumb Code     0  startup_s32k144.o(.text)
    FTM3_Ch6_Ch7_IRQHandler                  0x000004d5   Thumb Code     0  startup_s32k144.o(.text)
    FTM3_Fault_IRQHandler                    0x000004d5   Thumb Code     0  startup_s32k144.o(.text)
    FTM3_Ovf_Reload_IRQHandler               0x000004d5   Thumb Code     0  startup_s32k144.o(.text)
    LPI2C0_Master_IRQHandler                 0x000004d5   Thumb Code     0  startup_s32k144.o(.text)
    LPI2C0_Slave_IRQHandler                  0x000004d5   Thumb Code     0  startup_s32k144.o(.text)
    LPIT0_Ch0_IRQHandler                     0x000004d5   Thumb Code     0  startup_s32k144.o(.text)
    LPIT0_Ch1_IRQHandler                     0x000004d5   Thumb Code     0  startup_s32k144.o(.text)
    LPIT0_Ch2_IRQHandler                     0x000004d5   Thumb Code     0  startup_s32k144.o(.text)
    LPIT0_Ch3_IRQHandler                     0x000004d5   Thumb Code     0  startup_s32k144.o(.text)
    LPSPI0_IRQHandler                        0x000004d5   Thumb Code     0  startup_s32k144.o(.text)
    LPSPI1_IRQHandler                        0x000004d5   Thumb Code     0  startup_s32k144.o(.text)
    LPSPI2_IRQHandler                        0x000004d5   Thumb Code     0  startup_s32k144.o(.text)
    LPTMR0_IRQHandler                        0x000004d5   Thumb Code     0  startup_s32k144.o(.text)
    LPUART0_RxTx_IRQHandler                  0x000004d5   Thumb Code     0  startup_s32k144.o(.text)
    LPUART1_RxTx_IRQHandler                  0x000004d5   Thumb Code     0  startup_s32k144.o(.text)
    LPUART2_RxTx_IRQHandler                  0x000004d5   Thumb Code     0  startup_s32k144.o(.text)
    LVD_LVW_IRQHandler                       0x000004d5   Thumb Code     0  startup_s32k144.o(.text)
    MCM_IRQHandler                           0x000004d5   Thumb Code     0  startup_s32k144.o(.text)
    PDB0_IRQHandler                          0x000004d5   Thumb Code     0  startup_s32k144.o(.text)
    PDB1_IRQHandler                          0x000004d5   Thumb Code     0  startup_s32k144.o(.text)
    PORTA_IRQHandler                         0x000004d5   Thumb Code     0  startup_s32k144.o(.text)
    PORTB_IRQHandler                         0x000004d5   Thumb Code     0  startup_s32k144.o(.text)
    PORTC_IRQHandler                         0x000004d5   Thumb Code     0  startup_s32k144.o(.text)
    PORTD_IRQHandler                         0x000004d5   Thumb Code     0  startup_s32k144.o(.text)
    PORTE_IRQHandler                         0x000004d5   Thumb Code     0  startup_s32k144.o(.text)
    RCM_IRQHandler                           0x000004d5   Thumb Code     0  startup_s32k144.o(.text)
    RTC_IRQHandler                           0x000004d5   Thumb Code     0  startup_s32k144.o(.text)
    RTC_Seconds_IRQHandler                   0x000004d5   Thumb Code     0  startup_s32k144.o(.text)
    Read_Collision_IRQHandler                0x000004d5   Thumb Code     0  startup_s32k144.o(.text)
    Reserved100_IRQHandler                   0x000004d5   Thumb Code     0  startup_s32k144.o(.text)
    Reserved103_IRQHandler                   0x000004d5   Thumb Code     0  startup_s32k144.o(.text)
    Reserved105_IRQHandler                   0x000004d5   Thumb Code     0  startup_s32k144.o(.text)
    Reserved106_IRQHandler                   0x000004d5   Thumb Code     0  startup_s32k144.o(.text)
    Reserved107_IRQHandler                   0x000004d5   Thumb Code     0  startup_s32k144.o(.text)
    Reserved110_IRQHandler                   0x000004d5   Thumb Code     0  startup_s32k144.o(.text)
    Reserved112_IRQHandler                   0x000004d5   Thumb Code     0  startup_s32k144.o(.text)
    Reserved113_IRQHandler                   0x000004d5   Thumb Code     0  startup_s32k144.o(.text)
    Reserved114_IRQHandler                   0x000004d5   Thumb Code     0  startup_s32k144.o(.text)
    Reserved45_IRQHandler                    0x000004d5   Thumb Code     0  startup_s32k144.o(.text)
    Reserved46_IRQHandler                    0x000004d5   Thumb Code     0  startup_s32k144.o(.text)
    Reserved48_IRQHandler                    0x000004d5   Thumb Code     0  startup_s32k144.o(.text)
    Reserved50_IRQHandler                    0x000004d5   Thumb Code     0  startup_s32k144.o(.text)
    Reserved52_IRQHandler                    0x000004d5   Thumb Code     0  startup_s32k144.o(.text)
    Reserved53_IRQHandler                    0x000004d5   Thumb Code     0  startup_s32k144.o(.text)
    Reserved54_IRQHandler                    0x000004d5   Thumb Code     0  startup_s32k144.o(.text)
    Reserved58_IRQHandler                    0x000004d5   Thumb Code     0  startup_s32k144.o(.text)
    Reserved59_IRQHandler                    0x000004d5   Thumb Code     0  startup_s32k144.o(.text)
    Reserved69_IRQHandler                    0x000004d5   Thumb Code     0  startup_s32k144.o(.text)
    Reserved70_IRQHandler                    0x000004d5   Thumb Code     0  startup_s32k144.o(.text)
    Reserved71_IRQHandler                    0x000004d5   Thumb Code     0  startup_s32k144.o(.text)
    Reserved72_IRQHandler                    0x000004d5   Thumb Code     0  startup_s32k144.o(.text)
    Reserved81_IRQHandler                    0x000004d5   Thumb Code     0  startup_s32k144.o(.text)
    Reserved82_IRQHandler                    0x000004d5   Thumb Code     0  startup_s32k144.o(.text)
    Reserved83_IRQHandler                    0x000004d5   Thumb Code     0  startup_s32k144.o(.text)
    Reserved86_IRQHandler                    0x000004d5   Thumb Code     0  startup_s32k144.o(.text)
    Reserved87_IRQHandler                    0x000004d5   Thumb Code     0  startup_s32k144.o(.text)
    Reserved88_IRQHandler                    0x000004d5   Thumb Code     0  startup_s32k144.o(.text)
    Reserved89_IRQHandler                    0x000004d5   Thumb Code     0  startup_s32k144.o(.text)
    Reserved90_IRQHandler                    0x000004d5   Thumb Code     0  startup_s32k144.o(.text)
    Reserved91_IRQHandler                    0x000004d5   Thumb Code     0  startup_s32k144.o(.text)
    Reserved92_IRQHandler                    0x000004d5   Thumb Code     0  startup_s32k144.o(.text)
    Reserved93_IRQHandler                    0x000004d5   Thumb Code     0  startup_s32k144.o(.text)
    Reserved99_IRQHandler                    0x000004d5   Thumb Code     0  startup_s32k144.o(.text)
    SCG_IRQHandler                           0x000004d5   Thumb Code     0  startup_s32k144.o(.text)
    SWI_IRQHandler                           0x000004d5   Thumb Code     0  startup_s32k144.o(.text)
    WDOG_EWM_IRQHandler                      0x000004d5   Thumb Code     0  startup_s32k144.o(.text)
    memcmp                                   0x000004e9   Thumb Code    88  memcmp.o(.text)
    __aeabi_memcpy                           0x00000541   Thumb Code     0  rt_memcpy_v6.o(.text)
    __rt_memcpy                              0x00000541   Thumb Code   138  rt_memcpy_v6.o(.text)
    _memcpy_lastbytes                        0x000005a7   Thumb Code     0  rt_memcpy_v6.o(.text)
    __aeabi_memcpy4                          0x000005cb   Thumb Code     0  rt_memcpy_w.o(.text)
    __aeabi_memcpy8                          0x000005cb   Thumb Code     0  rt_memcpy_w.o(.text)
    __rt_memcpy_w                            0x000005cb   Thumb Code   100  rt_memcpy_w.o(.text)
    _memcpy_lastbytes_aligned                0x00000613   Thumb Code     0  rt_memcpy_w.o(.text)
    exit                                     0x0000062f   Thumb Code    18  exit.o(.text)
    __I$use$semihosting                      0x00000641   Thumb Code     0  use_no_semi.o(.text)
    __use_no_semihosting_swi                 0x00000641   Thumb Code     2  use_no_semi.o(.text)
    __semihosting_library_function           0x00000643   Thumb Code     0  indicate_semi.o(.text)
    _sys_exit                                0x00000645   Thumb Code     8  sys_exit.o(.text)
    Long Thumb to Thumb Veneer to FLASH_DRV_Init 0x00000651   Thumb Code    10  anon$$obj.o(Veneer$$Code)
    Long Thumb to Thumb Veneer to FLASH_DRV_EraseSector 0x0000065b   Thumb Code    10  anon$$obj.o(Veneer$$Code)
    Long Thumb to Thumb Veneer to FLASH_DRV_Program 0x00000665   Thumb Code    10  anon$$obj.o(Veneer$$Code)
    CAN0_ORed_0_15_MB_IRQHandler             0x00000671   Thumb Code   128  hal_can.o(i.CAN0_ORed_0_15_MB_IRQHandler)
    Hal_CAN0_Send_Data_Function              0x000006f9   Thumb Code    98  hal_can.o(i.Hal_CAN0_Send_Data_Function)
    Hal_CanDriverReceiveWaitFunction         0x00000765   Thumb Code   100  hal_can.o(i.Hal_CanDriverReceiveWaitFunction)
    Hal_Clock_System_Init                    0x00000821   Thumb Code    84  hal_clocks_and_modes.o(i.Hal_Clock_System_Init)
    Hal_Flash_Init                           0x00000889   Thumb Code     8  hal_flash.o(i.Hal_Flash_Init)
    Hal_FlexCan_Init                         0x00000959   Thumb Code    62  hal_can.o(i.Hal_FlexCan_Init)
    Hal_Goto_App_CharString_Flash_Revert_Function 0x000009a5   Thumb Code    62  hal_flash.o(i.Hal_Goto_App_CharString_Flash_Revert_Function)
    Hal_Ret_Check_Start_Mode_Flag_Function   0x000009f5   Thumb Code    74  hal_flash.o(i.Hal_Ret_Check_Start_Mode_Flag_Function)
    Hal_Uds_36_Service_EraseSector_Write_Flash_Buffer_Function 0x00000a55   Thumb Code    84  hal_flash.o(i.Hal_Uds_36_Service_EraseSector_Write_Flash_Buffer_Function)
    INT_SYS_DisableIRQGlobal                 0x00000ab1   Thumb Code    12  interrupt_manager.o(i.INT_SYS_DisableIRQGlobal)
    INT_SYS_EnableIRQGlobal                  0x00000ac1   Thumb Code    20  interrupt_manager.o(i.INT_SYS_EnableIRQGlobal)
    NormalRUNmode_80MHz                      0x00000ad9   Thumb Code    18  clocks_and_modes.o(i.NormalRUNmode_80MHz)
    SOSC_init_8MHz                           0x00000af5   Thumb Code    40  clocks_and_modes.o(i.SOSC_init_8MHz)
    SPLL_init_160MHz                         0x00000b21   Thumb Code    48  clocks_and_modes.o(i.SPLL_init_160MHz)
    SystemCoreClockUpdate                    0x00000d29   Thumb Code   102  system_s32k144.o(i.SystemCoreClockUpdate)
    SystemInit                               0x00000da9   Thumb Code    42  system_s32k144.o(i.SystemInit)
    UdsServiceProcessFunction                0x00000de5   Thumb Code   224  uds_service.o(i.UdsServiceProcessFunction)
    Uds_CanDataTransmit_Function             0x00000ed1   Thumb Code   366  uds_tp.o(i.Uds_CanDataTransmit_Function)
    Uds_CanTx_FlowControlFrame_Management    0x000011d1   Thumb Code    30  uds_tp.o(i.Uds_CanTx_FlowControlFrame_Management)
    Uds_Diagnostic_Protocol_CycleProcess     0x000011f5   Thumb Code   146  uds_tp.o(i.Uds_Diagnostic_Protocol_CycleProcess)
    Uds_Ret_Brushing_Completed_Flag          0x00001299   Thumb Code     6  uds_service.o(i.Uds_Ret_Brushing_Completed_Flag)
    Uds_Tp_ResetSession_Timer                0x000012a5   Thumb Code    10  uds_tp.o(i.Uds_Tp_ResetSession_Timer)
    init_data_bss                            0x000012b5   Thumb Code    56  startup.o(i.init_data_bss)
    main                                     0x000012fd   Thumb Code   126  main.o(i.main)
    pt_Hal_Ret_Can_Rx_Queue_Message          0x00001385   Thumb Code     4  hal_can.o(i.pt_Hal_Ret_Can_Rx_Queue_Message)
    _fp_init                                 0x0000138d   Thumb Code    10  fpinit.o(x$fpl$fpinit)
    __fplib_config_fpu_vfp                   0x00001395   Thumb Code     0  fpinit.o(x$fpl$fpinit)
    __fplib_config_pureend_doubles           0x00001395   Thumb Code     0  fpinit.o(x$fpl$fpinit)
    Flash1_InitConfig0                       0x00001398   Data          20  hal_flash.o(.constdata)
    m_uds_Parameter_Configuration            0x000013b8   Data          20  uds_tp.o(.constdata)
    Region$$Table$$Base                      0x000013e0   Number         0  anon$$obj.o(Region$$Table)
    Region$$Table$$Limit                     0x00001410   Number         0  anon$$obj.o(Region$$Table)
    Image$$RW_m_data$$Base                   0x1fff8000   Number         0  anon$$obj.o ABSOLUTE
    jump2app                                 0x1fff8004   Data           4  main.o(.data)
    Uds_36_Service_SectorNum                 0x1fff8012   Data           2  uds_service.o(.data)
    Uds_36_Service_MemorySizeNum             0x1fff8014   Data           2  uds_service.o(.data)
    SystemCoreClock                          0x1fff8020   Data           4  system_s32k144.o(.data)
    Hal_Flash_Read_buffer                    0x1fff8024   Data        4096  hal_flash.o(.bss)
    pSSDConfig                               0x1fff9024   Data          28  hal_flash.o(.bss)
    m_Hal_Can_Rx_Queue_Message               0x1fff9040   Data         484  hal_can.o(.bss)
    m_Uds_Tp_Variables_Message               0x1fff9a54   Data          40  uds_tp.o(.bss)
    Image$$ARM_LIB_HEAP$$ZI$$Base            0x1fff9a8c   Number         0  anon$$obj.o ABSOLUTE
    Image$$ARM_LIB_HEAP$$ZI$$Limit           0x1fff9e8c   Number         0  anon$$obj.o ABSOLUTE
    Image$$ARM_LIB_STACK$$ZI$$Limit          0x20006000   Number         0  anon$$obj.o ABSOLUTE
    FLASH_DRV_EraseSector                    0x20006035   Thumb Code   142  flash_driver.o(i.FLASH_DRV_EraseSector)
    FLASH_DRV_Init                           0x2000612d   Thumb Code    62  flash_driver.o(i.FLASH_DRV_Init)
    FLASH_DRV_Program                        0x20006171   Thumb Code   144  flash_driver.o(i.FLASH_DRV_Program)



==============================================================================

Memory Map of the image

  Image Entry point : 0x00000411

  Load Region LR_m_text (Base: 0x00000410, Size: 0x00001228, Max: 0x0007fbf0, ABSOLUTE)

    Execution Region ER_m_text (Exec base: 0x00000410, Load base: 0x00000410, Size: 0x00001000, Max: 0x0007fbf0, ABSOLUTE)

    Exec Addr    Load Addr    Size         Type   Attr      Idx    E Section Name        Object

    0x00000410   0x00000410   0x00000008   Code   RO          818  * !!!main             c_w.l(__main.o)
    0x00000418   0x00000418   0x00000034   Code   RO          990    !!!scatter          c_w.l(__scatter.o)
    0x0000044c   0x0000044c   0x0000001a   Code   RO          992    !!handler_copy      c_w.l(__scatter_copy.o)
    0x00000466   0x00000466   0x00000002   PAD
    0x00000468   0x00000468   0x0000001c   Code   RO          994    !!handler_zi        c_w.l(__scatter_zi.o)
    0x00000484   0x00000484   0x00000002   Code   RO          852    .ARM.Collect$$libinit$$00000000  c_w.l(libinit.o)
    0x00000486   0x00000486   0x00000004   Code   RO          860    .ARM.Collect$$libinit$$00000001  c_w.l(libinit2.o)
    0x0000048a   0x0000048a   0x00000000   Code   RO          863    .ARM.Collect$$libinit$$00000004  c_w.l(libinit2.o)
    0x0000048a   0x0000048a   0x00000000   Code   RO          866    .ARM.Collect$$libinit$$0000000A  c_w.l(libinit2.o)
    0x0000048a   0x0000048a   0x00000000   Code   RO          868    .ARM.Collect$$libinit$$0000000C  c_w.l(libinit2.o)
    0x0000048a   0x0000048a   0x00000000   Code   RO          870    .ARM.Collect$$libinit$$0000000E  c_w.l(libinit2.o)
    0x0000048a   0x0000048a   0x00000000   Code   RO          873    .ARM.Collect$$libinit$$00000011  c_w.l(libinit2.o)
    0x0000048a   0x0000048a   0x00000000   Code   RO          875    .ARM.Collect$$libinit$$00000013  c_w.l(libinit2.o)
    0x0000048a   0x0000048a   0x00000000   Code   RO          877    .ARM.Collect$$libinit$$00000015  c_w.l(libinit2.o)
    0x0000048a   0x0000048a   0x00000000   Code   RO          879    .ARM.Collect$$libinit$$00000017  c_w.l(libinit2.o)
    0x0000048a   0x0000048a   0x00000000   Code   RO          881    .ARM.Collect$$libinit$$00000019  c_w.l(libinit2.o)
    0x0000048a   0x0000048a   0x00000000   Code   RO          883    .ARM.Collect$$libinit$$0000001B  c_w.l(libinit2.o)
    0x0000048a   0x0000048a   0x00000000   Code   RO          885    .ARM.Collect$$libinit$$0000001D  c_w.l(libinit2.o)
    0x0000048a   0x0000048a   0x00000000   Code   RO          887    .ARM.Collect$$libinit$$0000001F  c_w.l(libinit2.o)
    0x0000048a   0x0000048a   0x00000000   Code   RO          889    .ARM.Collect$$libinit$$00000021  c_w.l(libinit2.o)
    0x0000048a   0x0000048a   0x00000000   Code   RO          891    .ARM.Collect$$libinit$$00000023  c_w.l(libinit2.o)
    0x0000048a   0x0000048a   0x00000000   Code   RO          893    .ARM.Collect$$libinit$$00000025  c_w.l(libinit2.o)
    0x0000048a   0x0000048a   0x00000000   Code   RO          897    .ARM.Collect$$libinit$$0000002C  c_w.l(libinit2.o)
    0x0000048a   0x0000048a   0x00000000   Code   RO          899    .ARM.Collect$$libinit$$0000002E  c_w.l(libinit2.o)
    0x0000048a   0x0000048a   0x00000000   Code   RO          901    .ARM.Collect$$libinit$$00000030  c_w.l(libinit2.o)
    0x0000048a   0x0000048a   0x00000000   Code   RO          903    .ARM.Collect$$libinit$$00000032  c_w.l(libinit2.o)
    0x0000048a   0x0000048a   0x00000002   Code   RO          904    .ARM.Collect$$libinit$$00000033  c_w.l(libinit2.o)
    0x0000048c   0x0000048c   0x00000002   Code   RO          931    .ARM.Collect$$libshutdown$$00000000  c_w.l(libshutdown.o)
    0x0000048e   0x0000048e   0x00000000   Code   RO          941    .ARM.Collect$$libshutdown$$00000002  c_w.l(libshutdown2.o)
    0x0000048e   0x0000048e   0x00000000   Code   RO          943    .ARM.Collect$$libshutdown$$00000004  c_w.l(libshutdown2.o)
    0x0000048e   0x0000048e   0x00000000   Code   RO          945    .ARM.Collect$$libshutdown$$00000006  c_w.l(libshutdown2.o)
    0x0000048e   0x0000048e   0x00000000   Code   RO          948    .ARM.Collect$$libshutdown$$00000009  c_w.l(libshutdown2.o)
    0x0000048e   0x0000048e   0x00000000   Code   RO          951    .ARM.Collect$$libshutdown$$0000000C  c_w.l(libshutdown2.o)
    0x0000048e   0x0000048e   0x00000000   Code   RO          953    .ARM.Collect$$libshutdown$$0000000E  c_w.l(libshutdown2.o)
    0x0000048e   0x0000048e   0x00000000   Code   RO          956    .ARM.Collect$$libshutdown$$00000011  c_w.l(libshutdown2.o)
    0x0000048e   0x0000048e   0x00000002   Code   RO          957    .ARM.Collect$$libshutdown$$00000012  c_w.l(libshutdown2.o)
    0x00000490   0x00000490   0x00000000   Code   RO          820    .ARM.Collect$$rtentry$$00000000  c_w.l(__rtentry.o)
    0x00000490   0x00000490   0x00000000   Code   RO          824    .ARM.Collect$$rtentry$$00000002  c_w.l(__rtentry2.o)
    0x00000490   0x00000490   0x00000004   Code   RO          838    .ARM.Collect$$rtentry$$00000007  c_w.l(__rtentry7.o)
    0x00000494   0x00000494   0x00000000   Code   RO          826    .ARM.Collect$$rtentry$$00000009  c_w.l(__rtentry2.o)
    0x00000494   0x00000494   0x00000004   Code   RO          827    .ARM.Collect$$rtentry$$0000000A  c_w.l(__rtentry2.o)
    0x00000498   0x00000498   0x00000000   Code   RO          829    .ARM.Collect$$rtentry$$0000000C  c_w.l(__rtentry2.o)
    0x00000498   0x00000498   0x00000008   Code   RO          830    .ARM.Collect$$rtentry$$0000000D  c_w.l(__rtentry2.o)
    0x000004a0   0x000004a0   0x00000004   Code   RO          839    .ARM.Collect$$rtentry$$00002718  c_w.l(__rtentry7.o)
    0x000004a4   0x000004a4   0x00000002   Code   RO          858    .ARM.Collect$$rtexit$$00000000  c_w.l(rtexit.o)
    0x000004a6   0x000004a6   0x00000000   Code   RO          913    .ARM.Collect$$rtexit$$00000002  c_w.l(rtexit2.o)
    0x000004a6   0x000004a6   0x00000004   Code   RO          914    .ARM.Collect$$rtexit$$00000003  c_w.l(rtexit2.o)
    0x000004aa   0x000004aa   0x00000006   Code   RO          915    .ARM.Collect$$rtexit$$00000004  c_w.l(rtexit2.o)
    0x000004b0   0x000004b0   0x00000038   Code   RO          765    .text               startup_s32k144.o
    0x000004e8   0x000004e8   0x00000058   Code   RO          814    .text               c_w.l(memcmp.o)
    0x00000540   0x00000540   0x0000008a   Code   RO          816    .text               c_w.l(rt_memcpy_v6.o)
    0x000005ca   0x000005ca   0x00000064   Code   RO          821    .text               c_w.l(rt_memcpy_w.o)
    0x0000062e   0x0000062e   0x00000012   Code   RO          845    .text               c_w.l(exit.o)
    0x00000640   0x00000640   0x00000002   Code   RO          909    .text               c_w.l(use_no_semi.o)
    0x00000642   0x00000642   0x00000000   Code   RO          911    .text               c_w.l(indicate_semi.o)
    0x00000642   0x00000642   0x00000002   PAD
    0x00000644   0x00000644   0x0000000c   Code   RO          923    .text               c_w.l(sys_exit.o)
    0x00000650   0x00000650   0x0000000a   Ven    RO          996    Veneer$$Code        anon$$obj.o
    0x0000065a   0x0000065a   0x0000000a   Ven    RO          997    Veneer$$Code        anon$$obj.o
    0x00000664   0x00000664   0x0000000a   Ven    RO          998    Veneer$$Code        anon$$obj.o
    0x0000066e   0x0000066e   0x00000002   PAD
    0x00000670   0x00000670   0x00000088   Code   RO          230    i.CAN0_ORed_0_15_MB_IRQHandler  hal_can.o
    0x000006f8   0x000006f8   0x0000006c   Code   RO          231    i.Hal_CAN0_Send_Data_Function  hal_can.o
    0x00000764   0x00000764   0x00000064   Code   RO          232    i.Hal_CanDriverReceiveWaitFunction  hal_can.o
    0x000007c8   0x000007c8   0x00000058   Code   RO          233    i.Hal_CanSetQueueBufferMessage  hal_can.o
    0x00000820   0x00000820   0x00000068   Code   RO          206    i.Hal_Clock_System_Init  hal_clocks_and_modes.o
    0x00000888   0x00000888   0x00000010   Code   RO          154    i.Hal_Flash_Init    hal_flash.o
    0x00000898   0x00000898   0x000000c0   Code   RO          234    i.Hal_FlexCan0_Init  hal_can.o
    0x00000958   0x00000958   0x0000004c   Code   RO          235    i.Hal_FlexCan_Init  hal_can.o
    0x000009a4   0x000009a4   0x00000050   Code   RO          155    i.Hal_Goto_App_CharString_Flash_Revert_Function  hal_flash.o
    0x000009f4   0x000009f4   0x00000060   Code   RO          156    i.Hal_Ret_Check_Start_Mode_Flag_Function  hal_flash.o
    0x00000a54   0x00000a54   0x0000005c   Code   RO          157    i.Hal_Uds_36_Service_EraseSector_Write_Flash_Buffer_Function  hal_flash.o
    0x00000ab0   0x00000ab0   0x00000010   Code   RO          681    i.INT_SYS_DisableIRQGlobal  interrupt_manager.o
    0x00000ac0   0x00000ac0   0x00000018   Code   RO          683    i.INT_SYS_EnableIRQGlobal  interrupt_manager.o
    0x00000ad8   0x00000ad8   0x0000001c   Code   RO            7    i.NormalRUNmode_80MHz  clocks_and_modes.o
    0x00000af4   0x00000af4   0x0000002c   Code   RO            8    i.SOSC_init_8MHz    clocks_and_modes.o
    0x00000b20   0x00000b20   0x00000034   Code   RO            9    i.SPLL_init_160MHz  clocks_and_modes.o
    0x00000b54   0x00000b54   0x000000a8   Code   RO          292    i.Serivice0x10Process  uds_service.o
    0x00000bfc   0x00000bfc   0x00000060   Code   RO          293    i.Serivice0x11Process  uds_service.o
    0x00000c5c   0x00000c5c   0x00000070   Code   RO          294    i.Serivice0x34Process  uds_service.o
    0x00000ccc   0x00000ccc   0x0000005c   Code   RO          295    i.Serivice0x36Process  uds_service.o
    0x00000d28   0x00000d28   0x00000080   Code   RO          772    i.SystemCoreClockUpdate  system_s32k144.o
    0x00000da8   0x00000da8   0x0000003c   Code   RO          773    i.SystemInit        system_s32k144.o
    0x00000de4   0x00000de4   0x000000ec   Code   RO          296    i.UdsServiceProcessFunction  uds_service.o
    0x00000ed0   0x00000ed0   0x00000174   Code   RO          347    i.Uds_CanDataTransmit_Function  uds_tp.o
    0x00001044   0x00001044   0x0000018c   Code   RO          348    i.Uds_CanRx_Management_Process  uds_tp.o
    0x000011d0   0x000011d0   0x00000024   Code   RO          349    i.Uds_CanTx_FlowControlFrame_Management  uds_tp.o
    0x000011f4   0x000011f4   0x000000a4   Code   RO          350    i.Uds_Diagnostic_Protocol_CycleProcess  uds_tp.o
    0x00001298   0x00001298   0x0000000c   Code   RO          297    i.Uds_Ret_Brushing_Completed_Flag  uds_service.o
    0x000012a4   0x000012a4   0x00000010   Code   RO          351    i.Uds_Tp_ResetSession_Timer  uds_tp.o
    0x000012b4   0x000012b4   0x00000048   Code   RO          402    i.init_data_bss     startup.o
    0x000012fc   0x000012fc   0x00000088   Code   RO          127    i.main              main.o
    0x00001384   0x00001384   0x00000008   Code   RO          236    i.pt_Hal_Ret_Can_Rx_Queue_Message  hal_can.o
    0x0000138c   0x0000138c   0x0000000a   Code   RO          921    x$fpl$fpinit        fz_wm.l(fpinit.o)
    0x00001396   0x00001396   0x00000002   PAD
    0x00001398   0x00001398   0x00000014   Data   RO          159    .constdata          hal_flash.o
    0x000013ac   0x000013ac   0x0000000a   Data   RO          299    .constdata          uds_service.o
    0x000013b6   0x000013b6   0x00000002   PAD
    0x000013b8   0x000013b8   0x00000014   Data   RO          353    .constdata          uds_tp.o
    0x000013cc   0x000013cc   0x00000004   Data   RO          403    .constdata          startup.o
    0x000013d0   0x000013d0   0x00000010   Data   RO          775    .constdata          system_s32k144.o
    0x000013e0   0x000013e0   0x00000030   Data   RO          988    Region$$Table       anon$$obj.o


    Execution Region RW_m_data (Exec base: 0x1fff8000, Load base: 0x00001410, Size: 0x00001a8c, Max: 0x00008000, ABSOLUTE)

    Exec Addr    Load Addr    Size         Type   Attr      Idx    E Section Name        Object

    0x1fff8000   0x00001410   0x00000010   Data   RW          128    .data               main.o
    0x1fff8010   0x00001420   0x00000006   Data   RW          300    .data               uds_service.o
    0x1fff8016   0x00001426   0x00000002   PAD
    0x1fff8018   0x00001428   0x00000004   Data   RW          354    .data               uds_tp.o
    0x1fff801c   0x0000142c   0x00000004   Data   RW          690    .data               interrupt_manager.o
    0x1fff8020   0x00001430   0x00000004   Data   RW          776    .data               system_s32k144.o
    0x1fff8024        -       0x0000101c   Zero   RW          158    .bss                hal_flash.o
    0x1fff9040        -       0x000001e4   Zero   RW          237    .bss                hal_can.o
    0x1fff9224        -       0x00000868   Zero   RW          352    .bss                uds_tp.o


    Execution Region ARM_LIB_HEAP (Exec base: 0x1fff9a8c, Load base: 0x00001434, Size: 0x00000400, Max: 0x00000400, ABSOLUTE)

    Exec Addr    Load Addr    Size         Type   Attr      Idx    E Section Name        Object

    0x1fff9a8c        -       0x00000400   Zero   RW            1    ARM_LIB_HEAP.bss    anon$$obj.o


    Execution Region RW_m_data_2 (Exec base: 0x20000000, Load base: 0x00001434, Size: 0x00000000, Max: 0x00005800, ABSOLUTE)

    **** No section assigned to this execution region ****


    Execution Region ARM_LIB_STACK (Exec base: 0x20005c00, Load base: 0x00001434, Size: 0x00000400, Max: 0x00000400, ABSOLUTE)

    Exec Addr    Load Addr    Size         Type   Attr      Idx    E Section Name        Object

    0x20005c00        -       0x00000400   Zero   RW            2    ARM_LIB_STACK.bss   anon$$obj.o


    Execution Region CODE_RAM (Exec base: 0x20006000, Load base: 0x00001434, Size: 0x00000204, Max: 0x00001000, ABSOLUTE)

    Exec Addr    Load Addr    Size         Type   Attr      Idx    E Section Name        Object

    0x20006000   0x00001434   0x00000034   Code   RO          451    i.FLASH_DRV_CommandSequence  flash_driver.o
    0x20006034   0x00001468   0x00000094   Code   RO          464    i.FLASH_DRV_EraseSector  flash_driver.o
    0x200060c8   0x000014fc   0x00000064   Code   RO          466    i.FLASH_DRV_GetDEPartitionCode  flash_driver.o
    0x2000612c   0x00001560   0x00000044   Code   RO          471    i.FLASH_DRV_Init    flash_driver.o
    0x20006170   0x000015a4   0x00000094   Code   RO          472    i.FLASH_DRV_Program  flash_driver.o



  Load Region LR_m_interrupts (Base: 0x00000000, Size: 0x00000400, Max: 0x00000400, ABSOLUTE)

    Execution Region VECTOR_RAM (Exec base: 0x00000000, Load base: 0x00000000, Size: 0x00000000, Max: 0x00000000, ABSOLUTE)

    Exec Addr    Load Addr    Size         Type   Attr      Idx    E Section Name        Object

    0x00000000        -       0x00000000   Zero   RW            3    VECTOR_RAM.bss      anon$$obj.o


    Execution Region VECTOR_ROM (Exec base: 0x00000000, Load base: 0x00000000, Size: 0x00000400, Max: 0x00000400, ABSOLUTE)

    Exec Addr    Load Addr    Size         Type   Attr      Idx    E Section Name        Object

    0x00000000   0x00000000   0x00000400   Data   RO          763    RESET               startup_s32k144.o



  Load Region LR_m_flash_config (Base: 0x00000400, Size: 0x00000010, Max: 0x00000010, ABSOLUTE)

    Execution Region ER_m_flash_config (Exec base: 0x00000400, Load base: 0x00000400, Size: 0x00000010, Max: 0x00000010, ABSOLUTE)

    Exec Addr    Load Addr    Size         Type   Attr      Idx    E Section Name        Object

    0x00000400   0x00000400   0x00000010   Data   RO          764    FlashConfig         startup_s32k144.o


==============================================================================

Image component sizes


      Code (inc. data)   RO Data    RW Data    ZI Data      Debug   Object Name

       124         18          0          0          0     450090   clocks_and_modes.o
       516         22          0          0          0       5337   flash_driver.o
       708         54          0          0        484       5974   hal_can.o
       104         20          0          0          0       1032   hal_clocks_and_modes.o
       284         56         20          0       4124       3817   hal_flash.o
        40          8          0          4          0       1497   interrupt_manager.o
       136         10          0         16          0       1526   main.o
        72         16          4          0          0       1780   startup.o
        56         18       1040          0          0        908   startup_s32k144.o
       188         44         16          4          0       2291   system_s32k144.o
       716         52         10          6          0       7757   uds_service.o
       984         52         20          4       2152       6853   uds_tp.o

    ----------------------------------------------------------------------
      3960        370       1160         36       8808     488862   Object Totals
        30          0         48          0       2048          0   (incl. Generated)
         2          0          2          2          0          0   (incl. Padding)

    ----------------------------------------------------------------------

      Code (inc. data)   RO Data    RW Data    ZI Data      Debug   Library Member Name

         8          0          0          0          0         68   __main.o
         0          0          0          0          0          0   __rtentry.o
        12          0          0          0          0          0   __rtentry2.o
         8          4          0          0          0          0   __rtentry7.o
        52          8          0          0          0          0   __scatter.o
        26          0          0          0          0          0   __scatter_copy.o
        28          0          0          0          0          0   __scatter_zi.o
        18          0          0          0          0         80   exit.o
         0          0          0          0          0          0   indicate_semi.o
         2          0          0          0          0          0   libinit.o
         6          0          0          0          0          0   libinit2.o
         2          0          0          0          0          0   libshutdown.o
         2          0          0          0          0          0   libshutdown2.o
        88          0          0          0          0         76   memcmp.o
       138          0          0          0          0         68   rt_memcpy_v6.o
       100          0          0          0          0         80   rt_memcpy_w.o
         2          0          0          0          0          0   rtexit.o
        10          0          0          0          0          0   rtexit2.o
        12          4          0          0          0         68   sys_exit.o
         2          0          0          0          0         68   use_no_semi.o
        10          0          0          0          0        116   fpinit.o

    ----------------------------------------------------------------------
       532         16          0          0          0        624   Library Totals
         6          0          0          0          0          0   (incl. Padding)

    ----------------------------------------------------------------------

      Code (inc. data)   RO Data    RW Data    ZI Data      Debug   Library Name

       516         16          0          0          0        508   c_w.l
        10          0          0          0          0        116   fz_wm.l

    ----------------------------------------------------------------------
       532         16          0          0          0        624   Library Totals

    ----------------------------------------------------------------------

==============================================================================


      Code (inc. data)   RO Data    RW Data    ZI Data      Debug   

      4492        386       1160         36       8808     486130   Grand Totals
      4492        386       1160         36       8808     486130   ELF Image Totals
      4492        386       1160         36          0          0   ROM Totals

==============================================================================

    Total RO  Size (Code + RO Data)                 5652 (   5.52kB)
    Total RW  Size (RW Data + ZI Data)              8844 (   8.64kB)
    Total ROM Size (Code + RO Data + RW Data)       5688 (   5.55kB)

==============================================================================

