<html>
<body>
<pre>
<h1>µVision Build Log</h1>
<h2>Tool Versions:</h2>
IDE-Version: ¦ÌVision V5.38.0.0
Copyright (C) 2022 ARM Ltd and ARM Germany GmbH. All rights reserved.
License Information: HU huqiwang, JUYI, LIC=YA39H-W2CT4-8T73P-M9843-64JU4-7FSS6
 
Tool Versions:
Toolchain:       MDK-ARM Plus  Version: 5.38.0.0
Toolchain Path:  D:\Keil_v5\ARM\ARMCLANG\Bin
C Compiler:      ArmClang.exe V6.19
Assembler:       Armasm.exe V6.19
Linker/Locator:  ArmLink.exe V6.19
Library Manager: ArmAr.exe V6.19
Hex Converter:   FromElf.exe V6.19
CPU DLL:         SARMCM3.DLL V5.38.0.0
Dialog DLL:      DCM.DLL V1.17.5.0
Target DLL:      Segger\JL2CM3.dll V2.99.42.0
Dialog DLL:      TCM.DLL V1.56.4.0
 
<h2>Project:</h2>
C:\Users\huqiwang\Desktop\S32K144_Test_Code_Project\Nxp_S32K144_BootLoader_____\S32K144_BootLoader_Code__.uvprojx
Project File Date:  04/26/2025

<h2>Output:</h2>
*** Using Compiler 'V6.19', folder: 'D:\Keil_v5\ARM\ARMCLANG\Bin'
Rebuild target 'J-Link'
assembling startup_S32K144.s...
compiling clocks_and_modes.c...
compiling hal_flash.c...
compiling main.c...
compiling system_S32K144.c...
compiling startup.c...
compiling flash_driver.c...
compiling interrupt_manager.c...
linking...
Program Size: Code=2776 RO-data=1124 RW-data=4 ZI-data=2112  
FromELF: creating hex file...
".\Objects\S32K144_BootLoader_Code__.axf" - 0 Error(s), 0 Warning(s).

<h2>Software Packages used:</h2>

Package Vendor: ARM
                http://www.keil.com/pack/ARM.CMSIS.5.6.0.pack
                ARM.CMSIS.5.6.0
                CMSIS (Cortex Microcontroller Software Interface Standard)
   * Component: CORE Version: 5.3.0

Package Vendor: Keil
                http://www.keil.com/pack/Keil.S32_SDK_DFP.1.2.0.pack
                Keil.S32_SDK_DFP.1.2.0
                NXP S32 SDK including S32K144HFT0VLLT, S32K144LFT0MLLT basic CMSIS Device Support
   * Component: Flash Version: 1.0.0
   * Component: Interrupt Version: 1.0.0
   * Component: Startup Version: 2.0.0

<h2>Collection of Component include folders:</h2>
  ./RTE/Device/S32K144UFxxxLLx
  ./RTE/_J-Link
  D:/Users/huqiwang/AppData/Local/Arm/Packs/ARM/CMSIS/5.6.0/CMSIS/Core/Include
  D:/Users/huqiwang/AppData/Local/Arm/Packs/Keil/S32_SDK_DFP/1.2.0/platform/devices
  D:/Users/huqiwang/AppData/Local/Arm/Packs/Keil/S32_SDK_DFP/1.2.0/platform/devices/common
  D:/Users/huqiwang/AppData/Local/Arm/Packs/Keil/S32_SDK_DFP/1.2.0/platform/drivers/inc

<h2>Collection of Component Files used:</h2>

   * Component: ARM::CMSIS:CORE:5.3.0

   * Component: Keil::Device:SDK Driver:Flash:1.0.0
      Include file:  platform/drivers/inc/flash_driver.h
      Source file:   platform/drivers/src/flash/flash_driver.c

   * Component: Keil::Device:SDK Driver:Interrupt:1.0.0
      Source file:   platform/drivers/src/interrupt/interrupt_manager.c
      Include file:  platform/drivers/inc/interrupt_manager.h

   * Component: Keil::Device:Startup:2.0.0
      Source file:   platform/devices/S32K144/startup/system_S32K144.c
      Include file:  platform/devices/device_registers.h
      Source file:   platform/devices/S32K144/startup/arm/startup_S32K144.s
      Source file:   platform/devices/startup.c
      Include file:  platform/devices/S32K144/startup/system_S32K144.h
Build Time Elapsed:  00:00:05
</pre>
</body>
</html>
