Component: ARM Compiler 5.06 update 7 (build 960) Tool: armlink [4d3601]

==============================================================================

Section Cross References

    main.o(i.main) refers to clocks_and_modes.o(i.SOSC_init_8MHz) for SOSC_init_8MHz
    main.o(i.main) refers to clocks_and_modes.o(i.SPLL_init_160MHz) for SPLL_init_160MHz
    main.o(i.main) refers to clocks_and_modes.o(i.NormalRUNmode_80MHz) for NormalRUNmode_80MHz
    main.o(i.main) refers to system_s32k144.o(i.SystemCoreClockUpdate) for SystemCoreClockUpdate
    main.o(i.main) refers to tasks.o(i.xTaskCreate) for xTaskCreate
    main.o(i.main) refers to tasks.o(i.vTaskStartScheduler) for vTaskStartScheduler
    main.o(i.main) refers to main.o(.data) for .data
    main.o(i.main) refers to main.o(i.vTask1) for vTask1
    main.o(i.main) refers to main.o(i.vTask2) for vTask2
    main.o(i.vTask1) refers to tasks.o(i.vTaskDelay) for vTaskDelay
    main.o(i.vTask2) refers to tasks.o(i.vTaskDelay) for vTaskDelay
    os_hooks.o(i.GetIdleCount) refers to os_hooks.o(.data) for .data
    os_hooks.o(i.vApplicationGetIdleTaskMemory) refers to os_hooks.o(.bss) for .bss
    os_hooks.o(i.vApplicationGetTimerTaskMemory) refers to os_hooks.o(.bss) for .bss
    os_hooks.o(i.vApplicationIdleHook) refers to os_hooks.o(.data) for .data
    os_hooks.o(i.vApplicationTickHook) refers to os_hooks.o(.data) for .data
    event_groups.o(i.vEventGroupClearBitsCallback) refers to event_groups.o(i.xEventGroupClearBits) for xEventGroupClearBits
    event_groups.o(i.vEventGroupDelete) refers to tasks.o(i.vTaskSuspendAll) for vTaskSuspendAll
    event_groups.o(i.vEventGroupDelete) refers to tasks.o(i.vTaskRemoveFromUnorderedEventList) for vTaskRemoveFromUnorderedEventList
    event_groups.o(i.vEventGroupDelete) refers to heap_4.o(i.vPortFree) for vPortFree
    event_groups.o(i.vEventGroupDelete) refers to tasks.o(i.xTaskResumeAll) for xTaskResumeAll
    event_groups.o(i.vEventGroupSetBitsCallback) refers to event_groups.o(i.xEventGroupSetBits) for xEventGroupSetBits
    event_groups.o(i.xEventGroupClearBits) refers to port.o(i.vPortEnterCritical) for vPortEnterCritical
    event_groups.o(i.xEventGroupClearBits) refers to port.o(i.vPortExitCritical) for vPortExitCritical
    event_groups.o(i.xEventGroupCreate) refers to heap_4.o(i.pvPortMalloc) for pvPortMalloc
    event_groups.o(i.xEventGroupCreate) refers to list.o(i.vListInitialise) for vListInitialise
    event_groups.o(i.xEventGroupCreateStatic) refers to list.o(i.vListInitialise) for vListInitialise
    event_groups.o(i.xEventGroupSetBits) refers to tasks.o(i.vTaskSuspendAll) for vTaskSuspendAll
    event_groups.o(i.xEventGroupSetBits) refers to tasks.o(i.vTaskRemoveFromUnorderedEventList) for vTaskRemoveFromUnorderedEventList
    event_groups.o(i.xEventGroupSetBits) refers to tasks.o(i.xTaskResumeAll) for xTaskResumeAll
    event_groups.o(i.xEventGroupSync) refers to tasks.o(i.xTaskGetSchedulerState) for xTaskGetSchedulerState
    event_groups.o(i.xEventGroupSync) refers to tasks.o(i.vTaskSuspendAll) for vTaskSuspendAll
    event_groups.o(i.xEventGroupSync) refers to event_groups.o(i.xEventGroupSetBits) for xEventGroupSetBits
    event_groups.o(i.xEventGroupSync) refers to tasks.o(i.vTaskPlaceOnUnorderedEventList) for vTaskPlaceOnUnorderedEventList
    event_groups.o(i.xEventGroupSync) refers to tasks.o(i.xTaskResumeAll) for xTaskResumeAll
    event_groups.o(i.xEventGroupSync) refers to tasks.o(i.uxTaskResetEventItemValue) for uxTaskResetEventItemValue
    event_groups.o(i.xEventGroupSync) refers to port.o(i.vPortEnterCritical) for vPortEnterCritical
    event_groups.o(i.xEventGroupSync) refers to port.o(i.vPortExitCritical) for vPortExitCritical
    event_groups.o(i.xEventGroupWaitBits) refers to tasks.o(i.xTaskGetSchedulerState) for xTaskGetSchedulerState
    event_groups.o(i.xEventGroupWaitBits) refers to tasks.o(i.vTaskSuspendAll) for vTaskSuspendAll
    event_groups.o(i.xEventGroupWaitBits) refers to event_groups.o(i.prvTestWaitCondition) for prvTestWaitCondition
    event_groups.o(i.xEventGroupWaitBits) refers to tasks.o(i.vTaskPlaceOnUnorderedEventList) for vTaskPlaceOnUnorderedEventList
    event_groups.o(i.xEventGroupWaitBits) refers to tasks.o(i.xTaskResumeAll) for xTaskResumeAll
    event_groups.o(i.xEventGroupWaitBits) refers to tasks.o(i.uxTaskResetEventItemValue) for uxTaskResetEventItemValue
    event_groups.o(i.xEventGroupWaitBits) refers to port.o(i.vPortEnterCritical) for vPortEnterCritical
    event_groups.o(i.xEventGroupWaitBits) refers to port.o(i.vPortExitCritical) for vPortExitCritical
    queue.o(i.pcQueueGetName) refers to queue.o(.bss) for .bss
    queue.o(i.prvCopyDataFromQueue) refers to memcpya.o(.text) for __aeabi_memcpy
    queue.o(i.prvCopyDataToQueue) refers to memcpya.o(.text) for __aeabi_memcpy
    queue.o(i.prvCopyDataToQueue) refers to tasks.o(i.xTaskPriorityDisinherit) for xTaskPriorityDisinherit
[...]
    tasks.o(i.vTaskEndScheduler) refers to port.o(i.vPortEndScheduler) for vPortEndScheduler
    tasks.o(i.vTaskEndScheduler) refers to tasks.o(.data) for .data
    tasks.o(i.vTaskGetInfo) refers to tasks.o(i.vTaskSuspendAll) for vTaskSuspendAll
    tasks.o(i.vTaskGetInfo) refers to tasks.o(i.xTaskResumeAll) for xTaskResumeAll
    tasks.o(i.vTaskGetInfo) refers to tasks.o(i.eTaskGetState) for eTaskGetState
    tasks.o(i.vTaskGetInfo) refers to tasks.o(.data) for .data
    tasks.o(i.vTaskInternalSetTimeOutState) refers to tasks.o(.data) for .data
    tasks.o(i.vTaskMissedYield) refers to tasks.o(.data) for .data
    tasks.o(i.vTaskNotifyGiveFromISR) refers to port.o(i.vPortValidateInterruptPriority) for vPortValidateInterruptPriority
    tasks.o(i.vTaskNotifyGiveFromISR) refers to list.o(i.vListInsertEnd) for vListInsertEnd
    tasks.o(i.vTaskNotifyGiveFromISR) refers to list.o(i.uxListRemove) for uxListRemove
    tasks.o(i.vTaskNotifyGiveFromISR) refers to tasks.o(.data) for .data
    tasks.o(i.vTaskNotifyGiveFromISR) refers to tasks.o(.bss) for .bss
    tasks.o(i.vTaskPlaceOnEventList) refers to list.o(i.vListInsert) for vListInsert
    tasks.o(i.vTaskPlaceOnEventList) refers to tasks.o(i.prvAddCurrentTaskToDelayedList) for prvAddCurrentTaskToDelayedList
    tasks.o(i.vTaskPlaceOnEventList) refers to tasks.o(.data) for .data
    tasks.o(i.vTaskPlaceOnEventListRestricted) refers to list.o(i.vListInsertEnd) for vListInsertEnd
    tasks.o(i.vTaskPlaceOnEventListRestricted) refers to tasks.o(i.prvAddCurrentTaskToDelayedList) for prvAddCurrentTaskToDelayedList
    tasks.o(i.vTaskPlaceOnEventListRestricted) refers to tasks.o(.data) for .data
    tasks.o(i.vTaskPlaceOnUnorderedEventList) refers to list.o(i.vListInsertEnd) for vListInsertEnd
    tasks.o(i.vTaskPlaceOnUnorderedEventList) refers to tasks.o(i.prvAddCurrentTaskToDelayedList) for prvAddCurrentTaskToDelayedList
    tasks.o(i.vTaskPlaceOnUnorderedEventList) refers to tasks.o(.data) for .data
    tasks.o(i.vTaskPriorityDisinheritAfterTimeout) refers to list.o(i.uxListRemove) for uxListRemove
    tasks.o(i.vTaskPriorityDisinheritAfterTimeout) refers to list.o(i.vListInsertEnd) for vListInsertEnd
    tasks.o(i.vTaskPriorityDisinheritAfterTimeout) refers to tasks.o(.data) for .data
    tasks.o(i.vTaskPriorityDisinheritAfterTimeout) refers to tasks.o(.bss) for .bss
    tasks.o(i.vTaskPrioritySet) refers to port.o(i.vPortEnterCritical) for vPortEnterCritical
    tasks.o(i.vTaskPrioritySet) refers to list.o(i.uxListRemove) for uxListRemove
    tasks.o(i.vTaskPrioritySet) refers to list.o(i.vListInsertEnd) for vListInsertEnd
    tasks.o(i.vTaskPrioritySet) refers to port.o(i.vPortExitCritical) for vPortExitCritical
    tasks.o(i.vTaskPrioritySet) refers to tasks.o(.data) for .data
    tasks.o(i.vTaskPrioritySet) refers to tasks.o(.bss) for .bss
    tasks.o(i.vTaskRemoveFromUnorderedEventList) refers to list.o(i.uxListRemove) for uxListRemove
    tasks.o(i.vTaskRemoveFromUnorderedEventList) refers to list.o(i.vListInsertEnd) for vListInsertEnd
    tasks.o(i.vTaskRemoveFromUnorderedEventList) refers to tasks.o(.data) for .data
    tasks.o(i.vTaskRemoveFromUnorderedEventList) refers to tasks.o(.bss) for .bss
    tasks.o(i.vTaskResume) refers to port.o(i.vPortEnterCritical) for vPortEnterCritical
    tasks.o(i.vTaskResume) refers to tasks.o(i.prvTaskIsTaskSuspended) for prvTaskIsTaskSuspended
    tasks.o(i.vTaskResume) refers to list.o(i.uxListRemove) for uxListRemove
    tasks.o(i.vTaskResume) refers to list.o(i.vListInsertEnd) for vListInsertEnd
    tasks.o(i.vTaskResume) refers to port.o(i.vPortExitCritical) for vPortExitCritical
    tasks.o(i.vTaskResume) refers to tasks.o(.data) for .data
    tasks.o(i.vTaskResume) refers to tasks.o(.bss) for .bss
    tasks.o(i.vTaskSetTimeOutState) refers to port.o(i.vPortEnterCritical) for vPortEnterCritical
    tasks.o(i.vTaskSetTimeOutState) refers to port.o(i.vPortExitCritical) for vPortExitCritical
    tasks.o(i.vTaskSetTimeOutState) refers to tasks.o(.data) for .data
    tasks.o(i.vTaskStartScheduler) refers to os_hooks.o(i.vApplicationGetIdleTaskMemory) for vApplicationGetIdleTaskMemory
    tasks.o(i.vTaskStartScheduler) refers to tasks.o(i.xTaskCreateStatic) for xTaskCreateStatic
    tasks.o(i.vTaskStartScheduler) refers to timers.o(i.xTimerCreateTimerTask) for xTimerCreateTimerTask
    tasks.o(i.vTaskStartScheduler) refers to port.o(i.xPortStartScheduler) for xPortStartScheduler
    tasks.o(i.vTaskStartScheduler) refers to tasks.o(i.prvIdleTask) for prvIdleTask
    tasks.o(i.vTaskStartScheduler) refers to tasks.o(.data) for .data
    tasks.o(i.vTaskSuspend) refers to port.o(i.vPortEnterCritical) for vPortEnterCritical
    tasks.o(i.vTaskSuspend) refers to list.o(i.uxListRemove) for uxListRemove
    tasks.o(i.vTaskSuspend) refers to list.o(i.vListInsertEnd) for vListInsertEnd
    tasks.o(i.vTaskSuspend) refers to port.o(i.vPortExitCritical) for vPortExitCritical
    tasks.o(i.vTaskSuspend) refers to tasks.o(i.prvResetNextTaskUnblockTime) for prvResetNextTaskUnblockTime
    tasks.o(i.vTaskSuspend) refers to tasks.o(i.vTaskSwitchContext) for vTaskSwitchContext
    tasks.o(i.vTaskSuspend) refers to tasks.o(.data) for .data
    tasks.o(i.vTaskSuspend) refers to tasks.o(.bss) for .bss
    tasks.o(i.vTaskSuspendAll) refers to tasks.o(.data) for .data
    tasks.o(i.vTaskSwitchContext) refers to os_hooks.o(i.vApplicationStackOverflowHook) for vApplicationStackOverflowHook
    tasks.o(i.vTaskSwitchContext) refers to tasks.o(.data) for .data
    tasks.o(i.vTaskSwitchContext) refers to tasks.o(.bss) for .bss
    tasks.o(i.xTaskCheckForTimeOut) refers to port.o(i.vPortEnterCritical) for vPortEnterCritical
    tasks.o(i.xTaskCheckForTimeOut) refers to port.o(i.vPortExitCritical) for vPortExitCritical
    tasks.o(i.xTaskCheckForTimeOut) refers to tasks.o(i.vTaskInternalSetTimeOutState) for vTaskInternalSetTimeOutState
    tasks.o(i.xTaskCheckForTimeOut) refers to tasks.o(.data) for .data
    tasks.o(i.xTaskCreate) refers to heap_4.o(i.pvPortMalloc) for pvPortMalloc
    tasks.o(i.xTaskCreate) refers to tasks.o(i.prvInitialiseNewTask) for prvInitialiseNewTask
    tasks.o(i.xTaskCreate) refers to tasks.o(i.prvAddNewTaskToReadyList) for prvAddNewTaskToReadyList
    tasks.o(i.xTaskCreate) refers to heap_4.o(i.vPortFree) for vPortFree
    tasks.o(i.xTaskCreateStatic) refers to tasks.o(i.prvInitialiseNewTask) for prvInitialiseNewTask
    tasks.o(i.xTaskCreateStatic) refers to tasks.o(i.prvAddNewTaskToReadyList) for prvAddNewTaskToReadyList
    tasks.o(i.xTaskGenericNotify) refers to port.o(i.vPortEnterCritical) for vPortEnterCritical
    tasks.o(i.xTaskGenericNotify) refers to list.o(i.uxListRemove) for uxListRemove
    tasks.o(i.xTaskGenericNotify) refers to list.o(i.vListInsertEnd) for vListInsertEnd
    tasks.o(i.xTaskGenericNotify) refers to port.o(i.vPortExitCritical) for vPortExitCritical
    tasks.o(i.xTaskGenericNotify) refers to tasks.o(.data) for .data
    tasks.o(i.xTaskGenericNotify) refers to tasks.o(.bss) for .bss
    tasks.o(i.xTaskGenericNotifyFromISR) refers to port.o(i.vPortValidateInterruptPriority) for vPortValidateInterruptPriority
    tasks.o(i.xTaskGenericNotifyFromISR) refers to list.o(i.vListInsertEnd) for vListInsertEnd
    tasks.o(i.xTaskGenericNotifyFromISR) refers to list.o(i.uxListRemove) for uxListRemove
    tasks.o(i.xTaskGenericNotifyFromISR) refers to tasks.o(.data) for .data
    tasks.o(i.xTaskGenericNotifyFromISR) refers to tasks.o(.bss) for .bss
    tasks.o(i.xTaskGetCurrentTaskHandle) refers to tasks.o(.data) for .data
    tasks.o(i.xTaskGetSchedulerState) refers to tasks.o(.data) for .data
    tasks.o(i.xTaskGetTickCount) refers to tasks.o(.data) for .data
    tasks.o(i.xTaskGetTickCountFromISR) refers to port.o(i.vPortValidateInterruptPriority) for vPortValidateInterruptPriority
    tasks.o(i.xTaskGetTickCountFromISR) refers to tasks.o(.data) for .data
    tasks.o(i.xTaskIncrementTick) refers to tasks.o(i.prvResetNextTaskUnblockTime) for prvResetNextTaskUnblockTime
    tasks.o(i.xTaskIncrementTick) refers to list.o(i.uxListRemove) for uxListRemove
    tasks.o(i.xTaskIncrementTick) refers to list.o(i.vListInsertEnd) for vListInsertEnd
    tasks.o(i.xTaskIncrementTick) refers to os_hooks.o(i.vApplicationTickHook) for vApplicationTickHook
    tasks.o(i.xTaskIncrementTick) refers to tasks.o(.data) for .data
    tasks.o(i.xTaskIncrementTick) refers to tasks.o(.bss) for .bss
    tasks.o(i.xTaskNotifyStateClear) refers to port.o(i.vPortEnterCritical) for vPortEnterCritical
    tasks.o(i.xTaskNotifyStateClear) refers to port.o(i.vPortExitCritical) for vPortExitCritical
    tasks.o(i.xTaskNotifyStateClear) refers to tasks.o(.data) for .data
    tasks.o(i.xTaskNotifyWait) refers to port.o(i.vPortEnterCritical) for vPortEnterCritical
    tasks.o(i.xTaskNotifyWait) refers to tasks.o(i.prvAddCurrentTaskToDelayedList) for prvAddCurrentTaskToDelayedList
    tasks.o(i.xTaskNotifyWait) refers to port.o(i.vPortExitCritical) for vPortExitCritical
    tasks.o(i.xTaskNotifyWait) refers to tasks.o(.data) for .data
    tasks.o(i.xTaskPriorityDisinherit) refers to list.o(i.uxListRemove) for uxListRemove
    tasks.o(i.xTaskPriorityDisinherit) refers to list.o(i.vListInsertEnd) for vListInsertEnd
    tasks.o(i.xTaskPriorityDisinherit) refers to tasks.o(.data) for .data
    tasks.o(i.xTaskPriorityDisinherit) refers to tasks.o(.bss) for .bss
    tasks.o(i.xTaskPriorityInherit) refers to list.o(i.uxListRemove) for uxListRemove
    tasks.o(i.xTaskPriorityInherit) refers to list.o(i.vListInsertEnd) for vListInsertEnd
    tasks.o(i.xTaskPriorityInherit) refers to tasks.o(.data) for .data
    tasks.o(i.xTaskPriorityInherit) refers to tasks.o(.bss) for .bss
    tasks.o(i.xTaskRemoveFromEventList) refers to list.o(i.uxListRemove) for uxListRemove
    tasks.o(i.xTaskRemoveFromEventList) refers to list.o(i.vListInsertEnd) for vListInsertEnd
    tasks.o(i.xTaskRemoveFromEventList) refers to tasks.o(.data) for .data
    tasks.o(i.xTaskRemoveFromEventList) refers to tasks.o(.bss) for .bss
    tasks.o(i.xTaskResumeAll) refers to port.o(i.vPortEnterCritical) for vPortEnterCritical
    tasks.o(i.xTaskResumeAll) refers to list.o(i.uxListRemove) for uxListRemove
    tasks.o(i.xTaskResumeAll) refers to list.o(i.vListInsertEnd) for vListInsertEnd
    tasks.o(i.xTaskResumeAll) refers to tasks.o(i.prvResetNextTaskUnblockTime) for prvResetNextTaskUnblockTime
    tasks.o(i.xTaskResumeAll) refers to tasks.o(i.xTaskIncrementTick) for xTaskIncrementTick
    tasks.o(i.xTaskResumeAll) refers to port.o(i.vPortExitCritical) for vPortExitCritical
    tasks.o(i.xTaskResumeAll) refers to tasks.o(.data) for .data
    tasks.o(i.xTaskResumeAll) refers to tasks.o(.bss) for .bss
    tasks.o(i.xTaskResumeFromISR) refers to port.o(i.vPortValidateInterruptPriority) for vPortValidateInterruptPriority
    tasks.o(i.xTaskResumeFromISR) refers to tasks.o(i.prvTaskIsTaskSuspended) for prvTaskIsTaskSuspended
    tasks.o(i.xTaskResumeFromISR) refers to list.o(i.uxListRemove) for uxListRemove
    tasks.o(i.xTaskResumeFromISR) refers to list.o(i.vListInsertEnd) for vListInsertEnd
    tasks.o(i.xTaskResumeFromISR) refers to tasks.o(.data) for .data
    tasks.o(i.xTaskResumeFromISR) refers to tasks.o(.bss) for .bss
    timers.o(i.prvCheckForValidListAndQueue) refers to port.o(i.vPortEnterCritical) for vPortEnterCritical
    timers.o(i.prvCheckForValidListAndQueue) refers to list.o(i.vListInitialise) for vListInitialise
    timers.o(i.prvCheckForValidListAndQueue) refers to queue.o(i.xQueueGenericCreateStatic) for xQueueGenericCreateStatic
    timers.o(i.prvCheckForValidListAndQueue) refers to queue.o(i.vQueueAddToRegistry) for vQueueAddToRegistry
    timers.o(i.prvCheckForValidListAndQueue) refers to port.o(i.vPortExitCritical) for vPortExitCritical
    timers.o(i.prvCheckForValidListAndQueue) refers to timers.o(.data) for .data
    timers.o(i.prvCheckForValidListAndQueue) refers to timers.o(.bss) for .bss
    timers.o(i.prvInitialiseNewTimer) refers to timers.o(i.prvCheckForValidListAndQueue) for prvCheckForValidListAndQueue
    timers.o(i.prvInitialiseNewTimer) refers to list.o(i.vListInitialiseItem) for vListInitialiseItem
    timers.o(i.prvInsertTimerInActiveList) refers to list.o(i.vListInsert) for vListInsert
    timers.o(i.prvInsertTimerInActiveList) refers to timers.o(.data) for .data
    timers.o(i.prvProcessReceivedCommands) refers to list.o(i.uxListRemove) for uxListRemove
    timers.o(i.prvProcessReceivedCommands) refers to timers.o(i.prvSampleTimeNow) for prvSampleTimeNow
    timers.o(i.prvProcessReceivedCommands) refers to timers.o(i.prvInsertTimerInActiveList) for prvInsertTimerInActiveList
    timers.o(i.prvProcessReceivedCommands) refers to timers.o(i.xTimerGenericCommand) for xTimerGenericCommand
    timers.o(i.prvProcessReceivedCommands) refers to heap_4.o(i.vPortFree) for vPortFree
    timers.o(i.prvProcessReceivedCommands) refers to queue.o(i.xQueueReceive) for xQueueReceive
    timers.o(i.prvProcessReceivedCommands) refers to timers.o(.data) for .data
    timers.o(i.prvProcessTimerOrBlockTask) refers to tasks.o(i.vTaskSuspendAll) for vTaskSuspendAll
    timers.o(i.prvProcessTimerOrBlockTask) refers to timers.o(i.prvSampleTimeNow) for prvSampleTimeNow
    timers.o(i.prvProcessTimerOrBlockTask) refers to tasks.o(i.xTaskResumeAll) for xTaskResumeAll
    timers.o(i.prvProcessTimerOrBlockTask) refers to queue.o(i.vQueueWaitForMessageRestricted) for vQueueWaitForMessageRestricted
    timers.o(i.prvProcessTimerOrBlockTask) refers to list.o(i.uxListRemove) for uxListRemove
    timers.o(i.prvProcessTimerOrBlockTask) refers to timers.o(i.prvInsertTimerInActiveList) for prvInsertTimerInActiveList
    timers.o(i.prvProcessTimerOrBlockTask) refers to timers.o(i.xTimerGenericCommand) for xTimerGenericCommand
    timers.o(i.prvProcessTimerOrBlockTask) refers to timers.o(.data) for .data
    timers.o(i.prvSampleTimeNow) refers to tasks.o(i.xTaskGetTickCount) for xTaskGetTickCount
    timers.o(i.prvSampleTimeNow) refers to timers.o(i.prvSwitchTimerLists) for prvSwitchTimerLists
    timers.o(i.prvSampleTimeNow) refers to timers.o(.data) for .data
    timers.o(i.prvSwitchTimerLists) refers to list.o(i.uxListRemove) for uxListRemove
    timers.o(i.prvSwitchTimerLists) refers to list.o(i.vListInsert) for vListInsert
    timers.o(i.prvSwitchTimerLists) refers to timers.o(i.xTimerGenericCommand) for xTimerGenericCommand
    timers.o(i.prvSwitchTimerLists) refers to timers.o(.data) for .data
    timers.o(i.prvTimerTask) refers to timers.o(i.prvProcessTimerOrBlockTask) for prvProcessTimerOrBlockTask
    timers.o(i.prvTimerTask) refers to timers.o(i.prvProcessReceivedCommands) for prvProcessReceivedCommands
    timers.o(i.prvTimerTask) refers to timers.o(.data) for .data
    timers.o(i.pvTimerGetTimerID) refers to port.o(i.vPortEnterCritical) for vPortEnterCritical
    timers.o(i.pvTimerGetTimerID) refers to port.o(i.vPortExitCritical) for vPortExitCritical
    timers.o(i.vTimerSetReloadMode) refers to port.o(i.vPortEnterCritical) for vPortEnterCritical
    timers.o(i.vTimerSetReloadMode) refers to port.o(i.vPortExitCritical) for vPortExitCritical
    timers.o(i.vTimerSetTimerID) refers to port.o(i.vPortEnterCritical) for vPortEnterCritical
    timers.o(i.vTimerSetTimerID) refers to port.o(i.vPortExitCritical) for vPortExitCritical
    timers.o(i.xTimerCreate) refers to heap_4.o(i.pvPortMalloc) for pvPortMalloc
    timers.o(i.xTimerCreate) refers to timers.o(i.prvInitialiseNewTimer) for prvInitialiseNewTimer
    timers.o(i.xTimerCreateStatic) refers to timers.o(i.prvInitialiseNewTimer) for prvInitialiseNewTimer
    timers.o(i.xTimerCreateTimerTask) refers to timers.o(i.prvCheckForValidListAndQueue) for prvCheckForValidListAndQueue
    timers.o(i.xTimerCreateTimerTask) refers to os_hooks.o(i.vApplicationGetTimerTaskMemory) for vApplicationGetTimerTaskMemory
    timers.o(i.xTimerCreateTimerTask) refers to tasks.o(i.xTaskCreateStatic) for xTaskCreateStatic
    timers.o(i.xTimerCreateTimerTask) refers to timers.o(.data) for .data
    timers.o(i.xTimerCreateTimerTask) refers to timers.o(i.prvTimerTask) for prvTimerTask
    timers.o(i.xTimerGenericCommand) refers to tasks.o(i.xTaskGetSchedulerState) for xTaskGetSchedulerState
    timers.o(i.xTimerGenericCommand) refers to queue.o(i.xQueueGenericSend) for xQueueGenericSend
    timers.o(i.xTimerGenericCommand) refers to queue.o(i.xQueueGenericSendFromISR) for xQueueGenericSendFromISR
    timers.o(i.xTimerGenericCommand) refers to timers.o(.data) for .data
    timers.o(i.xTimerGetTimerDaemonTaskHandle) refers to timers.o(.data) for .data
    timers.o(i.xTimerIsTimerActive) refers to port.o(i.vPortEnterCritical) for vPortEnterCritical
    timers.o(i.xTimerIsTimerActive) refers to port.o(i.vPortExitCritical) for vPortExitCritical
    port.o(.emb_text) refers to tasks.o(i.vTaskSwitchContext) for vTaskSwitchContext
    port.o(.emb_text) refers to tasks.o(.data) for pxCurrentTCB
    port.o(i.SysTick_Handler) refers to tasks.o(i.xTaskIncrementTick) for xTaskIncrementTick
    port.o(i.prvTaskExitError) refers to port.o(.data) for .data
    port.o(i.pxPortInitialiseStack) refers to port.o(i.prvTaskExitError) for prvTaskExitError
    port.o(i.vPortEndScheduler) refers to port.o(.data) for .data
    port.o(i.vPortEnterCritical) refers to port.o(.data) for .data
    port.o(i.vPortExitCritical) refers to port.o(.data) for .data
    port.o(i.vPortValidateInterruptPriority) refers to port.o(.emb_text) for vPortGetIPSR
    port.o(i.vPortValidateInterruptPriority) refers to port.o(.data) for .data
    port.o(i.xPortStartScheduler) refers to port.o(i.vPortSetupTimerInterrupt) for vPortSetupTimerInterrupt
    port.o(i.xPortStartScheduler) refers to port.o(.emb_text) for __asm___6_port_c_39a90d8d__prvEnableVFP
    port.o(i.xPortStartScheduler) refers to port.o(.data) for .data
    heap_4.o(i.prvHeapInit) refers to heap_4.o(.bss) for .bss
    heap_4.o(i.prvHeapInit) refers to heap_4.o(.data) for .data
    heap_4.o(i.prvInsertBlockIntoFreeList) refers to heap_4.o(.data) for .data
    heap_4.o(i.pvPortMalloc) refers to tasks.o(i.vTaskSuspendAll) for vTaskSuspendAll
    heap_4.o(i.pvPortMalloc) refers to heap_4.o(i.prvHeapInit) for prvHeapInit
    heap_4.o(i.pvPortMalloc) refers to heap_4.o(i.prvInsertBlockIntoFreeList) for prvInsertBlockIntoFreeList
    heap_4.o(i.pvPortMalloc) refers to tasks.o(i.xTaskResumeAll) for xTaskResumeAll
    heap_4.o(i.pvPortMalloc) refers to os_hooks.o(i.vApplicationMallocFailedHook) for vApplicationMallocFailedHook
    heap_4.o(i.pvPortMalloc) refers to heap_4.o(.data) for .data
    heap_4.o(i.vPortFree) refers to tasks.o(i.vTaskSuspendAll) for vTaskSuspendAll
    heap_4.o(i.vPortFree) refers to heap_4.o(i.prvInsertBlockIntoFreeList) for prvInsertBlockIntoFreeList
    heap_4.o(i.vPortFree) refers to tasks.o(i.xTaskResumeAll) for xTaskResumeAll
    heap_4.o(i.vPortFree) refers to heap_4.o(.data) for .data
    heap_4.o(i.xPortGetFreeHeapSize) refers to heap_4.o(.data) for .data
    heap_4.o(i.xPortGetMinimumEverFreeHeapSize) refers to heap_4.o(.data) for .data
    startup.o(i.init_data_bss) refers to startup.o(.constdata) for .constdata
    startup.o(i.init_data_bss) refers to startup_s32k144.o(RESET) for __Vectors
    startup_s32k144.o(RESET) refers to startup_s32k144.o(.text) for Reset_Handler
    startup_s32k144.o(RESET) refers to port.o(.emb_text) for SVC_Handler
    startup_s32k144.o(RESET) refers to port.o(i.SysTick_Handler) for SysTick_Handler
    startup_s32k144.o(.text) refers to startup_s32k144.o(FlashConfig) for FlashConfig
    startup_s32k144.o(.text) refers to system_s32k144.o(i.SystemInit) for SystemInit
    startup_s32k144.o(.text) refers to startup.o(i.init_data_bss) for init_data_bss
    startup_s32k144.o(.text) refers to entry.o(.ARM.Collect$$$$00000000) for __main
    system_s32k144.o(i.SystemCoreClockUpdate) refers to system_s32k144.o(.data) for .data
    system_s32k144.o(i.SystemCoreClockUpdate) refers to system_s32k144.o(.constdata) for .constdata
    entry.o(.ARM.Collect$$$$00000000) refers (Special) to entry10a.o(.ARM.Collect$$$$0000000F) for __rt_final_cpp
    entry.o(.ARM.Collect$$$$00000000) refers (Special) to entry11a.o(.ARM.Collect$$$$00000011) for __rt_final_exit
    entry.o(.ARM.Collect$$$$00000000) refers (Special) to entry12b.o(.ARM.Collect$$$$0000000E) for __rt_lib_shutdown_fini
    entry.o(.ARM.Collect$$$$00000000) refers (Special) to entry7b.o(.ARM.Collect$$$$00000008) for _main_clock
    entry.o(.ARM.Collect$$$$00000000) refers (Special) to entry8b.o(.ARM.Collect$$$$0000000A) for _main_cpp_init
    entry.o(.ARM.Collect$$$$00000000) refers (Special) to entry9a.o(.ARM.Collect$$$$0000000B) for _main_init
    entry.o(.ARM.Collect$$$$00000000) refers (Special) to entry5.o(.ARM.Collect$$$$00000004) for _main_scatterload
    entry.o(.ARM.Collect$$$$00000000) refers (Special) to entry4.o(.ARM.Collect$$$$00000003) for _main_stk
    entry4.o(.ARM.Collect$$$$00000003) refers to entry4.o(.ARM.Collect$$$$00002714) for __lit__00000000
    entry4.o(__vectab_stack_and_reset_area) refers to entry.o(.ARM.Collect$$$$00000000) for __main
    entry5.o(.ARM.Collect$$$$00000004) refers to init.o(.text) for __scatterload
    entry9a.o(.ARM.Collect$$$$0000000B) refers to main.o(i.main) for main
    entry9b.o(.ARM.Collect$$$$0000000C) refers to main.o(i.main) for main
    init.o(.text) refers to entry5.o(.ARM.Collect$$$$00000004) for __main_after_scatterload


==============================================================================

Removing Unused input sections from the image.

    Removing clocks_and_modes.o(.rev16_text), (4 bytes).
    Removing clocks_and_modes.o(.revsh_text), (4 bytes).
    Removing clocks_and_modes.o(.rrx_text), (6 bytes).
    Removing main.o(.rev16_text), (4 bytes).
    Removing main.o(.revsh_text), (4 bytes).
    Removing main.o(.rrx_text), (6 bytes).
    Removing os_hooks.o(i.GetIdleCount), (12 bytes).
    Removing event_groups.o(i.prvTestWaitCondition), (20 bytes).
    Removing event_groups.o(i.uxEventGroupGetNumber), (8 bytes).
    Removing event_groups.o(i.vEventGroupClearBitsCallback), (4 bytes).
    Removing event_groups.o(i.vEventGroupDelete), (74 bytes).
    Removing event_groups.o(i.vEventGroupSetBitsCallback), (4 bytes).
    Removing event_groups.o(i.vEventGroupSetNumber), (4 bytes).
    Removing event_groups.o(i.xEventGroupClearBits), (64 bytes).
    Removing event_groups.o(i.xEventGroupCreate), (28 bytes).
    Removing event_groups.o(i.xEventGroupCreateStatic), (44 bytes).
    Removing event_groups.o(i.xEventGroupGetBitsFromISR), (26 bytes).
    Removing event_groups.o(i.xEventGroupSetBits), (140 bytes).
    Removing event_groups.o(i.xEventGroupSync), (200 bytes).
    Removing event_groups.o(i.xEventGroupWaitBits), (264 bytes).
    Removing queue.o(i.pcQueueGetName), (40 bytes).
    Removing queue.o(i.prvInitialiseMutex), (22 bytes).
    Removing queue.o(i.ucQueueGetQueueType), (6 bytes).
    Removing queue.o(i.uxQueueGetQueueNumber), (4 bytes).
    Removing queue.o(i.uxQueueMessagesWaiting), (36 bytes).
    Removing queue.o(i.uxQueueMessagesWaitingFromISR), (22 bytes).
    Removing queue.o(i.uxQueueSpacesAvailable), (40 bytes).
    Removing queue.o(i.vQueueDelete), (46 bytes).
    Removing queue.o(i.vQueueSetQueueNumber), (4 bytes).
    Removing queue.o(i.vQueueUnregisterQueue), (40 bytes).
    Removing queue.o(i.xQueueCreateCountingSemaphore), (58 bytes).
    Removing queue.o(i.xQueueCreateCountingSemaphoreStatic), (64 bytes).
    Removing queue.o(i.xQueueCreateMutex), (22 bytes).
    Removing queue.o(i.xQueueCreateMutexStatic), (26 bytes).
    Removing queue.o(i.xQueueGenericCreate), (72 bytes).
    Removing queue.o(i.xQueueGiveFromISR), (156 bytes).
    Removing queue.o(i.xQueueGiveMutexRecursive), (62 bytes).
    Removing queue.o(i.xQueueIsQueueEmptyFromISR), (30 bytes).
    Removing queue.o(i.xQueueIsQueueFullFromISR), (34 bytes).
    Removing queue.o(i.xQueuePeek), (312 bytes).
    Removing queue.o(i.xQueuePeekFromISR), (116 bytes).
    Removing queue.o(i.xQueueReceiveFromISR), (154 bytes).
    Removing queue.o(i.xQueueSemaphoreTake), (376 bytes).
    Removing queue.o(i.xQueueTakeMutexRecursive), (64 bytes).
    Removing stream_buffer.o(i.prvBytesInBuffer), (18 bytes).
    Removing stream_buffer.o(i.prvInitialiseNewStreamBuffer), (66 bytes).
    Removing stream_buffer.o(i.prvReadBytesFromBuffer), (142 bytes).
    Removing stream_buffer.o(i.prvReadMessageFromBuffer), (58 bytes).
    Removing stream_buffer.o(i.prvWriteBytesToBuffer), (130 bytes).
    Removing stream_buffer.o(i.prvWriteMessageToBuffer), (60 bytes).
    Removing stream_buffer.o(i.ucStreamBufferGetStreamBufferType), (8 bytes).
    Removing stream_buffer.o(i.uxStreamBufferGetStreamBufferNumber), (4 bytes).
    Removing stream_buffer.o(i.vStreamBufferDelete), (34 bytes).
    Removing stream_buffer.o(i.vStreamBufferSetStreamBufferNumber), (4 bytes).
    Removing stream_buffer.o(i.xStreamBufferBytesAvailable), (22 bytes).
    Removing stream_buffer.o(i.xStreamBufferGenericCreate), (108 bytes).
    Removing stream_buffer.o(i.xStreamBufferGenericCreateStatic), (122 bytes).
    Removing stream_buffer.o(i.xStreamBufferIsEmpty), (34 bytes).
    Removing stream_buffer.o(i.xStreamBufferIsFull), (48 bytes).
    Removing stream_buffer.o(i.xStreamBufferNextMessageLengthBytes), (78 bytes).
    Removing stream_buffer.o(i.xStreamBufferReceive), (212 bytes).
    Removing stream_buffer.o(i.xStreamBufferReceiveCompletedFromISR), (70 bytes).
    Removing stream_buffer.o(i.xStreamBufferReceiveFromISR), (144 bytes).
    Removing stream_buffer.o(i.xStreamBufferReset), (70 bytes).
    Removing stream_buffer.o(i.xStreamBufferSend), (256 bytes).
    Removing stream_buffer.o(i.xStreamBufferSendCompletedFromISR), (70 bytes).
    Removing stream_buffer.o(i.xStreamBufferSendFromISR), (142 bytes).
    Removing stream_buffer.o(i.xStreamBufferSetTriggerLevel), (40 bytes).
    Removing stream_buffer.o(i.xStreamBufferSpacesAvailable), (38 bytes).
    Removing tasks.o(i.eTaskGetState), (116 bytes).
    Removing tasks.o(i.pcTaskGetName), (32 bytes).
    Removing tasks.o(i.prvListTasksWithinSingleList), (86 bytes).
    Removing tasks.o(i.prvTaskIsTaskSuspended), (52 bytes).
    Removing tasks.o(i.pvTaskIncrementMutexHeldCount), (24 bytes).
    Removing tasks.o(i.ulTaskNotifyTake), (104 bytes).
    Removing tasks.o(i.uxTaskGetNumberOfTasks), (12 bytes).
    Removing tasks.o(i.uxTaskGetSystemState), (172 bytes).
    Removing tasks.o(i.uxTaskGetTaskNumber), (8 bytes).
    Removing tasks.o(i.uxTaskPriorityGet), (28 bytes).
    Removing tasks.o(i.uxTaskPriorityGetFromISR), (44 bytes).
    Removing tasks.o(i.uxTaskResetEventItemValue), (24 bytes).
    Removing tasks.o(i.vTaskDelayUntil), (144 bytes).
    Removing tasks.o(i.vTaskDelete), (172 bytes).
    Removing tasks.o(i.vTaskEndScheduler), (28 bytes).
    Removing tasks.o(i.vTaskGetInfo), (128 bytes).
    Removing tasks.o(i.vTaskNotifyGiveFromISR), (184 bytes).
    Removing tasks.o(i.vTaskPlaceOnUnorderedEventList), (76 bytes).
    Removing tasks.o(i.vTaskPriorityDisinheritAfterTimeout), (172 bytes).
    Removing tasks.o(i.vTaskPrioritySet), (196 bytes).
    Removing tasks.o(i.vTaskRemoveFromUnorderedEventList), (112 bytes).
    Removing tasks.o(i.vTaskResume), (124 bytes).
    Removing tasks.o(i.vTaskSetTaskNumber), (8 bytes).
    Removing tasks.o(i.vTaskSetTimeOutState), (48 bytes).
    Removing tasks.o(i.vTaskSuspend), (188 bytes).
    Removing tasks.o(i.xTaskGenericNotify), (224 bytes).
    Removing tasks.o(i.xTaskGenericNotifyFromISR), (260 bytes).
    Removing tasks.o(i.xTaskGetCurrentTaskHandle), (12 bytes).
    Removing tasks.o(i.xTaskGetTickCountFromISR), (16 bytes).
    Removing tasks.o(i.xTaskNotifyStateClear), (48 bytes).
    Removing tasks.o(i.xTaskNotifyWait), (140 bytes).
    Removing tasks.o(i.xTaskPriorityInherit), (148 bytes).
    Removing tasks.o(i.xTaskResumeFromISR), (140 bytes).
    Removing timers.o(i.pcTimerGetName), (22 bytes).
    Removing timers.o(i.prvInitialiseNewTimer), (78 bytes).
    Removing timers.o(i.pvTimerGetTimerID), (36 bytes).
    Removing timers.o(i.uxTimerGetTimerNumber), (4 bytes).
    Removing timers.o(i.vTimerSetReloadMode), (54 bytes).
    Removing timers.o(i.vTimerSetTimerID), (38 bytes).
    Removing timers.o(i.vTimerSetTimerNumber), (4 bytes).
    Removing timers.o(i.xTimerCreate), (52 bytes).
    Removing timers.o(i.xTimerCreateStatic), (46 bytes).
    Removing timers.o(i.xTimerGetExpiryTime), (22 bytes).
    Removing timers.o(i.xTimerGetPeriod), (22 bytes).
    Removing timers.o(i.xTimerGetTimerDaemonTaskHandle), (32 bytes).
    Removing timers.o(i.xTimerIsTimerActive), (48 bytes).
    Removing port.o(i.vPortEndScheduler), (32 bytes).
    Removing heap_4.o(i.vPortInitialiseBlocks), (2 bytes).
    Removing heap_4.o(i.xPortGetFreeHeapSize), (12 bytes).
    Removing heap_4.o(i.xPortGetMinimumEverFreeHeapSize), (12 bytes).
    Removing startup.o(.rev16_text), (4 bytes).
    Removing startup.o(.revsh_text), (4 bytes).
    Removing startup.o(.rrx_text), (6 bytes).
    Removing system_s32k144.o(.rev16_text), (4 bytes).
    Removing system_s32k144.o(.revsh_text), (4 bytes).
    Removing system_s32k144.o(.rrx_text), (6 bytes).
    Removing system_s32k144.o(i.SystemSoftwareReset), (28 bytes).

126 unused section(s) (total 8546 bytes) removed from the image.

==============================================================================

Image Symbol Table

    Local Symbols

    Symbol Name                              Value     Ov Type        Size  Object(Section)

    RESET                                    0x00000000   Section     1024  startup_s32k144.o(RESET)
    ../clib/microlib/init/entry.s            0x00000000   Number         0  entry9b.o ABSOLUTE
    ../clib/microlib/init/entry.s            0x00000000   Number         0  entry11a.o ABSOLUTE
    ../clib/microlib/init/entry.s            0x00000000   Number         0  entry11b.o ABSOLUTE
    ../clib/microlib/init/entry.s            0x00000000   Number         0  entry7a.o ABSOLUTE
    ../clib/microlib/init/entry.s            0x00000000   Number         0  entry7b.o ABSOLUTE
    ../clib/microlib/init/entry.s            0x00000000   Number         0  entry8a.o ABSOLUTE
    ../clib/microlib/init/entry.s            0x00000000   Number         0  entry8b.o ABSOLUTE
    ../clib/microlib/init/entry.s            0x00000000   Number         0  entry5.o ABSOLUTE
    ../clib/microlib/init/entry.s            0x00000000   Number         0  entry12a.o ABSOLUTE
    ../clib/microlib/init/entry.s            0x00000000   Number         0  entry9a.o ABSOLUTE
    ../clib/microlib/init/entry.s            0x00000000   Number         0  entry10a.o ABSOLUTE
    ../clib/microlib/init/entry.s            0x00000000   Number         0  entry4.o ABSOLUTE
    ../clib/microlib/init/entry.s            0x00000000   Number         0  entry12b.o ABSOLUTE
    ../clib/microlib/init/entry.s            0x00000000   Number         0  entry10b.o ABSOLUTE
    ../clib/microlib/init/entry.s            0x00000000   Number         0  entry.o ABSOLUTE
    ../clib/microlib/string/memcpy.c         0x00000000   Number         0  memcpyb.o ABSOLUTE
    ../clib/microlib/string/memcpy.c         0x00000000   Number         0  memcpya.o ABSOLUTE
    ../clib/microlib/string/memset.c         0x00000000   Number         0  memseta.o ABSOLUTE
    ../clib/microlib/string/memset.c         0x00000000   Number         0  memset.o ABSOLUTE
    D:/Users/huqiwang/AppData/Local/Arm/Packs/Keil/S32_SDK_DFP/1.2.0/platform/devices/startup.c 0x00000000   Number         0  startup.o ABSOLUTE
    D:\Users\huqiwang\AppData\Local\Arm\Packs\Keil\S32_SDK_DFP\1.2.0\platform\devices\startup.c 0x00000000   Number         0  startup.o ABSOLUTE
    FreeRTOS\\portable\\RVDS\\ARM_CM4F\\port.c 0x00000000   Number         0  port.o ABSOLUTE
    FreeRTOS\croutine.c                      0x00000000   Number         0  croutine.o ABSOLUTE
    FreeRTOS\event_groups.c                  0x00000000   Number         0  event_groups.o ABSOLUTE
    FreeRTOS\list.c                          0x00000000   Number         0  list.o ABSOLUTE
    FreeRTOS\portable\MemMang\heap_4.c       0x00000000   Number         0  heap_4.o ABSOLUTE
    FreeRTOS\portable\RVDS\ARM_CM4F\port.c   0x00000000   Number         0  port.o ABSOLUTE
    FreeRTOS\queue.c                         0x00000000   Number         0  queue.o ABSOLUTE
    FreeRTOS\stream_buffer.c                 0x00000000   Number         0  stream_buffer.o ABSOLUTE
    FreeRTOS\tasks.c                         0x00000000   Number         0  tasks.o ABSOLUTE
    FreeRTOS\timers.c                        0x00000000   Number         0  timers.o ABSOLUTE
    RTE/Device/S32K144UFxxxLLx/startup_S32K144.s 0x00000000   Number         0  startup_s32k144.o ABSOLUTE
    RTE/Device/S32K144UFxxxLLx/system_S32K144.c 0x00000000   Number         0  system_s32k144.o ABSOLUTE
    RTE\Device\S32K144UFxxxLLx\system_S32K144.c 0x00000000   Number         0  system_s32k144.o ABSOLUTE
    Take_app\\clocks_and_modes.c             0x00000000   Number         0  clocks_and_modes.o ABSOLUTE
    Take_app\\main.c                         0x00000000   Number         0  main.o ABSOLUTE
    Take_app\clocks_and_modes.c              0x00000000   Number         0  clocks_and_modes.o ABSOLUTE
    Take_app\main.c                          0x00000000   Number         0  main.o ABSOLUTE
    Take_app\os_hooks.c                      0x00000000   Number         0  os_hooks.o ABSOLUTE
    dc.s                                     0x00000000   Number         0  dc.o ABSOLUTE
    handlers.s                               0x00000000   Number         0  handlers.o ABSOLUTE
    init.s                                   0x00000000   Number         0  init.o ABSOLUTE
    FlashConfig                              0x00000400   Section       16  startup_s32k144.o(FlashConfig)
    .ARM.Collect$$$$00000000                 0x00000410   Section        0  entry.o(.ARM.Collect$$$$00000000)
    .ARM.Collect$$$$00000003                 0x00000410   Section        4  entry4.o(.ARM.Collect$$$$00000003)
    .ARM.Collect$$$$00000004                 0x00000414   Section        4  entry5.o(.ARM.Collect$$$$00000004)
    .ARM.Collect$$$$00000008                 0x00000418   Section        0  entry7b.o(.ARM.Collect$$$$00000008)
    .ARM.Collect$$$$0000000A                 0x00000418   Section        0  entry8b.o(.ARM.Collect$$$$0000000A)
    .ARM.Collect$$$$0000000B                 0x00000418   Section        8  entry9a.o(.ARM.Collect$$$$0000000B)
    .ARM.Collect$$$$0000000E                 0x00000420   Section        4  entry12b.o(.ARM.Collect$$$$0000000E)
    .ARM.Collect$$$$0000000F                 0x00000424   Section        0  entry10a.o(.ARM.Collect$$$$0000000F)
    .ARM.Collect$$$$00000011                 0x00000424   Section        0  entry11a.o(.ARM.Collect$$$$00000011)
    .ARM.Collect$$$$00002714                 0x00000424   Section        4  entry4.o(.ARM.Collect$$$$00002714)
    __lit__00000000                          0x00000424   Data           4  entry4.o(.ARM.Collect$$$$00002714)
    .emb_text                                0x00000428   Section      190  port.o(.emb_text)
    $v0                                      0x00000428   Number         0  port.o(.emb_text)
    .text                                    0x000004e8   Section       56  startup_s32k144.o(.text)
    $v0                                      0x000004e8   Number         0  startup_s32k144.o(.text)
    .text                                    0x00000520   Section        0  memcpya.o(.text)
    .text                                    0x00000544   Section        0  memseta.o(.text)
    .text                                    0x00000568   Section       36  init.o(.text)
    i.NormalRUNmode_80MHz                    0x0000058c   Section        0  clocks_and_modes.o(i.NormalRUNmode_80MHz)
    i.SOSC_init_8MHz                         0x000005a8   Section        0  clocks_and_modes.o(i.SOSC_init_8MHz)
    i.SPLL_init_160MHz                       0x000005d4   Section        0  clocks_and_modes.o(i.SPLL_init_160MHz)
    i.SysTick_Handler                        0x00000608   Section        0  port.o(i.SysTick_Handler)
    i.SystemCoreClockUpdate                  0x00000634   Section        0  system_s32k144.o(i.SystemCoreClockUpdate)
    i.SystemInit                             0x000006b4   Section        0  system_s32k144.o(i.SystemInit)
    i.__scatterload_copy                     0x000006f0   Section       14  handlers.o(i.__scatterload_copy)
    i.__scatterload_null                     0x000006fe   Section        2  handlers.o(i.__scatterload_null)
    i.__scatterload_zeroinit                 0x00000700   Section       14  handlers.o(i.__scatterload_zeroinit)
    i.init_data_bss                          0x00000710   Section        0  startup.o(i.init_data_bss)
    i.main                                   0x00000758   Section        0  main.o(i.main)
    i.prvAddCurrentTaskToDelayedList         0x00000828   Section        0  tasks.o(i.prvAddCurrentTaskToDelayedList)
    prvAddCurrentTaskToDelayedList           0x00000829   Thumb Code   102  tasks.o(i.prvAddCurrentTaskToDelayedList)
    i.prvAddNewTaskToReadyList               0x00000898   Section        0  tasks.o(i.prvAddNewTaskToReadyList)
    prvAddNewTaskToReadyList                 0x00000899   Thumb Code   192  tasks.o(i.prvAddNewTaskToReadyList)
    i.prvCheckForValidListAndQueue           0x00000968   Section        0  timers.o(i.prvCheckForValidListAndQueue)
    prvCheckForValidListAndQueue             0x00000969   Thumb Code    72  timers.o(i.prvCheckForValidListAndQueue)
    i.prvCopyDataFromQueue                   0x000009c0   Section        0  queue.o(i.prvCopyDataFromQueue)
    prvCopyDataFromQueue                     0x000009c1   Thumb Code    38  queue.o(i.prvCopyDataFromQueue)
    i.prvCopyDataToQueue                     0x000009e6   Section        0  queue.o(i.prvCopyDataToQueue)
    prvCopyDataToQueue                       0x000009e7   Thumb Code   108  queue.o(i.prvCopyDataToQueue)
    i.prvDeleteTCB                           0x00000a52   Section        0  tasks.o(i.prvDeleteTCB)
    prvDeleteTCB                             0x00000a53   Thumb Code    52  tasks.o(i.prvDeleteTCB)
    i.prvHeapInit                            0x00000a88   Section        0  heap_4.o(i.prvHeapInit)
    prvHeapInit                              0x00000a89   Thumb Code    66  heap_4.o(i.prvHeapInit)
    i.prvIdleTask                            0x00000ad4   Section        0  tasks.o(i.prvIdleTask)
    prvIdleTask                              0x00000ad5   Thumb Code    84  tasks.o(i.prvIdleTask)
    i.prvInitialiseNewQueue                  0x00000b34   Section        0  queue.o(i.prvInitialiseNewQueue)
    prvInitialiseNewQueue                    0x00000b35   Thumb Code    32  queue.o(i.prvInitialiseNewQueue)
    i.prvInitialiseNewTask                   0x00000b54   Section        0  tasks.o(i.prvInitialiseNewTask)
    prvInitialiseNewTask                     0x00000b55   Thumb Code   170  tasks.o(i.prvInitialiseNewTask)
    i.prvInsertBlockIntoFreeList             0x00000c00   Section        0  heap_4.o(i.prvInsertBlockIntoFreeList)
    prvInsertBlockIntoFreeList               0x00000c01   Thumb Code    72  heap_4.o(i.prvInsertBlockIntoFreeList)
    i.prvInsertTimerInActiveList             0x00000c4c   Section        0  timers.o(i.prvInsertTimerInActiveList)
    prvInsertTimerInActiveList               0x00000c4d   Thumb Code    52  timers.o(i.prvInsertTimerInActiveList)
    i.prvIsQueueEmpty                        0x00000c84   Section        0  queue.o(i.prvIsQueueEmpty)
    prvIsQueueEmpty                          0x00000c85   Thumb Code    26  queue.o(i.prvIsQueueEmpty)
    i.prvProcessReceivedCommands             0x00000ca0   Section        0  timers.o(i.prvProcessReceivedCommands)
    prvProcessReceivedCommands               0x00000ca1   Thumb Code   234  timers.o(i.prvProcessReceivedCommands)
    i.prvProcessTimerOrBlockTask             0x00000d90   Section        0  timers.o(i.prvProcessTimerOrBlockTask)
    prvProcessTimerOrBlockTask               0x00000d91   Thumb Code   182  timers.o(i.prvProcessTimerOrBlockTask)
    i.prvResetNextTaskUnblockTime            0x00000e50   Section        0  tasks.o(i.prvResetNextTaskUnblockTime)
    prvResetNextTaskUnblockTime              0x00000e51   Thumb Code    26  tasks.o(i.prvResetNextTaskUnblockTime)
    i.prvSampleTimeNow                       0x00000e70   Section        0  timers.o(i.prvSampleTimeNow)
    prvSampleTimeNow                         0x00000e71   Thumb Code    36  timers.o(i.prvSampleTimeNow)
    i.prvSwitchTimerLists                    0x00000e98   Section        0  timers.o(i.prvSwitchTimerLists)
    prvSwitchTimerLists                      0x00000e99   Thumb Code   104  timers.o(i.prvSwitchTimerLists)
    i.prvTaskExitError                       0x00000f04   Section        0  port.o(i.prvTaskExitError)
    prvTaskExitError                         0x00000f05   Thumb Code    36  port.o(i.prvTaskExitError)
    i.prvTimerTask                           0x00000f2c   Section        0  timers.o(i.prvTimerTask)
    prvTimerTask                             0x00000f2d   Thumb Code    34  timers.o(i.prvTimerTask)
    i.prvUnlockQueue                         0x00000f54   Section        0  queue.o(i.prvUnlockQueue)
    prvUnlockQueue                           0x00000f55   Thumb Code   106  queue.o(i.prvUnlockQueue)
    i.pvPortMalloc                           0x00000fc0   Section        0  heap_4.o(i.pvPortMalloc)
    i.pxPortInitialiseStack                  0x0000109c   Section        0  port.o(i.pxPortInitialiseStack)
    i.uxListRemove                           0x000010c8   Section        0  list.o(i.uxListRemove)
    i.vApplicationGetIdleTaskMemory          0x000010f0   Section        0  os_hooks.o(i.vApplicationGetIdleTaskMemory)
    i.vApplicationGetTimerTaskMemory         0x00001104   Section        0  os_hooks.o(i.vApplicationGetTimerTaskMemory)
    i.vApplicationIdleHook                   0x0000111c   Section        0  os_hooks.o(i.vApplicationIdleHook)
    i.vApplicationMallocFailedHook           0x0000112c   Section        0  os_hooks.o(i.vApplicationMallocFailedHook)
    i.vApplicationStackOverflowHook          0x0000112e   Section        0  os_hooks.o(i.vApplicationStackOverflowHook)
    i.vApplicationTickHook                   0x00001130   Section        0  os_hooks.o(i.vApplicationTickHook)
    i.vListInitialise                        0x00001150   Section        0  list.o(i.vListInitialise)
    i.vListInitialiseItem                    0x00001166   Section        0  list.o(i.vListInitialiseItem)
    i.vListInsert                            0x0000116c   Section        0  list.o(i.vListInsert)
    i.vListInsertEnd                         0x0000119c   Section        0  list.o(i.vListInsertEnd)
    i.vPortEnterCritical                     0x000011b4   Section        0  port.o(i.vPortEnterCritical)
    i.vPortExitCritical                      0x000011f4   Section        0  port.o(i.vPortExitCritical)
    i.vPortFree                              0x0000121c   Section        0  heap_4.o(i.vPortFree)
    i.vPortSetupTimerInterrupt               0x00001278   Section        0  port.o(i.vPortSetupTimerInterrupt)
    i.vPortValidateInterruptPriority         0x00001290   Section        0  port.o(i.vPortValidateInterruptPriority)
    i.vQueueAddToRegistry                    0x000012e4   Section        0  queue.o(i.vQueueAddToRegistry)
    i.vQueueWaitForMessageRestricted         0x00001308   Section        0  queue.o(i.vQueueWaitForMessageRestricted)
    i.vTask1                                 0x0000134c   Section        0  main.o(i.vTask1)
    i.vTask2                                 0x00001354   Section        0  main.o(i.vTask2)
    i.vTaskDelay                             0x00001370   Section        0  tasks.o(i.vTaskDelay)
    i.vTaskInternalSetTimeOutState           0x000013bc   Section        0  tasks.o(i.vTaskInternalSetTimeOutState)
    i.vTaskMissedYield                       0x000013cc   Section        0  tasks.o(i.vTaskMissedYield)
    i.vTaskPlaceOnEventList                  0x000013d8   Section        0  tasks.o(i.vTaskPlaceOnEventList)
    i.vTaskPlaceOnEventListRestricted        0x00001408   Section        0  tasks.o(i.vTaskPlaceOnEventListRestricted)
    i.vTaskStartScheduler                    0x00001440   Section        0  tasks.o(i.vTaskStartScheduler)
    i.vTaskSuspendAll                        0x000014c4   Section        0  tasks.o(i.vTaskSuspendAll)
    i.vTaskSwitchContext                     0x000014d4   Section        0  tasks.o(i.vTaskSwitchContext)
    i.xPortStartScheduler                    0x0000155c   Section        0  port.o(i.xPortStartScheduler)
    i.xQueueGenericCreateStatic              0x00001650   Section        0  queue.o(i.xQueueGenericCreateStatic)
    i.xQueueGenericReset                     0x000016b8   Section        0  queue.o(i.xQueueGenericReset)
    i.xQueueGenericSend                      0x00001740   Section        0  queue.o(i.xQueueGenericSend)
    i.xQueueGenericSendFromISR               0x000018a4   Section        0  queue.o(i.xQueueGenericSendFromISR)
    i.xQueueReceive                          0x00001960   Section        0  queue.o(i.xQueueReceive)
    i.xTaskCheckForTimeOut                   0x00001a98   Section        0  tasks.o(i.xTaskCheckForTimeOut)
    i.xTaskCreate                            0x00001b0c   Section        0  tasks.o(i.xTaskCreate)
    i.xTaskCreateStatic                      0x00001b66   Section        0  tasks.o(i.xTaskCreateStatic)
    i.xTaskGetSchedulerState                 0x00001bc0   Section        0  tasks.o(i.xTaskGetSchedulerState)
    i.xTaskGetTickCount                      0x00001bdc   Section        0  tasks.o(i.xTaskGetTickCount)
    i.xTaskIncrementTick                     0x00001be8   Section        0  tasks.o(i.xTaskIncrementTick)
    i.xTaskPriorityDisinherit                0x00001cbc   Section        0  tasks.o(i.xTaskPriorityDisinherit)
    i.xTaskRemoveFromEventList               0x00001d54   Section        0  tasks.o(i.xTaskRemoveFromEventList)
    i.xTaskResumeAll                         0x00001dcc   Section        0  tasks.o(i.xTaskResumeAll)
    i.xTimerCreateTimerTask                  0x00001e90   Section        0  timers.o(i.xTimerCreateTimerTask)
    i.xTimerGenericCommand                   0x00001ef0   Section        0  timers.o(i.xTimerGenericCommand)
    .constdata                               0x00001f4c   Section        4  startup.o(.constdata)
    .constdata                               0x00001f50   Section       16  system_s32k144.o(.constdata)
    fircFreq                                 0x00001f50   Data          16  system_s32k144.o(.constdata)
    .data                                    0x1fff8000   Section        8  main.o(.data)
    .data                                    0x1fff8008   Section       12  os_hooks.o(.data)
    .data                                    0x1fff8014   Section       60  tasks.o(.data)
    uxDeletedTasksWaitingCleanUp             0x1fff8018   Data           4  tasks.o(.data)
    uxCurrentNumberOfTasks                   0x1fff801c   Data           4  tasks.o(.data)
    xTickCount                               0x1fff8020   Data           4  tasks.o(.data)
    uxTopReadyPriority                       0x1fff8024   Data           4  tasks.o(.data)
    xSchedulerRunning                        0x1fff8028   Data           4  tasks.o(.data)
    uxPendedTicks                            0x1fff802c   Data           4  tasks.o(.data)
    xYieldPending                            0x1fff8030   Data           4  tasks.o(.data)
    xNumOfOverflows                          0x1fff8034   Data           4  tasks.o(.data)
    uxTaskNumber                             0x1fff8038   Data           4  tasks.o(.data)
    xNextTaskUnblockTime                     0x1fff803c   Data           4  tasks.o(.data)
    xIdleTaskHandle                          0x1fff8040   Data           4  tasks.o(.data)
    uxSchedulerSuspended                     0x1fff8044   Data           4  tasks.o(.data)
    pxDelayedTaskList                        0x1fff8048   Data           4  tasks.o(.data)
    pxOverflowDelayedTaskList                0x1fff804c   Data           4  tasks.o(.data)
    .data                                    0x1fff8050   Section       24  heap_4.o(.data)
    pxEnd                                    0x1fff8050   Data           4  heap_4.o(.data)
    xFreeBytesRemaining                      0x1fff8054   Data           4  heap_4.o(.data)
    xMinimumEverFreeBytesRemaining           0x1fff8058   Data           4  heap_4.o(.data)
    xBlockAllocatedBit                       0x1fff805c   Data           4  heap_4.o(.data)
    xStart                                   0x1fff8060   Data           8  heap_4.o(.data)
    .bss                                     0x1fff8068   Section       64  queue.o(.bss)
    .bss                                     0x1fff80a8   Section      360  tasks.o(.bss)
    pxReadyTasksLists                        0x1fff80a8   Data         260  tasks.o(.bss)
    xDelayedTaskList1                        0x1fff81ac   Data          20  tasks.o(.bss)
    xDelayedTaskList2                        0x1fff81c0   Data          20  tasks.o(.bss)
    xPendingReadyList                        0x1fff81d4   Data          20  tasks.o(.bss)
    xTasksWaitingTermination                 0x1fff81e8   Data          20  tasks.o(.bss)
    xSuspendedTaskList                       0x1fff81fc   Data          20  tasks.o(.bss)
    .bss                                     0x1fff8210   Section      240  timers.o(.bss)
    xStaticTimerQueue                        0x1fff8210   Data          80  timers.o(.bss)
    ucStaticTimerQueueStorage                0x1fff8260   Data         120  timers.o(.bss)
    xActiveTimerList1                        0x1fff82d8   Data          20  timers.o(.bss)
    xActiveTimerList2                        0x1fff82ec   Data          20  timers.o(.bss)
    .bss                                     0x1fff8300   Section     8192  heap_4.o(.bss)
    ucHeap                                   0x1fff8300   Data        8192  heap_4.o(.bss)
    .data                                    0x20000000   Section       20  timers.o(.data)
    xTimerQueue                              0x20000000   Data           4  timers.o(.data)
    xTimerTaskHandle                         0x20000004   Data           4  timers.o(.data)
    xLastTime                                0x20000008   Data           4  timers.o(.data)
    pxCurrentTimerList                       0x2000000c   Data           4  timers.o(.data)
    pxOverflowTimerList                      0x20000010   Data           4  timers.o(.data)
    .data                                    0x20000014   Section       12  port.o(.data)
    ucMaxSysCallPriority                     0x20000014   Data           1  port.o(.data)
    uxCriticalNesting                        0x20000018   Data           4  port.o(.data)
    ulMaxPRIGROUPValue                       0x2000001c   Data           4  port.o(.data)
    .data                                    0x20000020   Section        4  system_s32k144.o(.data)
    .bss                                     0x20000024   Section     2776  os_hooks.o(.bss)
    idle_task_stack                          0x20000024   Data         512  os_hooks.o(.bss)
    timer_task_stack                         0x20000290   Data        2048  os_hooks.o(.bss)

    Global Symbols

    Symbol Name                              Value     Ov Type        Size  Object(Section)

    BuildAttributes$$THM_ISAv4$E$P$D$K$B$S$7EM$VFPi3$EXTD16$VFPS$VFMA$PE$A:L22UL41UL21$X:L11$S22US41US21$IEEE1$IW$USESV6$~STKCKD$USESV7$~SHL$OSPACE$EBA8$MICROLIB$REQ8$PRES8$EABIv2 0x00000000   Number         0  anon$$obj.o ABSOLUTE
    Image$$VECTOR_RAM$$Base                  0x00000000   Number         0  anon$$obj.o ABSOLUTE
    __ARM_use_no_argv                        0x00000000   Number         0  main.o ABSOLUTE
    __Vectors                                0x00000000   Data           4  startup_s32k144.o(RESET)
    __arm_fini_                               - Undefined Weak Reference
    __cpp_initialize__aeabi_                  - Undefined Weak Reference
    __cxa_finalize                            - Undefined Weak Reference
    __decompress                              - Undefined Weak Reference
    _clock_init                               - Undefined Weak Reference
    _microlib_exit                            - Undefined Weak Reference
    __Vectors_End                            0x00000400   Data           0  startup_s32k144.o(RESET)
    __Vectors_Size                           0x00000400   Number         0  startup_s32k144.o ABSOLUTE
    __main                                   0x00000411   Thumb Code     0  entry.o(.ARM.Collect$$$$00000000)
    _main_stk                                0x00000411   Thumb Code     0  entry4.o(.ARM.Collect$$$$00000003)
    _main_scatterload                        0x00000415   Thumb Code     0  entry5.o(.ARM.Collect$$$$00000004)
    __main_after_scatterload                 0x00000419   Thumb Code     0  entry5.o(.ARM.Collect$$$$00000004)
    _main_clock                              0x00000419   Thumb Code     0  entry7b.o(.ARM.Collect$$$$00000008)
    _main_cpp_init                           0x00000419   Thumb Code     0  entry8b.o(.ARM.Collect$$$$0000000A)
    _main_init                               0x00000419   Thumb Code     0  entry9a.o(.ARM.Collect$$$$0000000B)
    __rt_lib_shutdown_fini                   0x00000421   Thumb Code     0  entry12b.o(.ARM.Collect$$$$0000000E)
    __rt_final_cpp                           0x00000425   Thumb Code     0  entry10a.o(.ARM.Collect$$$$0000000F)
    __rt_final_exit                          0x00000425   Thumb Code     0  entry11a.o(.ARM.Collect$$$$00000011)
    SVC_Handler                              0x00000429   Thumb Code    28  port.o(.emb_text)
    __asm___6_port_c_39a90d8d__prvStartFirstTask 0x00000449   Thumb Code    36  port.o(.emb_text)
    __asm___6_port_c_39a90d8d__prvEnableVFP  0x00000471   Thumb Code    16  port.o(.emb_text)
    PendSV_Handler                           0x00000485   Thumb Code    88  port.o(.emb_text)
    vPortGetIPSR                             0x000004e1   Thumb Code     6  port.o(.emb_text)
    Reset_Handler                            0x000004e9   Thumb Code    18  startup_s32k144.o(.text)
    NMI_Handler                              0x000004fb   Thumb Code     2  startup_s32k144.o(.text)
    HardFault_Handler                        0x000004fd   Thumb Code     2  startup_s32k144.o(.text)
    MemManage_Handler                        0x000004ff   Thumb Code     2  startup_s32k144.o(.text)
    BusFault_Handler                         0x00000501   Thumb Code     2  startup_s32k144.o(.text)
    UsageFault_Handler                       0x00000503   Thumb Code     2  startup_s32k144.o(.text)
    DebugMon_Handler                         0x00000507   Thumb Code     2  startup_s32k144.o(.text)
    ADC0_IRQHandler                          0x0000050d   Thumb Code     0  startup_s32k144.o(.text)
    ADC1_IRQHandler                          0x0000050d   Thumb Code     0  startup_s32k144.o(.text)
    CAN0_Error_IRQHandler                    0x0000050d   Thumb Code     0  startup_s32k144.o(.text)
    CAN0_ORed_0_15_MB_IRQHandler             0x0000050d   Thumb Code     0  startup_s32k144.o(.text)
    CAN0_ORed_16_31_MB_IRQHandler            0x0000050d   Thumb Code     0  startup_s32k144.o(.text)
    CAN0_ORed_IRQHandler                     0x0000050d   Thumb Code     0  startup_s32k144.o(.text)
    CAN0_Wake_Up_IRQHandler                  0x0000050d   Thumb Code     0  startup_s32k144.o(.text)
    CAN1_Error_IRQHandler                    0x0000050d   Thumb Code     0  startup_s32k144.o(.text)
    CAN1_ORed_0_15_MB_IRQHandler             0x0000050d   Thumb Code     0  startup_s32k144.o(.text)
    CAN1_ORed_IRQHandler                     0x0000050d   Thumb Code     0  startup_s32k144.o(.text)
    CAN2_Error_IRQHandler                    0x0000050d   Thumb Code     0  startup_s32k144.o(.text)
    CAN2_ORed_0_15_MB_IRQHandler             0x0000050d   Thumb Code     0  startup_s32k144.o(.text)
    CAN2_ORed_IRQHandler                     0x0000050d   Thumb Code     0  startup_s32k144.o(.text)
    CMP0_IRQHandler                          0x0000050d   Thumb Code     0  startup_s32k144.o(.text)
    DMA0_IRQHandler                          0x0000050d   Thumb Code     0  startup_s32k144.o(.text)
    DMA10_IRQHandler                         0x0000050d   Thumb Code     0  startup_s32k144.o(.text)
    DMA11_IRQHandler                         0x0000050d   Thumb Code     0  startup_s32k144.o(.text)
    DMA12_IRQHandler                         0x0000050d   Thumb Code     0  startup_s32k144.o(.text)
    DMA13_IRQHandler                         0x0000050d   Thumb Code     0  startup_s32k144.o(.text)
    DMA14_IRQHandler                         0x0000050d   Thumb Code     0  startup_s32k144.o(.text)
    DMA15_IRQHandler                         0x0000050d   Thumb Code     0  startup_s32k144.o(.text)
    DMA1_IRQHandler                          0x0000050d   Thumb Code     0  startup_s32k144.o(.text)
    DMA2_IRQHandler                          0x0000050d   Thumb Code     0  startup_s32k144.o(.text)
    DMA3_IRQHandler                          0x0000050d   Thumb Code     0  startup_s32k144.o(.text)
    DMA4_IRQHandler                          0x0000050d   Thumb Code     0  startup_s32k144.o(.text)
    DMA5_IRQHandler                          0x0000050d   Thumb Code     0  startup_s32k144.o(.text)
    DMA6_IRQHandler                          0x0000050d   Thumb Code     0  startup_s32k144.o(.text)
    DMA7_IRQHandler                          0x0000050d   Thumb Code     0  startup_s32k144.o(.text)
    DMA8_IRQHandler                          0x0000050d   Thumb Code     0  startup_s32k144.o(.text)
    DMA9_IRQHandler                          0x0000050d   Thumb Code     0  startup_s32k144.o(.text)
    DMA_Error_IRQHandler                     0x0000050d   Thumb Code     0  startup_s32k144.o(.text)
    DefaultISR                               0x0000050d   Thumb Code     0  startup_s32k144.o(.text)
    ERM_double_fault_IRQHandler              0x0000050d   Thumb Code     0  startup_s32k144.o(.text)
    ERM_single_fault_IRQHandler              0x0000050d   Thumb Code     0  startup_s32k144.o(.text)
    FLEXIO_IRQHandler                        0x0000050d   Thumb Code     0  startup_s32k144.o(.text)
    FTFC_Fault_IRQHandler                    0x0000050d   Thumb Code     0  startup_s32k144.o(.text)
    FTFC_IRQHandler                          0x0000050d   Thumb Code     0  startup_s32k144.o(.text)
    FTM0_Ch0_Ch1_IRQHandler                  0x0000050d   Thumb Code     0  startup_s32k144.o(.text)
    FTM0_Ch2_Ch3_IRQHandler                  0x0000050d   Thumb Code     0  startup_s32k144.o(.text)
    FTM0_Ch4_Ch5_IRQHandler                  0x0000050d   Thumb Code     0  startup_s32k144.o(.text)
    FTM0_Ch6_Ch7_IRQHandler                  0x0000050d   Thumb Code     0  startup_s32k144.o(.text)
    FTM0_Fault_IRQHandler                    0x0000050d   Thumb Code     0  startup_s32k144.o(.text)
    FTM0_Ovf_Reload_IRQHandler               0x0000050d   Thumb Code     0  startup_s32k144.o(.text)
    FTM1_Ch0_Ch1_IRQHandler                  0x0000050d   Thumb Code     0  startup_s32k144.o(.text)
    FTM1_Ch2_Ch3_IRQHandler                  0x0000050d   Thumb Code     0  startup_s32k144.o(.text)
    FTM1_Ch4_Ch5_IRQHandler                  0x0000050d   Thumb Code     0  startup_s32k144.o(.text)
    FTM1_Ch6_Ch7_IRQHandler                  0x0000050d   Thumb Code     0  startup_s32k144.o(.text)
    FTM1_Fault_IRQHandler                    0x0000050d   Thumb Code     0  startup_s32k144.o(.text)
    FTM1_Ovf_Reload_IRQHandler               0x0000050d   Thumb Code     0  startup_s32k144.o(.text)
    FTM2_Ch0_Ch1_IRQHandler                  0x0000050d   Thumb Code     0  startup_s32k144.o(.text)
    FTM2_Ch2_Ch3_IRQHandler                  0x0000050d   Thumb Code     0  startup_s32k144.o(.text)
    FTM2_Ch4_Ch5_IRQHandler                  0x0000050d   Thumb Code     0  startup_s32k144.o(.text)
    FTM2_Ch6_Ch7_IRQHandler                  0x0000050d   Thumb Code     0  startup_s32k144.o(.text)
    FTM2_Fault_IRQHandler                    0x0000050d   Thumb Code     0  startup_s32k144.o(.text)
    FTM2_Ovf_Reload_IRQHandler               0x0000050d   Thumb Code     0  startup_s32k144.o(.text)
    FTM3_Ch0_Ch1_IRQHandler                  0x0000050d   Thumb Code     0  startup_s32k144.o(.text)
    FTM3_Ch2_Ch3_IRQHandler                  0x0000050d   Thumb Code     0  startup_s32k144.o(.text)
    FTM3_Ch4_Ch5_IRQHandler                  0x0000050d   Thumb Code     0  startup_s32k144.o(.text)
    FTM3_Ch6_Ch7_IRQHandler                  0x0000050d   Thumb Code     0  startup_s32k144.o(.text)
    FTM3_Fault_IRQHandler                    0x0000050d   Thumb Code     0  startup_s32k144.o(.text)
    FTM3_Ovf_Reload_IRQHandler               0x0000050d   Thumb Code     0  startup_s32k144.o(.text)
    LPI2C0_Master_IRQHandler                 0x0000050d   Thumb Code     0  startup_s32k144.o(.text)
    LPI2C0_Slave_IRQHandler                  0x0000050d   Thumb Code     0  startup_s32k144.o(.text)
    LPIT0_Ch0_IRQHandler                     0x0000050d   Thumb Code     0  startup_s32k144.o(.text)
    LPIT0_Ch1_IRQHandler                     0x0000050d   Thumb Code     0  startup_s32k144.o(.text)
    LPIT0_Ch2_IRQHandler                     0x0000050d   Thumb Code     0  startup_s32k144.o(.text)
    LPIT0_Ch3_IRQHandler                     0x0000050d   Thumb Code     0  startup_s32k144.o(.text)
    LPSPI0_IRQHandler                        0x0000050d   Thumb Code     0  startup_s32k144.o(.text)
    LPSPI1_IRQHandler                        0x0000050d   Thumb Code     0  startup_s32k144.o(.text)
    LPSPI2_IRQHandler                        0x0000050d   Thumb Code     0  startup_s32k144.o(.text)
    LPTMR0_IRQHandler                        0x0000050d   Thumb Code     0  startup_s32k144.o(.text)
    LPUART0_RxTx_IRQHandler                  0x0000050d   Thumb Code     0  startup_s32k144.o(.text)
    LPUART1_RxTx_IRQHandler                  0x0000050d   Thumb Code     0  startup_s32k144.o(.text)
    LPUART2_RxTx_IRQHandler                  0x0000050d   Thumb Code     0  startup_s32k144.o(.text)
    LVD_LVW_IRQHandler                       0x0000050d   Thumb Code     0  startup_s32k144.o(.text)
    MCM_IRQHandler                           0x0000050d   Thumb Code     0  startup_s32k144.o(.text)
    PDB0_IRQHandler                          0x0000050d   Thumb Code     0  startup_s32k144.o(.text)
    PDB1_IRQHandler                          0x0000050d   Thumb Code     0  startup_s32k144.o(.text)
    PORTA_IRQHandler                         0x0000050d   Thumb Code     0  startup_s32k144.o(.text)
    PORTB_IRQHandler                         0x0000050d   Thumb Code     0  startup_s32k144.o(.text)
    PORTC_IRQHandler                         0x0000050d   Thumb Code     0  startup_s32k144.o(.text)
    PORTD_IRQHandler                         0x0000050d   Thumb Code     0  startup_s32k144.o(.text)
    PORTE_IRQHandler                         0x0000050d   Thumb Code     0  startup_s32k144.o(.text)
    RCM_IRQHandler                           0x0000050d   Thumb Code     0  startup_s32k144.o(.text)
    RTC_IRQHandler                           0x0000050d   Thumb Code     0  startup_s32k144.o(.text)
    RTC_Seconds_IRQHandler                   0x0000050d   Thumb Code     0  startup_s32k144.o(.text)
    Read_Collision_IRQHandler                0x0000050d   Thumb Code     0  startup_s32k144.o(.text)
    Reserved100_IRQHandler                   0x0000050d   Thumb Code     0  startup_s32k144.o(.text)
    Reserved103_IRQHandler                   0x0000050d   Thumb Code     0  startup_s32k144.o(.text)
    Reserved105_IRQHandler                   0x0000050d   Thumb Code     0  startup_s32k144.o(.text)
    Reserved106_IRQHandler                   0x0000050d   Thumb Code     0  startup_s32k144.o(.text)
    Reserved107_IRQHandler                   0x0000050d   Thumb Code     0  startup_s32k144.o(.text)
    Reserved110_IRQHandler                   0x0000050d   Thumb Code     0  startup_s32k144.o(.text)
    Reserved112_IRQHandler                   0x0000050d   Thumb Code     0  startup_s32k144.o(.text)
    Reserved113_IRQHandler                   0x0000050d   Thumb Code     0  startup_s32k144.o(.text)
    Reserved114_IRQHandler                   0x0000050d   Thumb Code     0  startup_s32k144.o(.text)
    Reserved45_IRQHandler                    0x0000050d   Thumb Code     0  startup_s32k144.o(.text)
    Reserved46_IRQHandler                    0x0000050d   Thumb Code     0  startup_s32k144.o(.text)
    Reserved48_IRQHandler                    0x0000050d   Thumb Code     0  startup_s32k144.o(.text)
    Reserved50_IRQHandler                    0x0000050d   Thumb Code     0  startup_s32k144.o(.text)
    Reserved52_IRQHandler                    0x0000050d   Thumb Code     0  startup_s32k144.o(.text)
    Reserved53_IRQHandler                    0x0000050d   Thumb Code     0  startup_s32k144.o(.text)
    Reserved54_IRQHandler                    0x0000050d   Thumb Code     0  startup_s32k144.o(.text)
    Reserved58_IRQHandler                    0x0000050d   Thumb Code     0  startup_s32k144.o(.text)
    Reserved59_IRQHandler                    0x0000050d   Thumb Code     0  startup_s32k144.o(.text)
    Reserved69_IRQHandler                    0x0000050d   Thumb Code     0  startup_s32k144.o(.text)
    Reserved70_IRQHandler                    0x0000050d   Thumb Code     0  startup_s32k144.o(.text)
    Reserved71_IRQHandler                    0x0000050d   Thumb Code     0  startup_s32k144.o(.text)
    Reserved72_IRQHandler                    0x0000050d   Thumb Code     0  startup_s32k144.o(.text)
    Reserved81_IRQHandler                    0x0000050d   Thumb Code     0  startup_s32k144.o(.text)
    Reserved82_IRQHandler                    0x0000050d   Thumb Code     0  startup_s32k144.o(.text)
    Reserved83_IRQHandler                    0x0000050d   Thumb Code     0  startup_s32k144.o(.text)
    Reserved86_IRQHandler                    0x0000050d   Thumb Code     0  startup_s32k144.o(.text)
    Reserved87_IRQHandler                    0x0000050d   Thumb Code     0  startup_s32k144.o(.text)
    Reserved88_IRQHandler                    0x0000050d   Thumb Code     0  startup_s32k144.o(.text)
    Reserved89_IRQHandler                    0x0000050d   Thumb Code     0  startup_s32k144.o(.text)
    Reserved90_IRQHandler                    0x0000050d   Thumb Code     0  startup_s32k144.o(.text)
    Reserved91_IRQHandler                    0x0000050d   Thumb Code     0  startup_s32k144.o(.text)
    Reserved92_IRQHandler                    0x0000050d   Thumb Code     0  startup_s32k144.o(.text)
    Reserved93_IRQHandler                    0x0000050d   Thumb Code     0  startup_s32k144.o(.text)
    Reserved99_IRQHandler                    0x0000050d   Thumb Code     0  startup_s32k144.o(.text)
    SCG_IRQHandler                           0x0000050d   Thumb Code     0  startup_s32k144.o(.text)
    SWI_IRQHandler                           0x0000050d   Thumb Code     0  startup_s32k144.o(.text)
    WDOG_EWM_IRQHandler                      0x0000050d   Thumb Code     0  startup_s32k144.o(.text)
    __aeabi_memcpy                           0x00000521   Thumb Code    36  memcpya.o(.text)
    __aeabi_memcpy4                          0x00000521   Thumb Code     0  memcpya.o(.text)
    __aeabi_memcpy8                          0x00000521   Thumb Code     0  memcpya.o(.text)
    __aeabi_memset                           0x00000545   Thumb Code    14  memseta.o(.text)
    __aeabi_memset4                          0x00000545   Thumb Code     0  memseta.o(.text)
    __aeabi_memset8                          0x00000545   Thumb Code     0  memseta.o(.text)
    __aeabi_memclr                           0x00000553   Thumb Code     4  memseta.o(.text)
    __aeabi_memclr4                          0x00000553   Thumb Code     0  memseta.o(.text)
    __aeabi_memclr8                          0x00000553   Thumb Code     0  memseta.o(.text)
    memset                                   0x00000557   Thumb Code    18  memseta.o(.text)
    __scatterload                            0x00000569   Thumb Code    28  init.o(.text)
    __scatterload_rt2                        0x00000569   Thumb Code     0  init.o(.text)
    NormalRUNmode_80MHz                      0x0000058d   Thumb Code    18  clocks_and_modes.o(i.NormalRUNmode_80MHz)
    SOSC_init_8MHz                           0x000005a9   Thumb Code    40  clocks_and_modes.o(i.SOSC_init_8MHz)
    SPLL_init_160MHz                         0x000005d5   Thumb Code    48  clocks_and_modes.o(i.SPLL_init_160MHz)
    SysTick_Handler                          0x00000609   Thumb Code    38  port.o(i.SysTick_Handler)
    SystemCoreClockUpdate                    0x00000635   Thumb Code   102  system_s32k144.o(i.SystemCoreClockUpdate)
    SystemInit                               0x000006b5   Thumb Code    42  system_s32k144.o(i.SystemInit)
    __scatterload_copy                       0x000006f1   Thumb Code    14  handlers.o(i.__scatterload_copy)
    __scatterload_null                       0x000006ff   Thumb Code     2  handlers.o(i.__scatterload_null)
    __scatterload_zeroinit                   0x00000701   Thumb Code    14  handlers.o(i.__scatterload_zeroinit)
    init_data_bss                            0x00000711   Thumb Code    56  startup.o(i.init_data_bss)
    main                                     0x00000759   Thumb Code   166  main.o(i.main)
    pvPortMalloc                             0x00000fc1   Thumb Code   216  heap_4.o(i.pvPortMalloc)
    pxPortInitialiseStack                    0x0000109d   Thumb Code    40  port.o(i.pxPortInitialiseStack)
    uxListRemove                             0x000010c9   Thumb Code    38  list.o(i.uxListRemove)
    vApplicationGetIdleTaskMemory            0x000010f1   Thumb Code    16  os_hooks.o(i.vApplicationGetIdleTaskMemory)
    vApplicationGetTimerTaskMemory           0x00001105   Thumb Code    18  os_hooks.o(i.vApplicationGetTimerTaskMemory)
    vApplicationIdleHook                     0x0000111d   Thumb Code    10  os_hooks.o(i.vApplicationIdleHook)
    vApplicationMallocFailedHook             0x0000112d   Thumb Code     2  os_hooks.o(i.vApplicationMallocFailedHook)
    vApplicationStackOverflowHook            0x0000112f   Thumb Code     2  os_hooks.o(i.vApplicationStackOverflowHook)
    vApplicationTickHook                     0x00001131   Thumb Code    28  os_hooks.o(i.vApplicationTickHook)
    vListInitialise                          0x00001151   Thumb Code    22  list.o(i.vListInitialise)
    vListInitialiseItem                      0x00001167   Thumb Code     6  list.o(i.vListInitialiseItem)
    vListInsert                              0x0000116d   Thumb Code    48  list.o(i.vListInsert)
    vListInsertEnd                           0x0000119d   Thumb Code    24  list.o(i.vListInsertEnd)
    vPortEnterCritical                       0x000011b5   Thumb Code    54  port.o(i.vPortEnterCritical)
    vPortExitCritical                        0x000011f5   Thumb Code    34  port.o(i.vPortExitCritical)
    vPortFree                                0x0000121d   Thumb Code    88  heap_4.o(i.vPortFree)
    vPortSetupTimerInterrupt                 0x00001279   Thumb Code    20  port.o(i.vPortSetupTimerInterrupt)
    vPortValidateInterruptPriority           0x00001291   Thumb Code    74  port.o(i.vPortValidateInterruptPriority)
    vQueueAddToRegistry                      0x000012e5   Thumb Code    32  queue.o(i.vQueueAddToRegistry)
    vQueueWaitForMessageRestricted           0x00001309   Thumb Code    68  queue.o(i.vQueueWaitForMessageRestricted)
    vTask1                                   0x0000134d   Thumb Code     8  main.o(i.vTask1)
    vTask2                                   0x00001355   Thumb Code    22  main.o(i.vTask2)
    vTaskDelay                               0x00001371   Thumb Code    66  tasks.o(i.vTaskDelay)
    vTaskInternalSetTimeOutState             0x000013bd   Thumb Code    12  tasks.o(i.vTaskInternalSetTimeOutState)
    vTaskMissedYield                         0x000013cd   Thumb Code     8  tasks.o(i.vTaskMissedYield)
    vTaskPlaceOnEventList                    0x000013d9   Thumb Code    44  tasks.o(i.vTaskPlaceOnEventList)
    vTaskPlaceOnEventListRestricted          0x00001409   Thumb Code    52  tasks.o(i.vTaskPlaceOnEventListRestricted)
    vTaskStartScheduler                      0x00001441   Thumb Code   116  tasks.o(i.vTaskStartScheduler)
    vTaskSuspendAll                          0x000014c5   Thumb Code    10  tasks.o(i.vTaskSuspendAll)
    vTaskSwitchContext                       0x000014d5   Thumb Code   126  tasks.o(i.vTaskSwitchContext)
    xPortStartScheduler                      0x0000155d   Thumb Code   224  port.o(i.xPortStartScheduler)
    xQueueGenericCreateStatic                0x00001651   Thumb Code   102  queue.o(i.xQueueGenericCreateStatic)
    xQueueGenericReset                       0x000016b9   Thumb Code   132  queue.o(i.xQueueGenericReset)
    xQueueGenericSend                        0x00001741   Thumb Code   350  queue.o(i.xQueueGenericSend)
    xQueueGenericSendFromISR                 0x000018a5   Thumb Code   188  queue.o(i.xQueueGenericSendFromISR)
    xQueueReceive                            0x00001961   Thumb Code   308  queue.o(i.xQueueReceive)
    xTaskCheckForTimeOut                     0x00001a99   Thumb Code   112  tasks.o(i.xTaskCheckForTimeOut)
    xTaskCreate                              0x00001b0d   Thumb Code    90  tasks.o(i.xTaskCreate)
    xTaskCreateStatic                        0x00001b67   Thumb Code    90  tasks.o(i.xTaskCreateStatic)
    xTaskGetSchedulerState                   0x00001bc1   Thumb Code    22  tasks.o(i.xTaskGetSchedulerState)
    xTaskGetTickCount                        0x00001bdd   Thumb Code     6  tasks.o(i.xTaskGetTickCount)
    xTaskIncrementTick                       0x00001be9   Thumb Code   202  tasks.o(i.xTaskIncrementTick)
    xTaskPriorityDisinherit                  0x00001cbd   Thumb Code   144  tasks.o(i.xTaskPriorityDisinherit)
    xTaskRemoveFromEventList                 0x00001d55   Thumb Code   106  tasks.o(i.xTaskRemoveFromEventList)
    xTaskResumeAll                           0x00001dcd   Thumb Code   182  tasks.o(i.xTaskResumeAll)
    xTimerCreateTimerTask                    0x00001e91   Thumb Code    78  timers.o(i.xTimerCreateTimerTask)
    xTimerGenericCommand                     0x00001ef1   Thumb Code    88  timers.o(i.xTimerGenericCommand)
    Region$$Table$$Base                      0x00001f60   Number         0  anon$$obj.o(Region$$Table)
    Region$$Table$$Limit                     0x00001fa0   Number         0  anon$$obj.o(Region$$Table)
    Image$$RW_m_data$$Base                   0x1fff8000   Number         0  anon$$obj.o ABSOLUTE
    vTask1_Handler                           0x1fff8000   Data           4  main.o(.data)
    vTask2_Handler                           0x1fff8004   Data           4  main.o(.data)
    m_u16TickCnt                             0x1fff8008   Data           2  os_hooks.o(.data)
    m_idleCount                              0x1fff800c   Data           4  os_hooks.o(.data)
    m_idleCntFree                            0x1fff8010   Data           4  os_hooks.o(.data)
    pxCurrentTCB                             0x1fff8014   Data           4  tasks.o(.data)
    xQueueRegistry                           0x1fff8068   Data          64  queue.o(.bss)
    SystemCoreClock                          0x20000020   Data           4  system_s32k144.o(.data)
    xIdleTaskBuffer                          0x20000224   Data         108  os_hooks.o(.bss)
    xTimerTaskBuffer                         0x20000a90   Data         108  os_hooks.o(.bss)
    Image$$ARM_LIB_STACK$$ZI$$Limit          0x20007000   Number         0  anon$$obj.o ABSOLUTE



==============================================================================

Memory Map of the image

  Image Entry point : 0x00000411

  Load Region LR_m_text (Base: 0x00000410, Size: 0x00001c1c, Max: 0x0007fbf0, ABSOLUTE)

    Execution Region ER_m_text (Exec base: 0x00000410, Load base: 0x00000410, Size: 0x00001b90, Max: 0x0007fbf0, ABSOLUTE)

    Exec Addr    Load Addr    Size         Type   Attr      Idx    E Section Name        Object

    0x00000410   0x00000410   0x00000000   Code   RO         1476  * .ARM.Collect$$$$00000000  mc_w.l(entry.o)
    0x00000410   0x00000410   0x00000004   Code   RO         1487    .ARM.Collect$$$$00000003  mc_w.l(entry4.o)
    0x00000414   0x00000414   0x00000004   Code   RO         1490    .ARM.Collect$$$$00000004  mc_w.l(entry5.o)
    0x00000418   0x00000418   0x00000000   Code   RO         1492    .ARM.Collect$$$$00000008  mc_w.l(entry7b.o)
    0x00000418   0x00000418   0x00000000   Code   RO         1494    .ARM.Collect$$$$0000000A  mc_w.l(entry8b.o)
    0x00000418   0x00000418   0x00000008   Code   RO         1495    .ARM.Collect$$$$0000000B  mc_w.l(entry9a.o)
    0x00000420   0x00000420   0x00000004   Code   RO         1502    .ARM.Collect$$$$0000000E  mc_w.l(entry12b.o)
    0x00000424   0x00000424   0x00000000   Code   RO         1497    .ARM.Collect$$$$0000000F  mc_w.l(entry10a.o)
    0x00000424   0x00000424   0x00000000   Code   RO         1499    .ARM.Collect$$$$00000011  mc_w.l(entry11a.o)
    0x00000424   0x00000424   0x00000004   Code   RO         1488    .ARM.Collect$$$$00002714  mc_w.l(entry4.o)
    0x00000428   0x00000428   0x000000be   Code   RO         1253    .emb_text           port.o
    0x000004e6   0x000004e6   0x00000002   PAD
    0x000004e8   0x000004e8   0x00000038   Code   RO         1429    .text               startup_s32k144.o
    0x00000520   0x00000520   0x00000024   Code   RO         1479    .text               mc_w.l(memcpya.o)
    0x00000544   0x00000544   0x00000024   Code   RO         1483    .text               mc_w.l(memseta.o)
    0x00000568   0x00000568   0x00000024   Code   RO         1503    .text               mc_w.l(init.o)
    0x0000058c   0x0000058c   0x0000001c   Code   RO            7    i.NormalRUNmode_80MHz  clocks_and_modes.o
    0x000005a8   0x000005a8   0x0000002c   Code   RO            8    i.SOSC_init_8MHz    clocks_and_modes.o
    0x000005d4   0x000005d4   0x00000034   Code   RO            9    i.SPLL_init_160MHz  clocks_and_modes.o
    0x00000608   0x00000608   0x0000002c   Code   RO         1254    i.SysTick_Handler   port.o
    0x00000634   0x00000634   0x00000080   Code   RO         1436    i.SystemCoreClockUpdate  system_s32k144.o
    0x000006b4   0x000006b4   0x0000003c   Code   RO         1437    i.SystemInit        system_s32k144.o
    0x000006f0   0x000006f0   0x0000000e   Code   RO         1507    i.__scatterload_copy  mc_w.l(handlers.o)
    0x000006fe   0x000006fe   0x00000002   Code   RO         1508    i.__scatterload_null  mc_w.l(handlers.o)
    0x00000700   0x00000700   0x0000000e   Code   RO         1509    i.__scatterload_zeroinit  mc_w.l(handlers.o)
    0x0000070e   0x0000070e   0x00000002   PAD
    0x00000710   0x00000710   0x00000048   Code   RO         1382    i.init_data_bss     startup.o
    0x00000758   0x00000758   0x000000d0   Code   RO          120    i.main              main.o
    0x00000828   0x00000828   0x00000070   Code   RO          761    i.prvAddCurrentTaskToDelayedList  tasks.o
    0x00000898   0x00000898   0x000000d0   Code   RO          762    i.prvAddNewTaskToReadyList  tasks.o
    0x00000968   0x00000968   0x00000058   Code   RO         1103    i.prvCheckForValidListAndQueue  timers.o
    0x000009c0   0x000009c0   0x00000026   Code   RO          370    i.prvCopyDataFromQueue  queue.o
    0x000009e6   0x000009e6   0x0000006c   Code   RO          371    i.prvCopyDataToQueue  queue.o
    0x00000a52   0x00000a52   0x00000034   Code   RO          763    i.prvDeleteTCB      tasks.o
    0x00000a86   0x00000a86   0x00000002   PAD
    0x00000a88   0x00000a88   0x0000004c   Code   RO         1330    i.prvHeapInit       heap_4.o
    0x00000ad4   0x00000ad4   0x00000060   Code   RO          764    i.prvIdleTask       tasks.o
    0x00000b34   0x00000b34   0x00000020   Code   RO          373    i.prvInitialiseNewQueue  queue.o
    0x00000b54   0x00000b54   0x000000aa   Code   RO          765    i.prvInitialiseNewTask  tasks.o
    0x00000bfe   0x00000bfe   0x00000002   PAD
    0x00000c00   0x00000c00   0x0000004c   Code   RO         1331    i.prvInsertBlockIntoFreeList  heap_4.o
    0x00000c4c   0x00000c4c   0x00000038   Code   RO         1105    i.prvInsertTimerInActiveList  timers.o
    0x00000c84   0x00000c84   0x0000001a   Code   RO          374    i.prvIsQueueEmpty   queue.o
    0x00000c9e   0x00000c9e   0x00000002   PAD
    0x00000ca0   0x00000ca0   0x000000f0   Code   RO         1106    i.prvProcessReceivedCommands  timers.o
    0x00000d90   0x00000d90   0x000000c0   Code   RO         1107    i.prvProcessTimerOrBlockTask  timers.o
    0x00000e50   0x00000e50   0x00000020   Code   RO          767    i.prvResetNextTaskUnblockTime  tasks.o
    0x00000e70   0x00000e70   0x00000028   Code   RO         1108    i.prvSampleTimeNow  timers.o
    0x00000e98   0x00000e98   0x0000006c   Code   RO         1109    i.prvSwitchTimerLists  timers.o
    0x00000f04   0x00000f04   0x00000028   Code   RO         1255    i.prvTaskExitError  port.o
    0x00000f2c   0x00000f2c   0x00000028   Code   RO         1110    i.prvTimerTask      timers.o
    0x00000f54   0x00000f54   0x0000006a   Code   RO          375    i.prvUnlockQueue    queue.o
    0x00000fbe   0x00000fbe   0x00000002   PAD
    0x00000fc0   0x00000fc0   0x000000dc   Code   RO         1332    i.pvPortMalloc      heap_4.o
    0x0000109c   0x0000109c   0x0000002c   Code   RO         1256    i.pxPortInitialiseStack  port.o
    0x000010c8   0x000010c8   0x00000026   Code   RO          330    i.uxListRemove      list.o
    0x000010ee   0x000010ee   0x00000002   PAD
    0x000010f0   0x000010f0   0x00000014   Code   RO          157    i.vApplicationGetIdleTaskMemory  os_hooks.o
    0x00001104   0x00001104   0x00000018   Code   RO          158    i.vApplicationGetTimerTaskMemory  os_hooks.o
    0x0000111c   0x0000111c   0x00000010   Code   RO          159    i.vApplicationIdleHook  os_hooks.o
    0x0000112c   0x0000112c   0x00000002   Code   RO          160    i.vApplicationMallocFailedHook  os_hooks.o
    0x0000112e   0x0000112e   0x00000002   Code   RO          161    i.vApplicationStackOverflowHook  os_hooks.o
    0x00001130   0x00001130   0x00000020   Code   RO          162    i.vApplicationTickHook  os_hooks.o
    0x00001150   0x00001150   0x00000016   Code   RO          331    i.vListInitialise   list.o
    0x00001166   0x00001166   0x00000006   Code   RO          332    i.vListInitialiseItem  list.o
    0x0000116c   0x0000116c   0x00000030   Code   RO          333    i.vListInsert       list.o
    0x0000119c   0x0000119c   0x00000018   Code   RO          334    i.vListInsertEnd    list.o
    0x000011b4   0x000011b4   0x00000040   Code   RO         1258    i.vPortEnterCritical  port.o
    0x000011f4   0x000011f4   0x00000028   Code   RO         1259    i.vPortExitCritical  port.o
    0x0000121c   0x0000121c   0x0000005c   Code   RO         1333    i.vPortFree         heap_4.o
    0x00001278   0x00001278   0x00000018   Code   RO         1260    i.vPortSetupTimerInterrupt  port.o
    0x00001290   0x00001290   0x00000054   Code   RO         1261    i.vPortValidateInterruptPriority  port.o
    0x000012e4   0x000012e4   0x00000024   Code   RO          381    i.vQueueAddToRegistry  queue.o
    0x00001308   0x00001308   0x00000044   Code   RO          385    i.vQueueWaitForMessageRestricted  queue.o
    0x0000134c   0x0000134c   0x00000008   Code   RO          121    i.vTask1            main.o
    0x00001354   0x00001354   0x0000001c   Code   RO          122    i.vTask2            main.o
    0x00001370   0x00001370   0x0000004c   Code   RO          777    i.vTaskDelay        tasks.o
    0x000013bc   0x000013bc   0x00000010   Code   RO          782    i.vTaskInternalSetTimeOutState  tasks.o
    0x000013cc   0x000013cc   0x0000000c   Code   RO          783    i.vTaskMissedYield  tasks.o
    0x000013d8   0x000013d8   0x00000030   Code   RO          785    i.vTaskPlaceOnEventList  tasks.o
    0x00001408   0x00001408   0x00000038   Code   RO          786    i.vTaskPlaceOnEventListRestricted  tasks.o
    0x00001440   0x00001440   0x00000084   Code   RO          794    i.vTaskStartScheduler  tasks.o
    0x000014c4   0x000014c4   0x00000010   Code   RO          796    i.vTaskSuspendAll   tasks.o
    0x000014d4   0x000014d4   0x00000088   Code   RO          797    i.vTaskSwitchContext  tasks.o
    0x0000155c   0x0000155c   0x000000f4   Code   RO         1262    i.xPortStartScheduler  port.o
    0x00001650   0x00001650   0x00000066   Code   RO          391    i.xQueueGenericCreateStatic  queue.o
    0x000016b6   0x000016b6   0x00000002   PAD
    0x000016b8   0x000016b8   0x00000088   Code   RO          392    i.xQueueGenericReset  queue.o
    0x00001740   0x00001740   0x00000164   Code   RO          393    i.xQueueGenericSend  queue.o
    0x000018a4   0x000018a4   0x000000bc   Code   RO          394    i.xQueueGenericSendFromISR  queue.o
    0x00001960   0x00001960   0x00000138   Code   RO          401    i.xQueueReceive     queue.o
    0x00001a98   0x00001a98   0x00000074   Code   RO          798    i.xTaskCheckForTimeOut  tasks.o
    0x00001b0c   0x00001b0c   0x0000005a   Code   RO          799    i.xTaskCreate       tasks.o
    0x00001b66   0x00001b66   0x0000005a   Code   RO          800    i.xTaskCreateStatic  tasks.o
    0x00001bc0   0x00001bc0   0x0000001c   Code   RO          804    i.xTaskGetSchedulerState  tasks.o
    0x00001bdc   0x00001bdc   0x0000000c   Code   RO          805    i.xTaskGetTickCount  tasks.o
    0x00001be8   0x00001be8   0x000000d4   Code   RO          807    i.xTaskIncrementTick  tasks.o
    0x00001cbc   0x00001cbc   0x00000098   Code   RO          810    i.xTaskPriorityDisinherit  tasks.o
    0x00001d54   0x00001d54   0x00000078   Code   RO          812    i.xTaskRemoveFromEventList  tasks.o
    0x00001dcc   0x00001dcc   0x000000c4   Code   RO          813    i.xTaskResumeAll    tasks.o
    0x00001e90   0x00001e90   0x00000060   Code   RO         1118    i.xTimerCreateTimerTask  timers.o
    0x00001ef0   0x00001ef0   0x0000005c   Code   RO         1119    i.xTimerGenericCommand  timers.o
    0x00001f4c   0x00001f4c   0x00000004   Data   RO         1383    .constdata          startup.o
    0x00001f50   0x00001f50   0x00000010   Data   RO         1439    .constdata          system_s32k144.o
    0x00001f60   0x00001f60   0x00000040   Data   RO         1505    Region$$Table       anon$$obj.o


    Execution Region RW_m_data (Exec base: 0x1fff8000, Load base: 0x00001fa0, Size: 0x00002300, Max: 0x00008000, ABSOLUTE)

    Exec Addr    Load Addr    Size         Type   Attr      Idx    E Section Name        Object

    0x1fff8000   0x00001fa0   0x00000008   Data   RW          123    .data               main.o
    0x1fff8008   0x00001fa8   0x0000000c   Data   RW          164    .data               os_hooks.o
    0x1fff8014   0x00001fb4   0x0000003c   Data   RW          816    .data               tasks.o
    0x1fff8050   0x00001ff0   0x00000018   Data   RW         1338    .data               heap_4.o
    0x1fff8068        -       0x00000040   Zero   RW          405    .bss                queue.o
    0x1fff80a8        -       0x00000168   Zero   RW          815    .bss                tasks.o
    0x1fff8210        -       0x000000f0   Zero   RW         1124    .bss                timers.o
    0x1fff8300        -       0x00002000   Zero   RW         1337    .bss                heap_4.o


    Execution Region RW_m_data_2 (Exec base: 0x20000000, Load base: 0x00002008, Size: 0x00000afc, Max: 0x00006800, ABSOLUTE)

    Exec Addr    Load Addr    Size         Type   Attr      Idx    E Section Name        Object

    0x20000000   0x00002008   0x00000014   Data   RW         1125    .data               timers.o
    0x20000014   0x0000201c   0x0000000c   Data   RW         1263    .data               port.o
    0x20000020   0x00002028   0x00000004   Data   RW         1440    .data               system_s32k144.o
    0x20000024        -       0x00000ad8   Zero   RW          163    .bss                os_hooks.o


    Execution Region ARM_LIB_HEAP (Exec base: 0x20000afc, Load base: 0x0000202c, Size: 0x00000400, Max: 0x00000400, ABSOLUTE)

    Exec Addr    Load Addr    Size         Type   Attr      Idx    E Section Name        Object

    0x20000afc        -       0x00000400   Zero   RW            1    ARM_LIB_HEAP.bss    anon$$obj.o


    Execution Region ARM_LIB_STACK (Exec base: 0x20006c00, Load base: 0x0000202c, Size: 0x00000400, Max: 0x00000400, ABSOLUTE)

    Exec Addr    Load Addr    Size         Type   Attr      Idx    E Section Name        Object

    0x20006c00        -       0x00000400   Zero   RW            2    ARM_LIB_STACK.bss   anon$$obj.o



  Load Region LR_m_interrupts (Base: 0x00000000, Size: 0x00000400, Max: 0x00000400, ABSOLUTE)

    Execution Region VECTOR_RAM (Exec base: 0x00000000, Load base: 0x00000000, Size: 0x00000000, Max: 0x00000000, ABSOLUTE)

    Exec Addr    Load Addr    Size         Type   Attr      Idx    E Section Name        Object

    0x00000000        -       0x00000000   Zero   RW            3    VECTOR_RAM.bss      anon$$obj.o


    Execution Region VECTOR_ROM (Exec base: 0x00000000, Load base: 0x00000000, Size: 0x00000400, Max: 0x00000400, ABSOLUTE)

    Exec Addr    Load Addr    Size         Type   Attr      Idx    E Section Name        Object

    0x00000000   0x00000000   0x00000400   Data   RO         1427    RESET               startup_s32k144.o



  Load Region LR_m_flash_config (Base: 0x00000400, Size: 0x00000010, Max: 0x00000010, ABSOLUTE)

    Execution Region ER_m_flash_config (Exec base: 0x00000400, Load base: 0x00000400, Size: 0x00000010, Max: 0x00000010, ABSOLUTE)

    Exec Addr    Load Addr    Size         Type   Attr      Idx    E Section Name        Object

    0x00000400   0x00000400   0x00000010   Data   RO         1428    FlashConfig         startup_s32k144.o


==============================================================================

Image component sizes


      Code (inc. data)   RO Data    RW Data    ZI Data      Debug   Object Name

       124         18          0          0          0      26046   clocks_and_modes.o
         0          0          0          0          0      18748   event_groups.o
       464         22          0         24       8192       4511   heap_4.o
       138          0          0          0          0       3218   list.o
       244         48          0          8          0       2285   main.o
        96         20          0         12       2776       4232   os_hooks.o
       774         80          0         12          0      11541   port.o
      1508         18          0          0         64      16536   queue.o
        72         16          4          0          0       1780   startup.o
        56         18       1040          0          0        880   startup_s32k144.o
       188         44         16          4          0       2167   system_s32k144.o
      2178        164          0         60        360      25428   tasks.o
       952         82          0         20        240      31563   timers.o

    ----------------------------------------------------------------------
      6808        530       1124        140      13680     148935   Object Totals
         0          0         64          0       2048          0   (incl. Generated)
        14          0          0          0          0          0   (incl. Padding)

    ----------------------------------------------------------------------

      Code (inc. data)   RO Data    RW Data    ZI Data      Debug   Library Member Name

         0          0          0          0          0          0   entry.o
         0          0          0          0          0          0   entry10a.o
         0          0          0          0          0          0   entry11a.o
         4          0          0          0          0          0   entry12b.o
         8          4          0          0          0          0   entry4.o
         4          0          0          0          0          0   entry5.o
         0          0          0          0          0          0   entry7b.o
         0          0          0          0          0          0   entry8b.o
         8          4          0          0          0          0   entry9a.o
        30          0          0          0          0          0   handlers.o
        36          8          0          0          0         68   init.o
        36          0          0          0          0         68   memcpya.o
        36          0          0          0          0        108   memseta.o

    ----------------------------------------------------------------------
       164         16          0          0          0        244   Library Totals
         2          0          0          0          0          0   (incl. Padding)

    ----------------------------------------------------------------------

      Code (inc. data)   RO Data    RW Data    ZI Data      Debug   Library Name

       162         16          0          0          0        244   mc_w.l

    ----------------------------------------------------------------------
       164         16          0          0          0        244   Library Totals

    ----------------------------------------------------------------------

==============================================================================


      Code (inc. data)   RO Data    RW Data    ZI Data      Debug   

      6972        546       1124        140      13680     142231   Grand Totals
      6972        546       1124        140      13680     142231   ELF Image Totals
      6972        546       1124        140          0          0   ROM Totals

==============================================================================

    Total RO  Size (Code + RO Data)                 8096 (   7.91kB)
    Total RW  Size (RW Data + ZI Data)             13820 (  13.50kB)
    Total ROM Size (Code + RO Data + RW Data)       8236 (   8.04kB)

==============================================================================

