Component: ARM Compiler 5.06 update 7 (build 960) Tool: armlink [4d3601]

==============================================================================

Section Cross References

    event_groups.o(i.vEventGroupClearBitsCallback) refers to event_groups.o(i.xEventGroupClearBits) for xEventGroupClearBits
    event_groups.o(i.vEventGroupDelete) refers to tasks.o(i.vTaskSuspendAll) for vTaskSuspendAll
    event_groups.o(i.vEventGroupDelete) refers to tasks.o(i.vTaskRemoveFromUnorderedEventList) for vTaskRemoveFromUnorderedEventList
    event_groups.o(i.vEventGroupDelete) refers to heap_4.o(i.vPortFree) for vPortFree
    event_groups.o(i.vEventGroupDelete) refers to tasks.o(i.xTaskResumeAll) for xTaskResumeAll
    event_groups.o(i.vEventGroupSetBitsCallback) refers to event_groups.o(i.xEventGroupSetBits) for xEventGroupSetBits
    event_groups.o(i.xEventGroupClearBits) refers to port.o(i.vPortEnterCritical) for vPortEnterCritical
    event_groups.o(i.xEventGroupClearBits) refers to port.o(i.vPortExitCritical) for vPortExitCritical
    event_groups.o(i.xEventGroupCreate) refers to heap_4.o(i.pvPortMalloc) for pvPortMalloc
    event_groups.o(i.xEventGroupCreate) refers to list.o(i.vListInitialise) for vListInitialise
    event_groups.o(i.xEventGroupCreateStatic) refers to list.o(i.vListInitialise) for vListInitialise
    event_groups.o(i.xEventGroupSetBits) refers to tasks.o(i.vTaskSuspendAll) for vTaskSuspendAll
    event_groups.o(i.xEventGroupSetBits) refers to tasks.o(i.vTaskRemoveFromUnorderedEventList) for vTaskRemoveFromUnorderedEventList
    event_groups.o(i.xEventGroupSetBits) refers to tasks.o(i.xTaskResumeAll) for xTaskResumeAll
    event_groups.o(i.xEventGroupSync) refers to tasks.o(i.xTaskGetSchedulerState) for xTaskGetSchedulerState
    event_groups.o(i.xEventGroupSync) refers to tasks.o(i.vTaskSuspendAll) for vTaskSuspendAll
    event_groups.o(i.xEventGroupSync) refers to event_groups.o(i.xEventGroupSetBits) for xEventGroupSetBits
    event_groups.o(i.xEventGroupSync) refers to tasks.o(i.vTaskPlaceOnUnorderedEventList) for vTaskPlaceOnUnorderedEventList
    event_groups.o(i.xEventGroupSync) refers to tasks.o(i.xTaskResumeAll) for xTaskResumeAll
    event_groups.o(i.xEventGroupSync) refers to tasks.o(i.uxTaskResetEventItemValue) for uxTaskResetEventItemValue
    event_groups.o(i.xEventGroupSync) refers to port.o(i.vPortEnterCritical) for vPortEnterCritical
    event_groups.o(i.xEventGroupSync) refers to port.o(i.vPortExitCritical) for vPortExitCritical
    event_groups.o(i.xEventGroupWaitBits) refers to tasks.o(i.xTaskGetSchedulerState) for xTaskGetSchedulerState
    event_groups.o(i.xEventGroupWaitBits) refers to tasks.o(i.vTaskSuspendAll) for vTaskSuspendAll
    event_groups.o(i.xEventGroupWaitBits) refers to event_groups.o(i.prvTestWaitCondition) for prvTestWaitCondition
    event_groups.o(i.xEventGroupWaitBits) refers to tasks.o(i.vTaskPlaceOnUnorderedEventList) for vTaskPlaceOnUnorderedEventList
    event_groups.o(i.xEventGroupWaitBits) refers to tasks.o(i.xTaskResumeAll) for xTaskResumeAll
    event_groups.o(i.xEventGroupWaitBits) refers to tasks.o(i.uxTaskResetEventItemValue) for uxTaskResetEventItemValue
    event_groups.o(i.xEventGroupWaitBits) refers to port.o(i.vPortEnterCritical) for vPortEnterCritical
    event_groups.o(i.xEventGroupWaitBits) refers to port.o(i.vPortExitCritical) for vPortExitCritical
    queue.o(i.pcQueueGetName) refers to queue.o(.bss) for .bss
    queue.o(i.prvCopyDataFromQueue) refers to memcpya.o(.text) for __aeabi_memcpy
    queue.o(i.prvCopyDataToQueue) refers to memcpya.o(.text) for __aeabi_memcpy
    queue.o(i.prvCopyDataToQueue) refers to tasks.o(i.xTaskPriorityDisinherit) for xTaskPriorityDisinherit
    queue.o(i.prvInitialiseMutex) refers to queue.o(i.xQueueGenericSend) for xQueueGenericSend
    queue.o(i.prvInitialiseNewQueue) refers to queue.o(i.xQueueGenericReset) for xQueueGenericReset
    queue.o(i.prvIsQueueEmpty) refers to port.o(i.vPortEnterCritical) for vPortEnterCritical
    queue.o(i.prvIsQueueEmpty) refers to port.o(i.vPortExitCritical) for vPortExitCritical
    queue.o(i.prvUnlockQueue) refers to port.o(i.vPortEnterCritical) for vPortEnterCritical
    queue.o(i.prvUnlockQueue) refers to tasks.o(i.xTaskRemoveFromEventList) for xTaskRemoveFromEventList
    queue.o(i.prvUnlockQueue) refers to tasks.o(i.vTaskMissedYield) for vTaskMissedYield
    queue.o(i.prvUnlockQueue) refers to port.o(i.vPortExitCritical) for vPortExitCritical
    queue.o(i.uxQueueMessagesWaiting) refers to port.o(i.vPortEnterCritical) for vPortEnterCritical
    queue.o(i.uxQueueMessagesWaiting) refers to port.o(i.vPortExitCritical) for vPortExitCritical
    queue.o(i.uxQueueSpacesAvailable) refers to port.o(i.vPortEnterCritical) for vPortEnterCritical
    queue.o(i.uxQueueSpacesAvailable) refers to port.o(i.vPortExitCritical) for vPortExitCritical
    queue.o(i.vQueueAddToRegistry) refers to queue.o(.bss) for .bss
[...]
    Removing event_groups.o(i.xEventGroupSync), (200 bytes).
    Removing event_groups.o(i.xEventGroupWaitBits), (264 bytes).
    Removing queue.o(i.pcQueueGetName), (40 bytes).
    Removing queue.o(i.prvInitialiseMutex), (22 bytes).
    Removing queue.o(i.ucQueueGetQueueType), (6 bytes).
    Removing queue.o(i.uxQueueGetQueueNumber), (4 bytes).
    Removing queue.o(i.uxQueueMessagesWaiting), (36 bytes).
    Removing queue.o(i.uxQueueMessagesWaitingFromISR), (22 bytes).
    Removing queue.o(i.uxQueueSpacesAvailable), (40 bytes).
    Removing queue.o(i.vQueueDelete), (46 bytes).
    Removing queue.o(i.vQueueSetQueueNumber), (4 bytes).
    Removing queue.o(i.vQueueUnregisterQueue), (40 bytes).
    Removing queue.o(i.xQueueCreateCountingSemaphore), (58 bytes).
    Removing queue.o(i.xQueueCreateCountingSemaphoreStatic), (64 bytes).
    Removing queue.o(i.xQueueCreateMutex), (22 bytes).
    Removing queue.o(i.xQueueCreateMutexStatic), (26 bytes).
    Removing queue.o(i.xQueueGenericCreate), (72 bytes).
    Removing queue.o(i.xQueueGiveFromISR), (156 bytes).
    Removing queue.o(i.xQueueGiveMutexRecursive), (62 bytes).
    Removing queue.o(i.xQueueIsQueueEmptyFromISR), (30 bytes).
    Removing queue.o(i.xQueueIsQueueFullFromISR), (34 bytes).
    Removing queue.o(i.xQueuePeek), (312 bytes).
    Removing queue.o(i.xQueuePeekFromISR), (116 bytes).
    Removing queue.o(i.xQueueReceiveFromISR), (154 bytes).
    Removing queue.o(i.xQueueSemaphoreTake), (376 bytes).
    Removing queue.o(i.xQueueTakeMutexRecursive), (64 bytes).
    Removing stream_buffer.o(i.prvBytesInBuffer), (18 bytes).
    Removing stream_buffer.o(i.prvInitialiseNewStreamBuffer), (66 bytes).
    Removing stream_buffer.o(i.prvReadBytesFromBuffer), (142 bytes).
    Removing stream_buffer.o(i.prvReadMessageFromBuffer), (58 bytes).
    Removing stream_buffer.o(i.prvWriteBytesToBuffer), (130 bytes).
    Removing stream_buffer.o(i.prvWriteMessageToBuffer), (60 bytes).
    Removing stream_buffer.o(i.ucStreamBufferGetStreamBufferType), (8 bytes).
    Removing stream_buffer.o(i.uxStreamBufferGetStreamBufferNumber), (4 bytes).
    Removing stream_buffer.o(i.vStreamBufferDelete), (34 bytes).
    Removing stream_buffer.o(i.vStreamBufferSetStreamBufferNumber), (4 bytes).
    Removing stream_buffer.o(i.xStreamBufferBytesAvailable), (22 bytes).
    Removing stream_buffer.o(i.xStreamBufferGenericCreate), (108 bytes).
    Removing stream_buffer.o(i.xStreamBufferGenericCreateStatic), (122 bytes).
    Removing stream_buffer.o(i.xStreamBufferIsEmpty), (34 bytes).
    Removing stream_buffer.o(i.xStreamBufferIsFull), (48 bytes).
    Removing stream_buffer.o(i.xStreamBufferNextMessageLengthBytes), (78 bytes).
    Removing stream_buffer.o(i.xStreamBufferReceive), (212 bytes).
    Removing stream_buffer.o(i.xStreamBufferReceiveCompletedFromISR), (70 bytes).
    Removing stream_buffer.o(i.xStreamBufferReceiveFromISR), (144 bytes).
    Removing stream_buffer.o(i.xStreamBufferReset), (70 bytes).
    Removing stream_buffer.o(i.xStreamBufferSend), (256 bytes).
    Removing stream_buffer.o(i.xStreamBufferSendCompletedFromISR), (70 bytes).
    Removing stream_buffer.o(i.xStreamBufferSendFromISR), (142 bytes).
    Removing stream_buffer.o(i.xStreamBufferSetTriggerLevel), (40 bytes).
    Removing stream_buffer.o(i.xStreamBufferSpacesAvailable), (38 bytes).
    Removing tasks.o(i.eTaskGetState), (116 bytes).
    Removing tasks.o(i.pcTaskGetName), (32 bytes).
    Removing tasks.o(i.prvListTasksWithinSingleList), (86 bytes).
    Removing tasks.o(i.prvTaskIsTaskSuspended), (52 bytes).
    Removing tasks.o(i.pvTaskIncrementMutexHeldCount), (24 bytes).
    Removing tasks.o(i.ulTaskNotifyTake), (104 bytes).
    Removing tasks.o(i.uxTaskGetNumberOfTasks), (12 bytes).
    Removing tasks.o(i.uxTaskGetSystemState), (172 bytes).
    Removing tasks.o(i.uxTaskGetTaskNumber), (8 bytes).
    Removing tasks.o(i.uxTaskPriorityGet), (28 bytes).
    Removing tasks.o(i.uxTaskPriorityGetFromISR), (44 bytes).
    Removing tasks.o(i.uxTaskResetEventItemValue), (24 bytes).
    Removing tasks.o(i.vTaskDelayUntil), (144 bytes).
    Removing tasks.o(i.vTaskDelete), (172 bytes).
    Removing tasks.o(i.vTaskEndScheduler), (28 bytes).
    Removing tasks.o(i.vTaskGetInfo), (128 bytes).
    Removing tasks.o(i.vTaskNotifyGiveFromISR), (184 bytes).
    Removing tasks.o(i.vTaskPlaceOnUnorderedEventList), (76 bytes).
    Removing tasks.o(i.vTaskPriorityDisinheritAfterTimeout), (172 bytes).
    Removing tasks.o(i.vTaskPrioritySet), (196 bytes).
    Removing tasks.o(i.vTaskRemoveFromUnorderedEventList), (112 bytes).
    Removing tasks.o(i.vTaskResume), (124 bytes).
    Removing tasks.o(i.vTaskSetTaskNumber), (8 bytes).
    Removing tasks.o(i.vTaskSetTimeOutState), (48 bytes).
    Removing tasks.o(i.vTaskSuspend), (188 bytes).
    Removing tasks.o(i.xTaskGenericNotify), (224 bytes).
    Removing tasks.o(i.xTaskGenericNotifyFromISR), (260 bytes).
    Removing tasks.o(i.xTaskGetCurrentTaskHandle), (12 bytes).
    Removing tasks.o(i.xTaskGetTickCountFromISR), (16 bytes).
    Removing tasks.o(i.xTaskNotifyStateClear), (48 bytes).
    Removing tasks.o(i.xTaskNotifyWait), (140 bytes).
    Removing tasks.o(i.xTaskPriorityInherit), (148 bytes).
    Removing tasks.o(i.xTaskResumeFromISR), (140 bytes).
    Removing timers.o(i.pcTimerGetName), (22 bytes).
    Removing timers.o(i.prvInitialiseNewTimer), (78 bytes).
    Removing timers.o(i.pvTimerGetTimerID), (36 bytes).
    Removing timers.o(i.uxTimerGetTimerNumber), (4 bytes).
    Removing timers.o(i.vTimerSetReloadMode), (54 bytes).
    Removing timers.o(i.vTimerSetTimerID), (38 bytes).
    Removing timers.o(i.vTimerSetTimerNumber), (4 bytes).
    Removing timers.o(i.xTimerCreate), (52 bytes).
    Removing timers.o(i.xTimerCreateStatic), (46 bytes).
    Removing timers.o(i.xTimerGetExpiryTime), (22 bytes).
    Removing timers.o(i.xTimerGetPeriod), (22 bytes).
    Removing timers.o(i.xTimerGetTimerDaemonTaskHandle), (32 bytes).
    Removing timers.o(i.xTimerIsTimerActive), (48 bytes).
    Removing port.o(i.vPortEndScheduler), (32 bytes).
    Removing heap_4.o(i.vPortInitialiseBlocks), (2 bytes).
    Removing heap_4.o(i.xPortGetFreeHeapSize), (12 bytes).
    Removing heap_4.o(i.xPortGetMinimumEverFreeHeapSize), (12 bytes).
    Removing clocks_and_modes.o(.rev16_text), (4 bytes).
    Removing clocks_and_modes.o(.revsh_text), (4 bytes).
    Removing clocks_and_modes.o(.rrx_text), (6 bytes).
    Removing clocks_and_modes.o(i.Bsp_Delay_Ms), (32 bytes).
    Removing main.o(.rev16_text), (4 bytes).
    Removing main.o(.revsh_text), (4 bytes).
    Removing main.o(.rrx_text), (6 bytes).
    Removing os_hooks.o(i.GetIdleCount), (12 bytes).
    Removing hal_gpio.o(.rev16_text), (4 bytes).
    Removing hal_gpio.o(.revsh_text), (4 bytes).
    Removing hal_gpio.o(.rrx_text), (6 bytes).
    Removing hal_can.o(.rev16_text), (4 bytes).
    Removing hal_can.o(.revsh_text), (4 bytes).
    Removing hal_can.o(.rrx_text), (6 bytes).
    Removing hal_can.o(.constdata), (4 bytes).
    Removing hal_flash.o(.rev16_text), (4 bytes).
    Removing hal_flash.o(.revsh_text), (4 bytes).
    Removing hal_flash.o(.rrx_text), (6 bytes).
    Removing hal_dma.o(.rev16_text), (4 bytes).
    Removing hal_dma.o(.revsh_text), (4 bytes).
    Removing hal_dma.o(.rrx_text), (6 bytes).
    Removing uds_service.o(.rev16_text), (4 bytes).
    Removing uds_service.o(.revsh_text), (4 bytes).
    Removing uds_service.o(.rrx_text), (6 bytes).
    Removing uds_tp.o(.rev16_text), (4 bytes).
    Removing uds_tp.o(.revsh_text), (4 bytes).
    Removing uds_tp.o(.rrx_text), (6 bytes).
    Removing startup.o(.rev16_text), (4 bytes).
    Removing startup.o(.revsh_text), (4 bytes).
    Removing startup.o(.rrx_text), (6 bytes).
    Removing flash_driver.o(.rev16_text), (4 bytes).
    Removing flash_driver.o(.revsh_text), (4 bytes).
    Removing flash_driver.o(.rrx_text), (6 bytes).
    Removing flash_driver.o(i.FLASH_DRV_CheckSum), (98 bytes).
    Removing flash_driver.o(i.FLASH_DRV_DEFlashPartition), (52 bytes).
    Removing flash_driver.o(i.FLASH_DRV_DisableCmdCompleteInterupt), (20 bytes).
    Removing flash_driver.o(i.FLASH_DRV_DisableDoubleBitFaultInterupt), (24 bytes).
    Removing flash_driver.o(i.FLASH_DRV_DisableReadColisionInterupt), (20 bytes).
    Removing flash_driver.o(i.FLASH_DRV_EEEWrite), (196 bytes).
    Removing flash_driver.o(i.FLASH_DRV_EnableCmdCompleteInterupt), (28 bytes).
    Removing flash_driver.o(i.FLASH_DRV_EnableDoubleBitFaultInterupt), (28 bytes).
    Removing flash_driver.o(i.FLASH_DRV_EnableReadColisionInterupt), (28 bytes).
    Removing flash_driver.o(i.FLASH_DRV_EraseAllBlock), (28 bytes).
    Removing flash_driver.o(i.FLASH_DRV_EraseAllBlockUnsecure), (28 bytes).
    Removing flash_driver.o(i.FLASH_DRV_EraseBlock), (80 bytes).
    Removing flash_driver.o(i.FLASH_DRV_EraseResume), (40 bytes).
    Removing flash_driver.o(i.FLASH_DRV_EraseSuspend), (40 bytes).
    Removing flash_driver.o(i.FLASH_DRV_GetDFlashProtection), (24 bytes).
    Removing flash_driver.o(i.FLASH_DRV_GetEERAMProtection), (28 bytes).
    Removing flash_driver.o(i.FLASH_DRV_GetPFlashProtection), (32 bytes).
    Removing flash_driver.o(i.FLASH_DRV_GetSecurityState), (40 bytes).
    Removing flash_driver.o(i.FLASH_DRV_ProgramCheck), (188 bytes).
    Removing flash_driver.o(i.FLASH_DRV_ProgramOnce), (56 bytes).
    Removing flash_driver.o(i.FLASH_DRV_ProgramSection), (104 bytes).
    Removing flash_driver.o(i.FLASH_DRV_ReadOnce), (60 bytes).
    Removing flash_driver.o(i.FLASH_DRV_SecurityBypass), (52 bytes).
    Removing flash_driver.o(i.FLASH_DRV_SetDFlashProtection), (32 bytes).
    Removing flash_driver.o(i.FLASH_DRV_SetEERAMProtection), (32 bytes).
    Removing flash_driver.o(i.FLASH_DRV_SetFlexRamFunction), (92 bytes).
    Removing flash_driver.o(i.FLASH_DRV_SetPFlashProtection), (92 bytes).
    Removing flash_driver.o(i.FLASH_DRV_VerifyAllBlock), (32 bytes).
    Removing flash_driver.o(i.FLASH_DRV_VerifyBlock), (88 bytes).
    Removing flash_driver.o(i.FLASH_DRV_VerifySection), (96 bytes).
    Removing interrupt_manager.o(.rev16_text), (4 bytes).
    Removing interrupt_manager.o(.revsh_text), (4 bytes).
    Removing interrupt_manager.o(.rrx_text), (6 bytes).
    Removing interrupt_manager.o(i.INT_SYS_ClearPending), (22 bytes).
    Removing interrupt_manager.o(i.INT_SYS_DisableIRQ), (22 bytes).
    Removing interrupt_manager.o(i.INT_SYS_EnableIRQ), (22 bytes).
    Removing interrupt_manager.o(i.INT_SYS_GetActive), (32 bytes).
    Removing interrupt_manager.o(i.INT_SYS_GetPending), (32 bytes).
    Removing interrupt_manager.o(i.INT_SYS_GetPriority), (60 bytes).
    Removing interrupt_manager.o(i.INT_SYS_InstallHandler), (20 bytes).
    Removing interrupt_manager.o(i.INT_SYS_SetPending), (22 bytes).
    Removing interrupt_manager.o(i.INT_SYS_SetPriority), (64 bytes).
    Removing system_s32k144.o(.rev16_text), (4 bytes).
    Removing system_s32k144.o(.revsh_text), (4 bytes).
    Removing system_s32k144.o(.rrx_text), (6 bytes).

190 unused section(s) (total 10720 bytes) removed from the image.

==============================================================================

Adding Veneers to the image

    Adding TT veneer (10 bytes, Long) for call to 'FLASH_DRV_EraseSector' from hal_flash.o(i.Hal_App_Start_Flash_Data_Check_Function).
    Adding TT veneer (10 bytes, Long) for call to 'FLASH_DRV_Program' from hal_flash.o(i.Hal_App_Start_Flash_Data_Check_Function).
    Adding TT veneer (10 bytes, Long) for call to 'FLASH_DRV_Init' from hal_flash.o(i.Hal_Flash_Init).

3 Veneer(s) (total 30 bytes) added to the image.

==============================================================================

Image Symbol Table

    Local Symbols

    Symbol Name                              Value     Ov Type        Size  Object(Section)

    RESET                                    0x00000000   Section     1024  startup_s32k144.o(RESET)
    ../clib/microlib/init/entry.s            0x00000000   Number         0  entry12a.o ABSOLUTE
    ../clib/microlib/init/entry.s            0x00000000   Number         0  entry4.o ABSOLUTE
    ../clib/microlib/init/entry.s            0x00000000   Number         0  entry12b.o ABSOLUTE
    ../clib/microlib/init/entry.s            0x00000000   Number         0  entry9a.o ABSOLUTE
    ../clib/microlib/init/entry.s            0x00000000   Number         0  entry11b.o ABSOLUTE
    ../clib/microlib/init/entry.s            0x00000000   Number         0  entry11a.o ABSOLUTE
    ../clib/microlib/init/entry.s            0x00000000   Number         0  entry10b.o ABSOLUTE
    ../clib/microlib/init/entry.s            0x00000000   Number         0  entry10a.o ABSOLUTE
    ../clib/microlib/init/entry.s            0x00000000   Number         0  entry9b.o ABSOLUTE
    ../clib/microlib/init/entry.s            0x00000000   Number         0  entry8b.o ABSOLUTE
    ../clib/microlib/init/entry.s            0x00000000   Number         0  entry8a.o ABSOLUTE
    ../clib/microlib/init/entry.s            0x00000000   Number         0  entry7b.o ABSOLUTE
    ../clib/microlib/init/entry.s            0x00000000   Number         0  entry7a.o ABSOLUTE
    ../clib/microlib/init/entry.s            0x00000000   Number         0  entry5.o ABSOLUTE
    ../clib/microlib/init/entry.s            0x00000000   Number         0  entry.o ABSOLUTE
    ../clib/microlib/string/memcmp.c         0x00000000   Number         0  memcmp.o ABSOLUTE
    ../clib/microlib/string/memcpy.c         0x00000000   Number         0  memcpyb.o ABSOLUTE
    ../clib/microlib/string/memcpy.c         0x00000000   Number         0  memcpya.o ABSOLUTE
    ../clib/microlib/string/memset.c         0x00000000   Number         0  memseta.o ABSOLUTE
    ../clib/microlib/string/memset.c         0x00000000   Number         0  memset.o ABSOLUTE
    01_Bsp\\clocks_and_modes.c               0x00000000   Number         0  clocks_and_modes.o ABSOLUTE
    01_Bsp\\main.c                           0x00000000   Number         0  main.o ABSOLUTE
    01_Bsp\clocks_and_modes.c                0x00000000   Number         0  clocks_and_modes.o ABSOLUTE
    01_Bsp\main.c                            0x00000000   Number         0  main.o ABSOLUTE
    01_Bsp\os_hooks.c                        0x00000000   Number         0  os_hooks.o ABSOLUTE
    02_Hal\\hal_can.c                        0x00000000   Number         0  hal_can.o ABSOLUTE
    02_Hal\\hal_dma.c                        0x00000000   Number         0  hal_dma.o ABSOLUTE
    02_Hal\\hal_flash.c                      0x00000000   Number         0  hal_flash.o ABSOLUTE
    02_Hal\\hal_gpio.c                       0x00000000   Number         0  hal_gpio.o ABSOLUTE
    02_Hal\hal_can.c                         0x00000000   Number         0  hal_can.o ABSOLUTE
    02_Hal\hal_dma.c                         0x00000000   Number         0  hal_dma.o ABSOLUTE
    02_Hal\hal_flash.c                       0x00000000   Number         0  hal_flash.o ABSOLUTE
    02_Hal\hal_gpio.c                        0x00000000   Number         0  hal_gpio.o ABSOLUTE
    03_Uds\\uds_service.c                    0x00000000   Number         0  uds_service.o ABSOLUTE
    03_Uds\\uds_tp.c                         0x00000000   Number         0  uds_tp.o ABSOLUTE
    03_Uds\uds_service.c                     0x00000000   Number         0  uds_service.o ABSOLUTE
    03_Uds\uds_tp.c                          0x00000000   Number         0  uds_tp.o ABSOLUTE
    D:/Users/huqiwang/AppData/Local/Arm/Packs/Keil/S32_SDK_DFP/1.2.0/platform/devices/startup.c 0x00000000   Number         0  startup.o ABSOLUTE
    D:/Users/huqiwang/AppData/Local/Arm/Packs/Keil/S32_SDK_DFP/1.2.0/platform/drivers/src/flash/flash_driver.c 0x00000000   Number         0  flash_driver.o ABSOLUTE
    D:/Users/huqiwang/AppData/Local/Arm/Packs/Keil/S32_SDK_DFP/1.2.0/platform/drivers/src/interrupt/interrupt_manager.c 0x00000000   Number         0  interrupt_manager.o ABSOLUTE
    D:\Users\huqiwang\AppData\Local\Arm\Packs\Keil\S32_SDK_DFP\1.2.0\platform\devices\startup.c 0x00000000   Number         0  startup.o ABSOLUTE
    D:\Users\huqiwang\AppData\Local\Arm\Packs\Keil\S32_SDK_DFP\1.2.0\platform\drivers\src\flash\flash_driver.c 0x00000000   Number         0  flash_driver.o ABSOLUTE
    D:\Users\huqiwang\AppData\Local\Arm\Packs\Keil\S32_SDK_DFP\1.2.0\platform\drivers\src\interrupt\interrupt_manager.c 0x00000000   Number         0  interrupt_manager.o ABSOLUTE
    FreeRTOS\\portable\\RVDS\\ARM_CM4F\\port.c 0x00000000   Number         0  port.o ABSOLUTE
    FreeRTOS\croutine.c                      0x00000000   Number         0  croutine.o ABSOLUTE
    FreeRTOS\event_groups.c                  0x00000000   Number         0  event_groups.o ABSOLUTE
    FreeRTOS\list.c                          0x00000000   Number         0  list.o ABSOLUTE
    FreeRTOS\portable\MemMang\heap_4.c       0x00000000   Number         0  heap_4.o ABSOLUTE
    FreeRTOS\portable\RVDS\ARM_CM4F\port.c   0x00000000   Number         0  port.o ABSOLUTE
    FreeRTOS\queue.c                         0x00000000   Number         0  queue.o ABSOLUTE
    FreeRTOS\stream_buffer.c                 0x00000000   Number         0  stream_buffer.o ABSOLUTE
    FreeRTOS\tasks.c                         0x00000000   Number         0  tasks.o ABSOLUTE
    FreeRTOS\timers.c                        0x00000000   Number         0  timers.o ABSOLUTE
    RTE/Device/S32K144UFxxxLLx/startup_S32K144.s 0x00000000   Number         0  startup_s32k144.o ABSOLUTE
    RTE/Device/S32K144UFxxxLLx/system_S32K144.c 0x00000000   Number         0  system_s32k144.o ABSOLUTE
    RTE\Device\S32K144UFxxxLLx\system_S32K144.c 0x00000000   Number         0  system_s32k144.o ABSOLUTE
    dc.s                                     0x00000000   Number         0  dc.o ABSOLUTE
    handlers.s                               0x00000000   Number         0  handlers.o ABSOLUTE
    init.s                                   0x00000000   Number         0  init.o ABSOLUTE
    FlashConfig                              0x00000400   Section       16  startup_s32k144.o(FlashConfig)
    .ARM.Collect$$$$00000000                 0x00000410   Section        0  entry.o(.ARM.Collect$$$$00000000)
    .ARM.Collect$$$$00000003                 0x00000410   Section        4  entry4.o(.ARM.Collect$$$$00000003)
    .ARM.Collect$$$$00000004                 0x00000414   Section        4  entry5.o(.ARM.Collect$$$$00000004)
    .ARM.Collect$$$$00000008                 0x00000418   Section        0  entry7b.o(.ARM.Collect$$$$00000008)
    .ARM.Collect$$$$0000000A                 0x00000418   Section        0  entry8b.o(.ARM.Collect$$$$0000000A)
    .ARM.Collect$$$$0000000B                 0x00000418   Section        8  entry9a.o(.ARM.Collect$$$$0000000B)
    .ARM.Collect$$$$0000000E                 0x00000420   Section        4  entry12b.o(.ARM.Collect$$$$0000000E)
    .ARM.Collect$$$$0000000F                 0x00000424   Section        0  entry10a.o(.ARM.Collect$$$$0000000F)
    .ARM.Collect$$$$00000011                 0x00000424   Section        0  entry11a.o(.ARM.Collect$$$$00000011)
    .ARM.Collect$$$$00002714                 0x00000424   Section        4  entry4.o(.ARM.Collect$$$$00002714)
    __lit__00000000                          0x00000424   Data           4  entry4.o(.ARM.Collect$$$$00002714)
    .emb_text                                0x00000428   Section      190  port.o(.emb_text)
    $v0                                      0x00000428   Number         0  port.o(.emb_text)
    .text                                    0x000004e8   Section       56  startup_s32k144.o(.text)
    $v0                                      0x000004e8   Number         0  startup_s32k144.o(.text)
    .text                                    0x00000520   Section        0  memcpya.o(.text)
    .text                                    0x00000544   Section        0  memseta.o(.text)
    .text                                    0x00000568   Section        0  memcmp.o(.text)
    .text                                    0x00000584   Section       36  init.o(.text)
    i.Bsp_System_Clock_Init                  0x000005c8   Section        0  clocks_and_modes.o(i.Bsp_System_Clock_Init)
    i.Bsp_Wdog_Disable_Init                  0x0000063c   Section        0  clocks_and_modes.o(i.Bsp_Wdog_Disable_Init)
    i.CAN0_ORed_0_15_MB_IRQHandler           0x00000658   Section        0  hal_can.o(i.CAN0_ORed_0_15_MB_IRQHandler)
    i.Hal_App_Start_Flash_Data_Check_Function 0x000006e0   Section        0  hal_flash.o(i.Hal_App_Start_Flash_Data_Check_Function)
    i.Hal_CAN0_Send_Data_Function            0x00000754   Section        0  hal_can.o(i.Hal_CAN0_Send_Data_Function)
    i.Hal_CanDriverReceiveWaitFunction       0x000007b4   Section        0  hal_can.o(i.Hal_CanDriverReceiveWaitFunction)
    i.Hal_CanSetQueueBufferMessage           0x00000818   Section        0  hal_can.o(i.Hal_CanSetQueueBufferMessage)
    Hal_CanSetQueueBufferMessage             0x00000819   Thumb Code    88  hal_can.o(i.Hal_CanSetQueueBufferMessage)
    i.Hal_Dma_Init                           0x00000870   Section        0  hal_dma.o(i.Hal_Dma_Init)
    i.Hal_Dma_Start_Function                 0x000008c4   Section        0  hal_dma.o(i.Hal_Dma_Start_Function)
    i.Hal_Flash_Init                         0x000008e4   Section        0  hal_flash.o(i.Hal_Flash_Init)
    i.Hal_FlexCan0_Init                      0x000008f4   Section        0  hal_can.o(i.Hal_FlexCan0_Init)
    Hal_FlexCan0_Init                        0x000008f5   Thumb Code   174  hal_can.o(i.Hal_FlexCan0_Init)
    i.Hal_FlexCan_Init                       0x000009b4   Section        0  hal_can.o(i.Hal_FlexCan_Init)
    i.Hal_GoTo_BootLoader_Flash_Erase_Function 0x00000a00   Section        0  hal_flash.o(i.Hal_GoTo_BootLoader_Flash_Erase_Function)
    i.Hal_Led_Gpio_Confg_Init                0x00000a50   Section        0  hal_gpio.o(i.Hal_Led_Gpio_Confg_Init)
    i.Hal_Task_Can_Tx_Cycle_Function         0x00000ab0   Section        0  hal_can.o(i.Hal_Task_Can_Tx_Cycle_Function)
    i.INT_SYS_DisableIRQGlobal               0x00000ac0   Section        0  interrupt_manager.o(i.INT_SYS_DisableIRQGlobal)
    i.INT_SYS_EnableIRQGlobal                0x00000ad0   Section        0  interrupt_manager.o(i.INT_SYS_EnableIRQGlobal)
    i.Serivice0x10Process                    0x00000ae8   Section        0  uds_service.o(i.Serivice0x10Process)
    Serivice0x10Process                      0x00000ae9   Thumb Code   188  uds_service.o(i.Serivice0x10Process)
    i.Serivice0x11Process                    0x00000bac   Section        0  uds_service.o(i.Serivice0x11Process)
    Serivice0x11Process                      0x00000bad   Thumb Code    90  uds_service.o(i.Serivice0x11Process)
    i.SysTick_Handler                        0x00000c0c   Section        0  port.o(i.SysTick_Handler)
    i.SystemCoreClockUpdate                  0x00000c38   Section        0  system_s32k144.o(i.SystemCoreClockUpdate)
    i.SystemInit                             0x00000cb8   Section        0  system_s32k144.o(i.SystemInit)
    i.SystemSoftwareReset                    0x00000cf4   Section        0  system_s32k144.o(i.SystemSoftwareReset)
    i.UdsServiceProcessFunction              0x00000d10   Section        0  uds_service.o(i.UdsServiceProcessFunction)
    i.Uds_CanDataTransmit_Function           0x00000dc4   Section        0  uds_tp.o(i.Uds_CanDataTransmit_Function)
    i.Uds_CanRx_Management_Process           0x00000f38   Section        0  uds_tp.o(i.Uds_CanRx_Management_Process)
    Uds_CanRx_Management_Process             0x00000f39   Thumb Code   332  uds_tp.o(i.Uds_CanRx_Management_Process)
    i.Uds_CanTx_FlowControlFrame_Management  0x00001094   Section        0  uds_tp.o(i.Uds_CanTx_FlowControlFrame_Management)
    i.Uds_Diagnostic_Protocol_CycleProcess   0x000010b8   Section        0  uds_tp.o(i.Uds_Diagnostic_Protocol_CycleProcess)
    i.Uds_Tp_ResetSession_Timer              0x00001154   Section        0  uds_tp.o(i.Uds_Tp_ResetSession_Timer)
    i.__scatterload_copy                     0x00001164   Section       14  handlers.o(i.__scatterload_copy)
    i.__scatterload_null                     0x00001172   Section        2  handlers.o(i.__scatterload_null)
    i.__scatterload_zeroinit                 0x00001174   Section       14  handlers.o(i.__scatterload_zeroinit)
    i.init_data_bss                          0x00001184   Section        0  startup.o(i.init_data_bss)
    i.main                                   0x000011cc   Section        0  main.o(i.main)
    i.prvAddCurrentTaskToDelayedList         0x00001238   Section        0  tasks.o(i.prvAddCurrentTaskToDelayedList)
    prvAddCurrentTaskToDelayedList           0x00001239   Thumb Code   102  tasks.o(i.prvAddCurrentTaskToDelayedList)
    i.prvAddNewTaskToReadyList               0x000012a8   Section        0  tasks.o(i.prvAddNewTaskToReadyList)
    prvAddNewTaskToReadyList                 0x000012a9   Thumb Code   192  tasks.o(i.prvAddNewTaskToReadyList)
    i.prvCheckForValidListAndQueue           0x00001378   Section        0  timers.o(i.prvCheckForValidListAndQueue)
    prvCheckForValidListAndQueue             0x00001379   Thumb Code    72  timers.o(i.prvCheckForValidListAndQueue)
    i.prvCopyDataFromQueue                   0x000013d0   Section        0  queue.o(i.prvCopyDataFromQueue)
    prvCopyDataFromQueue                     0x000013d1   Thumb Code    38  queue.o(i.prvCopyDataFromQueue)
    i.prvCopyDataToQueue                     0x000013f6   Section        0  queue.o(i.prvCopyDataToQueue)
    prvCopyDataToQueue                       0x000013f7   Thumb Code   108  queue.o(i.prvCopyDataToQueue)
    i.prvDeleteTCB                           0x00001462   Section        0  tasks.o(i.prvDeleteTCB)
    prvDeleteTCB                             0x00001463   Thumb Code    52  tasks.o(i.prvDeleteTCB)
    i.prvHeapInit                            0x00001498   Section        0  heap_4.o(i.prvHeapInit)
    prvHeapInit                              0x00001499   Thumb Code    66  heap_4.o(i.prvHeapInit)
    i.prvIdleTask                            0x000014e4   Section        0  tasks.o(i.prvIdleTask)
    prvIdleTask                              0x000014e5   Thumb Code    84  tasks.o(i.prvIdleTask)
    i.prvInitialiseNewQueue                  0x00001544   Section        0  queue.o(i.prvInitialiseNewQueue)
    prvInitialiseNewQueue                    0x00001545   Thumb Code    32  queue.o(i.prvInitialiseNewQueue)
    i.prvInitialiseNewTask                   0x00001564   Section        0  tasks.o(i.prvInitialiseNewTask)
    prvInitialiseNewTask                     0x00001565   Thumb Code   170  tasks.o(i.prvInitialiseNewTask)
    i.prvInsertBlockIntoFreeList             0x00001610   Section        0  heap_4.o(i.prvInsertBlockIntoFreeList)
    prvInsertBlockIntoFreeList               0x00001611   Thumb Code    72  heap_4.o(i.prvInsertBlockIntoFreeList)
    i.prvInsertTimerInActiveList             0x0000165c   Section        0  timers.o(i.prvInsertTimerInActiveList)
    prvInsertTimerInActiveList               0x0000165d   Thumb Code    52  timers.o(i.prvInsertTimerInActiveList)
    i.prvIsQueueEmpty                        0x00001694   Section        0  queue.o(i.prvIsQueueEmpty)
    prvIsQueueEmpty                          0x00001695   Thumb Code    26  queue.o(i.prvIsQueueEmpty)
    i.prvProcessReceivedCommands             0x000016b0   Section        0  timers.o(i.prvProcessReceivedCommands)
    prvProcessReceivedCommands               0x000016b1   Thumb Code   234  timers.o(i.prvProcessReceivedCommands)
    i.prvProcessTimerOrBlockTask             0x000017a0   Section        0  timers.o(i.prvProcessTimerOrBlockTask)
    prvProcessTimerOrBlockTask               0x000017a1   Thumb Code   182  timers.o(i.prvProcessTimerOrBlockTask)
    i.prvResetNextTaskUnblockTime            0x00001860   Section        0  tasks.o(i.prvResetNextTaskUnblockTime)
    prvResetNextTaskUnblockTime              0x00001861   Thumb Code    26  tasks.o(i.prvResetNextTaskUnblockTime)
    i.prvSampleTimeNow                       0x00001880   Section        0  timers.o(i.prvSampleTimeNow)
    prvSampleTimeNow                         0x00001881   Thumb Code    36  timers.o(i.prvSampleTimeNow)
    i.prvSwitchTimerLists                    0x000018a8   Section        0  timers.o(i.prvSwitchTimerLists)
    prvSwitchTimerLists                      0x000018a9   Thumb Code   104  timers.o(i.prvSwitchTimerLists)
    i.prvTaskExitError                       0x00001914   Section        0  port.o(i.prvTaskExitError)
    prvTaskExitError                         0x00001915   Thumb Code    36  port.o(i.prvTaskExitError)
    i.prvTimerTask                           0x0000193c   Section        0  timers.o(i.prvTimerTask)
    prvTimerTask                             0x0000193d   Thumb Code    34  timers.o(i.prvTimerTask)
    i.prvUnlockQueue                         0x00001964   Section        0  queue.o(i.prvUnlockQueue)
    prvUnlockQueue                           0x00001965   Thumb Code   106  queue.o(i.prvUnlockQueue)
    i.pt_Hal_Ret_Can_Rx_Queue_Message        0x000019d0   Section        0  hal_can.o(i.pt_Hal_Ret_Can_Rx_Queue_Message)
    i.pvPortMalloc                           0x000019d8   Section        0  heap_4.o(i.pvPortMalloc)
    i.pxPortInitialiseStack                  0x00001ab4   Section        0  port.o(i.pxPortInitialiseStack)
    i.uxListRemove                           0x00001ae0   Section        0  list.o(i.uxListRemove)
    i.vApplicationGetIdleTaskMemory          0x00001b08   Section        0  os_hooks.o(i.vApplicationGetIdleTaskMemory)
    i.vApplicationGetTimerTaskMemory         0x00001b1c   Section        0  os_hooks.o(i.vApplicationGetTimerTaskMemory)
    i.vApplicationIdleHook                   0x00001b34   Section        0  os_hooks.o(i.vApplicationIdleHook)
    i.vApplicationMallocFailedHook           0x00001b44   Section        0  os_hooks.o(i.vApplicationMallocFailedHook)
    i.vApplicationStackOverflowHook          0x00001b46   Section        0  os_hooks.o(i.vApplicationStackOverflowHook)
    i.vApplicationTickHook                   0x00001b48   Section        0  os_hooks.o(i.vApplicationTickHook)
    i.vListInitialise                        0x00001b68   Section        0  list.o(i.vListInitialise)
    i.vListInitialiseItem                    0x00001b7e   Section        0  list.o(i.vListInitialiseItem)
    i.vListInsert                            0x00001b84   Section        0  list.o(i.vListInsert)
    i.vListInsertEnd                         0x00001bb4   Section        0  list.o(i.vListInsertEnd)
    i.vPortEnterCritical                     0x00001bcc   Section        0  port.o(i.vPortEnterCritical)
    i.vPortExitCritical                      0x00001c0c   Section        0  port.o(i.vPortExitCritical)
    i.vPortFree                              0x00001c34   Section        0  heap_4.o(i.vPortFree)
    i.vPortSetupTimerInterrupt               0x00001c90   Section        0  port.o(i.vPortSetupTimerInterrupt)
    i.vPortValidateInterruptPriority         0x00001ca8   Section        0  port.o(i.vPortValidateInterruptPriority)
    i.vQueueAddToRegistry                    0x00001cfc   Section        0  queue.o(i.vQueueAddToRegistry)
    i.vQueueWaitForMessageRestricted         0x00001d20   Section        0  queue.o(i.vQueueWaitForMessageRestricted)
    i.vTask1                                 0x00001d64   Section        0  main.o(i.vTask1)
    i.vTask2                                 0x00001d88   Section        0  main.o(i.vTask2)
    i.vTaskDelay                             0x00001d94   Section        0  tasks.o(i.vTaskDelay)
    i.vTaskInternalSetTimeOutState           0x00001de0   Section        0  tasks.o(i.vTaskInternalSetTimeOutState)
    i.vTaskMissedYield                       0x00001df0   Section        0  tasks.o(i.vTaskMissedYield)
    i.vTaskPlaceOnEventList                  0x00001dfc   Section        0  tasks.o(i.vTaskPlaceOnEventList)
    i.vTaskPlaceOnEventListRestricted        0x00001e2c   Section        0  tasks.o(i.vTaskPlaceOnEventListRestricted)
    i.vTaskStartScheduler                    0x00001e64   Section        0  tasks.o(i.vTaskStartScheduler)
    i.vTaskSuspendAll                        0x00001ee8   Section        0  tasks.o(i.vTaskSuspendAll)
    i.vTaskSwitchContext                     0x00001ef8   Section        0  tasks.o(i.vTaskSwitchContext)
    i.xPortStartScheduler                    0x00001f80   Section        0  port.o(i.xPortStartScheduler)
    i.xQueueGenericCreateStatic              0x00002074   Section        0  queue.o(i.xQueueGenericCreateStatic)
    i.xQueueGenericReset                     0x000020dc   Section        0  queue.o(i.xQueueGenericReset)
    i.xQueueGenericSend                      0x00002164   Section        0  queue.o(i.xQueueGenericSend)
    i.xQueueGenericSendFromISR               0x000022c8   Section        0  queue.o(i.xQueueGenericSendFromISR)
    i.xQueueReceive                          0x00002384   Section        0  queue.o(i.xQueueReceive)
    i.xTaskCheckForTimeOut                   0x000024bc   Section        0  tasks.o(i.xTaskCheckForTimeOut)
    i.xTaskCreate                            0x00002530   Section        0  tasks.o(i.xTaskCreate)
    i.xTaskCreateStatic                      0x0000258a   Section        0  tasks.o(i.xTaskCreateStatic)
    i.xTaskGetSchedulerState                 0x000025e4   Section        0  tasks.o(i.xTaskGetSchedulerState)
    i.xTaskGetTickCount                      0x00002600   Section        0  tasks.o(i.xTaskGetTickCount)
    i.xTaskIncrementTick                     0x0000260c   Section        0  tasks.o(i.xTaskIncrementTick)
    i.xTaskPriorityDisinherit                0x000026e0   Section        0  tasks.o(i.xTaskPriorityDisinherit)
    i.xTaskRemoveFromEventList               0x00002778   Section        0  tasks.o(i.xTaskRemoveFromEventList)
    i.xTaskResumeAll                         0x000027f0   Section        0  tasks.o(i.xTaskResumeAll)
    i.xTimerCreateTimerTask                  0x000028b4   Section        0  timers.o(i.xTimerCreateTimerTask)
    i.xTimerGenericCommand                   0x00002914   Section        0  timers.o(i.xTimerGenericCommand)
    .constdata                               0x00002970   Section       20  hal_flash.o(.constdata)
    .constdata                               0x00002984   Section       10  uds_service.o(.constdata)
    .constdata                               0x00002990   Section       20  uds_tp.o(.constdata)
    .constdata                               0x000029a4   Section        4  startup.o(.constdata)
    .constdata                               0x000029a8   Section       16  system_s32k144.o(.constdata)
    fircFreq                                 0x000029a8   Data          16  system_s32k144.o(.constdata)
    .data                                    0x1fff8000   Section       20  timers.o(.data)
    xTimerQueue                              0x1fff8000   Data           4  timers.o(.data)
    xTimerTaskHandle                         0x1fff8004   Data           4  timers.o(.data)
    xLastTime                                0x1fff8008   Data           4  timers.o(.data)
    pxCurrentTimerList                       0x1fff800c   Data           4  timers.o(.data)
    pxOverflowTimerList                      0x1fff8010   Data           4  timers.o(.data)
    .data                                    0x1fff8014   Section       12  port.o(.data)
    ucMaxSysCallPriority                     0x1fff8014   Data           1  port.o(.data)
    uxCriticalNesting                        0x1fff8018   Data           4  port.o(.data)
    ulMaxPRIGROUPValue                       0x1fff801c   Data           4  port.o(.data)
    .data                                    0x1fff8020   Section       24  heap_4.o(.data)
    pxEnd                                    0x1fff8020   Data           4  heap_4.o(.data)
    xFreeBytesRemaining                      0x1fff8024   Data           4  heap_4.o(.data)
    xMinimumEverFreeBytesRemaining           0x1fff8028   Data           4  heap_4.o(.data)
    xBlockAllocatedBit                       0x1fff802c   Data           4  heap_4.o(.data)
    xStart                                   0x1fff8030   Data           8  heap_4.o(.data)
    .data                                    0x1fff8038   Section        8  hal_can.o(.data)
    CanRxBuffer                              0x1fff8038   Data           8  hal_can.o(.data)
    .data                                    0x1fff8040   Section       12  hal_dma.o(.data)
    .data                                    0x1fff804c   Section        1  uds_service.o(.data)
    m_udsCurrentSession                      0x1fff804c   Data           1  uds_service.o(.data)
    .data                                    0x1fff8050   Section        4  interrupt_manager.o(.data)
    g_interruptDisableCount                  0x1fff8050   Data           4  interrupt_manager.o(.data)
    .bss                                     0x1fff8054   Section       64  queue.o(.bss)
    .bss                                     0x1fff8094   Section      360  tasks.o(.bss)
    pxReadyTasksLists                        0x1fff8094   Data         260  tasks.o(.bss)
    xDelayedTaskList1                        0x1fff8198   Data          20  tasks.o(.bss)
    xDelayedTaskList2                        0x1fff81ac   Data          20  tasks.o(.bss)
    xPendingReadyList                        0x1fff81c0   Data          20  tasks.o(.bss)
    xTasksWaitingTermination                 0x1fff81d4   Data          20  tasks.o(.bss)
    xSuspendedTaskList                       0x1fff81e8   Data          20  tasks.o(.bss)
    .bss                                     0x1fff81fc   Section     8192  heap_4.o(.bss)
    ucHeap                                   0x1fff81fc   Data        8192  heap_4.o(.bss)
    .bss                                     0x1fffa1fc   Section      484  hal_can.o(.bss)
    .bss                                     0x1fffa3e0   Section     8296  uds_tp.o(.bss)
    m_Uds_PhysicalRxData                     0x1fffa3e0   Data        4120  uds_tp.o(.bss)
    m_Uds_FunctionalRxData                   0x1fffb3f8   Data        4120  uds_tp.o(.bss)
    uds_can_messsage                         0x1fffc438   Data          16  uds_tp.o(.bss)
    .data                                    0x20000000   Section       60  tasks.o(.data)
    uxDeletedTasksWaitingCleanUp             0x20000004   Data           4  tasks.o(.data)
    uxCurrentNumberOfTasks                   0x20000008   Data           4  tasks.o(.data)
    xTickCount                               0x2000000c   Data           4  tasks.o(.data)
    uxTopReadyPriority                       0x20000010   Data           4  tasks.o(.data)
    xSchedulerRunning                        0x20000014   Data           4  tasks.o(.data)
    uxPendedTicks                            0x20000018   Data           4  tasks.o(.data)
    xYieldPending                            0x2000001c   Data           4  tasks.o(.data)
    xNumOfOverflows                          0x20000020   Data           4  tasks.o(.data)
    uxTaskNumber                             0x20000024   Data           4  tasks.o(.data)
    xNextTaskUnblockTime                     0x20000028   Data           4  tasks.o(.data)
    xIdleTaskHandle                          0x2000002c   Data           4  tasks.o(.data)
    uxSchedulerSuspended                     0x20000030   Data           4  tasks.o(.data)
    pxDelayedTaskList                        0x20000034   Data           4  tasks.o(.data)
    pxOverflowDelayedTaskList                0x20000038   Data           4  tasks.o(.data)
    .data                                    0x2000003c   Section        8  main.o(.data)
    .data                                    0x20000044   Section       12  os_hooks.o(.data)
    .data                                    0x20000050   Section        4  uds_tp.o(.data)
    ret                                      0x20000050   Data           4  uds_tp.o(.data)
    .data                                    0x20000054   Section        4  system_s32k144.o(.data)
    .bss                                     0x20000058   Section      240  timers.o(.bss)
    xStaticTimerQueue                        0x20000058   Data          80  timers.o(.bss)
    ucStaticTimerQueueStorage                0x200000a8   Data         120  timers.o(.bss)
    xActiveTimerList1                        0x20000120   Data          20  timers.o(.bss)
    xActiveTimerList2                        0x20000134   Data          20  timers.o(.bss)
    .bss                                     0x20000148   Section     2776  os_hooks.o(.bss)
    idle_task_stack                          0x20000148   Data         512  os_hooks.o(.bss)
    timer_task_stack                         0x200003b4   Data        2048  os_hooks.o(.bss)
    .bss                                     0x20000c20   Section     4124  hal_flash.o(.bss)
    .bss                                     0x20001c3c   Section       11  hal_dma.o(.bss)
    i.FLASH_DRV_CommandSequence              0x20006000   Section        0  flash_driver.o(i.FLASH_DRV_CommandSequence)
    FLASH_DRV_CommandSequence                0x20006001   Thumb Code    46  flash_driver.o(i.FLASH_DRV_CommandSequence)
    i.FLASH_DRV_EraseSector                  0x20006034   Section        0  flash_driver.o(i.FLASH_DRV_EraseSector)
    i.FLASH_DRV_GetDEPartitionCode           0x200060c8   Section        0  flash_driver.o(i.FLASH_DRV_GetDEPartitionCode)
    FLASH_DRV_GetDEPartitionCode             0x200060c9   Thumb Code   100  flash_driver.o(i.FLASH_DRV_GetDEPartitionCode)
    i.FLASH_DRV_Init                         0x2000612c   Section        0  flash_driver.o(i.FLASH_DRV_Init)
    i.FLASH_DRV_Program                      0x20006170   Section        0  flash_driver.o(i.FLASH_DRV_Program)

    Global Symbols

    Symbol Name                              Value     Ov Type        Size  Object(Section)

    BuildAttributes$$THM_ISAv4$E$P$D$K$B$S$7EM$VFPi3$EXTD16$VFPS$VFMA$PE$A:L22UL41UL21$X:L11$S22US41US21$IEEE1$IW$USESV6$~STKCKD$USESV7$~SHL$OSPACE$EBA8$MICROLIB$REQ8$PRES8$EABIv2 0x00000000   Number         0  anon$$obj.o ABSOLUTE
    Image$$VECTOR_RAM$$Base                  0x00000000   Number         0  anon$$obj.o ABSOLUTE
    __ARM_use_no_argv                        0x00000000   Number         0  main.o ABSOLUTE
    __Vectors                                0x00000000   Data           4  startup_s32k144.o(RESET)
    __arm_fini_                               - Undefined Weak Reference
    __cpp_initialize__aeabi_                  - Undefined Weak Reference
    __cxa_finalize                            - Undefined Weak Reference
    __decompress                              - Undefined Weak Reference
    _clock_init                               - Undefined Weak Reference
    _microlib_exit                            - Undefined Weak Reference
    __Vectors_End                            0x00000400   Data           0  startup_s32k144.o(RESET)
    __Vectors_Size                           0x00000400   Number         0  startup_s32k144.o ABSOLUTE
    __main                                   0x00000411   Thumb Code     0  entry.o(.ARM.Collect$$$$00000000)
    _main_stk                                0x00000411   Thumb Code     0  entry4.o(.ARM.Collect$$$$00000003)
    _main_scatterload                        0x00000415   Thumb Code     0  entry5.o(.ARM.Collect$$$$00000004)
    __main_after_scatterload                 0x00000419   Thumb Code     0  entry5.o(.ARM.Collect$$$$00000004)
    _main_clock                              0x00000419   Thumb Code     0  entry7b.o(.ARM.Collect$$$$00000008)
    _main_cpp_init                           0x00000419   Thumb Code     0  entry8b.o(.ARM.Collect$$$$0000000A)
    _main_init                               0x00000419   Thumb Code     0  entry9a.o(.ARM.Collect$$$$0000000B)
    __rt_lib_shutdown_fini                   0x00000421   Thumb Code     0  entry12b.o(.ARM.Collect$$$$0000000E)
    __rt_final_cpp                           0x00000425   Thumb Code     0  entry10a.o(.ARM.Collect$$$$0000000F)
    __rt_final_exit                          0x00000425   Thumb Code     0  entry11a.o(.ARM.Collect$$$$00000011)
    SVC_Handler                              0x00000429   Thumb Code    28  port.o(.emb_text)
    __asm___6_port_c_39a90d8d__prvStartFirstTask 0x00000449   Thumb Code    36  port.o(.emb_text)
    __asm___6_port_c_39a90d8d__prvEnableVFP  0x00000471   Thumb Code    16  port.o(.emb_text)
    PendSV_Handler                           0x00000485   Thumb Code    88  port.o(.emb_text)
    vPortGetIPSR                             0x000004e1   Thumb Code     6  port.o(.emb_text)
    Reset_Handler                            0x000004e9   Thumb Code    18  startup_s32k144.o(.text)
    NMI_Handler                              0x000004fb   Thumb Code     2  startup_s32k144.o(.text)
    HardFault_Handler                        0x000004fd   Thumb Code     2  startup_s32k144.o(.text)
    MemManage_Handler                        0x000004ff   Thumb Code     2  startup_s32k144.o(.text)
    BusFault_Handler                         0x00000501   Thumb Code     2  startup_s32k144.o(.text)
    UsageFault_Handler                       0x00000503   Thumb Code     2  startup_s32k144.o(.text)
    DebugMon_Handler                         0x00000507   Thumb Code     2  startup_s32k144.o(.text)
    ADC0_IRQHandler                          0x0000050d   Thumb Code     0  startup_s32k144.o(.text)
    ADC1_IRQHandler                          0x0000050d   Thumb Code     0  startup_s32k144.o(.text)
    CAN0_Error_IRQHandler                    0x0000050d   Thumb Code     0  startup_s32k144.o(.text)
    CAN0_ORed_16_31_MB_IRQHandler            0x0000050d   Thumb Code     0  startup_s32k144.o(.text)
    CAN0_ORed_IRQHandler                     0x0000050d   Thumb Code     0  startup_s32k144.o(.text)
    CAN0_Wake_Up_IRQHandler                  0x0000050d   Thumb Code     0  startup_s32k144.o(.text)
    CAN1_Error_IRQHandler                    0x0000050d   Thumb Code     0  startup_s32k144.o(.text)
    CAN1_ORed_0_15_MB_IRQHandler             0x0000050d   Thumb Code     0  startup_s32k144.o(.text)
    CAN1_ORed_IRQHandler                     0x0000050d   Thumb Code     0  startup_s32k144.o(.text)
    CAN2_Error_IRQHandler                    0x0000050d   Thumb Code     0  startup_s32k144.o(.text)
    CAN2_ORed_0_15_MB_IRQHandler             0x0000050d   Thumb Code     0  startup_s32k144.o(.text)
    CAN2_ORed_IRQHandler                     0x0000050d   Thumb Code     0  startup_s32k144.o(.text)
    CMP0_IRQHandler                          0x0000050d   Thumb Code     0  startup_s32k144.o(.text)
    DMA0_IRQHandler                          0x0000050d   Thumb Code     0  startup_s32k144.o(.text)
    DMA10_IRQHandler                         0x0000050d   Thumb Code     0  startup_s32k144.o(.text)
    DMA11_IRQHandler                         0x0000050d   Thumb Code     0  startup_s32k144.o(.text)
    DMA12_IRQHandler                         0x0000050d   Thumb Code     0  startup_s32k144.o(.text)
    DMA13_IRQHandler                         0x0000050d   Thumb Code     0  startup_s32k144.o(.text)
    DMA14_IRQHandler                         0x0000050d   Thumb Code     0  startup_s32k144.o(.text)
    DMA15_IRQHandler                         0x0000050d   Thumb Code     0  startup_s32k144.o(.text)
    DMA1_IRQHandler                          0x0000050d   Thumb Code     0  startup_s32k144.o(.text)
    DMA2_IRQHandler                          0x0000050d   Thumb Code     0  startup_s32k144.o(.text)
    DMA3_IRQHandler                          0x0000050d   Thumb Code     0  startup_s32k144.o(.text)
    DMA4_IRQHandler                          0x0000050d   Thumb Code     0  startup_s32k144.o(.text)
    DMA5_IRQHandler                          0x0000050d   Thumb Code     0  startup_s32k144.o(.text)
    DMA6_IRQHandler                          0x0000050d   Thumb Code     0  startup_s32k144.o(.text)
    DMA7_IRQHandler                          0x0000050d   Thumb Code     0  startup_s32k144.o(.text)
    DMA8_IRQHandler                          0x0000050d   Thumb Code     0  startup_s32k144.o(.text)
    DMA9_IRQHandler                          0x0000050d   Thumb Code     0  startup_s32k144.o(.text)
    DMA_Error_IRQHandler                     0x0000050d   Thumb Code     0  startup_s32k144.o(.text)
    DefaultISR                               0x0000050d   Thumb Code     0  startup_s32k144.o(.text)
    ERM_double_fault_IRQHandler              0x0000050d   Thumb Code     0  startup_s32k144.o(.text)
    ERM_single_fault_IRQHandler              0x0000050d   Thumb Code     0  startup_s32k144.o(.text)
    FLEXIO_IRQHandler                        0x0000050d   Thumb Code     0  startup_s32k144.o(.text)
    FTFC_Fault_IRQHandler                    0x0000050d   Thumb Code     0  startup_s32k144.o(.text)
    FTFC_IRQHandler                          0x0000050d   Thumb Code     0  startup_s32k144.o(.text)
    FTM0_Ch0_Ch1_IRQHandler                  0x0000050d   Thumb Code     0  startup_s32k144.o(.text)
    FTM0_Ch2_Ch3_IRQHandler                  0x0000050d   Thumb Code     0  startup_s32k144.o(.text)
    FTM0_Ch4_Ch5_IRQHandler                  0x0000050d   Thumb Code     0  startup_s32k144.o(.text)
    FTM0_Ch6_Ch7_IRQHandler                  0x0000050d   Thumb Code     0  startup_s32k144.o(.text)
    FTM0_Fault_IRQHandler                    0x0000050d   Thumb Code     0  startup_s32k144.o(.text)
    FTM0_Ovf_Reload_IRQHandler               0x0000050d   Thumb Code     0  startup_s32k144.o(.text)
    FTM1_Ch0_Ch1_IRQHandler                  0x0000050d   Thumb Code     0  startup_s32k144.o(.text)
    FTM1_Ch2_Ch3_IRQHandler                  0x0000050d   Thumb Code     0  startup_s32k144.o(.text)
    FTM1_Ch4_Ch5_IRQHandler                  0x0000050d   Thumb Code     0  startup_s32k144.o(.text)
    FTM1_Ch6_Ch7_IRQHandler                  0x0000050d   Thumb Code     0  startup_s32k144.o(.text)
    FTM1_Fault_IRQHandler                    0x0000050d   Thumb Code     0  startup_s32k144.o(.text)
    FTM1_Ovf_Reload_IRQHandler               0x0000050d   Thumb Code     0  startup_s32k144.o(.text)
    FTM2_Ch0_Ch1_IRQHandler                  0x0000050d   Thumb Code     0  startup_s32k144.o(.text)
    FTM2_Ch2_Ch3_IRQHandler                  0x0000050d   Thumb Code     0  startup_s32k144.o(.text)
    FTM2_Ch4_Ch5_IRQHandler                  0x0000050d   Thumb Code     0  startup_s32k144.o(.text)
    FTM2_Ch6_Ch7_IRQHandler                  0x0000050d   Thumb Code     0  startup_s32k144.o(.text)
    FTM2_Fault_IRQHandler                    0x0000050d   Thumb Code     0  startup_s32k144.o(.text)
    FTM2_Ovf_Reload_IRQHandler               0x0000050d   Thumb Code     0  startup_s32k144.o(.text)
    FTM3_Ch0_Ch1_IRQHandler                  0x0000050d   Thumb Code     0  startup_s32k144.o(.text)
    FTM3_Ch2_Ch3_IRQHandler                  0x0000050d   Thumb Code     0  startup_s32k144.o(.text)
    FTM3_Ch4_Ch5_IRQHandler                  0x0000050d   Thumb Code     0  startup_s32k144.o(.text)
    FTM3_Ch6_Ch7_IRQHandler                  0x0000050d   Thumb Code     0  startup_s32k144.o(.text)
    FTM3_Fault_IRQHandler                    0x0000050d   Thumb Code     0  startup_s32k144.o(.text)
    FTM3_Ovf_Reload_IRQHandler               0x0000050d   Thumb Code     0  startup_s32k144.o(.text)
    LPI2C0_Master_IRQHandler                 0x0000050d   Thumb Code     0  startup_s32k144.o(.text)
    LPI2C0_Slave_IRQHandler                  0x0000050d   Thumb Code     0  startup_s32k144.o(.text)
    LPIT0_Ch0_IRQHandler                     0x0000050d   Thumb Code     0  startup_s32k144.o(.text)
    LPIT0_Ch1_IRQHandler                     0x0000050d   Thumb Code     0  startup_s32k144.o(.text)
    LPIT0_Ch2_IRQHandler                     0x0000050d   Thumb Code     0  startup_s32k144.o(.text)
    LPIT0_Ch3_IRQHandler                     0x0000050d   Thumb Code     0  startup_s32k144.o(.text)
    LPSPI0_IRQHandler                        0x0000050d   Thumb Code     0  startup_s32k144.o(.text)
    LPSPI1_IRQHandler                        0x0000050d   Thumb Code     0  startup_s32k144.o(.text)
    LPSPI2_IRQHandler                        0x0000050d   Thumb Code     0  startup_s32k144.o(.text)
    LPTMR0_IRQHandler                        0x0000050d   Thumb Code     0  startup_s32k144.o(.text)
    LPUART0_RxTx_IRQHandler                  0x0000050d   Thumb Code     0  startup_s32k144.o(.text)
    LPUART1_RxTx_IRQHandler                  0x0000050d   Thumb Code     0  startup_s32k144.o(.text)
    LPUART2_RxTx_IRQHandler                  0x0000050d   Thumb Code     0  startup_s32k144.o(.text)
    LVD_LVW_IRQHandler                       0x0000050d   Thumb Code     0  startup_s32k144.o(.text)
    MCM_IRQHandler                           0x0000050d   Thumb Code     0  startup_s32k144.o(.text)
    PDB0_IRQHandler                          0x0000050d   Thumb Code     0  startup_s32k144.o(.text)
    PDB1_IRQHandler                          0x0000050d   Thumb Code     0  startup_s32k144.o(.text)
    PORTA_IRQHandler                         0x0000050d   Thumb Code     0  startup_s32k144.o(.text)
    PORTB_IRQHandler                         0x0000050d   Thumb Code     0  startup_s32k144.o(.text)
    PORTC_IRQHandler                         0x0000050d   Thumb Code     0  startup_s32k144.o(.text)
    PORTD_IRQHandler                         0x0000050d   Thumb Code     0  startup_s32k144.o(.text)
    PORTE_IRQHandler                         0x0000050d   Thumb Code     0  startup_s32k144.o(.text)
    RCM_IRQHandler                           0x0000050d   Thumb Code     0  startup_s32k144.o(.text)
    RTC_IRQHandler                           0x0000050d   Thumb Code     0  startup_s32k144.o(.text)
    RTC_Seconds_IRQHandler                   0x0000050d   Thumb Code     0  startup_s32k144.o(.text)
    Read_Collision_IRQHandler                0x0000050d   Thumb Code     0  startup_s32k144.o(.text)
    Reserved100_IRQHandler                   0x0000050d   Thumb Code     0  startup_s32k144.o(.text)
    Reserved103_IRQHandler                   0x0000050d   Thumb Code     0  startup_s32k144.o(.text)
    Reserved105_IRQHandler                   0x0000050d   Thumb Code     0  startup_s32k144.o(.text)
    Reserved106_IRQHandler                   0x0000050d   Thumb Code     0  startup_s32k144.o(.text)
    Reserved107_IRQHandler                   0x0000050d   Thumb Code     0  startup_s32k144.o(.text)
    Reserved110_IRQHandler                   0x0000050d   Thumb Code     0  startup_s32k144.o(.text)
    Reserved112_IRQHandler                   0x0000050d   Thumb Code     0  startup_s32k144.o(.text)
    Reserved113_IRQHandler                   0x0000050d   Thumb Code     0  startup_s32k144.o(.text)
    Reserved114_IRQHandler                   0x0000050d   Thumb Code     0  startup_s32k144.o(.text)
    Reserved45_IRQHandler                    0x0000050d   Thumb Code     0  startup_s32k144.o(.text)
    Reserved46_IRQHandler                    0x0000050d   Thumb Code     0  startup_s32k144.o(.text)
    Reserved48_IRQHandler                    0x0000050d   Thumb Code     0  startup_s32k144.o(.text)
    Reserved50_IRQHandler                    0x0000050d   Thumb Code     0  startup_s32k144.o(.text)
    Reserved52_IRQHandler                    0x0000050d   Thumb Code     0  startup_s32k144.o(.text)
    Reserved53_IRQHandler                    0x0000050d   Thumb Code     0  startup_s32k144.o(.text)
    Reserved54_IRQHandler                    0x0000050d   Thumb Code     0  startup_s32k144.o(.text)
    Reserved58_IRQHandler                    0x0000050d   Thumb Code     0  startup_s32k144.o(.text)
    Reserved59_IRQHandler                    0x0000050d   Thumb Code     0  startup_s32k144.o(.text)
    Reserved69_IRQHandler                    0x0000050d   Thumb Code     0  startup_s32k144.o(.text)
    Reserved70_IRQHandler                    0x0000050d   Thumb Code     0  startup_s32k144.o(.text)
    Reserved71_IRQHandler                    0x0000050d   Thumb Code     0  startup_s32k144.o(.text)
    Reserved72_IRQHandler                    0x0000050d   Thumb Code     0  startup_s32k144.o(.text)
    Reserved81_IRQHandler                    0x0000050d   Thumb Code     0  startup_s32k144.o(.text)
    Reserved82_IRQHandler                    0x0000050d   Thumb Code     0  startup_s32k144.o(.text)
    Reserved83_IRQHandler                    0x0000050d   Thumb Code     0  startup_s32k144.o(.text)
    Reserved86_IRQHandler                    0x0000050d   Thumb Code     0  startup_s32k144.o(.text)
    Reserved87_IRQHandler                    0x0000050d   Thumb Code     0  startup_s32k144.o(.text)
    Reserved88_IRQHandler                    0x0000050d   Thumb Code     0  startup_s32k144.o(.text)
    Reserved89_IRQHandler                    0x0000050d   Thumb Code     0  startup_s32k144.o(.text)
    Reserved90_IRQHandler                    0x0000050d   Thumb Code     0  startup_s32k144.o(.text)
    Reserved91_IRQHandler                    0x0000050d   Thumb Code     0  startup_s32k144.o(.text)
    Reserved92_IRQHandler                    0x0000050d   Thumb Code     0  startup_s32k144.o(.text)
    Reserved93_IRQHandler                    0x0000050d   Thumb Code     0  startup_s32k144.o(.text)
    Reserved99_IRQHandler                    0x0000050d   Thumb Code     0  startup_s32k144.o(.text)
    SCG_IRQHandler                           0x0000050d   Thumb Code     0  startup_s32k144.o(.text)
    SWI_IRQHandler                           0x0000050d   Thumb Code     0  startup_s32k144.o(.text)
    WDOG_EWM_IRQHandler                      0x0000050d   Thumb Code     0  startup_s32k144.o(.text)
    __aeabi_memcpy                           0x00000521   Thumb Code    36  memcpya.o(.text)
    __aeabi_memcpy4                          0x00000521   Thumb Code     0  memcpya.o(.text)
    __aeabi_memcpy8                          0x00000521   Thumb Code     0  memcpya.o(.text)
    __aeabi_memset                           0x00000545   Thumb Code    14  memseta.o(.text)
    __aeabi_memset4                          0x00000545   Thumb Code     0  memseta.o(.text)
    __aeabi_memset8                          0x00000545   Thumb Code     0  memseta.o(.text)
    __aeabi_memclr                           0x00000553   Thumb Code     4  memseta.o(.text)
    __aeabi_memclr4                          0x00000553   Thumb Code     0  memseta.o(.text)
    __aeabi_memclr8                          0x00000553   Thumb Code     0  memseta.o(.text)
    memset                                   0x00000557   Thumb Code    18  memseta.o(.text)
    memcmp                                   0x00000569   Thumb Code    26  memcmp.o(.text)
    __scatterload                            0x00000585   Thumb Code    28  init.o(.text)
    __scatterload_rt2                        0x00000585   Thumb Code     0  init.o(.text)
    Long Thumb to Thumb Veneer to FLASH_DRV_EraseSector 0x000005a9   Thumb Code    10  anon$$obj.o(Veneer$$Code)
    Long Thumb to Thumb Veneer to FLASH_DRV_Program 0x000005b3   Thumb Code    10  anon$$obj.o(Veneer$$Code)
    Long Thumb to Thumb Veneer to FLASH_DRV_Init 0x000005bd   Thumb Code    10  anon$$obj.o(Veneer$$Code)
    Bsp_System_Clock_Init                    0x000005c9   Thumb Code   104  clocks_and_modes.o(i.Bsp_System_Clock_Init)
    Bsp_Wdog_Disable_Init                    0x0000063d   Thumb Code    20  clocks_and_modes.o(i.Bsp_Wdog_Disable_Init)
    CAN0_ORed_0_15_MB_IRQHandler             0x00000659   Thumb Code   128  hal_can.o(i.CAN0_ORed_0_15_MB_IRQHandler)
    Hal_App_Start_Flash_Data_Check_Function  0x000006e1   Thumb Code   102  hal_flash.o(i.Hal_App_Start_Flash_Data_Check_Function)
    Hal_CAN0_Send_Data_Function              0x00000755   Thumb Code    88  hal_can.o(i.Hal_CAN0_Send_Data_Function)
    Hal_CanDriverReceiveWaitFunction         0x000007b5   Thumb Code   100  hal_can.o(i.Hal_CanDriverReceiveWaitFunction)
    Hal_Dma_Init                             0x00000871   Thumb Code    62  hal_dma.o(i.Hal_Dma_Init)
    Hal_Dma_Start_Function                   0x000008c5   Thumb Code    24  hal_dma.o(i.Hal_Dma_Start_Function)
    Hal_Flash_Init                           0x000008e5   Thumb Code     8  hal_flash.o(i.Hal_Flash_Init)
    Hal_FlexCan_Init                         0x000009b5   Thumb Code    62  hal_can.o(i.Hal_FlexCan_Init)
    Hal_GoTo_BootLoader_Flash_Erase_Function 0x00000a01   Thumb Code    64  hal_flash.o(i.Hal_GoTo_BootLoader_Flash_Erase_Function)
    Hal_Led_Gpio_Confg_Init                  0x00000a51   Thumb Code    84  hal_gpio.o(i.Hal_Led_Gpio_Confg_Init)
    Hal_Task_Can_Tx_Cycle_Function           0x00000ab1   Thumb Code    10  hal_can.o(i.Hal_Task_Can_Tx_Cycle_Function)
    INT_SYS_DisableIRQGlobal                 0x00000ac1   Thumb Code    12  interrupt_manager.o(i.INT_SYS_DisableIRQGlobal)
    INT_SYS_EnableIRQGlobal                  0x00000ad1   Thumb Code    20  interrupt_manager.o(i.INT_SYS_EnableIRQGlobal)
    SysTick_Handler                          0x00000c0d   Thumb Code    38  port.o(i.SysTick_Handler)
    SystemCoreClockUpdate                    0x00000c39   Thumb Code   102  system_s32k144.o(i.SystemCoreClockUpdate)
    SystemInit                               0x00000cb9   Thumb Code    42  system_s32k144.o(i.SystemInit)
    SystemSoftwareReset                      0x00000cf5   Thumb Code    18  system_s32k144.o(i.SystemSoftwareReset)
    UdsServiceProcessFunction                0x00000d11   Thumb Code   170  uds_service.o(i.UdsServiceProcessFunction)
    Uds_CanDataTransmit_Function             0x00000dc5   Thumb Code   366  uds_tp.o(i.Uds_CanDataTransmit_Function)
    Uds_CanTx_FlowControlFrame_Management    0x00001095   Thumb Code    30  uds_tp.o(i.Uds_CanTx_FlowControlFrame_Management)
    Uds_Diagnostic_Protocol_CycleProcess     0x000010b9   Thumb Code   138  uds_tp.o(i.Uds_Diagnostic_Protocol_CycleProcess)
    Uds_Tp_ResetSession_Timer                0x00001155   Thumb Code    10  uds_tp.o(i.Uds_Tp_ResetSession_Timer)
    __scatterload_copy                       0x00001165   Thumb Code    14  handlers.o(i.__scatterload_copy)
    __scatterload_null                       0x00001173   Thumb Code     2  handlers.o(i.__scatterload_null)
    __scatterload_zeroinit                   0x00001175   Thumb Code    14  handlers.o(i.__scatterload_zeroinit)
    init_data_bss                            0x00001185   Thumb Code    56  startup.o(i.init_data_bss)
    main                                     0x000011cd   Thumb Code    86  main.o(i.main)
    pt_Hal_Ret_Can_Rx_Queue_Message          0x000019d1   Thumb Code     4  hal_can.o(i.pt_Hal_Ret_Can_Rx_Queue_Message)
    pvPortMalloc                             0x000019d9   Thumb Code   216  heap_4.o(i.pvPortMalloc)
    pxPortInitialiseStack                    0x00001ab5   Thumb Code    40  port.o(i.pxPortInitialiseStack)
    uxListRemove                             0x00001ae1   Thumb Code    38  list.o(i.uxListRemove)
    vApplicationGetIdleTaskMemory            0x00001b09   Thumb Code    16  os_hooks.o(i.vApplicationGetIdleTaskMemory)
    vApplicationGetTimerTaskMemory           0x00001b1d   Thumb Code    18  os_hooks.o(i.vApplicationGetTimerTaskMemory)
    vApplicationIdleHook                     0x00001b35   Thumb Code    10  os_hooks.o(i.vApplicationIdleHook)
    vApplicationMallocFailedHook             0x00001b45   Thumb Code     2  os_hooks.o(i.vApplicationMallocFailedHook)
    vApplicationStackOverflowHook            0x00001b47   Thumb Code     2  os_hooks.o(i.vApplicationStackOverflowHook)
    vApplicationTickHook                     0x00001b49   Thumb Code    28  os_hooks.o(i.vApplicationTickHook)
    vListInitialise                          0x00001b69   Thumb Code    22  list.o(i.vListInitialise)
    vListInitialiseItem                      0x00001b7f   Thumb Code     6  list.o(i.vListInitialiseItem)
    vListInsert                              0x00001b85   Thumb Code    48  list.o(i.vListInsert)
    vListInsertEnd                           0x00001bb5   Thumb Code    24  list.o(i.vListInsertEnd)
    vPortEnterCritical                       0x00001bcd   Thumb Code    54  port.o(i.vPortEnterCritical)
    vPortExitCritical                        0x00001c0d   Thumb Code    34  port.o(i.vPortExitCritical)
    vPortFree                                0x00001c35   Thumb Code    88  heap_4.o(i.vPortFree)
    vPortSetupTimerInterrupt                 0x00001c91   Thumb Code    20  port.o(i.vPortSetupTimerInterrupt)
    vPortValidateInterruptPriority           0x00001ca9   Thumb Code    74  port.o(i.vPortValidateInterruptPriority)
    vQueueAddToRegistry                      0x00001cfd   Thumb Code    32  queue.o(i.vQueueAddToRegistry)
    vQueueWaitForMessageRestricted           0x00001d21   Thumb Code    68  queue.o(i.vQueueWaitForMessageRestricted)
    vTask1                                   0x00001d65   Thumb Code    30  main.o(i.vTask1)
    vTask2                                   0x00001d89   Thumb Code    12  main.o(i.vTask2)
    vTaskDelay                               0x00001d95   Thumb Code    66  tasks.o(i.vTaskDelay)
    vTaskInternalSetTimeOutState             0x00001de1   Thumb Code    12  tasks.o(i.vTaskInternalSetTimeOutState)
    vTaskMissedYield                         0x00001df1   Thumb Code     8  tasks.o(i.vTaskMissedYield)
    vTaskPlaceOnEventList                    0x00001dfd   Thumb Code    44  tasks.o(i.vTaskPlaceOnEventList)
    vTaskPlaceOnEventListRestricted          0x00001e2d   Thumb Code    52  tasks.o(i.vTaskPlaceOnEventListRestricted)
    vTaskStartScheduler                      0x00001e65   Thumb Code   116  tasks.o(i.vTaskStartScheduler)
    vTaskSuspendAll                          0x00001ee9   Thumb Code    10  tasks.o(i.vTaskSuspendAll)
    vTaskSwitchContext                       0x00001ef9   Thumb Code   126  tasks.o(i.vTaskSwitchContext)
    xPortStartScheduler                      0x00001f81   Thumb Code   224  port.o(i.xPortStartScheduler)
    xQueueGenericCreateStatic                0x00002075   Thumb Code   102  queue.o(i.xQueueGenericCreateStatic)
    xQueueGenericReset                       0x000020dd   Thumb Code   132  queue.o(i.xQueueGenericReset)
    xQueueGenericSend                        0x00002165   Thumb Code   350  queue.o(i.xQueueGenericSend)
    xQueueGenericSendFromISR                 0x000022c9   Thumb Code   188  queue.o(i.xQueueGenericSendFromISR)
    xQueueReceive                            0x00002385   Thumb Code   308  queue.o(i.xQueueReceive)
    xTaskCheckForTimeOut                     0x000024bd   Thumb Code   112  tasks.o(i.xTaskCheckForTimeOut)
    xTaskCreate                              0x00002531   Thumb Code    90  tasks.o(i.xTaskCreate)
    xTaskCreateStatic                        0x0000258b   Thumb Code    90  tasks.o(i.xTaskCreateStatic)
    xTaskGetSchedulerState                   0x000025e5   Thumb Code    22  tasks.o(i.xTaskGetSchedulerState)
    xTaskGetTickCount                        0x00002601   Thumb Code     6  tasks.o(i.xTaskGetTickCount)
    xTaskIncrementTick                       0x0000260d   Thumb Code   202  tasks.o(i.xTaskIncrementTick)
    xTaskPriorityDisinherit                  0x000026e1   Thumb Code   144  tasks.o(i.xTaskPriorityDisinherit)
    xTaskRemoveFromEventList                 0x00002779   Thumb Code   106  tasks.o(i.xTaskRemoveFromEventList)
    xTaskResumeAll                           0x000027f1   Thumb Code   182  tasks.o(i.xTaskResumeAll)
    xTimerCreateTimerTask                    0x000028b5   Thumb Code    78  timers.o(i.xTimerCreateTimerTask)
    xTimerGenericCommand                     0x00002915   Thumb Code    88  timers.o(i.xTimerGenericCommand)
    Flash1_InitConfig0                       0x00002970   Data          20  hal_flash.o(.constdata)
    m_uds_Parameter_Configuration            0x00002990   Data          20  uds_tp.o(.constdata)
    Region$$Table$$Base                      0x000029b8   Number         0  anon$$obj.o(Region$$Table)
    Region$$Table$$Limit                     0x00002a08   Number         0  anon$$obj.o(Region$$Table)
    Image$$RW_m_data$$Base                   0x1fff8000   Number         0  anon$$obj.o ABSOLUTE
    TCD0_Source                              0x1fff8040   Data          12  hal_dma.o(.data)
    xQueueRegistry                           0x1fff8054   Data          64  queue.o(.bss)
    m_Hal_Can_Rx_Queue_Message               0x1fffa1fc   Data         484  hal_can.o(.bss)
    m_Uds_Tp_Variables_Message               0x1fffc410   Data          40  uds_tp.o(.bss)
    pxCurrentTCB                             0x20000000   Data           4  tasks.o(.data)
    vTask1_Handler                           0x2000003c   Data           4  main.o(.data)
    vTask2_Handler                           0x20000040   Data           4  main.o(.data)
    m_u16TickCnt                             0x20000044   Data           2  os_hooks.o(.data)
    m_idleCount                              0x20000048   Data           4  os_hooks.o(.data)
    m_idleCntFree                            0x2000004c   Data           4  os_hooks.o(.data)
    SystemCoreClock                          0x20000054   Data           4  system_s32k144.o(.data)
    xIdleTaskBuffer                          0x20000348   Data         108  os_hooks.o(.bss)
    xTimerTaskBuffer                         0x20000bb4   Data         108  os_hooks.o(.bss)
    Hal_Flash_Read_buffer                    0x20000c20   Data        4096  hal_flash.o(.bss)
    pSSDConfig                               0x20001c20   Data          28  hal_flash.o(.bss)
    TCD0_Dest                                0x20001c3c   Data          11  hal_dma.o(.bss)
    Image$$ARM_LIB_STACK$$ZI$$Limit          0x20006000   Number         0  anon$$obj.o ABSOLUTE
    FLASH_DRV_EraseSector                    0x20006035   Thumb Code   142  flash_driver.o(i.FLASH_DRV_EraseSector)
    FLASH_DRV_Init                           0x2000612d   Thumb Code    62  flash_driver.o(i.FLASH_DRV_Init)
    FLASH_DRV_Program                        0x20006171   Thumb Code   144  flash_driver.o(i.FLASH_DRV_Program)



==============================================================================

Memory Map of the image

  Image Entry point : 0x00000411

  Load Region LR_m_text (Base: 0x00000410, Size: 0x000028a8, Max: 0x0007fbf0, ABSOLUTE)

    Execution Region ER_m_text (Exec base: 0x00000410, Load base: 0x00000410, Size: 0x000025f8, Max: 0x0007fbf0, ABSOLUTE)

    Exec Addr    Load Addr    Size         Type   Attr      Idx    E Section Name        Object

    0x00000410   0x00000410   0x00000000   Code   RO         2085  * .ARM.Collect$$$$00000000  mc_w.l(entry.o)
    0x00000410   0x00000410   0x00000004   Code   RO         2098    .ARM.Collect$$$$00000003  mc_w.l(entry4.o)
    0x00000414   0x00000414   0x00000004   Code   RO         2101    .ARM.Collect$$$$00000004  mc_w.l(entry5.o)
    0x00000418   0x00000418   0x00000000   Code   RO         2103    .ARM.Collect$$$$00000008  mc_w.l(entry7b.o)
    0x00000418   0x00000418   0x00000000   Code   RO         2105    .ARM.Collect$$$$0000000A  mc_w.l(entry8b.o)
    0x00000418   0x00000418   0x00000008   Code   RO         2106    .ARM.Collect$$$$0000000B  mc_w.l(entry9a.o)
    0x00000420   0x00000420   0x00000004   Code   RO         2113    .ARM.Collect$$$$0000000E  mc_w.l(entry12b.o)
    0x00000424   0x00000424   0x00000000   Code   RO         2108    .ARM.Collect$$$$0000000F  mc_w.l(entry10a.o)
    0x00000424   0x00000424   0x00000000   Code   RO         2110    .ARM.Collect$$$$00000011  mc_w.l(entry11a.o)
    0x00000424   0x00000424   0x00000004   Code   RO         2099    .ARM.Collect$$$$00002714  mc_w.l(entry4.o)
    0x00000428   0x00000428   0x000000be   Code   RO         1081    .emb_text           port.o
    0x000004e6   0x000004e6   0x00000002   PAD
    0x000004e8   0x000004e8   0x00000038   Code   RO         2038    .text               startup_s32k144.o
    0x00000520   0x00000520   0x00000024   Code   RO         2088    .text               mc_w.l(memcpya.o)
    0x00000544   0x00000544   0x00000024   Code   RO         2092    .text               mc_w.l(memseta.o)
    0x00000568   0x00000568   0x0000001a   Code   RO         2094    .text               mc_w.l(memcmp.o)
    0x00000582   0x00000582   0x00000002   PAD
    0x00000584   0x00000584   0x00000024   Code   RO         2114    .text               mc_w.l(init.o)
    0x000005a8   0x000005a8   0x0000000a   Ven    RO         2124    Veneer$$Code        anon$$obj.o
    0x000005b2   0x000005b2   0x0000000a   Ven    RO         2125    Veneer$$Code        anon$$obj.o
    0x000005bc   0x000005bc   0x0000000a   Ven    RO         2126    Veneer$$Code        anon$$obj.o
    0x000005c6   0x000005c6   0x00000002   PAD
    0x000005c8   0x000005c8   0x00000074   Code   RO         1212    i.Bsp_System_Clock_Init  clocks_and_modes.o
    0x0000063c   0x0000063c   0x0000001c   Code   RO         1213    i.Bsp_Wdog_Disable_Init  clocks_and_modes.o
    0x00000658   0x00000658   0x00000088   Code   RO         1443    i.CAN0_ORed_0_15_MB_IRQHandler  hal_can.o
    0x000006e0   0x000006e0   0x00000074   Code   RO         1512    i.Hal_App_Start_Flash_Data_Check_Function  hal_flash.o
    0x00000754   0x00000754   0x00000060   Code   RO         1444    i.Hal_CAN0_Send_Data_Function  hal_can.o
    0x000007b4   0x000007b4   0x00000064   Code   RO         1445    i.Hal_CanDriverReceiveWaitFunction  hal_can.o
    0x00000818   0x00000818   0x00000058   Code   RO         1446    i.Hal_CanSetQueueBufferMessage  hal_can.o
    0x00000870   0x00000870   0x00000054   Code   RO         1552    i.Hal_Dma_Init      hal_dma.o
    0x000008c4   0x000008c4   0x00000020   Code   RO         1553    i.Hal_Dma_Start_Function  hal_dma.o
    0x000008e4   0x000008e4   0x00000010   Code   RO         1513    i.Hal_Flash_Init    hal_flash.o
    0x000008f4   0x000008f4   0x000000c0   Code   RO         1447    i.Hal_FlexCan0_Init  hal_can.o
    0x000009b4   0x000009b4   0x0000004c   Code   RO         1448    i.Hal_FlexCan_Init  hal_can.o
    0x00000a00   0x00000a00   0x00000050   Code   RO         1514    i.Hal_GoTo_BootLoader_Flash_Erase_Function  hal_flash.o
    0x00000a50   0x00000a50   0x00000060   Code   RO         1413    i.Hal_Led_Gpio_Confg_Init  hal_gpio.o
    0x00000ab0   0x00000ab0   0x00000010   Code   RO         1449    i.Hal_Task_Can_Tx_Cycle_Function  hal_can.o
    0x00000ac0   0x00000ac0   0x00000010   Code   RO         1954    i.INT_SYS_DisableIRQGlobal  interrupt_manager.o
    0x00000ad0   0x00000ad0   0x00000018   Code   RO         1956    i.INT_SYS_EnableIRQGlobal  interrupt_manager.o
    0x00000ae8   0x00000ae8   0x000000c4   Code   RO         1586    i.Serivice0x10Process  uds_service.o
    0x00000bac   0x00000bac   0x00000060   Code   RO         1587    i.Serivice0x11Process  uds_service.o
    0x00000c0c   0x00000c0c   0x0000002c   Code   RO         1082    i.SysTick_Handler   port.o
    0x00000c38   0x00000c38   0x00000080   Code   RO         2045    i.SystemCoreClockUpdate  system_s32k144.o
    0x00000cb8   0x00000cb8   0x0000003c   Code   RO         2046    i.SystemInit        system_s32k144.o
    0x00000cf4   0x00000cf4   0x0000001c   Code   RO         2047    i.SystemSoftwareReset  system_s32k144.o
    0x00000d10   0x00000d10   0x000000b4   Code   RO         1588    i.UdsServiceProcessFunction  uds_service.o
    0x00000dc4   0x00000dc4   0x00000174   Code   RO         1623    i.Uds_CanDataTransmit_Function  uds_tp.o
    0x00000f38   0x00000f38   0x0000015c   Code   RO         1624    i.Uds_CanRx_Management_Process  uds_tp.o
    0x00001094   0x00001094   0x00000024   Code   RO         1625    i.Uds_CanTx_FlowControlFrame_Management  uds_tp.o
    0x000010b8   0x000010b8   0x0000009c   Code   RO         1626    i.Uds_Diagnostic_Protocol_CycleProcess  uds_tp.o
    0x00001154   0x00001154   0x00000010   Code   RO         1627    i.Uds_Tp_ResetSession_Timer  uds_tp.o
    0x00001164   0x00001164   0x0000000e   Code   RO         2118    i.__scatterload_copy  mc_w.l(handlers.o)
    0x00001172   0x00001172   0x00000002   Code   RO         2119    i.__scatterload_null  mc_w.l(handlers.o)
    0x00001174   0x00001174   0x0000000e   Code   RO         2120    i.__scatterload_zeroinit  mc_w.l(handlers.o)
    0x00001182   0x00001182   0x00000002   PAD
    0x00001184   0x00001184   0x00000048   Code   RO         1678    i.init_data_bss     startup.o
    0x000011cc   0x000011cc   0x0000006c   Code   RO         1322    i.main              main.o
    0x00001238   0x00001238   0x00000070   Code   RO          589    i.prvAddCurrentTaskToDelayedList  tasks.o
    0x000012a8   0x000012a8   0x000000d0   Code   RO          590    i.prvAddNewTaskToReadyList  tasks.o
    0x00001378   0x00001378   0x00000058   Code   RO          931    i.prvCheckForValidListAndQueue  timers.o
    0x000013d0   0x000013d0   0x00000026   Code   RO          198    i.prvCopyDataFromQueue  queue.o
    0x000013f6   0x000013f6   0x0000006c   Code   RO          199    i.prvCopyDataToQueue  queue.o
    0x00001462   0x00001462   0x00000034   Code   RO          591    i.prvDeleteTCB      tasks.o
    0x00001496   0x00001496   0x00000002   PAD
    0x00001498   0x00001498   0x0000004c   Code   RO         1159    i.prvHeapInit       heap_4.o
    0x000014e4   0x000014e4   0x00000060   Code   RO          592    i.prvIdleTask       tasks.o
    0x00001544   0x00001544   0x00000020   Code   RO          201    i.prvInitialiseNewQueue  queue.o
    0x00001564   0x00001564   0x000000aa   Code   RO          593    i.prvInitialiseNewTask  tasks.o
    0x0000160e   0x0000160e   0x00000002   PAD
    0x00001610   0x00001610   0x0000004c   Code   RO         1160    i.prvInsertBlockIntoFreeList  heap_4.o
    0x0000165c   0x0000165c   0x00000038   Code   RO          933    i.prvInsertTimerInActiveList  timers.o
    0x00001694   0x00001694   0x0000001a   Code   RO          202    i.prvIsQueueEmpty   queue.o
    0x000016ae   0x000016ae   0x00000002   PAD
    0x000016b0   0x000016b0   0x000000f0   Code   RO          934    i.prvProcessReceivedCommands  timers.o
    0x000017a0   0x000017a0   0x000000c0   Code   RO          935    i.prvProcessTimerOrBlockTask  timers.o
    0x00001860   0x00001860   0x00000020   Code   RO          595    i.prvResetNextTaskUnblockTime  tasks.o
    0x00001880   0x00001880   0x00000028   Code   RO          936    i.prvSampleTimeNow  timers.o
    0x000018a8   0x000018a8   0x0000006c   Code   RO          937    i.prvSwitchTimerLists  timers.o
    0x00001914   0x00001914   0x00000028   Code   RO         1083    i.prvTaskExitError  port.o
    0x0000193c   0x0000193c   0x00000028   Code   RO          938    i.prvTimerTask      timers.o
    0x00001964   0x00001964   0x0000006a   Code   RO          203    i.prvUnlockQueue    queue.o
    0x000019ce   0x000019ce   0x00000002   PAD
    0x000019d0   0x000019d0   0x00000008   Code   RO         1450    i.pt_Hal_Ret_Can_Rx_Queue_Message  hal_can.o
    0x000019d8   0x000019d8   0x000000dc   Code   RO         1161    i.pvPortMalloc      heap_4.o
    0x00001ab4   0x00001ab4   0x0000002c   Code   RO         1084    i.pxPortInitialiseStack  port.o
    0x00001ae0   0x00001ae0   0x00000026   Code   RO          158    i.uxListRemove      list.o
    0x00001b06   0x00001b06   0x00000002   PAD
    0x00001b08   0x00001b08   0x00000014   Code   RO         1359    i.vApplicationGetIdleTaskMemory  os_hooks.o
    0x00001b1c   0x00001b1c   0x00000018   Code   RO         1360    i.vApplicationGetTimerTaskMemory  os_hooks.o
    0x00001b34   0x00001b34   0x00000010   Code   RO         1361    i.vApplicationIdleHook  os_hooks.o
    0x00001b44   0x00001b44   0x00000002   Code   RO         1362    i.vApplicationMallocFailedHook  os_hooks.o
    0x00001b46   0x00001b46   0x00000002   Code   RO         1363    i.vApplicationStackOverflowHook  os_hooks.o
    0x00001b48   0x00001b48   0x00000020   Code   RO         1364    i.vApplicationTickHook  os_hooks.o
    0x00001b68   0x00001b68   0x00000016   Code   RO          159    i.vListInitialise   list.o
    0x00001b7e   0x00001b7e   0x00000006   Code   RO          160    i.vListInitialiseItem  list.o
    0x00001b84   0x00001b84   0x00000030   Code   RO          161    i.vListInsert       list.o
    0x00001bb4   0x00001bb4   0x00000018   Code   RO          162    i.vListInsertEnd    list.o
    0x00001bcc   0x00001bcc   0x00000040   Code   RO         1086    i.vPortEnterCritical  port.o
    0x00001c0c   0x00001c0c   0x00000028   Code   RO         1087    i.vPortExitCritical  port.o
    0x00001c34   0x00001c34   0x0000005c   Code   RO         1162    i.vPortFree         heap_4.o
    0x00001c90   0x00001c90   0x00000018   Code   RO         1088    i.vPortSetupTimerInterrupt  port.o
    0x00001ca8   0x00001ca8   0x00000054   Code   RO         1089    i.vPortValidateInterruptPriority  port.o
    0x00001cfc   0x00001cfc   0x00000024   Code   RO          209    i.vQueueAddToRegistry  queue.o
    0x00001d20   0x00001d20   0x00000044   Code   RO          213    i.vQueueWaitForMessageRestricted  queue.o
    0x00001d64   0x00001d64   0x00000024   Code   RO         1323    i.vTask1            main.o
    0x00001d88   0x00001d88   0x0000000c   Code   RO         1324    i.vTask2            main.o
    0x00001d94   0x00001d94   0x0000004c   Code   RO          605    i.vTaskDelay        tasks.o
    0x00001de0   0x00001de0   0x00000010   Code   RO          610    i.vTaskInternalSetTimeOutState  tasks.o
    0x00001df0   0x00001df0   0x0000000c   Code   RO          611    i.vTaskMissedYield  tasks.o
    0x00001dfc   0x00001dfc   0x00000030   Code   RO          613    i.vTaskPlaceOnEventList  tasks.o
    0x00001e2c   0x00001e2c   0x00000038   Code   RO          614    i.vTaskPlaceOnEventListRestricted  tasks.o
    0x00001e64   0x00001e64   0x00000084   Code   RO          622    i.vTaskStartScheduler  tasks.o
    0x00001ee8   0x00001ee8   0x00000010   Code   RO          624    i.vTaskSuspendAll   tasks.o
    0x00001ef8   0x00001ef8   0x00000088   Code   RO          625    i.vTaskSwitchContext  tasks.o
    0x00001f80   0x00001f80   0x000000f4   Code   RO         1090    i.xPortStartScheduler  port.o
    0x00002074   0x00002074   0x00000066   Code   RO          219    i.xQueueGenericCreateStatic  queue.o
    0x000020da   0x000020da   0x00000002   PAD
    0x000020dc   0x000020dc   0x00000088   Code   RO          220    i.xQueueGenericReset  queue.o
    0x00002164   0x00002164   0x00000164   Code   RO          221    i.xQueueGenericSend  queue.o
    0x000022c8   0x000022c8   0x000000bc   Code   RO          222    i.xQueueGenericSendFromISR  queue.o
    0x00002384   0x00002384   0x00000138   Code   RO          229    i.xQueueReceive     queue.o
    0x000024bc   0x000024bc   0x00000074   Code   RO          626    i.xTaskCheckForTimeOut  tasks.o
    0x00002530   0x00002530   0x0000005a   Code   RO          627    i.xTaskCreate       tasks.o
    0x0000258a   0x0000258a   0x0000005a   Code   RO          628    i.xTaskCreateStatic  tasks.o
    0x000025e4   0x000025e4   0x0000001c   Code   RO          632    i.xTaskGetSchedulerState  tasks.o
    0x00002600   0x00002600   0x0000000c   Code   RO          633    i.xTaskGetTickCount  tasks.o
    0x0000260c   0x0000260c   0x000000d4   Code   RO          635    i.xTaskIncrementTick  tasks.o
    0x000026e0   0x000026e0   0x00000098   Code   RO          638    i.xTaskPriorityDisinherit  tasks.o
    0x00002778   0x00002778   0x00000078   Code   RO          640    i.xTaskRemoveFromEventList  tasks.o
    0x000027f0   0x000027f0   0x000000c4   Code   RO          641    i.xTaskResumeAll    tasks.o
    0x000028b4   0x000028b4   0x00000060   Code   RO          946    i.xTimerCreateTimerTask  timers.o
    0x00002914   0x00002914   0x0000005c   Code   RO          947    i.xTimerGenericCommand  timers.o
    0x00002970   0x00002970   0x00000014   Data   RO         1516    .constdata          hal_flash.o
    0x00002984   0x00002984   0x0000000a   Data   RO         1589    .constdata          uds_service.o
    0x0000298e   0x0000298e   0x00000002   PAD
    0x00002990   0x00002990   0x00000014   Data   RO         1629    .constdata          uds_tp.o
    0x000029a4   0x000029a4   0x00000004   Data   RO         1679    .constdata          startup.o
    0x000029a8   0x000029a8   0x00000010   Data   RO         2048    .constdata          system_s32k144.o
    0x000029b8   0x000029b8   0x00000050   Data   RO         2116    Region$$Table       anon$$obj.o


    Execution Region RW_m_data (Exec base: 0x1fff8000, Load base: 0x00002a08, Size: 0x00004448, Max: 0x00008000, ABSOLUTE)

    Exec Addr    Load Addr    Size         Type   Attr      Idx    E Section Name        Object

    0x1fff8000   0x00002a08   0x00000014   Data   RW          953    .data               timers.o
    0x1fff8014   0x00002a1c   0x0000000c   Data   RW         1091    .data               port.o
    0x1fff8020   0x00002a28   0x00000018   Data   RW         1167    .data               heap_4.o
    0x1fff8038   0x00002a40   0x00000008   Data   RW         1453    .data               hal_can.o
    0x1fff8040   0x00002a48   0x0000000c   Data   RW         1555    .data               hal_dma.o
    0x1fff804c   0x00002a54   0x00000001   Data   RW         1590    .data               uds_service.o
    0x1fff804d   0x00002a55   0x00000003   PAD
    0x1fff8050   0x00002a58   0x00000004   Data   RW         1963    .data               interrupt_manager.o
    0x1fff8054        -       0x00000040   Zero   RW          233    .bss                queue.o
    0x1fff8094        -       0x00000168   Zero   RW          643    .bss                tasks.o
    0x1fff81fc        -       0x00002000   Zero   RW         1166    .bss                heap_4.o
    0x1fffa1fc        -       0x000001e4   Zero   RW         1451    .bss                hal_can.o
    0x1fffa3e0        -       0x00002068   Zero   RW         1628    .bss                uds_tp.o


    Execution Region RW_m_data_2 (Exec base: 0x20000000, Load base: 0x00002a5c, Size: 0x00001c48, Max: 0x00005800, ABSOLUTE)

    Exec Addr    Load Addr    Size         Type   Attr      Idx    E Section Name        Object

    0x20000000   0x00002a5c   0x0000003c   Data   RW          644    .data               tasks.o
    0x2000003c   0x00002a98   0x00000008   Data   RW         1325    .data               main.o
    0x20000044   0x00002aa0   0x0000000c   Data   RW         1366    .data               os_hooks.o
    0x20000050   0x00002aac   0x00000004   Data   RW         1630    .data               uds_tp.o
    0x20000054   0x00002ab0   0x00000004   Data   RW         2049    .data               system_s32k144.o
    0x20000058        -       0x000000f0   Zero   RW          952    .bss                timers.o
    0x20000148        -       0x00000ad8   Zero   RW         1365    .bss                os_hooks.o
    0x20000c20        -       0x0000101c   Zero   RW         1515    .bss                hal_flash.o
    0x20001c3c        -       0x0000000b   Zero   RW         1554    .bss                hal_dma.o


    Execution Region ARM_LIB_HEAP (Exec base: 0x20001c48, Load base: 0x00002ab4, Size: 0x00000400, Max: 0x00000400, ABSOLUTE)

    Exec Addr    Load Addr    Size         Type   Attr      Idx    E Section Name        Object

    0x20001c48        -       0x00000400   Zero   RW            1    ARM_LIB_HEAP.bss    anon$$obj.o


    Execution Region ARM_LIB_STACK (Exec base: 0x20005c00, Load base: 0x00002ab4, Size: 0x00000400, Max: 0x00000400, ABSOLUTE)

    Exec Addr    Load Addr    Size         Type   Attr      Idx    E Section Name        Object

    0x20005c00        -       0x00000400   Zero   RW            2    ARM_LIB_STACK.bss   anon$$obj.o


    Execution Region CODE_RAM (Exec base: 0x20006000, Load base: 0x00002ab4, Size: 0x00000204, Max: 0x00001000, ABSOLUTE)

    Exec Addr    Load Addr    Size         Type   Attr      Idx    E Section Name        Object

    0x20006000   0x00002ab4   0x00000034   Code   RO         1727    i.FLASH_DRV_CommandSequence  flash_driver.o
    0x20006034   0x00002ae8   0x00000094   Code   RO         1740    i.FLASH_DRV_EraseSector  flash_driver.o
    0x200060c8   0x00002b7c   0x00000064   Code   RO         1742    i.FLASH_DRV_GetDEPartitionCode  flash_driver.o
    0x2000612c   0x00002be0   0x00000044   Code   RO         1747    i.FLASH_DRV_Init    flash_driver.o
    0x20006170   0x00002c24   0x00000094   Code   RO         1748    i.FLASH_DRV_Program  flash_driver.o



  Load Region LR_m_interrupts (Base: 0x00000000, Size: 0x00000400, Max: 0x00000400, ABSOLUTE)

    Execution Region VECTOR_RAM (Exec base: 0x00000000, Load base: 0x00000000, Size: 0x00000000, Max: 0x00000000, ABSOLUTE)

    Exec Addr    Load Addr    Size         Type   Attr      Idx    E Section Name        Object

    0x00000000        -       0x00000000   Zero   RW            3    VECTOR_RAM.bss      anon$$obj.o


    Execution Region VECTOR_ROM (Exec base: 0x00000000, Load base: 0x00000000, Size: 0x00000400, Max: 0x00000400, ABSOLUTE)

    Exec Addr    Load Addr    Size         Type   Attr      Idx    E Section Name        Object

    0x00000000   0x00000000   0x00000400   Data   RO         2036    RESET               startup_s32k144.o



  Load Region LR_m_flash_config (Base: 0x00000400, Size: 0x00000010, Max: 0x00000010, ABSOLUTE)

    Execution Region ER_m_flash_config (Exec base: 0x00000400, Load base: 0x00000400, Size: 0x00000010, Max: 0x00000010, ABSOLUTE)

    Exec Addr    Load Addr    Size         Type   Attr      Idx    E Section Name        Object

    0x00000400   0x00000400   0x00000010   Data   RO         2037    FlashConfig         startup_s32k144.o


==============================================================================

Image component sizes


      Code (inc. data)   RO Data    RW Data    ZI Data      Debug   Object Name

       144         20          0          0          0     445532   clocks_and_modes.o
         0          0          0          0          0      24596   croutine.o
         0          0          0          0          0      18844   event_groups.o
       516         22          0          0          0       5337   flash_driver.o
       712         58          0          8        484       6423   hal_can.o
       116         30          0         12         11       1696   hal_dma.o
       212         38         20          0       4124       2744   hal_flash.o
        96         12          0          0          0        538   hal_gpio.o
       464         22          0         24       8192       4655   heap_4.o
        40          8          0          4          0       1497   interrupt_manager.o
       138          0          0          0          0       3362   list.o
       156         28          0          8          0       1901   main.o
        96         20          0         12       2776       4376   os_hooks.o
       774         80          0         12          0      11861   port.o
      1508         18          0          0         64      16896   queue.o
        72         16          4          0          0       1780   startup.o
        56         18       1040          0          0        904   startup_s32k144.o
       216         54         16          4          0       2845   system_s32k144.o
      2178        164          0         60        360      26052   tasks.o
       952         82          0         20        240      31971   timers.o
       472         24         10          1          0       4552   uds_service.o
       928         52         20          4       8296       6749   uds_tp.o

    ----------------------------------------------------------------------
      9892        766       1192        172      26596     625111   Object Totals
        30          0         80          0       2048          0   (incl. Generated)
        16          0          2          3          1          0   (incl. Padding)

    ----------------------------------------------------------------------

      Code (inc. data)   RO Data    RW Data    ZI Data      Debug   Library Member Name

         0          0          0          0          0          0   entry.o
         0          0          0          0          0          0   entry10a.o
         0          0          0          0          0          0   entry11a.o
         4          0          0          0          0          0   entry12b.o
         8          4          0          0          0          0   entry4.o
         4          0          0          0          0          0   entry5.o
         0          0          0          0          0          0   entry7b.o
         0          0          0          0          0          0   entry8b.o
         8          4          0          0          0          0   entry9a.o
        30          0          0          0          0          0   handlers.o
        36          8          0          0          0         68   init.o
        26          0          0          0          0         80   memcmp.o
        36          0          0          0          0         68   memcpya.o
        36          0          0          0          0        108   memseta.o

    ----------------------------------------------------------------------
       192         16          0          0          0        324   Library Totals
         4          0          0          0          0          0   (incl. Padding)

    ----------------------------------------------------------------------

      Code (inc. data)   RO Data    RW Data    ZI Data      Debug   Library Name

       188         16          0          0          0        324   mc_w.l

    ----------------------------------------------------------------------
       192         16          0          0          0        324   Library Totals

    ----------------------------------------------------------------------

==============================================================================


      Code (inc. data)   RO Data    RW Data    ZI Data      Debug   

     10084        782       1192        172      26596     615635   Grand Totals
     10084        782       1192        172      26596     615635   ELF Image Totals
     10084        782       1192        172          0          0   ROM Totals

==============================================================================

    Total RO  Size (Code + RO Data)                11276 (  11.01kB)
    Total RW  Size (RW Data + ZI Data)             26768 (  26.14kB)
    Total ROM Size (Code + RO Data + RW Data)      11448 (  11.18kB)

==============================================================================

